    -> 
    -> mysql \. C:\workspace\cloud\code\sql\_DailyScript\_setdates.sql
Query OK, 0 rows affected (0.01 sec)

Query OK, 0 rows affected (1.84 sec)

Database changed
Query OK, 0 rows affected (0.00 sec)

Query OK, 0 rows affected (0.00 sec)

Query OK, 0 rows affected (0.00 sec)

Query OK, 0 rows affected (0.00 sec)

Query OK, 0 rows affected (0.00 sec)

Query OK, 0 rows affected (0.00 sec)

Query OK, 0 rows affected (0.00 sec)

Query OK, 0 rows affected (0.00 sec)

Query OK, 0 rows affected (0.00 sec)

Query OK, 0 rows affected (0.00 sec)

Query OK, 0 rows affected (0.00 sec)

Query OK, 0 rows affected (0.00 sec)

Query OK, 0 rows affected (0.00 sec)

Query OK, 0 rows affected (0.00 sec)

Query OK, 0 rows affected (0.00 sec)

Query OK, 0 rows affected (0.00 sec)

Query OK, 0 rows affected (0.00 sec)

Query OK, 0 rows affected (0.00 sec)

Query OK, 0 rows affected (0.00 sec)

Query OK, 0 rows affected (0.00 sec)

Query OK, 0 rows affected (0.00 sec)

Query OK, 0 rows affected (0.00 sec)

mysql> mysql \. C:\workspace\cloud\code\sql\_DailyScript\currenttime.sql
+---------------------+
| currenttime         |
+---------------------+
| 2022-01-13 08:44:04 |
+---------------------+
1 row in set (0.00 sec)

mysql> 
mysql> mysql \. C:\workspace\cloud\code\sql\_DailyScript\load_RCB_VODTITLES.sql
Database changed
Query OK, 0 rows affected (0.00 sec)

Query OK, 17280 rows affected (0.25 sec)

Query OK, 17282 rows affected, 17282 warnings (0.45 sec)
Records: 17282  Deleted: 0  Skipped: 0  Warnings: 17282

Query OK, 0 rows affected (0.00 sec)

Query OK, 2 rows affected (0.02 sec)

+-----------+
| VODTITLES |
+-----------+
|     17740 |
+-----------+
1 row in set (0.01 sec)

+-----------+-----------+
| titletype | typecount |
+-----------+-----------+
| E         |     14753 |
| N         |       245 |
| T         |      2282 |
| NULL      |     17280 |
+-----------+-----------+
4 rows in set (0.14 sec)

mysql> mysql \. C:\workspace\cloud\code\sql\_DailyScript\currenttime.sql
+---------------------+
| currenttime         |
+---------------------+
| 2022-01-13 08:44:05 |
+---------------------+
1 row in set (0.00 sec)

mysql> 
mysql> mysql \. C:\workspace\cloud\code\sql\_DailyScript\DAILY-SCRIPT-LIVETV-STATS.sql
Database changed
Query OK, 0 rows affected (0.01 sec)

Query OK, 149331 rows affected (6 min 56.20 sec)
Records: 149331  Duplicates: 0  Warnings: 0

+------------+------------+----------+--------------+--------------+-----------+-------------+----------+--------+------+------------+---------+---------------+
| Table      | Non_unique | Key_name | Seq_in_index | Column_name  | Collation | Cardinality | Sub_part | Packed | Null | Index_type | Comment | Index_comment |
+------------+------------+----------+--------------+--------------+-----------+-------------+----------+--------+------+------------+---------+---------------+
| templivetv |          1 | idxtv1   |            1 | device       | A         |      148276 |     NULL | NULL   | YES  | BTREE      |         |               |
| templivetv |          1 | idxtv2   |            1 | sessionstart | A         |      148276 |     NULL | NULL   | YES  | BTREE      |         |               |
+------------+------------+----------+--------------+--------------+-----------+-------------+----------+--------+------+------------+---------+---------------+
2 rows in set (0.00 sec)

Query OK, 149404 rows affected (3 min 17.46 sec)
Records: 149404  Duplicates: 0  Warnings: 0

Query OK, 2512 rows affected (1.16 sec)
Records: 2512  Duplicates: 0  Warnings: 0

Query OK, 0 rows affected (0.00 sec)

Query OK, 0 rows affected (0.00 sec)

Query OK, 123 rows affected (0.04 sec)
Records: 123  Duplicates: 0  Warnings: 0

Query OK, 0 rows affected (0.02 sec)

Query OK, 96489 rows affected (24 min 15.73 sec)
Records: 96489  Duplicates: 0  Warnings: 0

+-----------------+
| rep_livetvstats |
+-----------------+
|           96489 |
+-----------------+
1 row in set (0.04 sec)

mysql> mysql \. C:\workspace\cloud\code\sql\_DailyScript\currenttime.sql
+---------------------+
| currenttime         |
+---------------------+
| 2022-01-13 09:18:36 |
+---------------------+
1 row in set (0.00 sec)

mysql> 
mysql> mysql \. C:\workspace\cloud\code\sql\_DailyScript\DAILY-SCRIPT-VODTS-STATS.sql
Database changed
Query OK, 0 rows affected (0.02 sec)

Query OK, 11404 rows affected (41.57 sec)
Records: 11404  Duplicates: 0  Warnings: 0

+---------+------------+----------+--------------+--------------+-----------+-------------+----------+--------+------+------------+---------+---------------+
| Table   | Non_unique | Key_name | Seq_in_index | Column_name  | Collation | Cardinality | Sub_part | Packed | Null | Index_type | Comment | Index_comment |
+---------+------------+----------+--------------+--------------+-----------+-------------+----------+--------+------+------------+---------+---------------+
| tempvod |          1 | idxtvod1 |            1 | device       | A         |       11593 |     NULL | NULL   | YES  | BTREE      |         |               |
| tempvod |          1 | idxtvod2 |            1 | sessionstart | A         |       11593 |     NULL | NULL   | YES  | BTREE      |         |               |
+---------+------------+----------+--------------+--------------+-----------+-------------+----------+--------+------+------------+---------+---------------+
2 rows in set (0.00 sec)

Query OK, 11433 rows affected (6.72 sec)
Records: 11433  Duplicates: 0  Warnings: 0

Query OK, 0 rows affected (0.05 sec)

Query OK, 1719384 rows affected (2 min 43.22 sec)
Records: 1719384  Duplicates: 0  Warnings: 0

+--------------+
| rep_vodstats |
+--------------+
|      1719384 |
+--------------+
1 row in set (0.50 sec)

Database changed
Query OK, 0 rows affected (0.02 sec)

Query OK, 21280 rows affected (1 min 2.26 sec)
Records: 21280  Duplicates: 0  Warnings: 0

+--------+------------+----------+--------------+--------------+-----------+-------------+----------+--------+------+------------+---------+---------------+
| Table  | Non_unique | Key_name | Seq_in_index | Column_name  | Collation | Cardinality | Sub_part | Packed | Null | Index_type | Comment | Index_comment |
+--------+------------+----------+--------------+--------------+-----------+-------------+----------+--------+------+------------+---------+---------------+
| tempts |          1 | idxtts1  |            1 | device       | A         |       21415 |     NULL | NULL   | YES  | BTREE      |         |               |
| tempts |          1 | idxtts2  |            1 | sessionstart | A         |       21415 |     NULL | NULL   | YES  | BTREE      |         |               |
+--------+------------+----------+--------------+--------------+-----------+-------------+----------+--------+------+------------+---------+---------------+
2 rows in set (0.00 sec)

Query OK, 21257 rows affected (19.27 sec)
Records: 21257  Duplicates: 0  Warnings: 0

Query OK, 0 rows affected (0.01 sec)

Query OK, 57064 rows affected (1 min 30.36 sec)
Records: 57064  Duplicates: 0  Warnings: 0

+-------------+
| rep_tsstats |
+-------------+
|       57064 |
+-------------+
1 row in set (0.02 sec)

mysql> mysql \. C:\workspace\cloud\code\sql\_DailyScript\currenttime.sql
+---------------------+
| currenttime         |
+---------------------+
| 2022-01-13 09:25:00 |
+---------------------+
1 row in set (0.00 sec)

mysql> 
mysql> mysql \. C:\workspace\cloud\code\sql\_DailyScript\DAILY-SCRIPT-RADIO-STATS.sql
Database changed
Query OK, 0 rows affected (0.05 sec)

Query OK, 534479 rows affected (6.95 sec)
Records: 534479  Duplicates: 0  Warnings: 0

+-----------+------------+----------+--------------+--------------+-----------+-------------+----------+--------+------+------------+---------+---------------+
| Table     | Non_unique | Key_name | Seq_in_index | Column_name  | Collation | Cardinality | Sub_part | Packed | Null | Index_type | Comment | Index_comment |
+-----------+------------+----------+--------------+--------------+-----------+-------------+----------+--------+------+------------+---------+---------------+
| tempradio |          1 | idxtrad1 |            1 | device       | A         |      532993 |     NULL | NULL   | YES  | BTREE      |         |               |
| tempradio |          1 | idxtrad2 |            1 | sessionstart | A         |      532993 |     NULL | NULL   | YES  | BTREE      |         |               |
+-----------+------------+----------+--------------+--------------+-----------+-------------+----------+--------+------+------------+---------+---------------+
2 rows in set (0.00 sec)

Query OK, 685 rows affected (1.37 sec)
Records: 685  Duplicates: 0  Warnings: 0

Query OK, 0 rows affected (0.01 sec)

Query OK, 7467 rows affected (0.70 sec)
Records: 7467  Duplicates: 0  Warnings: 0

+----------------+
| rep_radiostats |
+----------------+
|           7467 |
+----------------+
1 row in set (0.00 sec)

mysql> mysql \. C:\workspace\cloud\code\sql\_DailyScript\currenttime.sql
+---------------------+
| currenttime         |
+---------------------+
| 2022-01-13 09:25:09 |
+---------------------+
1 row in set (0.00 sec)

mysql> 
mysql> mysql \. C:\workspace\cloud\code\sql\_DailyScript\DAILY_SCRIPT_TELEMETRY_PIVOT_2022.sql
Query OK, 0 rows affected (0.01 sec)

Query OK, 134 rows affected (0.12 sec)
Records: 134  Duplicates: 0  Warnings: 0

Query OK, 0 rows affected (0.01 sec)

Query OK, 10128 rows affected (1.40 sec)
Records: 10128  Duplicates: 0  Warnings: 0

Query OK, 0 rows affected (0.01 sec)

Query OK, 5 rows affected (0.02 sec)
Records: 5  Duplicates: 0  Warnings: 0

Query OK, 0 rows affected (0.01 sec)

Query OK, 45 rows affected (0.05 sec)
Records: 45  Duplicates: 0  Warnings: 0

mysql> mysql \. C:\workspace\cloud\code\sql\_DailyScript\currenttime.sql
+---------------------+
| currenttime         |
+---------------------+
| 2022-01-13 09:25:11 |
+---------------------+
1 row in set (0.00 sec)

mysql> 
mysql> mysql \. C:\workspace\cloud\code\sql\_DailyScript\telemetry_livetv_ranking2022.sql
Query OK, 0 rows affected (0.01 sec)

Query OK, 134 rows affected (0.04 sec)
Records: 134  Duplicates: 0  Warnings: 0

mysql> mysql \. C:\workspace\cloud\code\sql\_DailyScript\currenttime.sql
+---------------------+
| currenttime         |
+---------------------+
| 2022-01-13 09:25:11 |
+---------------------+
1 row in set (0.00 sec)

mysql> 
mysql> mysql \. C:\workspace\cloud\code\sql\_DailyScript\telemetry_radio_ranking2022.sql
Query OK, 0 rows affected (0.01 sec)

Query OK, 5 rows affected (0.02 sec)
Records: 5  Duplicates: 0  Warnings: 0

mysql> mysql \. C:\workspace\cloud\code\sql\_DailyScript\currenttime.sql
+---------------------+
| currenttime         |
+---------------------+
| 2022-01-13 09:25:11 |
+---------------------+
1 row in set (0.00 sec)

mysql> 
mysql> mysql \. C:\workspace\cloud\code\sql\_DailyScript\telemetry_ts_ranking2022.sql
Query OK, 0 rows affected (0.01 sec)

Query OK, 45 rows affected (0.02 sec)
Records: 45  Duplicates: 0  Warnings: 0

mysql> mysql \. C:\workspace\cloud\code\sql\_DailyScript\currenttime.sql
+---------------------+
| currenttime         |
+---------------------+
| 2022-01-13 09:25:11 |
+---------------------+
1 row in set (0.00 sec)

mysql> 
mysql> mysql \. C:\workspace\cloud\code\sql\_DailyScript\telemetry_vod_ranking2022.sql
Query OK, 0 rows affected (0.01 sec)

Query OK, 10128 rows affected (0.50 sec)
Records: 10128  Duplicates: 0  Warnings: 0

mysql> mysql \. C:\workspace\cloud\code\sql\_DailyScript\currenttime.sql
+---------------------+
| currenttime         |
+---------------------+
| 2022-01-13 09:25:12 |
+---------------------+
1 row in set (0.00 sec)

mysql> 
mysql> mysql \. C:\workspace\cloud\code\sql\_DailyScript\telemetry_vod_ranking2022_1.sql
Query OK, 0 rows affected (0.01 sec)

Query OK, 10128 rows affected (0.28 sec)
Records: 10128  Duplicates: 0  Warnings: 0

mysql> mysql \. C:\workspace\cloud\code\sql\_DailyScript\currenttime.sql
+---------------------+
| currenttime         |
+---------------------+
| 2022-01-13 09:25:12 |
+---------------------+
1 row in set (0.00 sec)

mysql> 
mysql> mysql \. C:\workspace\cloud\code\sql\_DailyScript\telemetry_vod_ranking2022_2.sql
Query OK, 0 rows affected (0.01 sec)

Query OK, 10128 rows affected (0.23 sec)
Records: 10128  Duplicates: 0  Warnings: 0

mysql> mysql \. C:\workspace\cloud\code\sql\_DailyScript\currenttime.sql
+---------------------+
| currenttime         |
+---------------------+
| 2022-01-13 09:25:12 |
+---------------------+
1 row in set (0.00 sec)

mysql> 
mysql> mysql \. C:\workspace\cloud\code\sql\_DailyScript\DAILY-SCRIPT-CREATE-LOAD.sql
Database changed
Database changed
Query OK, 0 rows affected (0.03 sec)

Query OK, 0 rows affected (0.01 sec)

Database changed
Query OK, 69004 rows affected, 65535 warnings (2.72 sec)
Records: 69004  Deleted: 0  Skipped: 0  Warnings: 206655

Query OK, 0 rows affected (0.16 sec)
Records: 0  Duplicates: 0  Warnings: 0

Query OK, 0 rows affected (0.29 sec)
Records: 0  Duplicates: 0  Warnings: 0

Query OK, 0 rows affected (0.31 sec)
Records: 0  Duplicates: 0  Warnings: 0

Query OK, 0 rows affected (0.24 sec)
Records: 0  Duplicates: 0  Warnings: 0

+---------+
| clients |
+---------+
|   69004 |
+---------+
1 row in set (0.02 sec)

Query OK, 0 rows affected (0.02 sec)

Query OK, 17255 rows affected (7.59 sec)
Records: 17255  Duplicates: 0  Warnings: 0

Query OK, 0 rows affected (0.07 sec)
Records: 0  Duplicates: 0  Warnings: 0

+-------------------+
| rcb_clientparcels |
+-------------------+
|             17255 |
+-------------------+
1 row in set (0.01 sec)

Query OK, 0 rows affected (0.02 sec)

Query OK, 109324 rows affected (3.79 sec)
Records: 109324  Duplicates: 0  Warnings: 0

Query OK, 0 rows affected (0.34 sec)
Records: 0  Duplicates: 0  Warnings: 0

Query OK, 0 rows affected (0.02 sec)

Query OK, 69004 rows affected (1 min 16.92 sec)
Records: 69004  Duplicates: 0  Warnings: 0

Query OK, 0 rows affected (0.22 sec)
Records: 0  Duplicates: 0  Warnings: 0

Query OK, 0 rows affected (0.25 sec)
Records: 0  Duplicates: 0  Warnings: 0

Query OK, 0 rows affected (0.17 sec)
Records: 0  Duplicates: 0  Warnings: 0

+---------------+
| clientaddress |
+---------------+
|         69004 |
+---------------+
1 row in set (0.02 sec)

Database changed
Query OK, 0 rows affected (0.12 sec)

Query OK, 0 rows affected (0.01 sec)

Database changed
Query OK, 570277 rows affected, 65535 warnings (17.55 sec)
Records: 570277  Deleted: 0  Skipped: 0  Warnings: 3346623

Query OK, 0 rows affected (1.30 sec)
Records: 0  Duplicates: 0  Warnings: 0

Query OK, 0 rows affected (2.57 sec)
Records: 0  Duplicates: 0  Warnings: 0

Query OK, 0 rows affected (1.36 sec)
Records: 0  Duplicates: 0  Warnings: 0

Query OK, 0 rows affected (0.04 sec)

Query OK, 570277 rows affected (44.08 sec)
Records: 570277  Duplicates: 0  Warnings: 0

Query OK, 0 rows affected (2.01 sec)
Records: 0  Duplicates: 0  Warnings: 0

Query OK, 0 rows affected (1.62 sec)
Records: 0  Duplicates: 0  Warnings: 0

+-----------+
| contracts |
+-----------+
|    570277 |
+-----------+
1 row in set (0.15 sec)

+-----------------+
| contractaddress |
+-----------------+
|          570277 |
+-----------------+
1 row in set (0.16 sec)

Database changed
Query OK, 0 rows affected (0.01 sec)

Query OK, 0 rows affected (0.01 sec)

Query OK, 8399 rows affected, 33478 warnings (0.19 sec)
Records: 8399  Deleted: 0  Skipped: 0  Warnings: 33478

Query OK, 0 rows affected (0.01 sec)

Query OK, 8366 rows affected (0.18 sec)
Records: 8366  Duplicates: 0  Warnings: 0

Query OK, 0 rows affected (0.05 sec)
Records: 0  Duplicates: 0  Warnings: 0

Query OK, 0 rows affected (0.04 sec)
Records: 0  Duplicates: 0  Warnings: 0

Query OK, 0 rows affected (0.03 sec)
Records: 0  Duplicates: 0  Warnings: 0

Query OK, 0 rows affected (0.01 sec)

Query OK, 6221 rows affected (0.06 sec)
Records: 6221  Duplicates: 0  Warnings: 0

Query OK, 0 rows affected (0.05 sec)
Records: 0  Duplicates: 0  Warnings: 0

+-------------------+
| contractdiscounts |
+-------------------+
|              8399 |
+-------------------+
1 row in set (0.01 sec)

+-------------------------+
| clientcontractdiscounts |
+-------------------------+
|                    8366 |
+-------------------------+
1 row in set (0.00 sec)

+----------------------------+
| clientcontractlastdiscount |
+----------------------------+
|                       6221 |
+----------------------------+
1 row in set (0.00 sec)

Database changed
Query OK, 0 rows affected (0.03 sec)

Query OK, 0 rows affected (0.01 sec)

Database changed
Query OK, 153886 rows affected, 65535 warnings (2.77 sec)
Records: 153886  Deleted: 0  Skipped: 0  Warnings: 250405

Query OK, 0 rows affected (0.28 sec)
Records: 0  Duplicates: 0  Warnings: 0

Query OK, 0 rows affected (0.29 sec)
Records: 0  Duplicates: 0  Warnings: 0

Query OK, 0 rows affected (0.32 sec)
Records: 0  Duplicates: 0  Warnings: 0

Query OK, 0 rows affected (0.30 sec)
Records: 0  Duplicates: 0  Warnings: 0

Query OK, 0 rows affected (0.42 sec)
Records: 0  Duplicates: 0  Warnings: 0

Query OK, 0 rows affected (0.55 sec)
Records: 0  Duplicates: 0  Warnings: 0

Query OK, 0 rows affected (0.14 sec)

Query OK, 1935789 rows affected (1 min 54.88 sec)
Records: 1935789  Duplicates: 0  Warnings: 0

Query OK, 0 rows affected (9.31 sec)
Records: 0  Duplicates: 0  Warnings: 0

+---------+
| devices |
+---------+
|  153886 |
+---------+
1 row in set (0.06 sec)

+-----------------------+
| clientcontractdevices |
+-----------------------+
|               1935789 |
+-----------------------+
1 row in set (0.81 sec)

Query OK, 0 rows affected (0.03 sec)

Query OK, 153827 rows affected (6.99 sec)
Records: 153827  Duplicates: 0  Warnings: 0

+---------------------------+
| rep_clientcontractdevices |
+---------------------------+
|                    153827 |
+---------------------------+
1 row in set (0.04 sec)

Database changed
Query OK, 0 rows affected (0.02 sec)

Query OK, 0 rows affected (0.01 sec)

Query OK, 350815 rows affected (8.05 sec)
Records: 350815  Deleted: 0  Skipped: 0  Warnings: 0

Query OK, 0 rows affected (0.89 sec)
Records: 0  Duplicates: 0  Warnings: 0

Query OK, 0 rows affected (0.82 sec)
Records: 0  Duplicates: 0  Warnings: 0

Query OK, 0 rows affected (0.79 sec)
Records: 0  Duplicates: 0  Warnings: 0

Query OK, 0 rows affected (0.72 sec)
Records: 0  Duplicates: 0  Warnings: 0

+---------+
| tickets |
+---------+
|  350815 |
+---------+
1 row in set (0.09 sec)

Database changed
Query OK, 0 rows affected (0.01 sec)

Query OK, 0 rows affected (0.01 sec)

Empty set (0.00 sec)

Query OK, 0 rows affected (0.02 sec)
Records: 0  Duplicates: 0  Warnings: 0

Query OK, 392 rows affected, 2 warnings (0.04 sec)
Records: 392  Deleted: 0  Skipped: 0  Warnings: 2

+-----------------+
| tickettechusers |
+-----------------+
|             392 |
+-----------------+
1 row in set (0.00 sec)

Database changed
Query OK, 0 rows affected (0.01 sec)

Query OK, 0 rows affected (0.01 sec)

Query OK, 0 rows affected (0.02 sec)
Records: 0  Duplicates: 0  Warnings: 0

Query OK, 793528 rows affected, 2 warnings (12.83 sec)
Records: 793528  Deleted: 0  Skipped: 0  Warnings: 2

+-------------------+
| ticketassignments |
+-------------------+
|            793528 |
+-------------------+
1 row in set (0.21 sec)

Database changed
Query OK, 0 rows affected (0.04 sec)

Query OK, 0 rows affected (0.01 sec)

Query OK, 1571445 rows affected, 65535 warnings (18.69 sec)
Records: 1571445  Deleted: 0  Skipped: 0  Warnings: 1571461

Query OK, 0 rows affected (3.04 sec)
Records: 0  Duplicates: 0  Warnings: 0

Query OK, 0 rows affected (2.93 sec)
Records: 0  Duplicates: 0  Warnings: 0

Query OK, 0 rows affected (2.46 sec)
Records: 0  Duplicates: 0  Warnings: 0

Query OK, 0 rows affected (3.37 sec)
Records: 0  Duplicates: 0  Warnings: 0

+----------------+
| ticketcomments |
+----------------+
|        1571445 |
+----------------+
1 row in set (0.42 sec)

Database changed
Query OK, 0 rows affected (0.01 sec)

Query OK, 0 rows affected (0.01 sec)

Query OK, 502720 rows affected (40.41 sec)
Records: 502720  Deleted: 0  Skipped: 0  Warnings: 0

Query OK, 0 rows affected (2.67 sec)
Records: 0  Duplicates: 0  Warnings: 0

+----------+
| comments |
+----------+
|   502720 |
+----------+
1 row in set (0.14 sec)

Database changed
Query OK, 0 rows affected (0.08 sec)

Query OK, 0 rows affected (0.08 sec)

Query OK, 2030657 rows affected, 65535 warnings (1 min 29.11 sec)
Records: 2030657  Deleted: 0  Skipped: 0  Warnings: 2030752

Query OK, 0 rows affected (3.89 sec)
Records: 0  Duplicates: 0  Warnings: 0

Query OK, 0 rows affected (4.33 sec)
Records: 0  Duplicates: 0  Warnings: 0

Query OK, 0 rows affected (4.36 sec)
Records: 0  Duplicates: 0  Warnings: 0

Query OK, 0 rows affected (4.34 sec)
Records: 0  Duplicates: 0  Warnings: 0

Query OK, 0 rows affected (6.75 sec)
Records: 0  Duplicates: 0  Warnings: 0

+------------+
| devicesold |
+------------+
|    2030657 |
+------------+
1 row in set (0.53 sec)

Database changed
Query OK, 0 rows affected (0.03 sec)

Query OK, 0 rows affected (0.01 sec)

Query OK, 1928990 rows affected, 1 warning (25.92 sec)
Records: 1928990  Deleted: 0  Skipped: 0  Warnings: 1

Query OK, 0 rows affected (3.75 sec)
Records: 0  Duplicates: 0  Warnings: 0

Query OK, 0 rows affected (3.99 sec)
Records: 0  Duplicates: 0  Warnings: 0

Query OK, 0 rows affected (3.86 sec)
Records: 0  Duplicates: 0  Warnings: 0

+------------------+
| contractservices |
+------------------+
|          1928990 |
+------------------+
1 row in set (0.52 sec)

Database changed
Query OK, 0 rows affected (0.10 sec)

Query OK, 0 rows affected (0.02 sec)

Query OK, 4990352 rows affected (2 min 13.12 sec)
Records: 4990352  Deleted: 0  Skipped: 0  Warnings: 0

Query OK, 0 rows affected (22.22 sec)
Records: 0  Duplicates: 0  Warnings: 0

Query OK, 0 rows affected (15.65 sec)
Records: 0  Duplicates: 0  Warnings: 0

Query OK, 0 rows affected (16.24 sec)
Records: 0  Duplicates: 0  Warnings: 0

Query OK, 0 rows affected (19.78 sec)
Records: 0  Duplicates: 0  Warnings: 0

Query OK, 0 rows affected (12.50 sec)
Records: 0  Duplicates: 0  Warnings: 0

+------------------+
| invoicescontents |
+------------------+
|          4990352 |
+------------------+
1 row in set (1.47 sec)

Database changed
Query OK, 0 rows affected (0.13 sec)

Query OK, 0 rows affected (0.02 sec)

Query OK, 3561571 rows affected (3 min 21.62 sec)
Records: 3561571  Deleted: 0  Skipped: 0  Warnings: 0

Query OK, 0 rows affected (22.62 sec)
Records: 0  Duplicates: 0  Warnings: 0

Query OK, 0 rows affected (14.32 sec)
Records: 0  Duplicates: 0  Warnings: 0

Query OK, 0 rows affected (15.25 sec)
Records: 0  Duplicates: 0  Warnings: 0

Query OK, 0 rows affected (14.00 sec)
Records: 0  Duplicates: 0  Warnings: 0

Query OK, 0 rows affected (13.22 sec)
Records: 0  Duplicates: 0  Warnings: 0

Query OK, 0 rows affected (14.16 sec)
Records: 0  Duplicates: 0  Warnings: 0

Query OK, 0 rows affected (13.98 sec)
Records: 0  Duplicates: 0  Warnings: 0

+----------------+
| invoicesheader |
+----------------+
|        3561571 |
+----------------+
1 row in set (1.03 sec)

Database changed
Query OK, 0 rows affected (0.06 sec)

Query OK, 0 rows affected (0.01 sec)

Query OK, 3491862 rows affected (1 min 30.33 sec)
Records: 3491862  Deleted: 0  Skipped: 0  Warnings: 0

Query OK, 0 rows affected (16.81 sec)
Records: 0  Duplicates: 0  Warnings: 0

Query OK, 0 rows affected (10.18 sec)
Records: 0  Duplicates: 0  Warnings: 0

Query OK, 0 rows affected (10.50 sec)
Records: 0  Duplicates: 0  Warnings: 0

Query OK, 0 rows affected (8.38 sec)
Records: 0  Duplicates: 0  Warnings: 0

Query OK, 0 rows affected (12.33 sec)
Records: 0  Duplicates: 0  Warnings: 0

+---------+
| casa    |
+---------+
| 3491862 |
+---------+
1 row in set (1.03 sec)

Query OK, 0 rows affected (0.00 sec)

Query OK, 1631 rows affected (5.16 sec)
Rows matched: 1631  Changed: 1631  Warnings: 0

Query OK, 0 rows affected (0.01 sec)

Query OK, 17447 rows affected (1 min 38.43 sec)
Records: 17447  Duplicates: 0  Warnings: 0

+--------------------+
| rep_paycol_channel |
+--------------------+
|              17447 |
+--------------------+
1 row in set (0.01 sec)

Query OK, 0 rows affected (0.01 sec)

Query OK, 13812 rows affected (1 min 57.85 sec)
Records: 13812  Duplicates: 0  Warnings: 0

+----------------+
| rep_paycol_pos |
+----------------+
|          13812 |
+----------------+
1 row in set (0.01 sec)

Database changed
Query OK, 0 rows affected (0.01 sec)

Query OK, 0 rows affected (0.01 sec)

Database changed
Query OK, 41219 rows affected (0.84 sec)
Records: 41219  Deleted: 0  Skipped: 0  Warnings: 0

+-------+
| users |
+-------+
| 41219 |
+-------+
1 row in set (0.02 sec)

Query OK, 0 rows affected (0.09 sec)
Records: 0  Duplicates: 0  Warnings: 0

Database changed
Query OK, 0 rows affected (0.08 sec)

Query OK, 0 rows affected (0.01 sec)

Query OK, 6446084 rows affected, 2 warnings (1 min 37.62 sec)
Records: 6446084  Deleted: 0  Skipped: 0  Warnings: 2

Query OK, 0 rows affected (23.43 sec)
Records: 0  Duplicates: 0  Warnings: 0

Query OK, 0 rows affected (17.88 sec)
Records: 0  Duplicates: 0  Warnings: 0

Query OK, 0 rows affected (17.44 sec)
Records: 0  Duplicates: 0  Warnings: 0

Query OK, 0 rows affected (20.80 sec)
Records: 0  Duplicates: 0  Warnings: 0

Query OK, 0 rows affected (15.11 sec)
Records: 0  Duplicates: 0  Warnings: 0

+-------------+
| useractions |
+-------------+
|     6446084 |
+-------------+
1 row in set (1.87 sec)

Database changed
Query OK, 0 rows affected (0.17 sec)

Query OK, 0 rows affected (0.01 sec)

Database changed
Query OK, 34178497 rows affected (6 min 8.91 sec)
Records: 34178497  Deleted: 0  Skipped: 0  Warnings: 0

Query OK, 0 rows affected (1 min 43.94 sec)
Records: 0  Duplicates: 0  Warnings: 0

Query OK, 0 rows affected (1 min 36.61 sec)
Records: 0  Duplicates: 0  Warnings: 0

Query OK, 0 rows affected (1 min 34.73 sec)
Records: 0  Duplicates: 0  Warnings: 0

Query OK, 0 rows affected (1 min 24.28 sec)
Records: 0  Duplicates: 0  Warnings: 0

Query OK, 0 rows affected (1 min 52.73 sec)
Records: 0  Duplicates: 0  Warnings: 0

+----------+
| ipusage1 |
+----------+
| 34178497 |
+----------+
1 row in set (13.55 sec)

Query OK, 0 rows affected (0.03 sec)

Query OK, 1928806 rows affected (28.72 sec)
Records: 1928806  Duplicates: 0  Warnings: 0

Query OK, 0 rows affected (13.65 sec)
Records: 0  Duplicates: 0  Warnings: 0

Query OK, 0 rows affected (3.62 sec)
Records: 0  Duplicates: 0  Warnings: 0

Query OK, 0 rows affected (5.40 sec)
Records: 0  Duplicates: 0  Warnings: 0

+------------------------------+
| contractsservicepackageprice |
+------------------------------+
|                      1928806 |
+------------------------------+
1 row in set (0.51 sec)

Query OK, 0 rows affected (0.07 sec)

Query OK, 1929214 rows affected (2 min 18.84 sec)
Records: 1929214  Duplicates: 0  Warnings: 0

Query OK, 0 rows affected (13.62 sec)
Records: 0  Duplicates: 0  Warnings: 0

Query OK, 0 rows affected (12.07 sec)
Records: 0  Duplicates: 0  Warnings: 0

Query OK, 0 rows affected (4.83 sec)
Records: 0  Duplicates: 0  Warnings: 0

Query OK, 0 rows affected (10.32 sec)
Records: 0  Duplicates: 0  Warnings: 0

+------------------------------------+
| clientcontractsservicepackageprice |
+------------------------------------+
|                            1929214 |
+------------------------------------+
1 row in set (0.58 sec)

mysql> mysql \. C:\workspace\cloud\code\sql\_DailyScript\currenttime.sql
+---------------------+
| currenttime         |
+---------------------+
| 2022-01-13 10:11:10 |
+---------------------+
1 row in set (0.00 sec)

mysql> 
mysql> mysql \. C:\workspace\cloud\code\sql\_DailyScript\ticket_analysis.sql
Database changed
Query OK, 0 rows affected (0.03 sec)

Query OK, 932401 rows affected (30.65 sec)
Records: 932401  Duplicates: 0  Warnings: 0

Query OK, 0 rows affected (3.77 sec)
Records: 0  Duplicates: 0  Warnings: 0

Query OK, 0 rows affected (1.92 sec)
Records: 0  Duplicates: 0  Warnings: 0

Query OK, 0 rows affected (1.77 sec)
Records: 0  Duplicates: 0  Warnings: 0

Query OK, 0 rows affected (0.01 sec)

Query OK, 29191 rows affected (15.99 sec)
Records: 29191  Duplicates: 0  Warnings: 0

Query OK, 0 rows affected, 1 warning (0.00 sec)

Query OK, 136887 rows affected (10.20 sec)
Records: 136887  Duplicates: 0  Warnings: 0

Query OK, 0 rows affected, 1 warning (0.00 sec)

Query OK, 689105 rows affected (19.62 sec)
Records: 689105  Duplicates: 0  Warnings: 0

Query OK, 0 rows affected, 1 warning (0.00 sec)

Query OK, 689105 rows affected (19.85 sec)
Records: 689105  Duplicates: 0  Warnings: 0

Query OK, 0 rows affected (0.02 sec)

Query OK, 137032 rows affected (5.70 sec)
Records: 137032  Duplicates: 0  Warnings: 0

Database changed
Query OK, 0 rows affected (0.00 sec)

Query OK, 0 rows affected (0.03 sec)

Query OK, 932401 rows affected (32.65 sec)
Records: 932401  Duplicates: 0  Warnings: 0

Query OK, 0 rows affected (0.01 sec)

Query OK, 486077 rows affected (19.43 sec)
Records: 486077  Duplicates: 0  Warnings: 0

+--------------------------+
| clientticket_cmmtjourney |
+--------------------------+
|                   932401 |
+--------------------------+
1 row in set (2.67 sec)

+---------------------------+
| clientticket_assgnjourney |
+---------------------------+
|                    486077 |
+---------------------------+
1 row in set (3.33 sec)

Query OK, 0 rows affected (0.01 sec)

Query OK, 83 rows affected (0.12 sec)
Records: 83  Duplicates: 0  Warnings: 0

mysql> mysql \. C:\workspace\cloud\code\sql\_DailyScript\currenttime.sql
+---------------------+
| currenttime         |
+---------------------+
| 2022-01-13 10:13:58 |
+---------------------+
1 row in set (0.00 sec)

mysql> 
mysql> mysql \. C:\workspace\cloud\code\sql\_DailyScript\load_DailyCalls.sql
Database changed
Query OK, 480 rows affected (0.20 sec)
Records: 480  Deleted: 0  Skipped: 0  Warnings: 0

Query OK, 0 rows affected, 1 warning (0.00 sec)

Query OK, 480 rows affected (0.04 sec)
Records: 480  Duplicates: 0  Warnings: 0

Query OK, 0 rows affected, 1 warning (0.00 sec)

Query OK, 94040 rows affected (0.39 sec)
Records: 94040  Duplicates: 0  Warnings: 0

+----------------------+
| callingclientsbefore |
+----------------------+
|              1356687 |
+----------------------+
1 row in set (0.59 sec)

Query OK, 695 rows affected (12.71 sec)
Records: 695  Duplicates: 0  Warnings: 0

+---------------------+
| callingclientsafter |
+---------------------+
|             1357382 |
+---------------------+
1 row in set (0.35 sec)

Query OK, 0 rows affected (0.01 sec)

Query OK, 316 rows affected (5.05 sec)
Records: 316  Duplicates: 0  Warnings: 0

Query OK, 0 rows affected (0.00 sec)

Query OK, 26146 rows affected (4.37 sec)
Records: 26146  Duplicates: 0  Warnings: 0

+-----------+
| callstats |
+-----------+
|     26146 |
+-----------+
1 row in set (0.01 sec)

Query OK, 0 rows affected, 1 warning (0.00 sec)

Query OK, 695 rows affected (3.43 sec)
Records: 695  Duplicates: 0  Warnings: 0

+------------------------+
| rep_cccallreportbefore |
+------------------------+
|                1357040 |
+------------------------+
1 row in set (0.37 sec)

Query OK, 695 rows affected (0.21 sec)
Records: 695  Duplicates: 0  Warnings: 0

+-----------------------+
| rep_cccallreportafter |
+-----------------------+
|               1357735 |
+-----------------------+
1 row in set (0.37 sec)

Query OK, 0 rows affected (0.01 sec)

mysql> mysql \. C:\workspace\cloud\code\sql\_DailyScript\currenttime.sql
+---------------------+
| currenttime         |
+---------------------+
| 2022-01-13 10:14:26 |
+---------------------+
1 row in set (0.00 sec)

mysql> 
mysql> mysql \. C:\workspace\cloud\code\sql\_DailyScript\DAILY-SCRIPT-USAGE.sql
Database changed
Query OK, 0 rows affected (0.00 sec)

Query OK, 3999 rows affected, 11588 warnings (1.03 sec)
Records: 3999  Deleted: 0  Skipped: 0  Warnings: 11588

Query OK, 0 rows affected (0.00 sec)

Query OK, 6371 rows affected, 18399 warnings (1.18 sec)
Records: 6371  Deleted: 0  Skipped: 0  Warnings: 18399

Query OK, 0 rows affected (0.00 sec)

Query OK, 327 rows affected, 1163 warnings (0.05 sec)
Records: 327  Deleted: 0  Skipped: 0  Warnings: 1163

Query OK, 0 rows affected (0.00 sec)

Query OK, 190 rows affected, 645 warnings (0.05 sec)
Records: 190  Deleted: 0  Skipped: 0  Warnings: 645

+------------+
| dailyusage |
+------------+
|   20279651 |
+------------+
1 row in set (8.45 sec)

+------------+------------+------------+---------+
| datestart  | dateend    | insertedon | records |
+------------+------------+------------+---------+
| 2022-01-12 | 2022-01-12 | 2022-01-13 |   10887 |
| 2022-01-11 | 2022-01-11 | 2022-01-12 |   10784 |
| 2022-01-10 | 2022-01-10 | 2022-01-11 |   10681 |
| 2022-01-09 | 2022-01-09 | 2022-01-11 |   10654 |
| 2022-01-08 | 2022-01-08 | 2022-01-10 |   10721 |
+------------+------------+------------+---------+
5 rows in set (46.24 sec)

+----------+------------+------------+------------+---------+
| category | datestart  | dateend    | insertedon | records |
+----------+------------+------------+------------+---------+
| UNCAPPED | 2022-01-12 | 2022-01-12 | 2022-01-13 |    6371 |
| PREPAID  | 2022-01-12 | 2022-01-12 | 2022-01-13 |     327 |
| HOTSPOT  | 2022-01-12 | 2022-01-12 | 2022-01-13 |     190 |
| CAPPED   | 2022-01-12 | 2022-01-12 | 2022-01-13 |    3999 |
| UNCAPPED | 2022-01-11 | 2022-01-11 | 2022-01-12 |    6314 |
| PREPAID  | 2022-01-11 | 2022-01-11 | 2022-01-12 |     329 |
| HOTSPOT  | 2022-01-11 | 2022-01-11 | 2022-01-12 |     190 |
| CAPPED   | 2022-01-11 | 2022-01-11 | 2022-01-12 |    3951 |
| UNCAPPED | 2022-01-10 | 2022-01-10 | 2022-01-11 |    6258 |
| PREPAID  | 2022-01-10 | 2022-01-10 | 2022-01-11 |     338 |
| HOTSPOT  | 2022-01-10 | 2022-01-10 | 2022-01-11 |     168 |
| CAPPED   | 2022-01-10 | 2022-01-10 | 2022-01-11 |    3917 |
| UNCAPPED | 2022-01-09 | 2022-01-09 | 2022-01-11 |    6233 |
| PREPAID  | 2022-01-09 | 2022-01-09 | 2022-01-11 |     355 |
| HOTSPOT  | 2022-01-09 | 2022-01-09 | 2022-01-11 |     152 |
| CAPPED   | 2022-01-09 | 2022-01-09 | 2022-01-11 |    3914 |
| UNCAPPED | 2022-01-08 | 2022-01-08 | 2022-01-10 |    6281 |
| PREPAID  | 2022-01-08 | 2022-01-08 | 2022-01-10 |     332 |
| HOTSPOT  | 2022-01-08 | 2022-01-08 | 2022-01-10 |     176 |
| CAPPED   | 2022-01-08 | 2022-01-08 | 2022-01-10 |    3932 |
+----------+------------+------------+------------+---------+
20 rows in set (31.36 sec)

mysql> mysql \. C:\workspace\cloud\code\sql\_DailyScript\currenttime.sql
+---------------------+
| currenttime         |
+---------------------+
| 2022-01-13 10:15:54 |
+---------------------+
1 row in set (0.00 sec)

mysql> 
mysql> mysql \. C:\workspace\cloud\code\sql\_DailyScript\DAILY-SCRIPT-SALES-TELEMETRY.sql
Database changed
Query OK, 110 rows affected, 93 warnings (0.03 sec)
Records: 110  Deleted: 0  Skipped: 0  Warnings: 93

+------------+
| dailysales |
+------------+
|     247480 |
+------------+
1 row in set (0.27 sec)

+------------+---------+
| orderdate  | records |
+------------+---------+
| 2022-01-12 |     110 |
| 2022-01-11 |      95 |
| 2022-01-10 |     143 |
| 2022-01-09 |       9 |
| 2022-01-08 |      49 |
| 2022-01-07 |     183 |
| 2022-01-06 |     162 |
| 2022-01-05 |     153 |
| 2022-01-04 |     216 |
| 2022-01-03 |      16 |
| 2022-01-02 |      30 |
| 2022-01-01 |      12 |
| 2021-12-31 |     147 |
| 2021-12-30 |     188 |
| 2021-12-29 |     193 |
+------------+---------+
15 rows in set (0.56 sec)

Query OK, 0 rows affected (0.02 sec)

Query OK, 247480 rows affected (21.68 sec)
Records: 247480  Duplicates: 0  Warnings: 0

+--------+
| sales  |
+--------+
| 247480 |
+--------+
1 row in set (0.07 sec)

Query OK, 0 rows affected (0.01 sec)

Query OK, 6413 rows affected (0.44 sec)
Records: 6413  Duplicates: 0  Warnings: 0

+----------------+
| rep_dailysales |
+----------------+
|           6413 |
+----------------+
1 row in set (0.01 sec)

Query OK, 0 rows affected (0.01 sec)

Query OK, 6413 rows affected (0.79 sec)
Records: 6413  Duplicates: 0  Warnings: 0

+-------------------+
| rep_dailysalesreg |
+-------------------+
|              6413 |
+-------------------+
1 row in set (0.00 sec)

Query OK, 0 rows affected (0.01 sec)

Query OK, 2437 rows affected (0.77 sec)
Records: 2437  Duplicates: 0  Warnings: 0

+-----------+
| saleslist |
+-----------+
|      2437 |
+-----------+
1 row in set (0.00 sec)

Database changed
ERROR 2 (HY000): File 'C:\ProgramData\MySQL\MySQL Server 5.7\Uploads\_csv\PrepaidCardSales-12012022-P1.csv' not found (Errcode: 2 - No such file or directory)
+------------------+
| dailysinglesales |
+------------------+
|             6660 |
+------------------+
1 row in set (0.02 sec)

Database changed
Query OK, 15 rows affected (0.03 sec)
Records: 15  Deleted: 0  Skipped: 0  Warnings: 0

+-----------------+
| dailyaddonsales |
+-----------------+
|           26449 |
+-----------------+
1 row in set (0.07 sec)

Query OK, 211 rows affected (0.08 sec)
Records: 211  Deleted: 0  Skipped: 0  Warnings: 0

+----------------+
| onlinepayments |
+----------------+
|         257082 |
+----------------+
1 row in set (0.21 sec)

+-------------+----------------+---------------------+
| paymentdate | onlinepayments | onlinepaymentamount |
+-------------+----------------+---------------------+
| 2022-01-12  |            211 |        141830.70000 |
| 2022-01-11  |            216 |        138091.30000 |
| 2022-01-10  |            262 |        167009.30000 |
| 2022-01-09  |            228 |        142257.18000 |
| 2022-01-08  |            226 |        151909.40000 |
+-------------+----------------+---------------------+
5 rows in set (0.94 sec)

+-------------+--------------+----------------+---------------------+
| paymentyear | paymentmonth | onlinepayments | onlinepaymentamount |
+-------------+--------------+----------------+---------------------+
|        2022 |            1 |           3316 |       2217510.87000 |
|        2022 |         NULL |           3316 |       2217510.87000 |
|        2021 |           12 |           8988 |       5882874.20000 |
|        2021 |           11 |           8553 |       5661260.44000 |
|        2021 |           10 |           8715 |       5741511.04000 |
+-------------+--------------+----------------+---------------------+
5 rows in set (0.27 sec)

mysql> mysql \. C:\workspace\cloud\code\sql\_DailyScript\currenttime.sql
+---------------------+
| currenttime         |
+---------------------+
| 2022-01-13 10:16:21 |
+---------------------+
1 row in set (0.00 sec)

mysql> 
mysql> mysql \. C:\workspace\cloud\code\sql\_DailyScript\DAILY-SCRIPT-ACTIVENUMBERS.sql
Database changed
Query OK, 1079 rows affected (0.54 sec)
Records: 1079  Deleted: 0  Skipped: 0  Warnings: 0

+------------+----------+
| period     | count(1) |
+------------+----------+
| 2022-01-12 |     1079 |
| 2022-01-11 |     1078 |
| 2022-01-10 |     1080 |
| 2022-01-09 |     1081 |
| 2022-01-08 |     1081 |
+------------+----------+
5 rows in set (0.00 sec)

Query OK, 0 rows affected (0.01 sec)

Query OK, 75 rows affected (1.41 sec)
Records: 75  Duplicates: 0  Warnings: 0

+-------------+
| packagelist |
+-------------+
|          75 |
+-------------+
1 row in set (0.00 sec)

Database changed
Query OK, 0 rows affected (0.01 sec)

Query OK, 0 rows affected (0.00 sec)

Query OK, 0 rows affected (0.00 sec)

Query OK, 0 rows affected (0.00 sec)

Query OK, 28804 rows affected, 180 warnings (19.09 sec)
Records: 28804  Deleted: 0  Skipped: 0  Warnings: 180

+------------+----------+
| period     | count(1) |
+------------+----------+
| 2022-01-12 |    28804 |
| 2022-01-11 |    28710 |
| 2022-01-10 |    28730 |
| 2022-01-09 |    28638 |
| 2022-01-08 |    28862 |
+------------+----------+
5 rows in set (0.15 sec)

Query OK, 0 rows affected (0.01 sec)

Query OK, 28244 rows affected (57.93 sec)
Records: 28244  Duplicates: 0  Warnings: 0

Query OK, 0 rows affected (0.13 sec)
Records: 0  Duplicates: 0  Warnings: 0

Query OK, 0 rows affected (0.12 sec)
Records: 0  Duplicates: 0  Warnings: 0

Query OK, 0 rows affected (0.11 sec)
Records: 0  Duplicates: 0  Warnings: 0

Query OK, 0 rows affected (0.09 sec)
Records: 0  Duplicates: 0  Warnings: 0

Query OK, 0 rows affected (0.07 sec)
Records: 0  Duplicates: 0  Warnings: 0

Query OK, 0 rows affected (0.07 sec)
Records: 0  Duplicates: 0  Warnings: 0

+-------------+
| countbefore |
+-------------+
|    52699766 |
+-------------+
1 row in set (23.31 sec)

Query OK, 28244 rows affected (6.26 sec)
Records: 28244  Duplicates: 0  Warnings: 0

+------------+
| countafter |
+------------+
|   52728010 |
+------------+
1 row in set (18.28 sec)

+------------+--------------------------+
| period     | customercontractactivity |
+------------+--------------------------+
| 2022-01-12 |                    28244 |
| 2022-01-11 |                    28150 |
| 2022-01-10 |                    28170 |
| 2022-01-09 |                    28078 |
| 2022-01-08 |                    28302 |
+------------+--------------------------+
5 rows in set (0.06 sec)

Query OK, 0 rows affected (0.02 sec)

Query OK, 328877 rows affected, 4 warnings (11 min 10.93 sec)
Records: 328877  Duplicates: 0  Warnings: 4

Query OK, 0 rows affected (1.10 sec)
Records: 0  Duplicates: 0  Warnings: 0

Query OK, 0 rows affected (1.28 sec)
Records: 0  Duplicates: 0  Warnings: 0

Query OK, 0 rows affected (1.26 sec)
Records: 0  Duplicates: 0  Warnings: 0

Query OK, 0 rows affected (0.01 sec)

Query OK, 223 rows affected (0.50 sec)
Records: 223  Duplicates: 0  Warnings: 0

Query OK, 0 rows affected (0.01 sec)

Query OK, 2596 rows affected (0.63 sec)
Records: 2596  Duplicates: 0  Warnings: 0

Query OK, 0 rows affected (0.01 sec)

Query OK, 28220 rows affected (0.59 sec)
Records: 28220  Duplicates: 0  Warnings: 0

Query OK, 0 rows affected (0.01 sec)

Query OK, 16829 rows affected (0.42 sec)
Records: 16829  Duplicates: 0  Warnings: 0

Query OK, 0 rows affected (0.01 sec)

Query OK, 16829 rows affected (0.15 sec)
Records: 16829  Duplicates: 0  Warnings: 0

Query OK, 0 rows affected (0.01 sec)

Query OK, 16829 rows affected (1.32 sec)
Records: 16829  Duplicates: 0  Warnings: 0

Query OK, 0 rows affected (0.01 sec)

Query OK, 16829 rows affected (43.42 sec)
Records: 16829  Duplicates: 0  Warnings: 0

+-------------+
| clientstats |
+-------------+
|       16829 |
+-------------+
1 row in set (0.01 sec)

Query OK, 0 rows affected (0.01 sec)

Query OK, 13 rows affected, 1 warning (0.12 sec)
Records: 13  Duplicates: 0  Warnings: 1

+-----------------------+-------------+-------------+----------------+-----------------+
| services              | activecount | allaccounts | uniqueaccounts | uniquecontracts |
+-----------------------+-------------+-------------+----------------+-----------------+
| All                   |         443 |          73 |             73 |             234 |
| Internet & OTT        |           6 |           3 |              3 |               3 |
| Internet & Voice      |         305 |         133 |            133 |             261 |
| Internet Only         |        4344 |        4247 |           4244 |            4283 |
| OTT Only              |           2 |           2 |              2 |               2 |
| TV & Internet         |        9868 |        4410 |           4403 |            9000 |
| TV & Internet & OTT   |        4763 |        1248 |           1246 |            2600 |
| TV & Internet & Voice |         521 |         148 |            148 |             457 |
| TV & OTT              |         342 |          90 |             88 |             101 |
| TV & Voice            |          84 |          37 |             37 |              75 |
| TV Only               |        8102 |        6322 |           6316 |            6520 |
| Voice Only            |         117 |         116 |            116 |             117 |
| GRAND TOTAL           |       28897 |       16829 |          16765 |           23653 |
+-----------------------+-------------+-------------+----------------+-----------------+
13 rows in set (0.00 sec)

+-------------+-------------+-------------+----------------+-----------------+
| network     | activecount | allaccounts | uniqueaccounts | uniquecontracts |
+-------------+-------------+-------------+----------------+-----------------+
| GPON        |       14400 |        7061 |           7058 |           11261 |
| HFC         |       14497 |        9768 |           9768 |           12392 |
| GRAND TOTAL |       28897 |       16829 |          16765 |           23653 |
+-------------+-------------+-------------+----------------+-----------------+
3 rows in set, 1 warning (0.14 sec)

+-------------+-----------------------+-------------+-------------+----------------+-----------------+
| network     | services              | activecount | allaccounts | uniqueaccounts | uniquecontracts |
+-------------+-----------------------+-------------+-------------+----------------+-----------------+
| GPON        | All                   |         352 |          61 |             61 |             194 |
| GPON        | Internet & OTT        |           2 |           1 |              1 |               1 |
| GPON        | Internet & Voice      |          81 |          33 |             33 |              70 |
| GPON        | Internet Only         |        1724 |        1643 |           1643 |            1664 |
| GPON        | OTT Only              |           1 |           1 |              1 |               1 |
| GPON        | TV & Internet         |        5696 |        2498 |           2498 |            5126 |
| GPON        | TV & Internet & OTT   |        3823 |         992 |            992 |            2079 |
| GPON        | TV & Internet & Voice |         300 |          80 |             80 |             251 |
| GPON        | TV & OTT              |         217 |          69 |             69 |              75 |
| GPON        | TV & Voice            |          49 |          22 |             22 |              45 |
| GPON        | TV Only               |        2138 |        1645 |           1645 |            1738 |
| GPON        | Voice Only            |          17 |          16 |             16 |              17 |
| GPON        | Services Total        |       14400 |        7061 |           7058 |           11261 |
| HFC         | All                   |          91 |          12 |             12 |              40 |
| HFC         | Internet & OTT        |           4 |           2 |              2 |               2 |
| HFC         | Internet & Voice      |         224 |         100 |            100 |             191 |
| HFC         | Internet Only         |        2620 |        2604 |           2604 |            2619 |
| HFC         | OTT Only              |           1 |           1 |              1 |               1 |
| HFC         | TV & Internet         |        4172 |        1912 |           1912 |            3874 |
| HFC         | TV & Internet & OTT   |         940 |         256 |            256 |             521 |
| HFC         | TV & Internet & Voice |         221 |          68 |             68 |             206 |
| HFC         | TV & OTT              |         125 |          21 |             21 |              26 |
| HFC         | TV & Voice            |          35 |          15 |             15 |              30 |
| HFC         | TV Only               |        5964 |        4677 |           4677 |            4782 |
| HFC         | Voice Only            |         100 |         100 |            100 |             100 |
| HFC         | Services Total        |       14497 |        9768 |           9768 |           12392 |
| GRAND TOTAL | Services Total        |       28897 |       16829 |          16765 |           23653 |
+-------------+-----------------------+-------------+-------------+----------------+-----------------+
27 rows in set, 2 warnings (0.14 sec)

Query OK, 0 rows affected (0.01 sec)

Query OK, 44 rows affected, 3 warnings (0.20 sec)
Records: 44  Duplicates: 0  Warnings: 3

+-------------+---------------+-----------------------+-------------+-------------+----------------+-----------------+
| region      | network       | services              | activecount | allaccounts | uniqueaccounts | uniquecontracts |
+-------------+---------------+-----------------------+-------------+-------------+----------------+-----------------+
| Eden Island | GPON          | TV & Internet         |           2 |           1 |              1 |               2 |
| Eden Island | GPON          | Services Total        |           2 |           1 |              1 |               2 |
| Eden Island | Network Total | Services Total        |           2 |           1 |              1 |               2 |
| Mahe        | GPON          | All                   |         317 |          55 |             55 |             175 |
| Mahe        | GPON          | Internet & OTT        |           2 |           1 |              1 |               1 |
| Mahe        | GPON          | Internet & Voice      |          75 |          30 |             30 |              64 |
| Mahe        | GPON          | Internet Only         |        1467 |        1386 |           1386 |            1407 |
| Mahe        | GPON          | TV & Internet         |        4920 |        2152 |           2152 |            4414 |
| Mahe        | GPON          | TV & Internet & OTT   |        3222 |         814 |            814 |            1716 |
| Mahe        | GPON          | TV & Internet & Voice |         275 |          73 |             73 |             226 |
| Mahe        | GPON          | TV & OTT              |         191 |          57 |             57 |              62 |
| Mahe        | GPON          | TV & Voice            |          49 |          22 |             22 |              45 |
| Mahe        | GPON          | TV Only               |        1808 |        1395 |           1395 |            1472 |
| Mahe        | GPON          | Voice Only            |          16 |          15 |             15 |              16 |
| Mahe        | GPON          | Services Total        |       12342 |        6000 |           6000 |            9598 |
| Mahe        | HFC           | All                   |          91 |          12 |             12 |              40 |
| Mahe        | HFC           | Internet & OTT        |           4 |           2 |              2 |               2 |
| Mahe        | HFC           | Internet & Voice      |         224 |         100 |            100 |             191 |
| Mahe        | HFC           | Internet Only         |        2620 |        2604 |           2604 |            2619 |
| Mahe        | HFC           | OTT Only              |           1 |           1 |              1 |               1 |
| Mahe        | HFC           | TV & Internet         |        4172 |        1912 |           1912 |            3874 |
| Mahe        | HFC           | TV & Internet & OTT   |         940 |         256 |            256 |             521 |
| Mahe        | HFC           | TV & Internet & Voice |         221 |          68 |             68 |             206 |
| Mahe        | HFC           | TV & OTT              |         125 |          21 |             21 |              26 |
| Mahe        | HFC           | TV & Voice            |          35 |          15 |             15 |              30 |
| Mahe        | HFC           | TV Only               |        5963 |        4676 |           4676 |            4781 |
| Mahe        | HFC           | Voice Only            |         100 |         100 |            100 |             100 |
| Mahe        | HFC           | Services Total        |       14496 |        9767 |           9767 |           12391 |
| Mahe        | Network Total | Services Total        |       26838 |       15767 |          15706 |           21989 |
| Praslin     | GPON          | All                   |          35 |           6 |              6 |              19 |
| Praslin     | GPON          | Internet & Voice      |           6 |           3 |              3 |               6 |
| Praslin     | GPON          | Internet Only         |         257 |         257 |            257 |             257 |
| Praslin     | GPON          | OTT Only              |           1 |           1 |              1 |               1 |
| Praslin     | GPON          | TV & Internet         |         774 |         345 |            345 |             710 |
| Praslin     | GPON          | TV & Internet & OTT   |         601 |         178 |            178 |             363 |
| Praslin     | GPON          | TV & Internet & Voice |          25 |           7 |              7 |              25 |
| Praslin     | GPON          | TV & OTT              |          26 |          12 |             12 |              13 |
| Praslin     | GPON          | TV Only               |         330 |         250 |            250 |             266 |
| Praslin     | GPON          | Voice Only            |           1 |           1 |              1 |               1 |
| Praslin     | GPON          | Services Total        |        2056 |        1060 |           1060 |            1661 |
| Praslin     | HFC           | TV Only               |           1 |           1 |              1 |               1 |
| Praslin     | HFC           | Services Total        |           1 |           1 |              1 |               1 |
| Praslin     | Network Total | Services Total        |        2057 |        1061 |           1061 |            1662 |
| GRAND TOTAL | Network Total | Services Total        |       28897 |       16829 |          16765 |           23653 |
+-------------+---------------+-----------------------+-------------+-------------+----------------+-----------------+
44 rows in set (0.00 sec)

Query OK, 0 rows affected (0.01 sec)

Query OK, 28221 rows affected (0.53 sec)
Records: 28221  Duplicates: 0  Warnings: 0

Query OK, 0 rows affected (0.01 sec)

Query OK, 2356 rows affected (2.29 sec)
Records: 2356  Duplicates: 0  Warnings: 0

+--------------------------------------+
| message                              |
+--------------------------------------+
| running rcbill_my.sp_ActiveNumber2() |
+--------------------------------------+
1 row in set (0.00 sec)

Query OK, 365 rows affected (2 min 32.49 sec)

mysql> mysql \. C:\workspace\cloud\code\sql\_DailyScript\currenttime.sql
+---------------------+
| currenttime         |
+---------------------+
| 2022-01-13 10:33:06 |
+---------------------+
1 row in set (0.00 sec)

mysql> 
mysql> mysql \. C:\workspace\cloud\code\sql\_DailyScript\GetActiveNumbers Average -Pivot.sql
Database changed
+-------------------------------------+
| @today := subdate(current_date(),1) |
+-------------------------------------+
| 2022-01-12                          |
+-------------------------------------+
1 row in set (0.00 sec)

+-------------------------------------+
| @lastdayofmonth := last_day(@today) |
+-------------------------------------+
| 2022-01-31                          |
+-------------------------------------+
1 row in set (0.00 sec)

Query OK, 0 rows affected (0.01 sec)

Query OK, 53262 rows affected, 65535 warnings (1 min 9.98 sec)
Records: 53262  Duplicates: 0  Warnings: 108645

Query OK, 0 rows affected (0.13 sec)
Records: 0  Duplicates: 0  Warnings: 0

Query OK, 0 rows affected (0.16 sec)
Records: 0  Duplicates: 0  Warnings: 0

Query OK, 0 rows affected (0.13 sec)
Records: 0  Duplicates: 0  Warnings: 0

+-----------------+
| activenumberavg |
+-----------------+
|           53262 |
+-----------------+
1 row in set (0.02 sec)

Query OK, 0 rows affected (0.01 sec)

Query OK, 2008 rows affected (0.66 sec)
Records: 2008  Duplicates: 0  Warnings: 0

+---------------------+
| rep_activenumberavg |
+---------------------+
|                2008 |
+---------------------+
1 row in set (0.00 sec)

+----------------------+
| rep_activenumberavg1 |
+----------------------+
|                  933 |
+----------------------+
1 row in set (0.00 sec)

Query OK, 0 rows affected (0.01 sec)

Query OK, 2827 rows affected (0.52 sec)
Records: 2827  Duplicates: 0  Warnings: 0

Query OK, 0 rows affected (0.01 sec)

Query OK, 14658 rows affected (0.92 sec)
Records: 14658  Duplicates: 0  Warnings: 0

Query OK, 0 rows affected (0.01 sec)

Query OK, 254 rows affected (0.31 sec)
Records: 254  Duplicates: 0  Warnings: 0

Query OK, 0 rows affected (0.00 sec)

Query OK, 0 rows affected (0.01 sec)

Query OK, 0 rows affected (0.01 sec)

Query OK, 0 rows affected (0.00 sec)

Query OK, 0 rows affected (0.00 sec)
Statement prepared

Query OK, 53 rows affected (0.06 sec)
Records: 53  Duplicates: 0  Warnings: 0

Query OK, 0 rows affected (0.00 sec)

Query OK, 0 rows affected (0.00 sec)

+----------------------+
| rep_activenumberavg2 |
+----------------------+
|                 2827 |
+----------------------+
1 row in set (0.00 sec)

+------------------------+
| rep_activenumberavg_pv |
+------------------------+
|                     53 |
+------------------------+
1 row in set (0.00 sec)

Query OK, 0 rows affected (0.01 sec)

Query OK, 2824 rows affected (0.42 sec)
Records: 2824  Duplicates: 0  Warnings: 0

Query OK, 0 rows affected (0.00 sec)

Query OK, 0 rows affected (0.01 sec)

Query OK, 0 rows affected (0.01 sec)

Query OK, 0 rows affected (0.00 sec)

Query OK, 0 rows affected (0.00 sec)
Statement prepared

Query OK, 53 rows affected (0.06 sec)
Records: 53  Duplicates: 0  Warnings: 0

Query OK, 0 rows affected (0.00 sec)

Query OK, 0 rows affected (0.00 sec)

+-------------------------+
| rep_activenumberavgMahe |
+-------------------------+
|                    2824 |
+-------------------------+
1 row in set (0.00 sec)

+----------------------------+
| rep_activenumberavgMahe_pv |
+----------------------------+
|                         53 |
+----------------------------+
1 row in set (0.00 sec)

Query OK, 0 rows affected (0.01 sec)

Query OK, 1788 rows affected (0.19 sec)
Records: 1788  Duplicates: 0  Warnings: 0

Query OK, 0 rows affected (0.00 sec)

Query OK, 0 rows affected (0.00 sec)

Query OK, 0 rows affected (0.01 sec)

Query OK, 0 rows affected (0.00 sec)

Query OK, 0 rows affected (0.00 sec)
Statement prepared

Query OK, 41 rows affected (0.05 sec)
Records: 41  Duplicates: 0  Warnings: 0

Query OK, 0 rows affected (0.00 sec)

Query OK, 0 rows affected (0.00 sec)

+----------------------------+
| rep_activenumberavgPraslin |
+----------------------------+
|                       1788 |
+----------------------------+
1 row in set (0.00 sec)

+-------------------------------+
| rep_activenumberavgPraslin_pv |
+-------------------------------+
|                            41 |
+-------------------------------+
1 row in set (0.00 sec)

mysql> mysql \. C:\workspace\cloud\code\sql\_DailyScript\currenttime.sql
+---------------------+
| currenttime         |
+---------------------+
| 2022-01-13 10:34:20 |
+---------------------+
1 row in set (0.00 sec)

mysql> 
mysql> mysql \. C:\workspace\cloud\code\sql\Analysis\clients_contracts_creditpolicy_2.sql
Database changed
Query OK, 0 rows affected (0.01 sec)

Query OK, 1929214 rows affected (47.08 sec)
Records: 1929214  Duplicates: 0  Warnings: 0

Query OK, 0 rows affected (0.01 sec)

Query OK, 28244 rows affected (1.12 sec)
Records: 28244  Duplicates: 0  Warnings: 0

Query OK, 0 rows affected (0.01 sec)

Query OK, 28323 rows affected (15.61 sec)
Records: 28323  Duplicates: 0  Warnings: 0

+-------------------------+
| rep_cust_cont_creditpol |
+-------------------------+
|                   28323 |
+-------------------------+
1 row in set (0.01 sec)

mysql> mysql \. C:\workspace\cloud\code\sql\_DailyScript\currenttime.sql
+---------------------+
| currenttime         |
+---------------------+
| 2022-01-13 10:35:24 |
+---------------------+
1 row in set (0.00 sec)

mysql> 
mysql> mysql \. C:\workspace\cloud\code\sql\_DailyScript\budget_actual_analysis_2022.sql
Query OK, 0 rows affected (0.01 sec)

Query OK, 591 rows affected, 3 warnings (0.09 sec)
Records: 591  Duplicates: 0  Warnings: 3

+--------------------+
| budget_actual_2022 |
+--------------------+
|                591 |
+--------------------+
1 row in set (0.00 sec)

Query OK, 0 rows affected (0.01 sec)

Query OK, 47 rows affected (0.04 sec)
Records: 47  Duplicates: 0  Warnings: 0

+---------------------------+
| rep_budget_actual_2022_pv |
+---------------------------+
|                        47 |
+---------------------------+
1 row in set (0.00 sec)

mysql> mysql \. C:\workspace\cloud\code\sql\_DailyScript\currenttime.sql
+---------------------+
| currenttime         |
+---------------------+
| 2022-01-13 10:35:24 |
+---------------------+
1 row in set (0.00 sec)

mysql> 
mysql> mysql \. C:\workspace\cloud\code\sql\_DailyScript\reports-sales-addons-prepaid-camera.sql
Database changed
Query OK, 0 rows affected (0.01 sec)

Query OK, 4419 rows affected (0.25 sec)
Records: 4419  Duplicates: 0  Warnings: 0

Query OK, 0 rows affected (0.01 sec)

Query OK, 26496 rows affected (22.33 sec)
Records: 26496  Duplicates: 0  Warnings: 0

+--------------------+
| rep_prepaid_camera |
+--------------------+
|               4419 |
+--------------------+
1 row in set (0.01 sec)

+-----------+
| rep_addon |
+-----------+
|     26496 |
+-----------+
1 row in set (0.01 sec)

mysql> mysql \. C:\workspace\cloud\code\sql\_DailyScript\currenttime.sql
+---------------------+
| currenttime         |
+---------------------+
| 2022-01-13 10:35:47 |
+---------------------+
1 row in set (0.00 sec)

mysql> 
mysql> mysql \. C:\workspace\cloud\code\sql\Analysis\addon_package_sales2.sql
Query OK, 0 rows affected (0.00 sec)

Query OK, 0 rows affected (0.01 sec)

Query OK, 0 rows affected (0.00 sec)

+------------+
| @startdate |
+------------+
| 2016-05-01 |
+------------+
1 row in set (0.00 sec)

+------------+
| @enddate   |
+------------+
| 2022-01-12 |
+------------+
1 row in set (0.00 sec)

+------------------------+
| IN ADDON PACKAGE SALES |
+------------------------+
| IN ADDON PACKAGE SALES |
+------------------------+
1 row in set (0.00 sec)

Query OK, 0 rows affected (0.00 sec)

Query OK, 0 rows affected (0.01 sec)

Query OK, 2131 rows affected (4 min 18.93 sec)
Records: 2131  Duplicates: 0  Warnings: 0

+------------------------+
| rep_newfirstactive_vod |
+------------------------+
|                   2131 |
+------------------------+
1 row in set (0.00 sec)

Query OK, 0 rows affected (0.00 sec)

Query OK, 0 rows affected (0.01 sec)

Query OK, 6638 rows affected (9 min 56.85 sec)
Records: 6638  Duplicates: 0  Warnings: 0

+------------------------+
| rep_newfirstactive_int |
+------------------------+
|                   6638 |
+------------------------+
1 row in set (0.01 sec)

Query OK, 0 rows affected (0.00 sec)

Query OK, 0 rows affected (0.01 sec)

Query OK, 406 rows affected (44.23 sec)
Records: 406  Duplicates: 0  Warnings: 0

+-----------------------+
| rep_newfirstactive_dv |
+-----------------------+
|                   406 |
+-----------------------+
1 row in set (0.00 sec)

Query OK, 0 rows affected (0.00 sec)

Query OK, 0 rows affected (0.01 sec)

Query OK, 41 rows affected (2.37 sec)
Records: 41  Duplicates: 0  Warnings: 0

+-----------------------+
| rep_newfirstactive_mv |
+-----------------------+
|                    41 |
+-----------------------+
1 row in set (0.00 sec)

Query OK, 0 rows affected (0.00 sec)

Query OK, 0 rows affected (0.01 sec)

Query OK, 713 rows affected (1 min 17.57 sec)
Records: 713  Duplicates: 0  Warnings: 0

+------------------------+
| rep_newfirstactive_igo |
+------------------------+
|                    713 |
+------------------------+
1 row in set (0.00 sec)

mysql> mysql \. C:\workspace\cloud\code\sql\_DailyScript\currenttime.sql
+---------------------+
| currenttime         |
+---------------------+
| 2022-01-13 10:52:07 |
+---------------------+
1 row in set (0.00 sec)

mysql> 
mysql> mysql \. C:\workspace\cloud\code\sql\_DailyScript\RCB_ClientAnalyticsReport_Script.sql
Database changed
Query OK, 0 rows affected (0.00 sec)

Query OK, 0 rows affected (0.25 sec)

Query OK, 2188220 rows affected (1 min 32.21 sec)
Records: 2188220  Duplicates: 0  Warnings: 0

Query OK, 0 rows affected (14.05 sec)
Records: 0  Duplicates: 0  Warnings: 0

Query OK, 0 rows affected (6.17 sec)
Records: 0  Duplicates: 0  Warnings: 0

Query OK, 0 rows affected (9.34 sec)
Records: 0  Duplicates: 0  Warnings: 0

Query OK, 0 rows affected (9.67 sec)
Records: 0  Duplicates: 0  Warnings: 0

Query OK, 0 rows affected (10.36 sec)
Records: 0  Duplicates: 0  Warnings: 0

Query OK, 0 rows affected (9.14 sec)
Records: 0  Duplicates: 0  Warnings: 0

Query OK, 0 rows affected (0.00 sec)

Query OK, 503822 rows affected, 30785 warnings (14.87 sec)
Rows matched: 2188220  Changed: 503822  Warnings: 30785

Query OK, 0 rows affected (0.01 sec)

Query OK, 28862 rows affected (10.88 sec)
Records: 28862  Duplicates: 0  Warnings: 0

+---------------------+
| clientcontractssubs |
+---------------------+
|               28862 |
+---------------------+
1 row in set (0.01 sec)

Query OK, 0 rows affected (0.02 sec)

Query OK, 45974 rows affected (11 min 45.84 sec)
Records: 45974  Duplicates: 0  Warnings: 0

Query OK, 0 rows affected (0.23 sec)
Records: 0  Duplicates: 0  Warnings: 0

Query OK, 0 rows affected (0.17 sec)
Records: 0  Duplicates: 0  Warnings: 0

Query OK, 0 rows affected (0.10 sec)
Records: 0  Duplicates: 0  Warnings: 0

+-----------------------+
| clientcontracthistory |
+-----------------------+
|                 45974 |
+-----------------------+
1 row in set (0.01 sec)

Query OK, 0 rows affected (0.04 sec)

Query OK, 3001048 rows affected (1 min 43.34 sec)
Records: 3001048  Duplicates: 0  Warnings: 0

Query OK, 0 rows affected (0.03 sec)

Query OK, 499808 rows affected (5 min 54.45 sec)
Records: 499808  Duplicates: 0  Warnings: 0

Query OK, 0 rows affected (1.69 sec)
Records: 0  Duplicates: 0  Warnings: 0

Query OK, 0 rows affected (0.87 sec)
Records: 0  Duplicates: 0  Warnings: 0

Query OK, 0 rows affected (2.05 sec)
Records: 0  Duplicates: 0  Warnings: 0

Query OK, 0 rows affected (1.02 sec)
Records: 0  Duplicates: 0  Warnings: 0

+--------------------------+
| clientcontractinvpmt_stg |
+--------------------------+
|                   499808 |
+--------------------------+
1 row in set (0.14 sec)

Query OK, 0 rows affected (0.03 sec)

Query OK, 499808 rows affected (14.63 sec)
Records: 499808  Duplicates: 0  Warnings: 0

Query OK, 0 rows affected (2.05 sec)
Records: 0  Duplicates: 0  Warnings: 0

Query OK, 0 rows affected (1.05 sec)
Records: 0  Duplicates: 0  Warnings: 0

Query OK, 0 rows affected (2.19 sec)
Records: 0  Duplicates: 0  Warnings: 0

Query OK, 0 rows affected (1.17 sec)
Records: 0  Duplicates: 0  Warnings: 0

+----------------------+
| clientcontractinvpmt |
+----------------------+
|               499808 |
+----------------------+
1 row in set (0.14 sec)

Query OK, 0 rows affected (0.02 sec)

Query OK, 45974 rows affected (1 min 43.01 sec)
Records: 45974  Duplicates: 0  Warnings: 0

+--------------+
| clientreport |
+--------------+
|        45974 |
+--------------+
1 row in set (0.02 sec)

Query OK, 0 rows affected (0.02 sec)

Query OK, 45974 rows affected (19.81 sec)
Records: 45974  Duplicates: 0  Warnings: 0

+----------------------+
| clientextendedreport |
+----------------------+
|                45974 |
+----------------------+
1 row in set (0.02 sec)

Query OK, 0 rows affected (0.01 sec)

Query OK, 45974 rows affected (1 min 39.65 sec)
Records: 45974  Duplicates: 0  Warnings: 0

+---------+
| allcust |
+---------+
|   45974 |
+---------+
1 row in set (0.01 sec)

Query OK, 0 rows affected, 1 warning (0.00 sec)

Query OK, 5000 rows affected (0.16 sec)
Records: 5000  Duplicates: 0  Warnings: 0

Query OK, 0 rows affected (0.01 sec)

Query OK, 6757 rows affected (0.40 sec)
Records: 6757  Duplicates: 0  Warnings: 0

Query OK, 0 rows affected, 1 warning (0.00 sec)

Query OK, 5000 rows affected (0.16 sec)
Records: 5000  Duplicates: 0  Warnings: 0

Query OK, 0 rows affected (0.02 sec)

Query OK, 7148 rows affected (0.26 sec)
Records: 7148  Duplicates: 0  Warnings: 0

mysql> mysql \. C:\workspace\cloud\code\sql\_DailyScript\currenttime.sql
+---------------------+
| currenttime         |
+---------------------+
| 2022-01-13 11:18:39 |
+---------------------+
1 row in set (0.00 sec)

mysql> 
mysql> mysql \. C:\workspace\cloud\code\sql\_DailyScript\REVENUE_PER_NODE_MXK_2022.sql
Query OK, 0 rows affected (0.02 sec)

Query OK, 0 rows affected (0.01 sec)

Query OK, 0 rows affected (0.02 sec)

Query OK, 13013 rows affected (5.05 sec)
Records: 13013  Duplicates: 0  Warnings: 0

+----------------------+
| message              |
+----------------------+
| created temp table a |
+----------------------+
1 row in set (0.00 sec)

Query OK, 9585 rows affected (1.28 sec)
Records: 9585  Duplicates: 0  Warnings: 0

+----------------------+
| message              |
+----------------------+
| created temp table b |
+----------------------+
1 row in set (0.00 sec)

Query OK, 0 rows affected, 1 warning (0.00 sec)

Query OK, 13483 rows affected (51.50 sec)
Records: 13483  Duplicates: 0  Warnings: 0

+--------------------------------+
| message                        |
+--------------------------------+
| created rcbill_my.tempcustmxk1 |
+--------------------------------+
1 row in set (0.00 sec)

Query OK, 0 rows affected (0.01 sec)

Query OK, 0 rows affected (0.01 sec)

Query OK, 0 rows affected, 1 warning (0.00 sec)

Query OK, 13013 rows affected (3.89 sec)
Records: 13013  Duplicates: 0  Warnings: 0

+----------------+
| message        |
+----------------+
| created temp a |
+----------------+
1 row in set (0.00 sec)

Query OK, 9585 rows affected (1.22 sec)
Records: 9585  Duplicates: 0  Warnings: 0

+----------------+
| message        |
+----------------+
| created temp b |
+----------------+
1 row in set (0.00 sec)

Query OK, 0 rows affected, 1 warning (0.00 sec)

Query OK, 9740 rows affected (25.67 sec)
Records: 9740  Duplicates: 0  Warnings: 0

+--------------------------------+
| message                        |
+--------------------------------+
| created rcbill_my.tempcustmxk2 |
+--------------------------------+
1 row in set (0.00 sec)

Query OK, 0 rows affected (0.01 sec)

Query OK, 0 rows affected (0.00 sec)

Query OK, 0 rows affected, 1 warning (0.00 sec)

Query OK, 0 rows affected (0.01 sec)

Query OK, 14318 rows affected (0.74 sec)
Records: 14318  Duplicates: 0  Warnings: 0

+---------------------------------+
| message                         |
+---------------------------------+
| created rcbill_my.customers_mxk |
+---------------------------------+
1 row in set (0.00 sec)

Query OK, 0 rows affected (0.01 sec)

Query OK, 0 rows affected (0.01 sec)

Query OK, 25317 rows affected (7.38 sec)
Records: 25317  Duplicates: 0  Warnings: 0

+----------------+
| message        |
+----------------+
| created temp a |
+----------------+
1 row in set (0.00 sec)

Query OK, 15043 rows affected (2.13 sec)
Records: 15043  Duplicates: 0  Warnings: 0

+----------------+
| message        |
+----------------+
| created temp c |
+----------------+
1 row in set (0.00 sec)

Query OK, 0 rows affected, 1 warning (0.00 sec)

Query OK, 35276 rows affected (0.48 sec)
Records: 35276  Duplicates: 0  Warnings: 0

+---------------------------------+
| message                         |
+---------------------------------+
| created rcbill_my.tempcustcmts1 |
+---------------------------------+
1 row in set (0.00 sec)

Query OK, 0 rows affected (0.01 sec)

Query OK, 0 rows affected, 1 warning (0.00 sec)

Query OK, 0 rows affected (0.01 sec)

Query OK, 25317 rows affected (7.55 sec)
Records: 25317  Duplicates: 0  Warnings: 0

+----------------+
| message        |
+----------------+
| created temp a |
+----------------+
1 row in set (0.00 sec)

Query OK, 15043 rows affected (1.91 sec)
Records: 15043  Duplicates: 0  Warnings: 0

+----------------+
| message        |
+----------------+
| created temp c |
+----------------+
1 row in set (0.00 sec)

Query OK, 0 rows affected, 1 warning (0.00 sec)

Query OK, 15477 rows affected (0.27 sec)
Records: 15477  Duplicates: 0  Warnings: 0

+---------------------------------+
| message                         |
+---------------------------------+
| created rcbill_my.tempcustcmts2 |
+---------------------------------+
1 row in set (0.00 sec)

Query OK, 0 rows affected (0.01 sec)

Query OK, 0 rows affected, 1 warning (0.00 sec)

Query OK, 0 rows affected (0.01 sec)

Query OK, 0 rows affected (0.01 sec)

Query OK, 25347 rows affected (1.38 sec)
Records: 25347  Duplicates: 0  Warnings: 0

+----------------------------------+
| message                          |
+----------------------------------+
| created rcbill_my.customers_cmts |
+----------------------------------+
1 row in set (0.00 sec)

Query OK, 0 rows affected (0.01 sec)

Query OK, 0 rows affected (0.01 sec)

Query OK, 0 rows affected (0.01 sec)

Query OK, 35087 rows affected (1.54 sec)
Records: 35087  Duplicates: 0  Warnings: 0

+--------------------------------------+
| message                              |
+--------------------------------------+
| created rcbill_my.customers_cmts_mxk |
+--------------------------------------+
1 row in set (0.00 sec)

Query OK, 529969 rows affected (1 min 14.58 sec)
Records: 529969  Duplicates: 0  Warnings: 0

+----------------+
| message        |
+----------------+
| created temp a |
+----------------+
1 row in set (0.00 sec)

Query OK, 0 rows affected (0.03 sec)

Query OK, 534477 rows affected (11.38 sec)
Records: 534477  Duplicates: 0  Warnings: 0

+------------------------------------------------+
| message                                        |
+------------------------------------------------+
| created rcbill_my.customers_contracts_cmts_mxk |
+------------------------------------------------+
1 row in set (0.00 sec)

Query OK, 0 rows affected (0.05 sec)

Query OK, 0 rows affected, 1 warning (0.00 sec)

Query OK, 0 rows affected, 1 warning (0.00 sec)

Query OK, 0 rows affected (0.00 sec)

Query OK, 12441 rows affected (2.61 sec)
Rows matched: 12441  Changed: 12441  Warnings: 0

+------------------------------------------------+
| message                                        |
+------------------------------------------------+
| updated rcbill_my.customers_contracts_cmts_mxk |
+------------------------------------------------+
1 row in set (0.00 sec)

Query OK, 0 rows affected (0.05 sec)

Query OK, 2305813 rows affected (4 min 23.26 sec)
Records: 2305813  Duplicates: 0  Warnings: 0

+----------------------------------------+
| message                                |
+----------------------------------------+
| created rcbill_my.customers_collection |
+----------------------------------------+
1 row in set (0.00 sec)

Query OK, 0 rows affected (0.07 sec)

Query OK, 2766382 rows affected (2 min 13.31 sec)
Records: 2766382  Duplicates: 0  Warnings: 0

+------------------------------------------------+
| message                                        |
+------------------------------------------------+
| created rcbill_my.customers_cmts_mxk_cont_coll |
+------------------------------------------------+
1 row in set (0.00 sec)

Query OK, 0 rows affected (0.12 sec)

Query OK, 481887 rows affected (3 min 41.56 sec)
Records: 481887  Duplicates: 0  Warnings: 0

+--------------------------------------------------------+
| message                                                |
+--------------------------------------------------------+
| created rcbill_my.customers_contracts_collection_pivot |
+--------------------------------------------------------+
1 row in set (0.00 sec)

Query OK, 0 rows affected (0.02 sec)

Query OK, 41970 rows affected (3 min 31.57 sec)
Records: 41970  Duplicates: 0  Warnings: 0

+----------------------------------------------+
| message                                      |
+----------------------------------------------+
| created rcbill_my.customers_collection_pivot |
+----------------------------------------------+
1 row in set (0.00 sec)

Query OK, 0 rows affected (0.02 sec)

Query OK, 45974 rows affected (2.67 sec)
Records: 45974  Duplicates: 0  Warnings: 0

+--------------------------------------------+
| message                                    |
+--------------------------------------------+
| created rcbill_my.rep_customers_collection |
+--------------------------------------------+
1 row in set (0.00 sec)

Query OK, 0 rows affected (0.00 sec)

Query OK, 0 rows affected, 1 warning (0.00 sec)

Query OK, 491596 rows affected (16.52 sec)
Records: 491596  Duplicates: 0  Warnings: 0

+-------------------------+
| message                 |
+-------------------------+
| created rcbill_my.tempa |
+-------------------------+
1 row in set (0.00 sec)

Query OK, 0 rows affected, 1 warning (0.00 sec)

Query OK, 481887 rows affected (39.89 sec)
Records: 481887  Duplicates: 0  Warnings: 0

+-------------------------+
| message                 |
+-------------------------+
| created rcbill_my.tempb |
+-------------------------+
1 row in set (0.00 sec)

Query OK, 491596 rows affected (44.48 sec)
Records: 491596  Duplicates: 0  Warnings: 0

+-----------+
| message   |
+-----------+
| created a |
+-----------+
1 row in set (0.00 sec)

Query OK, 482324 rows affected (46.60 sec)
Records: 482324  Duplicates: 0  Warnings: 0

+-----------+
| message   |
+-----------+
| created b |
+-----------+
1 row in set (0.00 sec)

Query OK, 0 rows affected (0.04 sec)

Query OK, 0 rows affected (0.04 sec)

Query OK, 0 rows affected (0.05 sec)

Query OK, 528644 rows affected (1 min 22.67 sec)
Records: 528644  Duplicates: 0  Warnings: 0

+----------------------------------------------+
| message                                      |
+----------------------------------------------+
| created rcbill_my.cust_cont_payment_cmts_mxk |
+----------------------------------------------+
1 row in set (0.00 sec)

Query OK, 0 rows affected (0.04 sec)

Query OK, 0 rows affected (0.03 sec)

Query OK, 0 rows affected, 1 warning (0.00 sec)

Query OK, 0 rows affected (0.01 sec)

Query OK, 45974 rows affected (34.40 sec)
Records: 45974  Duplicates: 0  Warnings: 0

+--------------------------------------------------+
| message                                          |
+--------------------------------------------------+
| created rcbill_my.rep_cust_cont_payment_cmts_mxk |
+--------------------------------------------------+
1 row in set (0.00 sec)

Query OK, 0 rows affected, 1 warning (0.00 sec)

Query OK, 0 rows affected, 1 warning (0.00 sec)

Query OK, 0 rows affected (0.03 sec)

Query OK, 45974 rows affected (11.28 sec)
Records: 45974  Duplicates: 0  Warnings: 0

+----------------------+
| rep_custconsolidated |
+----------------------+
|                45974 |
+----------------------+
1 row in set (0.01 sec)

Query OK, 0 rows affected (0.01 sec)

Query OK, 37 rows affected (0.14 sec)
Records: 37  Duplicates: 0  Warnings: 0

+---------------------------------------+
| rep_activecustomerdistribution_level1 |
+---------------------------------------+
|                                    37 |
+---------------------------------------+
1 row in set (0.00 sec)

Query OK, 0 rows affected (0.01 sec)

Query OK, 225 rows affected (0.15 sec)
Records: 225  Duplicates: 0  Warnings: 0

+---------------------------------------+
| rep_activecustomerdistribution_level2 |
+---------------------------------------+
|                                   225 |
+---------------------------------------+
1 row in set (0.00 sec)

Query OK, 0 rows affected (0.01 sec)

Query OK, 45974 rows affected (12.41 sec)
Records: 45974  Duplicates: 0  Warnings: 0

+------------------------------+
| rep_custaddressparcelsprefix |
+------------------------------+
|                        45974 |
+------------------------------+
1 row in set (0.01 sec)

Query OK, 0 rows affected (0.01 sec)

Query OK, 5167 rows affected (0.44 sec)
Records: 5167  Duplicates: 0  Warnings: 0

+-------------------------------------+
| rep_residentialcustomers_tillasleep |
+-------------------------------------+
|                                5167 |
+-------------------------------------+
1 row in set (0.00 sec)

Query OK, 0 rows affected (0.01 sec)

+------------------------------------+
| message                            |
+------------------------------------+
| creating rcbill_my.rep_custextract |
+------------------------------------+
1 row in set (0.00 sec)

Query OK, 45974 rows affected (1.80 sec)
Records: 45974  Duplicates: 0  Warnings: 0

+-----------------+
| rep_custextract |
+-----------------+
|           45974 |
+-----------------+
1 row in set (0.01 sec)

Query OK, 0 rows affected (0.00 sec)

Query OK, 0 rows affected (0.01 sec)

+----------------------------------------------+
| message                                      |
+----------------------------------------------+
| creating rcbill_my.retentioncustomeractivity |
+----------------------------------------------+
1 row in set (0.00 sec)

Query OK, 1100 rows affected (0.12 sec)
Records: 1100  Duplicates: 0  Warnings: 0

+---------------------------+
| retentioncustomeractivity |
+---------------------------+
|                      1100 |
+---------------------------+
1 row in set (0.00 sec)

+-----------+------------------------------------+------------+-------------+-----------------+------------------+---------------------+-------------------+
| HFC_NODE  | NODENAME                           | CMTS_DATE  | INSERTED_ON | UNIQUE_ACCOUNTS | UNIQUE_CONTRACTS | UNIQUE_MAC_INRCBOSS | UNIQUE_MAC_INCMTS |
+-----------+------------------------------------+------------+-------------+-----------------+------------------+---------------------+-------------------+
| NULL      | NULL                               | NULL       | 2022-01-13  |           13746 |            18033 |                8661 |                 0 |
| C5/0/0/U0 | ANSE-BOILEAU-2                     | 2022-01-06 | 2022-01-13  |             190 |              193 |                 191 |               191 |
| C5/0/0/U1 | 500-C3-ANSE-BOILEAU                | 2022-01-06 | 2022-01-13  |             200 |              205 |                 200 |               202 |
| C5/0/1/U0 | 501-C4-LA-MISIERE-LEFT-I           | 2022-01-06 | 2022-01-13  |             136 |              137 |                 136 |               138 |
| C5/0/1/U1 | 501-C5-LA-MISIERE-RIGHT            | 2022-01-06 | 2022-01-13  |              89 |               91 |                  89 |                89 |
| C5/0/1/U2 | 501-C7-LA-MISIERE-LEFT-II          | 2022-01-06 | 2022-01-13  |             141 |              145 |                 141 |               141 |
| C5/0/2/U0 | 502-C8-LA-LOUISE                   | 2022-01-06 | 2022-01-13  |             113 |              115 |                 113 |               114 |
| C5/0/2/U1 | LA-LOUISE-2                        | 2022-01-06 | 2022-01-13  |             108 |              108 |                 108 |               110 |
| C5/0/3/U0 | 504-C6-PETIT-PARIS                 | 2022-01-06 | 2022-01-13  |             118 |              121 |                 118 |               120 |
| C5/0/3/U1 | PETIT-PARIS-23                     | 2022-01-06 | 2022-01-13  |              60 |               61 |                  59 |                59 |
| C5/0/4/U0 | FOUR-SEASONS                       | 2022-01-06 | 2022-01-13  |               1 |                1 |                   1 |                 1 |
| C5/0/4/U1 | ANCHOR-CAFE-I                      | 2022-01-06 | 2022-01-13  |             153 |              156 |                 153 |               153 |
| C5/0/4/U2 | ANCHOR-CAFE-II                     | 2022-01-06 | 2022-01-13  |             157 |              158 |                 157 |               157 |
| C5/1/0/U0 | POINTE-LARUE-AIRPORT-23            | 2022-01-06 | 2022-01-13  |              96 |               96 |                  97 |                98 |
| C5/1/0/U1 | PPROVIDENCE-23                     | 2022-01-06 | 2022-01-13  |              14 |               14 |                  15 |                15 |
| C5/1/0/U2 | ROSHE-CAIMAN-23                    | 2022-01-06 | 2022-01-13  |              11 |               12 |                  11 |                11 |
| C5/1/0/U3 | HEAD-OFFICE | HO-23                | 2022-01-06 | 2022-01-13  |              11 |               11 |                  11 |                11 |
| C5/1/1/U1 | C5-UNION-VALE                      | 2022-01-06 | 2022-01-13  |             118 |              118 |                 118 |               119 |
| C5/1/3/U0 | POINTE-LARUE-AIRPORT-27            | 2022-01-06 | 2022-01-13  |             131 |              136 |                 131 |               131 |
| C5/1/3/U1 | PPROVIDENCE-27                     | 2022-01-06 | 2022-01-13  |              24 |               24 |                  24 |                24 |
| C5/1/3/U2 | ROSHE-CAIMAN-27                    | 2022-01-06 | 2022-01-13  |              31 |               31 |                  31 |                31 |
| C5/1/3/U3 | HEAD-OFFICE | HO-27                | 2022-01-06 | 2022-01-13  |              25 |               26 |                  25 |                26 |
| C5/1/4/U0 | ANSE-ROYALE-27                     | 2022-01-06 | 2022-01-13  |              99 |              101 |                 100 |               100 |
| C5/1/4/U1 | GLACIS-2-57                        | 2022-01-06 | 2022-01-13  |              46 |               48 |                  46 |                47 |
| C5/1/4/U2 | NULL                               | 2022-01-06 | 2022-01-13  |              92 |               95 |                  92 |                93 |
| C5/1/4/U3 | GLACIS-1                           | 2022-01-06 | 2022-01-13  |              11 |               12 |                  11 |                11 |
| C6/0/1/U0 | SERRET-ROAD-RIGHT/CURIO/PASCAL     | 2022-01-06 | 2022-01-13  |              95 |               95 |                  95 |                95 |
| C6/0/1/U1 | SERRET-ROAD-LEFT/ST.LOUIS/TOWN     | 2022-01-06 | 2022-01-13  |              55 |               56 |                  55 |                55 |
| C6/0/1/U2 | SERRET-ROAD-RIGHT/CURIO/PASCAL-2   | 2022-01-06 | 2022-01-13  |             101 |              104 |                 101 |               101 |
| C6/0/1/U3 | SERRET-ROAD-LEFT/ST.LOUIS/TOWN-2   | 2022-01-06 | 2022-01-13  |              55 |               57 |                  55 |                56 |
| C6/0/2/U0 | SANS-SOUCIS-I                      | 2022-01-06 | 2022-01-13  |              80 |               82 |                  80 |                81 |
| C6/0/2/U1 | SANS-SOUCIS-II                     | 2022-01-06 | 2022-01-13  |              79 |               80 |                  79 |                79 |
| C6/0/2/U2 | BEL-AIR-27                         | 2022-01-06 | 2022-01-13  |              61 |               63 |                  61 |                63 |
| C6/0/2/U3 | BEL-AIR-38                         | 2022-01-06 | 2022-01-13  |              58 |               58 |                  58 |                58 |
| C6/0/3/U0 | LES-MAMELLES-23                    | 2022-01-06 | 2022-01-13  |              55 |               55 |                  55 |                55 |
| C6/0/3/U1 | VICTORIA-23                        | 2022-01-06 | 2022-01-13  |              18 |               18 |                  18 |                19 |
| C6/0/4/U0 | LES-MAMELLES-27                    | 2022-01-06 | 2022-01-13  |              57 |               57 |                  57 |                57 |
| C6/0/4/U1 | VICTORIA-27                        | 2022-01-06 | 2022-01-13  |              12 |               12 |                  12 |                13 |
| C7/1/0/U0 | LA-RETRAITE-23                     | 2022-01-06 | 2022-01-13  |              73 |               75 |                  73 |                73 |
| C7/1/0/U1 | TEA-FACTORY-23                     | 2022-01-06 | 2022-01-13  |              26 |               31 |                  26 |                26 |
| C7/1/0/U2 | PAS-23                             | 2022-01-06 | 2022-01-13  |              80 |               85 |                  80 |                81 |
| C7/1/1/U0 | REEF-ESTATE-23                     | 2022-01-06 | 2022-01-13  |              66 |               66 |                  66 |                66 |
| C7/1/2/U0 | LA-RETRAITE-27                     | 2022-01-06 | 2022-01-13  |              47 |               48 |                  47 |                47 |
| C7/1/2/U1 | TEA-FACTORY-27                     | 2022-01-06 | 2022-01-13  |              17 |               21 |                  17 |                17 |
| C7/1/2/U2 | PAS-27                             | 2022-01-06 | 2022-01-13  |              91 |               92 |                  91 |                92 |
| C7/1/3/U0 | MT-BUXTON-27                       | 2022-01-06 | 2022-01-13  |             122 |              124 |                 123 |               123 |
| C7/1/3/U1 | MT-BUXTON-23                       | 2022-01-06 | 2022-01-13  |              61 |               62 |                  61 |                61 |
| C7/1/4/U0 | REEF-ESTATE-27                     | 2022-01-06 | 2022-01-13  |              75 |               77 |                  75 |                75 |
| C8/0/0/U0 | POLICE-ACADEMY-1-27 - POINTE LARUE | 2022-01-06 | 2022-01-13  |             109 |              110 |                 109 |               109 |
| C8/0/0/U1 | NULL                               | 2022-01-06 | 2022-01-13  |             135 |              137 |                 135 |               136 |
| C8/0/1/U0 | NULL                               | 2022-01-06 | 2022-01-13  |             205 |              206 |                 205 |               206 |
| C8/0/1/U1 | POLICE-ACADEMY-2-27 - TURTLE BAY   | 2022-01-06 | 2022-01-13  |             127 |              132 |                 127 |               127 |
| C8/1/0/U0 | MA-JOIE-NODE-27                    | 2022-01-06 | 2022-01-13  |              63 |               64 |                  65 |                65 |
| C8/1/0/U1 | BELONIE-27                         | 2022-01-06 | 2022-01-13  |             112 |              113 |                 111 |               111 |
| C8/1/0/U3 | MA-JOIE-NODE-23                    | 2022-01-06 | 2022-01-13  |              69 |               70 |                  68 |                69 |
| C8/1/1/U0 | 611-C1-ROJN I                      | 2022-01-06 | 2022-01-13  |              92 |               92 |                  92 |                92 |
| C8/1/1/U1 | 611-C5-ROJN II                     | 2022-01-06 | 2022-01-13  |              95 |               96 |                  95 |                95 |
| C8/1/2/U0 | 612-C2-ANSE-ETOILE                 | 2022-01-06 | 2022-01-13  |              88 |               88 |                  88 |                88 |
| C8/1/2/U1 | ANSE-ETOILE-U2                     | 2022-01-06 | 2022-01-13  |              34 |               34 |                  34 |                34 |
| C8/1/3/U0 | 613-C3-ANSE-GAULETTE I             | 2022-01-06 | 2022-01-13  |              78 |               82 |                  78 |                78 |
| C8/1/3/U1 | 613-C7-ANSE-GAULETTE II            | 2022-01-06 | 2022-01-13  |              76 |               80 |                  77 |                77 |
| C8/1/3/U2 | 613-C3-ANSE-GAULETTE III           | 2022-01-06 | 2022-01-13  |              35 |               37 |                  35 |                35 |
| C8/1/3/U3 | TAKAMAKA I                         | 2022-01-06 | 2022-01-13  |              93 |               94 |                  93 |                94 |
| C8/1/3/U4 | TAKAMAKA II                        | 2022-01-06 | 2022-01-13  |              96 |               97 |                  96 |                96 |
| C8/1/4/U0 | 614-BEOLIERE-NODE-1                | 2022-01-06 | 2022-01-13  |             105 |              105 |                 105 |               107 |
| C8/1/4/U1 | 614-BEOLIERE-NODE-2                | 2022-01-06 | 2022-01-13  |             105 |              108 |                 105 |               107 |
+-----------+------------------------------------+------------+-------------+-----------------+------------------+---------------------+-------------------+
66 rows in set (0.45 sec)

+-----------------------+------------+-------------+-----------------+------------------+----------------------+-------------------+
| MXK_NAME              | MXK_DATE   | INSERTED_ON | UNIQUE_ACCOUNTS | UNIQUE_CONTRACTS | UNIQUE_FSAN_INRCBOSS | UNIQUE_FSAN_INMXK |
+-----------------------+------------+-------------+-----------------+------------------+----------------------+-------------------+
| NULL                  | NULL       | 2022-01-13  |            3118 |             4205 |                 1202 |                 0 |
| MXK-MAHE-ANSEAUXPINS  | 2021-12-20 | 2022-01-13  |             200 |              201 |                  201 |               219 |
| MXK-MAHE-ANSEETOILE   | 2021-12-20 | 2022-01-13  |             895 |              903 |                  896 |               939 |
| MXK-MAHE-ANSEROYALE   | 2021-12-20 | 2022-01-13  |             265 |              268 |                  267 |               300 |
| MXK-MAHE-ANSEROYALE-2 | 2021-12-20 | 2022-01-13  |              14 |               14 |                   14 |                14 |
| MXK-MAHE-BEAUVALLON-1 | 2021-12-20 | 2022-01-13  |            2170 |             2211 |                 2199 |              2305 |
| MXK-MAHE-BEAUVALLON-2 | 2021-12-20 | 2022-01-13  |             310 |              338 |                  348 |               380 |
| MXK-MAHE-GRANDANSE    | 2021-12-20 | 2022-01-13  |             127 |              127 |                  127 |               134 |
| MXK-MAHE-LAB          | 2021-12-20 | 2022-01-13  |               0 |                0 |                    0 |                11 |
| MXK-MAHE-MONTFLEURI   | 2021-12-20 | 2022-01-13  |             507 |              508 |                  508 |               534 |
| MXK-MAHE-PERSEVERANCE | 2021-12-20 | 2022-01-13  |            1222 |             1242 |                 1229 |              1332 |
| MXK-MAHE-PROVIDENCE   | 2021-12-20 | 2022-01-13  |            1371 |             1406 |                 1327 |              1539 |
| MXK-PRASLIN-GRANDANSE | 2021-12-20 | 2022-01-13  |            1390 |             1392 |                 1383 |              1572 |
+-----------------------+------------+-------------+-----------------+------------------+----------------------+-------------------+
13 rows in set (0.17 sec)

mysql> mysql \. C:\workspace\cloud\code\sql\_DailyScript\currenttime.sql
+---------------------+
| currenttime         |
+---------------------+
| 2022-01-13 11:40:44 |
+---------------------+
1 row in set (0.00 sec)

mysql> 
mysql> mysql \. C:\workspace\cloud\code\sql\_DailyScript\housing-estate-analysis.sql
Database changed
Query OK, 0 rows affected (0.01 sec)

Query OK, 3739 rows affected (15.89 sec)
Records: 3739  Duplicates: 0  Warnings: 0

+--------------------+
| rep_housingestates |
+--------------------+
|               3739 |
+--------------------+
1 row in set (0.00 sec)

mysql> mysql \. C:\workspace\cloud\code\sql\_DailyScript\currenttime.sql
+---------------------+
| currenttime         |
+---------------------+
| 2022-01-13 11:41:00 |
+---------------------+
1 row in set (0.00 sec)

mysql> 
mysql> 
mysql> mysql \. C:\workspace\cloud\code\sql\Analysis\service_tickets_assignments2022.sql
Query OK, 0 rows affected (0.01 sec)

Query OK, 2886 rows affected (3.97 sec)
Records: 2886  Duplicates: 0  Warnings: 0

+-------------------------+
| rep_servicetickets_2022 |
+-------------------------+
|                    2886 |
+-------------------------+
1 row in set (0.01 sec)

Query OK, 0 rows affected (0.02 sec)

Query OK, 16415 rows affected (3.30 sec)
Records: 16415  Duplicates: 0  Warnings: 0

+------------------+
| rep_tkt_f_level1 |
+------------------+
|            16415 |
+------------------+
1 row in set (0.01 sec)

Query OK, 0 rows affected (0.01 sec)

Query OK, 95629 rows affected (4.00 sec)
Records: 95629  Duplicates: 0  Warnings: 0

+------------------+
| rep_tkt_f_level2 |
+------------------+
|            95629 |
+------------------+
1 row in set (0.03 sec)

Query OK, 0 rows affected (0.01 sec)

Query OK, 137032 rows affected (3.73 sec)
Records: 137032  Duplicates: 0  Warnings: 0

+------------------+
| rep_tkt_f_level3 |
+------------------+
|           137032 |
+------------------+
1 row in set (0.04 sec)

Query OK, 0 rows affected (0.01 sec)

Query OK, 3646 rows affected (0.53 sec)
Records: 3646  Duplicates: 0  Warnings: 0

+--------------------+
| rep_tkt_irs_level1 |
+--------------------+
|               3646 |
+--------------------+
1 row in set (0.00 sec)

Query OK, 0 rows affected (0.01 sec)

Query OK, 17627 rows affected (0.76 sec)
Records: 17627  Duplicates: 0  Warnings: 0

+--------------------+
| rep_tkt_irs_level2 |
+--------------------+
|              17627 |
+--------------------+
1 row in set (0.01 sec)

Query OK, 0 rows affected (0.01 sec)

Query OK, 29191 rows affected (0.86 sec)
Records: 29191  Duplicates: 0  Warnings: 0

+--------------------+
| rep_tkt_irs_level3 |
+--------------------+
|              29191 |
+--------------------+
1 row in set (0.01 sec)

mysql> mysql \. C:\workspace\cloud\code\sql\_DailyScript\currenttime.sql
+---------------------+
| currenttime         |
+---------------------+
| 2022-01-13 11:41:18 |
+---------------------+
1 row in set (0.00 sec)

mysql> 
mysql> mysql \. C:\workspace\cloud\code\sql\_DailyScript\DAILY-SCRIPT-USAGESTATS_2022.sql
Database changed
Query OK, 0 rows affected (0.20 sec)

Query OK, 34581750 rows affected, 65535 warnings (9 min 56.74 sec)
Records: 34581750  Duplicates: 0  Warnings: 34570181

Query OK, 0 rows affected (1 min 44.00 sec)
Records: 0  Duplicates: 0  Warnings: 0

Query OK, 0 rows affected (1 min 39.95 sec)
Records: 0  Duplicates: 0  Warnings: 0

Query OK, 0 rows affected (1 min 39.05 sec)
Records: 0  Duplicates: 0  Warnings: 0

Query OK, 0 rows affected (1 min 29.82 sec)
Records: 0  Duplicates: 0  Warnings: 0

Query OK, 0 rows affected (2 min 32.12 sec)
Records: 0  Duplicates: 0  Warnings: 0

Query OK, 0 rows affected (2 min 41.91 sec)
Records: 0  Duplicates: 0  Warnings: 0

Query OK, 0 rows affected (2 min 24.04 sec)
Records: 0  Duplicates: 0  Warnings: 0

Query OK, 0 rows affected (1 min 38.88 sec)
Records: 0  Duplicates: 0  Warnings: 0

+----------+
| ipusage  |
+----------+
| 34581750 |
+----------+
1 row in set (12.65 sec)

Query OK, 0 rows affected (0.09 sec)

Query OK, 10453361 rows affected (10 min 4.18 sec)
Records: 10453361  Duplicates: 0  Warnings: 0

Query OK, 0 rows affected (37.52 sec)
Records: 0  Duplicates: 0  Warnings: 0

Query OK, 0 rows affected (23.43 sec)
Records: 0  Duplicates: 0  Warnings: 0

Query OK, 0 rows affected (39.89 sec)
Records: 0  Duplicates: 0  Warnings: 0

Query OK, 0 rows affected (45.74 sec)
Records: 0  Duplicates: 0  Warnings: 0

Query OK, 0 rows affected (29.16 sec)
Records: 0  Duplicates: 0  Warnings: 0

+------------------+
| clientcontractip |
+------------------+
|         10453361 |
+------------------+
1 row in set (3.00 sec)

Query OK, 0 rows affected (0.11 sec)

Query OK, 16982979 rows affected (3 min 47.22 sec)
Records: 16982979  Duplicates: 0  Warnings: 0

+---------------------------+
| clientcontractipusage_stg |
+---------------------------+
|                  16982979 |
+---------------------------+
1 row in set (8.22 sec)

+------------------------------------+
| clientcontractipusage_beforeinsert |
+------------------------------------+
|                           16982979 |
+------------------------------------+
1 row in set (8.85 sec)

Query OK, 10707 rows affected (25.06 sec)
Records: 10707  Duplicates: 0  Warnings: 0

+-----------------------------------+
| clientcontractipusage_afterinsert |
+-----------------------------------+
|                          16993686 |
+-----------------------------------+
1 row in set (6.45 sec)

Query OK, 0 rows affected (0.00 sec)

+------------------------+
| info                   |
+------------------------+
| updating null packages |
+------------------------+
1 row in set (0.00 sec)

Query OK, 0 rows affected (45.17 sec)
Rows matched: 206905  Changed: 0  Warnings: 0

+------------+----------+
| usagedate  | count(*) |
+------------+----------+
| 2022-01-12 |    10707 |
| 2022-01-11 |    10596 |
| 2022-01-10 |    10589 |
| 2022-01-09 |    10488 |
| 2022-01-08 |    10560 |
| 2022-01-07 |    10559 |
| 2022-01-06 |    10803 |
| 2022-01-05 |    10870 |
| 2022-01-04 |    10688 |
| 2022-01-03 |    10248 |
| 2022-01-02 |    10240 |
| 2022-01-01 |    10563 |
| 2021-12-31 |    11038 |
| 2021-12-30 |    10777 |
| 2021-12-29 |    11067 |
+------------+----------+
15 rows in set (0.07 sec)

Query OK, 0 rows affected (0.04 sec)

Query OK, 825215 rows affected (1 min 25.45 sec)
Records: 825215  Duplicates: 0  Warnings: 0

Query OK, 0 rows affected (2.87 sec)
Records: 0  Duplicates: 0  Warnings: 0

Query OK, 0 rows affected (2.57 sec)
Records: 0  Duplicates: 0  Warnings: 0

Query OK, 0 rows affected (2.99 sec)
Records: 0  Duplicates: 0  Warnings: 0

Query OK, 0 rows affected (1.60 sec)
Records: 0  Duplicates: 0  Warnings: 0

Query OK, 0 rows affected (1.58 sec)
Records: 0  Duplicates: 0  Warnings: 0

Query OK, 0 rows affected (1.58 sec)
Records: 0  Duplicates: 0  Warnings: 0

Query OK, 0 rows affected (1.55 sec)
Records: 0  Duplicates: 0  Warnings: 0

+-----------------------+
| clientcontractipmonth |
+-----------------------+
|                825215 |
+-----------------------+
1 row in set (0.21 sec)

Query OK, 0 rows affected (0.01 sec)

Query OK, 557 rows affected (22.47 sec)
Records: 557  Duplicates: 0  Warnings: 0

+---------------------------+
| rep_dailypackageusage2022 |
+---------------------------+
|                       557 |
+---------------------------+
1 row in set (0.00 sec)

mysql> mysql \. C:\workspace\cloud\code\sql\_DailyScript\currenttime.sql
+---------------------+
| currenttime         |
+---------------------+
| 2022-01-13 12:27:44 |
+---------------------+
1 row in set (0.00 sec)

mysql> 
mysql> mysql \. C:\workspace\cloud\code\sql\GIS\GetParcelExtract.sql
Database changed
Query OK, 0 rows affected (0.01 sec)

Query OK, 16499 rows affected (5.12 sec)
Records: 16499  Duplicates: 0  Warnings: 0

+-------------------------+
| IV_PARCELEXTRACTStaging |
+-------------------------+
|                   16499 |
+-------------------------+
1 row in set (0.01 sec)

Query OK, 0 rows affected (0.00 sec)

Query OK, 0 rows affected (0.01 sec)

Query OK, 10018 rows affected (0.28 sec)
Records: 10018  Duplicates: 0  Warnings: 0

+-----------------+
| IV_PARCELFORMAP |
+-----------------+
|           10018 |
+-----------------+
1 row in set (0.01 sec)

Query OK, 0 rows affected (0.01 sec)

Query OK, 248 rows affected (0.04 sec)
Records: 248  Duplicates: 0  Warnings: 0

+----------------------------+
| IV_PARCELFORMAP_Inactive_2 |
+----------------------------+
|                        248 |
+----------------------------+
1 row in set (0.00 sec)

Query OK, 0 rows affected (0.01 sec)

Query OK, 455 rows affected (0.04 sec)
Records: 455  Duplicates: 0  Warnings: 0

+----------------------------+
| IV_PARCELFORMAP_Inactive_3 |
+----------------------------+
|                        455 |
+----------------------------+
1 row in set (0.00 sec)

Query OK, 0 rows affected (0.01 sec)

Query OK, 511 rows affected (0.04 sec)
Records: 511  Duplicates: 0  Warnings: 0

+----------------------------+
| IV_PARCELFORMAP_Inactive_4 |
+----------------------------+
|                        511 |
+----------------------------+
1 row in set (0.00 sec)

Query OK, 0 rows affected (0.01 sec)

Query OK, 2812 rows affected (0.08 sec)
Records: 2812  Duplicates: 0  Warnings: 0

+----------------------------+
| IV_PARCELFORMAP_Inactive_5 |
+----------------------------+
|                       2812 |
+----------------------------+
1 row in set (0.00 sec)

Query OK, 0 rows affected (0.01 sec)

Query OK, 4118 rows affected (0.11 sec)
Records: 4118  Duplicates: 0  Warnings: 0

+---------------------+
| IV_PARCELFORMAP_HFC |
+---------------------+
|                4118 |
+---------------------+
1 row in set (0.00 sec)

Query OK, 0 rows affected (0.01 sec)

Query OK, 4536 rows affected (0.12 sec)
Records: 4536  Duplicates: 0  Warnings: 0

+----------------------+
| IV_PARCELFORMAP_GPON |
+----------------------+
|                 4536 |
+----------------------+
1 row in set (0.00 sec)

Query OK, 0 rows affected (0.01 sec)

Query OK, 42 rows affected (0.03 sec)
Records: 42  Duplicates: 0  Warnings: 0

+---------------------+
| IV_PARCELFORMAP_MIX |
+---------------------+
|                  42 |
+---------------------+
1 row in set (0.00 sec)

mysql> mysql \. C:\workspace\cloud\code\sql\_DailyScript\currenttime.sql
+---------------------+
| currenttime         |
+---------------------+
| 2022-01-13 12:27:50 |
+---------------------+
1 row in set (0.00 sec)

mysql> 
mysql> 
mysql> 
mysql> exit
