    -> 
    -> mysql \. C:\workspace\cloud\code\sql\_DailyScript\_setdates.sql
Query OK, 0 rows affected (0.00 sec)

Query OK, 0 rows affected (1.56 sec)

Database changed
Query OK, 0 rows affected (0.00 sec)

Query OK, 0 rows affected (0.00 sec)

Query OK, 0 rows affected (0.00 sec)

Query OK, 0 rows affected (0.00 sec)

Query OK, 0 rows affected (0.00 sec)

Query OK, 0 rows affected (0.00 sec)

Query OK, 0 rows affected (0.00 sec)

Query OK, 0 rows affected (0.00 sec)

Query OK, 0 rows affected (0.00 sec)

Query OK, 0 rows affected (0.00 sec)

Query OK, 0 rows affected (0.00 sec)

Query OK, 0 rows affected (0.00 sec)

Query OK, 0 rows affected (0.00 sec)

Query OK, 0 rows affected (0.00 sec)

Query OK, 0 rows affected (0.00 sec)

Query OK, 0 rows affected (0.00 sec)

Query OK, 0 rows affected (0.00 sec)

Query OK, 0 rows affected (0.00 sec)

Query OK, 0 rows affected (0.00 sec)

Query OK, 0 rows affected (0.00 sec)

Query OK, 0 rows affected (0.00 sec)

Query OK, 0 rows affected (0.00 sec)

mysql> mysql \. C:\workspace\cloud\code\sql\_DailyScript\currenttime.sql
+---------------------+
| currenttime         |
+---------------------+
| 2021-10-05 09:44:40 |
+---------------------+
1 row in set (0.00 sec)

mysql> 
mysql> mysql \. C:\workspace\cloud\code\sql\_DailyScript\load_RCB_VODTITLES.sql
Database changed
Query OK, 0 rows affected (0.00 sec)

Query OK, 16023 rows affected (0.09 sec)

Query OK, 16025 rows affected, 16025 warnings (0.39 sec)
Records: 16025  Deleted: 0  Skipped: 0  Warnings: 16025

Query OK, 0 rows affected (0.00 sec)

Query OK, 2 rows affected (0.01 sec)

+-----------+
| VODTITLES |
+-----------+
|     16483 |
+-----------+
1 row in set (0.01 sec)

+-----------+-----------+
| titletype | typecount |
+-----------+-----------+
| E         |     13617 |
| N         |       245 |
| T         |      2161 |
| NULL      |     16023 |
+-----------+-----------+
4 rows in set (0.04 sec)

mysql> mysql \. C:\workspace\cloud\code\sql\_DailyScript\currenttime.sql
+---------------------+
| currenttime         |
+---------------------+
| 2021-10-05 09:44:41 |
+---------------------+
1 row in set (0.00 sec)

mysql> 
mysql> 
mysql> 
mysql> 
mysql> 
mysql> 
mysql> 
mysql> 
mysql> 
mysql> 
mysql> 
mysql> 
mysql> 
mysql> 
mysql> 
mysql> 
mysql> 
mysql> 
mysql> 
mysql> 
mysql> 
mysql> 
mysql> 
mysql> 
mysql> 
mysql> 
mysql> 
mysql> 
mysql> 
mysql> 
mysql> 
mysql> 
mysql> 
mysql> 
mysql> 
mysql> 
mysql> 
mysql> mysql \. C:\workspace\cloud\code\sql\_DailyScript\load_DailyCalls.sql
Database changed
Query OK, 397 rows affected (0.10 sec)
Records: 397  Deleted: 0  Skipped: 0  Warnings: 0

Query OK, 0 rows affected, 1 warning (0.00 sec)

Query OK, 397 rows affected (0.01 sec)
Records: 397  Duplicates: 0  Warnings: 0

Query OK, 0 rows affected, 1 warning (0.00 sec)

Query OK, 70511 rows affected (0.25 sec)
Records: 70511  Duplicates: 0  Warnings: 0

+----------------------+
| callingclientsbefore |
+----------------------+
|              1281115 |
+----------------------+
1 row in set (0.35 sec)

Query OK, 534 rows affected (8.10 sec)
Records: 534  Duplicates: 0  Warnings: 0

+---------------------+
| callingclientsafter |
+---------------------+
|             1281649 |
+---------------------+
1 row in set (0.33 sec)

Query OK, 0 rows affected (0.01 sec)

Query OK, 296 rows affected (1.92 sec)
Records: 296  Duplicates: 0  Warnings: 0

Query OK, 0 rows affected (0.00 sec)

Query OK, 24947 rows affected (4.20 sec)
Records: 24947  Duplicates: 0  Warnings: 0

+-----------+
| callstats |
+-----------+
|     24947 |
+-----------+
1 row in set (0.01 sec)

Query OK, 0 rows affected, 1 warning (0.00 sec)

Query OK, 534 rows affected (1.48 sec)
Records: 534  Duplicates: 0  Warnings: 0

+------------------------+
| rep_cccallreportbefore |
+------------------------+
|                1282766 |
+------------------------+
1 row in set (0.33 sec)

Query OK, 534 rows affected (0.10 sec)
Records: 534  Duplicates: 0  Warnings: 0

+-----------------------+
| rep_cccallreportafter |
+-----------------------+
|               1283300 |
+-----------------------+
1 row in set (0.32 sec)

Query OK, 0 rows affected (0.01 sec)

mysql> mysql \. C:\workspace\cloud\code\sql\_DailyScript\currenttime.sql
+---------------------+
| currenttime         |
+---------------------+
| 2021-10-05 09:44:58 |
+---------------------+
1 row in set (0.00 sec)

mysql> 
mysql> mysql \. C:\workspace\cloud\code\sql\_DailyScript\DAILY-SCRIPT-USAGE.sql
Database changed
Query OK, 0 rows affected (0.00 sec)

Query OK, 3999 rows affected, 11594 warnings (0.59 sec)
Records: 3999  Deleted: 0  Skipped: 0  Warnings: 11594

Query OK, 0 rows affected (0.00 sec)

Query OK, 6168 rows affected, 17808 warnings (0.69 sec)
Records: 6168  Deleted: 0  Skipped: 0  Warnings: 17808

Query OK, 0 rows affected (0.00 sec)

Query OK, 289 rows affected, 1027 warnings (0.05 sec)
Records: 289  Deleted: 0  Skipped: 0  Warnings: 1027

Query OK, 0 rows affected (0.00 sec)

Query OK, 220 rows affected, 758 warnings (0.03 sec)
Records: 220  Deleted: 0  Skipped: 0  Warnings: 758

+------------+
| dailyusage |
+------------+
|   19098526 |
+------------+
1 row in set (5.53 sec)

+------------+------------+------------+---------+
| datestart  | dateend    | insertedon | records |
+------------+------------+------------+---------+
| 2021-09-30 | 2021-09-30 | 2021-10-05 |   10676 |
| 2021-09-29 | 2021-09-29 | 2021-10-05 |   10652 |
| 2021-09-28 | 2021-09-28 | 2021-10-05 |   10599 |
| 2021-09-27 | 2021-09-27 | 2021-10-05 |   10904 |
| 2021-09-26 | 2021-09-26 | 2021-10-05 |   11069 |
+------------+------------+------------+---------+
5 rows in set (17.54 sec)

+----------+------------+------------+------------+---------+
| category | datestart  | dateend    | insertedon | records |
+----------+------------+------------+------------+---------+
| UNCAPPED | 2021-09-30 | 2021-09-30 | 2021-10-05 |    6168 |
| PREPAID  | 2021-09-30 | 2021-09-30 | 2021-10-05 |     289 |
| HOTSPOT  | 2021-09-30 | 2021-09-30 | 2021-10-05 |     220 |
| CAPPED   | 2021-09-30 | 2021-09-30 | 2021-10-05 |    3999 |
| UNCAPPED | 2021-09-29 | 2021-09-29 | 2021-10-05 |    6142 |
| PREPAID  | 2021-09-29 | 2021-09-29 | 2021-10-05 |     276 |
| HOTSPOT  | 2021-09-29 | 2021-09-29 | 2021-10-05 |     224 |
| CAPPED   | 2021-09-29 | 2021-09-29 | 2021-10-05 |    4010 |
| UNCAPPED | 2021-09-28 | 2021-09-28 | 2021-10-05 |    6130 |
| PREPAID  | 2021-09-28 | 2021-09-28 | 2021-10-05 |     274 |
| HOTSPOT  | 2021-09-28 | 2021-09-28 | 2021-10-05 |     203 |
| CAPPED   | 2021-09-28 | 2021-09-28 | 2021-10-05 |    3992 |
| UNCAPPED | 2021-09-27 | 2021-09-27 | 2021-10-05 |    6438 |
| PREPAID  | 2021-09-27 | 2021-09-27 | 2021-10-05 |     281 |
| HOTSPOT  | 2021-09-27 | 2021-09-27 | 2021-10-05 |     242 |
| CAPPED   | 2021-09-27 | 2021-09-27 | 2021-10-05 |    3943 |
| UNCAPPED | 2021-09-26 | 2021-09-26 | 2021-10-05 |    6596 |
| PREPAID  | 2021-09-26 | 2021-09-26 | 2021-10-05 |     331 |
| HOTSPOT  | 2021-09-26 | 2021-09-26 | 2021-10-05 |     183 |
| CAPPED   | 2021-09-26 | 2021-09-26 | 2021-10-05 |    3959 |
+----------+------------+------------+------------+---------+
20 rows in set (25.81 sec)

mysql> mysql \. C:\workspace\cloud\code\sql\_DailyScript\currenttime.sql
+---------------------+
| currenttime         |
+---------------------+
| 2021-10-05 09:45:48 |
+---------------------+
1 row in set (0.00 sec)

mysql> 
mysql> mysql \. C:\workspace\cloud\code\sql\_DailyScript\DAILY-SCRIPT-SALES-TELEMETRY.sql
Database changed
Query OK, 176 rows affected, 131 warnings (0.04 sec)
Records: 176  Deleted: 0  Skipped: 0  Warnings: 131

+------------+
| dailysales |
+------------+
|     248626 |
+------------+
1 row in set (0.10 sec)

Query OK, 0 rows affected (0.01 sec)

Query OK, 248626 rows affected (15.28 sec)
Records: 248626  Duplicates: 0  Warnings: 0

+--------+
| sales  |
+--------+
| 248626 |
+--------+
1 row in set (0.10 sec)

Query OK, 0 rows affected (0.00 sec)

Query OK, 4129 rows affected (0.38 sec)
Records: 4129  Duplicates: 0  Warnings: 0

+----------------+
| rep_dailysales |
+----------------+
|           4129 |
+----------------+
1 row in set (0.00 sec)

Query OK, 0 rows affected (0.00 sec)

Query OK, 4129 rows affected (0.79 sec)
Records: 4129  Duplicates: 0  Warnings: 0

+-------------------+
| rep_dailysalesreg |
+-------------------+
|              4129 |
+-------------------+
1 row in set (0.00 sec)

Query OK, 0 rows affected (0.00 sec)

Query OK, 2986 rows affected (0.73 sec)
Records: 2986  Duplicates: 0  Warnings: 0

+-----------+
| saleslist |
+-----------+
|      2986 |
+-----------+
1 row in set (0.00 sec)

Database changed
ERROR 2 (HY000): File 'C:\ProgramData\MySQL\MySQL Server 5.7\Uploads\_csv\PrepaidCardSales-30092021-P1.csv' not found (Errcode: 2 - No such file or directory)
+------------------+
| dailysinglesales |
+------------------+
|             6603 |
+------------------+
1 row in set (0.00 sec)

Database changed
Query OK, 19 rows affected (0.05 sec)
Records: 19  Deleted: 0  Skipped: 0  Warnings: 0

+-----------------+
| dailyaddonsales |
+-----------------+
|           25318 |
+-----------------+
1 row in set (0.01 sec)

Query OK, 476 rows affected (0.06 sec)
Records: 476  Deleted: 0  Skipped: 0  Warnings: 0

+----------------+
| onlinepayments |
+----------------+
|         227510 |
+----------------+
1 row in set (0.08 sec)

+-------------+----------------+---------------------+
| paymentdate | onlinepayments | onlinepaymentamount |
+-------------+----------------+---------------------+
| 2021-09-30  |            476 |        322990.66000 |
| 2021-09-29  |            324 |        212649.39000 |
| 2021-09-28  |            419 |        287993.93000 |
| 2021-09-27  |            537 |        362335.65000 |
| 2021-09-26  |            338 |        214276.84000 |
+-------------+----------------+---------------------+
5 rows in set (0.28 sec)

+-------------+--------------+----------------+---------------------+
| paymentyear | paymentmonth | onlinepayments | onlinepaymentamount |
+-------------+--------------+----------------+---------------------+
|        2021 |            9 |           8803 |       5663928.71000 |
|        2021 |            8 |           8864 |       5714008.87000 |
|        2021 |            7 |           8972 |       5795292.15000 |
|        2021 |            6 |           8773 |       5686976.03000 |
|        2021 |            5 |           9358 |       5959322.66000 |
+-------------+--------------+----------------+---------------------+
5 rows in set (0.21 sec)

mysql> mysql \. C:\workspace\cloud\code\sql\_DailyScript\currenttime.sql
+---------------------+
| currenttime         |
+---------------------+
| 2021-10-05 09:46:07 |
+---------------------+
1 row in set (0.00 sec)

mysql> 
mysql> mysql \. C:\workspace\cloud\code\sql\_DailyScript\DAILY-SCRIPT-ACTIVENUMBERS.sql
Database changed
Query OK, 1101 rows affected (0.43 sec)
Records: 1101  Deleted: 0  Skipped: 0  Warnings: 0

+------------+----------+
| period     | count(1) |
+------------+----------+
| 2021-09-30 |     1101 |
| 2021-09-29 |     1100 |
| 2021-09-28 |     1102 |
| 2021-09-27 |     1101 |
| 2021-09-26 |     1101 |
+------------+----------+
5 rows in set (0.00 sec)

Query OK, 0 rows affected (0.01 sec)

Query OK, 75 rows affected (1.31 sec)
Records: 75  Duplicates: 0  Warnings: 0

+-------------+
| packagelist |
+-------------+
|          75 |
+-------------+
1 row in set (0.00 sec)

Database changed
Query OK, 0 rows affected (0.00 sec)

Query OK, 0 rows affected (0.00 sec)

Query OK, 0 rows affected (0.00 sec)

Query OK, 0 rows affected (0.00 sec)

Query OK, 28750 rows affected, 386 warnings (11.31 sec)
Records: 28750  Deleted: 0  Skipped: 0  Warnings: 386

+------------+----------+
| period     | count(1) |
+------------+----------+
| 2021-09-30 |    28750 |
| 2021-09-29 |    28877 |
| 2021-09-28 |    28734 |
| 2021-09-27 |    28660 |
| 2021-09-26 |    28591 |
+------------+----------+
5 rows in set (0.07 sec)

Query OK, 0 rows affected (0.04 sec)

Query OK, 28188 rows affected (37.22 sec)
Records: 28188  Duplicates: 0  Warnings: 0

Query OK, 0 rows affected (0.11 sec)
Records: 0  Duplicates: 0  Warnings: 0

Query OK, 0 rows affected (0.11 sec)
Records: 0  Duplicates: 0  Warnings: 0

Query OK, 0 rows affected (0.10 sec)
Records: 0  Duplicates: 0  Warnings: 0

Query OK, 0 rows affected (0.09 sec)
Records: 0  Duplicates: 0  Warnings: 0

Query OK, 0 rows affected (0.07 sec)
Records: 0  Duplicates: 0  Warnings: 0

Query OK, 0 rows affected (0.07 sec)
Records: 0  Duplicates: 0  Warnings: 0

+-------------+
| countbefore |
+-------------+
|    49750432 |
+-------------+
1 row in set (12.82 sec)

Query OK, 28188 rows affected (1.56 sec)
Records: 28188  Duplicates: 0  Warnings: 0

+------------+
| countafter |
+------------+
|   49778620 |
+------------+
1 row in set (15.05 sec)

+------------+--------------------------+
| period     | customercontractactivity |
+------------+--------------------------+
| 2021-09-30 |                    28188 |
| 2021-09-29 |                    28314 |
| 2021-09-28 |                    28172 |
| 2021-09-27 |                    28098 |
| 2021-09-26 |                    28029 |
+------------+--------------------------+
5 rows in set (0.06 sec)

Query OK, 0 rows affected (0.02 sec)

Query OK, 318486 rows affected, 4 warnings (7 min 59.90 sec)
Records: 318486  Duplicates: 0  Warnings: 4

Query OK, 0 rows affected (1.00 sec)
Records: 0  Duplicates: 0  Warnings: 0

Query OK, 0 rows affected (1.11 sec)
Records: 0  Duplicates: 0  Warnings: 0

Query OK, 0 rows affected (1.14 sec)
Records: 0  Duplicates: 0  Warnings: 0

Query OK, 0 rows affected (0.01 sec)

Query OK, 233 rows affected (0.42 sec)
Records: 233  Duplicates: 0  Warnings: 0

Query OK, 0 rows affected (0.00 sec)

Query OK, 2562 rows affected (0.58 sec)
Records: 2562  Duplicates: 0  Warnings: 0

Query OK, 0 rows affected (0.00 sec)

Query OK, 28160 rows affected (0.54 sec)
Records: 28160  Duplicates: 0  Warnings: 0

Query OK, 0 rows affected (0.00 sec)

Query OK, 17047 rows affected (0.34 sec)
Records: 17047  Duplicates: 0  Warnings: 0

Query OK, 0 rows affected (0.00 sec)

Query OK, 17047 rows affected (0.12 sec)
Records: 17047  Duplicates: 0  Warnings: 0

Query OK, 0 rows affected (0.01 sec)

Query OK, 17047 rows affected (1.11 sec)
Records: 17047  Duplicates: 0  Warnings: 0

Query OK, 0 rows affected (0.01 sec)

Query OK, 17047 rows affected (41.93 sec)
Records: 17047  Duplicates: 0  Warnings: 0

+-------------+
| clientstats |
+-------------+
|       17047 |
+-------------+
1 row in set (0.01 sec)

Query OK, 0 rows affected (0.00 sec)

Query OK, 14 rows affected, 1 warning (0.10 sec)
Records: 14  Duplicates: 0  Warnings: 1

+-----------------------+-------------+-------------+----------------+-----------------+
| services              | activecount | allaccounts | uniqueaccounts | uniquecontracts |
+-----------------------+-------------+-------------+----------------+-----------------+
| All                   |         436 |          70 |             70 |             227 |
| Internet & OTT        |           4 |           2 |              2 |               2 |
| Internet & Voice      |         314 |         138 |            138 |             270 |
| Internet Only         |        4384 |        4285 |           4282 |            4325 |
| OTT Only              |           1 |           1 |              1 |               1 |
| TV & Internet         |        9725 |        4350 |           4339 |            8856 |
| TV & Internet & OTT   |        4359 |        1137 |           1135 |            2364 |
| TV & Internet & Voice |         549 |         154 |            154 |             473 |
| TV & OTT              |         345 |          87 |             85 |              96 |
| TV & Voice            |          82 |          37 |             37 |              76 |
| TV & Voice & OTT      |           3 |           1 |              1 |               2 |
| TV Only               |        8479 |        6657 |           6652 |            6861 |
| Voice Only            |         130 |         128 |            128 |             130 |
| GRAND TOTAL           |       28811 |       17047 |          16961 |           23683 |
+-----------------------+-------------+-------------+----------------+-----------------+
14 rows in set (0.00 sec)

+-------------+-------------+-------------+----------------+-----------------+
| network     | activecount | allaccounts | uniqueaccounts | uniquecontracts |
+-------------+-------------+-------------+----------------+-----------------+
| GPON        |       12822 |        6371 |           6368 |           10072 |
| HFC         |       15989 |       10676 |          10676 |           13611 |
| GRAND TOTAL |       28811 |       17047 |          16961 |           23683 |
+-------------+-------------+-------------+----------------+-----------------+
3 rows in set, 1 warning (0.11 sec)

+-------------+-----------------------+-------------+-------------+----------------+-----------------+
| network     | services              | activecount | allaccounts | uniqueaccounts | uniquecontracts |
+-------------+-----------------------+-------------+-------------+----------------+-----------------+
| GPON        | All                   |         301 |          53 |             53 |             169 |
| GPON        | Internet & Voice      |          85 |          35 |             35 |              74 |
| GPON        | Internet Only         |        1597 |        1514 |           1514 |            1539 |
| GPON        | TV & Internet         |        5082 |        2227 |           2227 |            4560 |
| GPON        | TV & Internet & OTT   |        3219 |         838 |            838 |            1750 |
| GPON        | TV & Internet & Voice |         297 |          78 |             78 |             242 |
| GPON        | TV & OTT              |         166 |          58 |             58 |              59 |
| GPON        | TV & Voice            |          54 |          24 |             24 |              50 |
| GPON        | TV & Voice & OTT      |           3 |           1 |              1 |               2 |
| GPON        | TV Only               |        2001 |        1527 |           1527 |            1610 |
| GPON        | Voice Only            |          17 |          16 |             16 |              17 |
| GPON        | Services Total        |       12822 |        6371 |           6368 |           10072 |
| HFC         | All                   |         135 |          17 |             17 |              58 |
| HFC         | Internet & OTT        |           4 |           2 |              2 |               2 |
| HFC         | Internet & Voice      |         229 |         103 |            103 |             196 |
| HFC         | Internet Only         |        2787 |        2771 |           2771 |            2786 |
| HFC         | OTT Only              |           1 |           1 |              1 |               1 |
| HFC         | TV & Internet         |        4643 |        2123 |           2123 |            4296 |
| HFC         | TV & Internet & OTT   |        1140 |         299 |            299 |             614 |
| HFC         | TV & Internet & Voice |         252 |          76 |             76 |             231 |
| HFC         | TV & OTT              |         179 |          29 |             29 |              37 |
| HFC         | TV & Voice            |          28 |          13 |             13 |              26 |
| HFC         | TV Only               |        6478 |        5130 |           5130 |            5251 |
| HFC         | Voice Only            |         113 |         112 |            112 |             113 |
| HFC         | Services Total        |       15989 |       10676 |          10676 |           13611 |
| GRAND TOTAL | Services Total        |       28811 |       17047 |          16961 |           23683 |
+-------------+-----------------------+-------------+-------------+----------------+-----------------+
26 rows in set, 2 warnings (0.13 sec)

Query OK, 0 rows affected (0.01 sec)

Query OK, 41 rows affected, 3 warnings (0.18 sec)
Records: 41  Duplicates: 0  Warnings: 3

+-------------+---------------+-----------------------+-------------+-------------+----------------+-----------------+
| region      | network       | services              | activecount | allaccounts | uniqueaccounts | uniquecontracts |
+-------------+---------------+-----------------------+-------------+-------------+----------------+-----------------+
| Mahe        | GPON          | All                   |         260 |          46 |             46 |             147 |
| Mahe        | GPON          | Internet & Voice      |          71 |          28 |             28 |              60 |
| Mahe        | GPON          | Internet Only         |        1359 |        1277 |           1277 |            1301 |
| Mahe        | GPON          | TV & Internet         |        4297 |        1883 |           1883 |            3848 |
| Mahe        | GPON          | TV & Internet & OTT   |        2659 |         676 |            676 |            1417 |
| Mahe        | GPON          | TV & Internet & Voice |         287 |          75 |             75 |             232 |
| Mahe        | GPON          | TV & OTT              |         138 |          48 |             48 |              49 |
| Mahe        | GPON          | TV & Voice            |          51 |          23 |             23 |              47 |
| Mahe        | GPON          | TV & Voice & OTT      |           3 |           1 |              1 |               2 |
| Mahe        | GPON          | TV Only               |        1649 |        1261 |           1261 |            1330 |
| Mahe        | GPON          | Voice Only            |          16 |          15 |             15 |              16 |
| Mahe        | GPON          | Services Total        |       10790 |        5333 |           5333 |            8449 |
| Mahe        | HFC           | All                   |         135 |          17 |             17 |              58 |
| Mahe        | HFC           | Internet & OTT        |           4 |           2 |              2 |               2 |
| Mahe        | HFC           | Internet & Voice      |         229 |         103 |            103 |             196 |
| Mahe        | HFC           | Internet Only         |        2787 |        2771 |           2771 |            2786 |
| Mahe        | HFC           | OTT Only              |           1 |           1 |              1 |               1 |
| Mahe        | HFC           | TV & Internet         |        4643 |        2123 |           2123 |            4296 |
| Mahe        | HFC           | TV & Internet & OTT   |        1140 |         299 |            299 |             614 |
| Mahe        | HFC           | TV & Internet & Voice |         252 |          76 |             76 |             231 |
| Mahe        | HFC           | TV & OTT              |         179 |          29 |             29 |              37 |
| Mahe        | HFC           | TV & Voice            |          28 |          13 |             13 |              26 |
| Mahe        | HFC           | TV Only               |        6476 |        5128 |           5128 |            5249 |
| Mahe        | HFC           | Voice Only            |         113 |         112 |            112 |             113 |
| Mahe        | HFC           | Services Total        |       15987 |       10674 |          10674 |           13609 |
| Mahe        | Network Total | Services Total        |       26777 |       16007 |          15924 |           22058 |
| Praslin     | GPON          | All                   |          41 |           7 |              7 |              22 |
| Praslin     | GPON          | Internet & Voice      |          14 |           7 |              7 |              14 |
| Praslin     | GPON          | Internet Only         |         238 |         237 |            237 |             238 |
| Praslin     | GPON          | TV & Internet         |         785 |         344 |            344 |             712 |
| Praslin     | GPON          | TV & Internet & OTT   |         560 |         162 |            162 |             333 |
| Praslin     | GPON          | TV & Internet & Voice |          10 |           3 |              3 |              10 |
| Praslin     | GPON          | TV & OTT              |          28 |          10 |             10 |              10 |
| Praslin     | GPON          | TV & Voice            |           3 |           1 |              1 |               3 |
| Praslin     | GPON          | TV Only               |         352 |         266 |            266 |             280 |
| Praslin     | GPON          | Voice Only            |           1 |           1 |              1 |               1 |
| Praslin     | GPON          | Services Total        |        2032 |        1038 |           1038 |            1623 |
| Praslin     | HFC           | TV Only               |           2 |           2 |              2 |               2 |
| Praslin     | HFC           | Services Total        |           2 |           2 |              2 |               2 |
| Praslin     | Network Total | Services Total        |        2034 |        1040 |           1040 |            1625 |
| GRAND TOTAL | Network Total | Services Total        |       28811 |       17047 |          16961 |           23683 |
+-------------+---------------+-----------------------+-------------+-------------+----------------+-----------------+
41 rows in set (0.00 sec)

Query OK, 0 rows affected (0.00 sec)

Query OK, 28161 rows affected (0.37 sec)
Records: 28161  Duplicates: 0  Warnings: 0

Query OK, 0 rows affected (0.00 sec)

Query OK, 2332 rows affected (0.33 sec)
Records: 2332  Duplicates: 0  Warnings: 0

+--------------------------------------+
| message                              |
+--------------------------------------+
| running rcbill_my.sp_ActiveNumber2() |
+--------------------------------------+
1 row in set (0.00 sec)

Query OK, 365 rows affected (1 min 58.13 sec)

mysql> mysql \. C:\workspace\cloud\code\sql\_DailyScript\currenttime.sql
+---------------------+
| currenttime         |
+---------------------+
| 2021-10-05 09:58:15 |
+---------------------+
1 row in set (0.00 sec)

mysql> 
mysql> mysql \. C:\workspace\cloud\code\sql\_DailyScript\GetActiveNumbers Average -Pivot.sql
Database changed
+-------------------------------------+
| @today := subdate(current_date(),1) |
+-------------------------------------+
| 2021-10-04                          |
+-------------------------------------+
1 row in set (0.00 sec)

+-------------------------------------+
| @lastdayofmonth := last_day(@today) |
+-------------------------------------+
| 2021-10-31                          |
+-------------------------------------+
1 row in set (0.00 sec)

Query OK, 0 rows affected (0.01 sec)

Query OK, 50531 rows affected, 65535 warnings (1 min 0.26 sec)
Records: 50531  Duplicates: 0  Warnings: 103611

Query OK, 0 rows affected (0.11 sec)
Records: 0  Duplicates: 0  Warnings: 0

Query OK, 0 rows affected (0.13 sec)
Records: 0  Duplicates: 0  Warnings: 0

Query OK, 0 rows affected (0.11 sec)
Records: 0  Duplicates: 0  Warnings: 0

+-----------------+
| activenumberavg |
+-----------------+
|           50531 |
+-----------------+
1 row in set (0.01 sec)

Query OK, 0 rows affected (0.01 sec)

Query OK, 1988 rows affected (0.55 sec)
Records: 1988  Duplicates: 0  Warnings: 0

+---------------------+
| rep_activenumberavg |
+---------------------+
|                1988 |
+---------------------+
1 row in set (0.00 sec)

+----------------------+
| rep_activenumberavg1 |
+----------------------+
|                  926 |
+----------------------+
1 row in set (0.00 sec)

Query OK, 0 rows affected (0.00 sec)

Query OK, 2669 rows affected (0.44 sec)
Records: 2669  Duplicates: 0  Warnings: 0

Query OK, 0 rows affected (0.00 sec)

Query OK, 13785 rows affected (0.81 sec)
Records: 13785  Duplicates: 0  Warnings: 0

Query OK, 0 rows affected (0.01 sec)

Query OK, 238 rows affected (0.26 sec)
Records: 238  Duplicates: 0  Warnings: 0

Query OK, 0 rows affected (0.00 sec)

Query OK, 0 rows affected (0.00 sec)

Query OK, 0 rows affected (0.01 sec)

Query OK, 0 rows affected (0.00 sec)

Query OK, 0 rows affected (0.00 sec)
Statement prepared

Query OK, 53 rows affected (0.05 sec)
Records: 53  Duplicates: 0  Warnings: 0

Query OK, 0 rows affected (0.00 sec)

Query OK, 0 rows affected (0.00 sec)

+----------------------+
| rep_activenumberavg2 |
+----------------------+
|                 2669 |
+----------------------+
1 row in set (0.00 sec)

+------------------------+
| rep_activenumberavg_pv |
+------------------------+
|                     53 |
+------------------------+
1 row in set (0.00 sec)

Query OK, 0 rows affected (0.00 sec)

Query OK, 2666 rows affected (0.37 sec)
Records: 2666  Duplicates: 0  Warnings: 0

Query OK, 0 rows affected (0.00 sec)

Query OK, 0 rows affected (0.00 sec)

Query OK, 0 rows affected (0.00 sec)

Query OK, 0 rows affected (0.00 sec)

Query OK, 0 rows affected (0.00 sec)
Statement prepared

Query OK, 53 rows affected (0.05 sec)
Records: 53  Duplicates: 0  Warnings: 0

Query OK, 0 rows affected (0.00 sec)

Query OK, 0 rows affected (0.00 sec)

+-------------------------+
| rep_activenumberavgMahe |
+-------------------------+
|                    2666 |
+-------------------------+
1 row in set (0.00 sec)

+----------------------------+
| rep_activenumberavgMahe_pv |
+----------------------------+
|                         53 |
+----------------------------+
1 row in set (0.00 sec)

Query OK, 0 rows affected (0.00 sec)

Query OK, 1688 rows affected (0.18 sec)
Records: 1688  Duplicates: 0  Warnings: 0

Query OK, 0 rows affected (0.00 sec)

Query OK, 0 rows affected (0.00 sec)

Query OK, 0 rows affected (0.00 sec)

Query OK, 0 rows affected (0.00 sec)

Query OK, 0 rows affected (0.00 sec)
Statement prepared

Query OK, 40 rows affected (0.04 sec)
Records: 40  Duplicates: 0  Warnings: 0

Query OK, 0 rows affected (0.00 sec)

Query OK, 0 rows affected (0.00 sec)

+----------------------------+
| rep_activenumberavgPraslin |
+----------------------------+
|                       1688 |
+----------------------------+
1 row in set (0.00 sec)

+-------------------------------+
| rep_activenumberavgPraslin_pv |
+-------------------------------+
|                            40 |
+-------------------------------+
1 row in set (0.00 sec)

mysql> mysql \. C:\workspace\cloud\code\sql\_DailyScript\currenttime.sql
+---------------------+
| currenttime         |
+---------------------+
| 2021-10-05 09:59:18 |
+---------------------+
1 row in set (0.00 sec)

mysql> 
mysql> mysql \. C:\workspace\cloud\code\sql\Analysis\clients_contracts_creditpolicy_2.sql
Database changed
Query OK, 0 rows affected (0.00 sec)

Query OK, 1900145 rows affected (38.66 sec)
Records: 1900145  Duplicates: 0  Warnings: 0

Query OK, 0 rows affected (0.01 sec)

Query OK, 28188 rows affected (1.01 sec)
Records: 28188  Duplicates: 0  Warnings: 0

Query OK, 0 rows affected (0.01 sec)

Query OK, 28261 rows affected (7.60 sec)
Records: 28261  Duplicates: 0  Warnings: 0

+-------------------------+
| rep_cust_cont_creditpol |
+-------------------------+
|                   28261 |
+-------------------------+
1 row in set (0.01 sec)

mysql> mysql \. C:\workspace\cloud\code\sql\_DailyScript\currenttime.sql
+---------------------+
| currenttime         |
+---------------------+
| 2021-10-05 10:00:06 |
+---------------------+
1 row in set (0.00 sec)

mysql> 
mysql> 
mysql> 
mysql> 
mysql> 
mysql> 
mysql> 
mysql> 
mysql> 
mysql> 
mysql> 
mysql> 
mysql> 
mysql> 
mysql> 
mysql> 
mysql> 
mysql> 
mysql> 
mysql> 
mysql> 
mysql> 
mysql> 
mysql> 
mysql> 
mysql> 
mysql> 
mysql> exit
