    -> 
    -> mysql \. C:\workspace\cloud\code\sql\_DailyScript\_setdates.sql
Database changed
Query OK, 0 rows affected (0.00 sec)

Query OK, 0 rows affected (0.00 sec)

Query OK, 0 rows affected (0.00 sec)

Query OK, 0 rows affected (0.00 sec)

Query OK, 0 rows affected (0.00 sec)

Query OK, 0 rows affected (0.00 sec)

Query OK, 0 rows affected (0.00 sec)

Query OK, 0 rows affected (0.00 sec)

Query OK, 0 rows affected (0.00 sec)

Query OK, 0 rows affected (0.00 sec)

Query OK, 0 rows affected (0.00 sec)

Query OK, 0 rows affected (0.00 sec)

Query OK, 0 rows affected (0.00 sec)

Query OK, 0 rows affected (0.00 sec)

Query OK, 0 rows affected (0.00 sec)

Query OK, 0 rows affected (0.00 sec)

Query OK, 0 rows affected (0.00 sec)

Query OK, 0 rows affected (0.00 sec)

Query OK, 0 rows affected (0.00 sec)

Query OK, 0 rows affected (0.00 sec)

Query OK, 0 rows affected (0.00 sec)

mysql> mysql \. C:\workspace\cloud\code\sql\_DailyScript\currenttime.sql
+---------------------+
| currenttime         |
+---------------------+
| 2020-12-09 08:40:37 |
+---------------------+
1 row in set (0.00 sec)

mysql> 
mysql> mysql \. C:\workspace\cloud\code\sql\_DailyScript\load_RCB_VODTITLES.sql
Database changed
Query OK, 0 rows affected (0.00 sec)

Query OK, 13435 rows affected (0.14 sec)

Query OK, 13437 rows affected, 13437 warnings (0.34 sec)
Records: 13437  Deleted: 0  Skipped: 0  Warnings: 13437

Query OK, 0 rows affected (0.00 sec)

Query OK, 2 rows affected (0.01 sec)

+-----------+
| VODTITLES |
+-----------+
|     13895 |
+-----------+
1 row in set (0.01 sec)

+-----------+-----------+
| titletype | typecount |
+-----------+-----------+
| E         |     11257 |
| N         |       236 |
| T         |      1942 |
| NULL      |     13435 |
+-----------+-----------+
4 rows in set (0.04 sec)

mysql> mysql \. C:\workspace\cloud\code\sql\_DailyScript\currenttime.sql
+---------------------+
| currenttime         |
+---------------------+
| 2020-12-09 08:40:38 |
+---------------------+
1 row in set (0.00 sec)

mysql> 
mysql> mysql \. C:\workspace\cloud\code\sql\_DailyScript\DAILY-SCRIPT-LIVETV-STATS.sql
Database changed
Query OK, 0 rows affected (0.01 sec)

Query OK, 109866 rows affected (1.14 sec)
Records: 109866  Duplicates: 0  Warnings: 0

+------------+------------+----------+--------------+--------------+-----------+-------------+----------+--------+------+------------+---------+---------------+
| Table      | Non_unique | Key_name | Seq_in_index | Column_name  | Collation | Cardinality | Sub_part | Packed | Null | Index_type | Comment | Index_comment |
+------------+------------+----------+--------------+--------------+-----------+-------------+----------+--------+------+------------+---------+---------------+
| templivetv |          1 | idxtv1   |            1 | device       | A         |      109666 |     NULL | NULL   | YES  | BTREE      |         |               |
| templivetv |          1 | idxtv2   |            1 | sessionstart | A         |      109666 |     NULL | NULL   | YES  | BTREE      |         |               |
+------------+------------+----------+--------------+--------------+-----------+-------------+----------+--------+------+------------+---------+---------------+
2 rows in set (0.00 sec)

Query OK, 109169 rows affected (14.45 sec)
Records: 109169  Duplicates: 0  Warnings: 0

Query OK, 2733 rows affected (0.65 sec)
Records: 2733  Duplicates: 0  Warnings: 0

Query OK, 0 rows affected (0.00 sec)

Query OK, 0 rows affected (0.00 sec)

Query OK, 133 rows affected (0.04 sec)
Records: 133  Duplicates: 0  Warnings: 0

Query OK, 0 rows affected (0.01 sec)

Query OK, 45927 rows affected (2 min 14.11 sec)
Records: 45927  Duplicates: 0  Warnings: 0

+-----------------+
| rep_livetvstats |
+-----------------+
|           45927 |
+-----------------+
1 row in set (0.01 sec)

mysql> mysql \. C:\workspace\cloud\code\sql\_DailyScript\currenttime.sql
+---------------------+
| currenttime         |
+---------------------+
| 2020-12-09 08:43:08 |
+---------------------+
1 row in set (0.00 sec)

mysql> 
mysql> mysql \. C:\workspace\cloud\code\sql\_DailyScript\DAILY-SCRIPT-VODTS-STATS.sql
Database changed
Query OK, 0 rows affected (0.01 sec)

Query OK, 5103 rows affected (15.99 sec)
Records: 5103  Duplicates: 0  Warnings: 0

+---------+------------+----------+--------------+--------------+-----------+-------------+----------+--------+------+------------+---------+---------------+
| Table   | Non_unique | Key_name | Seq_in_index | Column_name  | Collation | Cardinality | Sub_part | Packed | Null | Index_type | Comment | Index_comment |
+---------+------------+----------+--------------+--------------+-----------+-------------+----------+--------+------+------------+---------+---------------+
| tempvod |          1 | idxtvod1 |            1 | device       | A         |        5314 |     NULL | NULL   | YES  | BTREE      |         |               |
| tempvod |          1 | idxtvod2 |            1 | sessionstart | A         |        5314 |     NULL | NULL   | YES  | BTREE      |         |               |
+---------+------------+----------+--------------+--------------+-----------+-------------+----------+--------+------+------------+---------+---------------+
2 rows in set (0.00 sec)

Query OK, 5103 rows affected (2.94 sec)
Records: 5103  Duplicates: 0  Warnings: 0

Query OK, 0 rows affected (0.01 sec)

Query OK, 901802 rows affected (1 min 11.02 sec)
Records: 901802  Duplicates: 0  Warnings: 0

+--------------+
| rep_vodstats |
+--------------+
|       901802 |
+--------------+
1 row in set (0.26 sec)

Database changed
Query OK, 0 rows affected (0.01 sec)

Query OK, 19027 rows affected (39.80 sec)
Records: 19027  Duplicates: 0  Warnings: 0

+--------+------------+----------+--------------+--------------+-----------+-------------+----------+--------+------+------------+---------+---------------+
| Table  | Non_unique | Key_name | Seq_in_index | Column_name  | Collation | Cardinality | Sub_part | Packed | Null | Index_type | Comment | Index_comment |
+--------+------------+----------+--------------+--------------+-----------+-------------+----------+--------+------+------------+---------+---------------+
| tempts |          1 | idxtts1  |            1 | device       | A         |       19161 |     NULL | NULL   | YES  | BTREE      |         |               |
| tempts |          1 | idxtts2  |            1 | sessionstart | A         |       19161 |     NULL | NULL   | YES  | BTREE      |         |               |
+--------+------------+----------+--------------+--------------+-----------+-------------+----------+--------+------+------------+---------+---------------+
2 rows in set (0.00 sec)

Query OK, 18887 rows affected (12.45 sec)
Records: 18887  Duplicates: 0  Warnings: 0

Query OK, 0 rows affected (0.01 sec)

Query OK, 41843 rows affected (39.76 sec)
Records: 41843  Duplicates: 0  Warnings: 0

+-------------+
| rep_tsstats |
+-------------+
|       41843 |
+-------------+
1 row in set (0.01 sec)

mysql> mysql \. C:\workspace\cloud\code\sql\_DailyScript\currenttime.sql
+---------------------+
| currenttime         |
+---------------------+
| 2020-12-09 08:46:10 |
+---------------------+
1 row in set (0.00 sec)

mysql> 
mysql> mysql \. C:\workspace\cloud\code\sql\_DailyScript\DAILY-SCRIPT-RADIO-STATS.sql
Database changed
Query OK, 0 rows affected (0.02 sec)

Query OK, 331210 rows affected (3.59 sec)
Records: 331210  Duplicates: 0  Warnings: 0

+-----------+------------+----------+--------------+--------------+-----------+-------------+----------+--------+------+------------+---------+---------------+
| Table     | Non_unique | Key_name | Seq_in_index | Column_name  | Collation | Cardinality | Sub_part | Packed | Null | Index_type | Comment | Index_comment |
+-----------+------------+----------+--------------+--------------+-----------+-------------+----------+--------+------+------------+---------+---------------+
| tempradio |          1 | idxtrad1 |            1 | device       | A         |      332190 |     NULL | NULL   | YES  | BTREE      |         |               |
| tempradio |          1 | idxtrad2 |            1 | sessionstart | A         |      332190 |     NULL | NULL   | YES  | BTREE      |         |               |
+-----------+------------+----------+--------------+--------------+-----------+-------------+----------+--------+------+------------+---------+---------------+
2 rows in set (0.00 sec)

Query OK, 438 rows affected (1.35 sec)
Records: 438  Duplicates: 0  Warnings: 0

Query OK, 0 rows affected (0.01 sec)

Query OK, 5612 rows affected (0.44 sec)
Records: 5612  Duplicates: 0  Warnings: 0

+----------------+
| rep_radiostats |
+----------------+
|           5612 |
+----------------+
1 row in set (0.00 sec)

mysql> mysql \. C:\workspace\cloud\code\sql\_DailyScript\currenttime.sql
+---------------------+
| currenttime         |
+---------------------+
| 2020-12-09 08:46:16 |
+---------------------+
1 row in set (0.00 sec)

mysql> 
mysql> mysql \. C:\workspace\cloud\code\sql\_DailyScript\DAILY_SCRIPT_TELEMETRY_PIVOT_2020.sql
Query OK, 0 rows affected (0.01 sec)

Query OK, 146 rows affected (0.17 sec)
Records: 146  Duplicates: 0  Warnings: 0

Query OK, 0 rows affected (0.01 sec)

Query OK, 11147 rows affected (2.34 sec)
Records: 11147  Duplicates: 0  Warnings: 0

Query OK, 0 rows affected (0.01 sec)

Query OK, 8 rows affected (0.02 sec)
Records: 8  Duplicates: 0  Warnings: 0

Query OK, 0 rows affected (0.01 sec)

Query OK, 47 rows affected (0.07 sec)
Records: 47  Duplicates: 0  Warnings: 0

mysql> mysql \. C:\workspace\cloud\code\sql\_DailyScript\currenttime.sql
+---------------------+
| currenttime         |
+---------------------+
| 2020-12-09 08:46:19 |
+---------------------+
1 row in set (0.00 sec)

mysql> 
mysql> mysql \. C:\workspace\cloud\code\sql\_DailyScript\telemetry_livetv_ranking2020.sql
Query OK, 0 rows affected (0.01 sec)

Query OK, 146 rows affected (0.04 sec)
Records: 146  Duplicates: 0  Warnings: 0

mysql> mysql \. C:\workspace\cloud\code\sql\_DailyScript\currenttime.sql
+---------------------+
| currenttime         |
+---------------------+
| 2020-12-09 08:46:19 |
+---------------------+
1 row in set (0.00 sec)

mysql> 
mysql> mysql \. C:\workspace\cloud\code\sql\_DailyScript\telemetry_radio_ranking2020.sql
Query OK, 0 rows affected (0.01 sec)

Query OK, 8 rows affected (0.01 sec)
Records: 8  Duplicates: 0  Warnings: 0

mysql> mysql \. C:\workspace\cloud\code\sql\_DailyScript\currenttime.sql
+---------------------+
| currenttime         |
+---------------------+
| 2020-12-09 08:46:19 |
+---------------------+
1 row in set (0.00 sec)

mysql> 
mysql> mysql \. C:\workspace\cloud\code\sql\_DailyScript\telemetry_ts_ranking2020.sql
Query OK, 0 rows affected (0.01 sec)

Query OK, 47 rows affected (0.02 sec)
Records: 47  Duplicates: 0  Warnings: 0

mysql> mysql \. C:\workspace\cloud\code\sql\_DailyScript\currenttime.sql
+---------------------+
| currenttime         |
+---------------------+
| 2020-12-09 08:46:19 |
+---------------------+
1 row in set (0.00 sec)

mysql> 
mysql> mysql \. C:\workspace\cloud\code\sql\_DailyScript\telemetry_vod_ranking2020.sql
Query OK, 0 rows affected (0.01 sec)

Query OK, 11147 rows affected (0.47 sec)
Records: 11147  Duplicates: 0  Warnings: 0

mysql> mysql \. C:\workspace\cloud\code\sql\_DailyScript\currenttime.sql
+---------------------+
| currenttime         |
+---------------------+
| 2020-12-09 08:46:19 |
+---------------------+
1 row in set (0.00 sec)

mysql> 
mysql> mysql \. C:\workspace\cloud\code\sql\_DailyScript\telemetry_vod_ranking2020_1.sql
Query OK, 0 rows affected (0.01 sec)

Query OK, 11147 rows affected (0.23 sec)
Records: 11147  Duplicates: 0  Warnings: 0

mysql> mysql \. C:\workspace\cloud\code\sql\_DailyScript\currenttime.sql
+---------------------+
| currenttime         |
+---------------------+
| 2020-12-09 08:46:19 |
+---------------------+
1 row in set (0.00 sec)

mysql> 
mysql> mysql \. C:\workspace\cloud\code\sql\_DailyScript\telemetry_vod_ranking2020_2.sql
Query OK, 0 rows affected (0.01 sec)

Query OK, 11147 rows affected (0.24 sec)
Records: 11147  Duplicates: 0  Warnings: 0

mysql> mysql \. C:\workspace\cloud\code\sql\_DailyScript\currenttime.sql
+---------------------+
| currenttime         |
+---------------------+
| 2020-12-09 08:46:20 |
+---------------------+
1 row in set (0.00 sec)

mysql> 
mysql> mysql \. C:\workspace\cloud\code\sql\_DailyScript\DAILY-SCRIPT-CREATE-LOAD.sql
Database changed
Database changed
Query OK, 0 rows affected (0.01 sec)

Query OK, 0 rows affected (0.01 sec)

Database changed
Query OK, 67432 rows affected (2.49 sec)
Records: 67432  Deleted: 0  Skipped: 0  Warnings: 0

Query OK, 0 rows affected (0.13 sec)
Records: 0  Duplicates: 0  Warnings: 0

Query OK, 0 rows affected (0.22 sec)
Records: 0  Duplicates: 0  Warnings: 0

Query OK, 0 rows affected (0.23 sec)
Records: 0  Duplicates: 0  Warnings: 0

Query OK, 0 rows affected (0.22 sec)
Records: 0  Duplicates: 0  Warnings: 0

+---------+
| clients |
+---------+
|   67432 |
+---------+
1 row in set (0.02 sec)

Query OK, 0 rows affected (0.01 sec)

Query OK, 13987 rows affected (6.25 sec)
Records: 13987  Duplicates: 0  Warnings: 0

Query OK, 0 rows affected (0.06 sec)
Records: 0  Duplicates: 0  Warnings: 0

+-------------------+
| rcb_clientparcels |
+-------------------+
|             13987 |
+-------------------+
1 row in set (0.01 sec)

Query OK, 0 rows affected (0.01 sec)

Query OK, 81463 rows affected (3.47 sec)
Records: 81463  Duplicates: 0  Warnings: 0

Query OK, 0 rows affected (0.25 sec)
Records: 0  Duplicates: 0  Warnings: 0

Query OK, 0 rows affected (0.01 sec)

Query OK, 67432 rows affected (35.58 sec)
Records: 67432  Duplicates: 0  Warnings: 0

Query OK, 0 rows affected (0.19 sec)
Records: 0  Duplicates: 0  Warnings: 0

Query OK, 0 rows affected (0.20 sec)
Records: 0  Duplicates: 0  Warnings: 0

Query OK, 0 rows affected (0.16 sec)
Records: 0  Duplicates: 0  Warnings: 0

+---------------+
| clientaddress |
+---------------+
|         67432 |
+---------------+
1 row in set (0.02 sec)

Database changed
Query OK, 0 rows affected (0.02 sec)

Query OK, 0 rows affected (0.01 sec)

Database changed
Query OK, 533091 rows affected, 65535 warnings (15.00 sec)
Records: 533091  Deleted: 0  Skipped: 0  Warnings: 220099

Query OK, 0 rows affected (2.50 sec)
Records: 0  Duplicates: 0  Warnings: 0

Query OK, 0 rows affected (2.28 sec)
Records: 0  Duplicates: 0  Warnings: 0

Query OK, 0 rows affected (1.36 sec)
Records: 0  Duplicates: 0  Warnings: 0

Query OK, 0 rows affected (0.02 sec)

Query OK, 533091 rows affected (44.17 sec)
Records: 533091  Duplicates: 0  Warnings: 0

Query OK, 0 rows affected (1.69 sec)
Records: 0  Duplicates: 0  Warnings: 0

Query OK, 0 rows affected (1.30 sec)
Records: 0  Duplicates: 0  Warnings: 0

+-----------+
| contracts |
+-----------+
|    533091 |
+-----------+
1 row in set (0.15 sec)

+-----------------+
| contractaddress |
+-----------------+
|          533091 |
+-----------------+
1 row in set (0.14 sec)

Database changed
Query OK, 0 rows affected (0.01 sec)

Query OK, 0 rows affected (0.01 sec)

Query OK, 7679 rows affected (0.18 sec)
Records: 7679  Deleted: 0  Skipped: 0  Warnings: 0

Query OK, 0 rows affected (0.01 sec)

Query OK, 7647 rows affected (0.91 sec)
Records: 7647  Duplicates: 0  Warnings: 0

Query OK, 0 rows affected (0.04 sec)
Records: 0  Duplicates: 0  Warnings: 0

Query OK, 0 rows affected (0.02 sec)
Records: 0  Duplicates: 0  Warnings: 0

Query OK, 0 rows affected (0.05 sec)
Records: 0  Duplicates: 0  Warnings: 0

Query OK, 0 rows affected (0.01 sec)

Query OK, 5833 rows affected (0.05 sec)
Records: 5833  Duplicates: 0  Warnings: 0

Query OK, 0 rows affected (0.03 sec)
Records: 0  Duplicates: 0  Warnings: 0

+-------------------+
| contractdiscounts |
+-------------------+
|              7679 |
+-------------------+
1 row in set (0.00 sec)

+-------------------------+
| clientcontractdiscounts |
+-------------------------+
|                    7647 |
+-------------------------+
1 row in set (0.00 sec)

+----------------------------+
| clientcontractlastdiscount |
+----------------------------+
|                       5833 |
+----------------------------+
1 row in set (0.00 sec)

Database changed
Query OK, 0 rows affected (0.04 sec)

Query OK, 0 rows affected (0.01 sec)

Database changed
Query OK, 142721 rows affected, 8 warnings (2.60 sec)
Records: 142721  Deleted: 0  Skipped: 0  Warnings: 8

Query OK, 0 rows affected (0.25 sec)
Records: 0  Duplicates: 0  Warnings: 0

Query OK, 0 rows affected (0.28 sec)
Records: 0  Duplicates: 0  Warnings: 0

Query OK, 0 rows affected (0.30 sec)
Records: 0  Duplicates: 0  Warnings: 0

Query OK, 0 rows affected (0.31 sec)
Records: 0  Duplicates: 0  Warnings: 0

Query OK, 0 rows affected (0.36 sec)
Records: 0  Duplicates: 0  Warnings: 0

Query OK, 0 rows affected (0.53 sec)
Records: 0  Duplicates: 0  Warnings: 0

Query OK, 0 rows affected (0.05 sec)

Query OK, 1813562 rows affected (3 min 44.39 sec)
Records: 1813562  Duplicates: 0  Warnings: 0

Query OK, 0 rows affected (4.38 sec)
Records: 0  Duplicates: 0  Warnings: 0

+---------+
| devices |
+---------+
|  142721 |
+---------+
1 row in set (0.05 sec)

+-----------------------+
| clientcontractdevices |
+-----------------------+
|               1813562 |
+-----------------------+
1 row in set (0.65 sec)

Query OK, 0 rows affected (0.02 sec)

Query OK, 142715 rows affected (5.84 sec)
Records: 142715  Duplicates: 0  Warnings: 0

+---------------------------+
| rep_clientcontractdevices |
+---------------------------+
|                    142715 |
+---------------------------+
1 row in set (0.04 sec)

Database changed
Query OK, 0 rows affected (0.04 sec)

Query OK, 0 rows affected (0.01 sec)

Query OK, 307232 rows affected (6.93 sec)
Records: 307232  Deleted: 0  Skipped: 0  Warnings: 0

Query OK, 0 rows affected (0.69 sec)
Records: 0  Duplicates: 0  Warnings: 0

Query OK, 0 rows affected (0.64 sec)
Records: 0  Duplicates: 0  Warnings: 0

Query OK, 0 rows affected (0.61 sec)
Records: 0  Duplicates: 0  Warnings: 0

Query OK, 0 rows affected (0.55 sec)
Records: 0  Duplicates: 0  Warnings: 0

+---------+
| tickets |
+---------+
|  307232 |
+---------+
1 row in set (0.08 sec)

Database changed
Query OK, 0 rows affected (0.01 sec)

Query OK, 0 rows affected (0.01 sec)

Empty set (0.00 sec)

Query OK, 0 rows affected (0.01 sec)
Records: 0  Duplicates: 0  Warnings: 0

Query OK, 369 rows affected, 2 warnings (0.04 sec)
Records: 369  Deleted: 0  Skipped: 0  Warnings: 2

+-----------------+
| tickettechusers |
+-----------------+
|             369 |
+-----------------+
1 row in set (0.00 sec)

Database changed
Query OK, 0 rows affected (0.01 sec)

Query OK, 0 rows affected (0.01 sec)

Query OK, 0 rows affected (0.01 sec)
Records: 0  Duplicates: 0  Warnings: 0

Query OK, 676066 rows affected, 48409 warnings (10.84 sec)
Records: 676066  Deleted: 0  Skipped: 0  Warnings: 48409

+-------------------+
| ticketassignments |
+-------------------+
|            676066 |
+-------------------+
1 row in set (0.18 sec)

Database changed
Query OK, 0 rows affected (0.02 sec)

Query OK, 0 rows affected (0.01 sec)

Query OK, 1366588 rows affected (15.59 sec)
Records: 1366588  Deleted: 0  Skipped: 0  Warnings: 0

Query OK, 0 rows affected (3.86 sec)
Records: 0  Duplicates: 0  Warnings: 0

Query OK, 0 rows affected (2.95 sec)
Records: 0  Duplicates: 0  Warnings: 0

Query OK, 0 rows affected (2.68 sec)
Records: 0  Duplicates: 0  Warnings: 0

Query OK, 0 rows affected (3.04 sec)
Records: 0  Duplicates: 0  Warnings: 0

+----------------+
| ticketcomments |
+----------------+
|        1366588 |
+----------------+
1 row in set (0.40 sec)

Database changed
Query OK, 0 rows affected (0.01 sec)

Query OK, 0 rows affected (0.01 sec)

Query OK, 468006 rows affected (35.95 sec)
Records: 468006  Deleted: 0  Skipped: 0  Warnings: 0

Query OK, 0 rows affected (2.21 sec)
Records: 0  Duplicates: 0  Warnings: 0

+----------+
| comments |
+----------+
|   468006 |
+----------+
1 row in set (0.13 sec)

Database changed
Query OK, 0 rows affected (0.03 sec)

Query OK, 0 rows affected (0.01 sec)

Query OK, 1523129 rows affected, 65535 warnings (1 min 12.92 sec)
Records: 1523129  Deleted: 0  Skipped: 0  Warnings: 1523164

Query OK, 0 rows affected (4.21 sec)
Records: 0  Duplicates: 0  Warnings: 0

Query OK, 0 rows affected (3.50 sec)
Records: 0  Duplicates: 0  Warnings: 0

Query OK, 0 rows affected (3.55 sec)
Records: 0  Duplicates: 0  Warnings: 0

Query OK, 0 rows affected (3.51 sec)
Records: 0  Duplicates: 0  Warnings: 0

Query OK, 0 rows affected (5.07 sec)
Records: 0  Duplicates: 0  Warnings: 0

+------------+
| devicesold |
+------------+
|    1523129 |
+------------+
1 row in set (0.42 sec)

Database changed
Query OK, 0 rows affected (0.03 sec)

Query OK, 0 rows affected (0.01 sec)

Query OK, 1806698 rows affected (22.86 sec)
Records: 1806698  Deleted: 0  Skipped: 0  Warnings: 0

Query OK, 0 rows affected (6.47 sec)
Records: 0  Duplicates: 0  Warnings: 0

Query OK, 0 rows affected (3.59 sec)
Records: 0  Duplicates: 0  Warnings: 0

Query OK, 0 rows affected (4.04 sec)
Records: 0  Duplicates: 0  Warnings: 0

+------------------+
| contractservices |
+------------------+
|          1806698 |
+------------------+
1 row in set (0.50 sec)

Database changed
Query OK, 0 rows affected (0.05 sec)

Query OK, 0 rows affected (0.01 sec)

Query OK, 4396852 rows affected (1 min 49.67 sec)
Records: 4396852  Deleted: 0  Skipped: 0  Warnings: 0

Query OK, 0 rows affected (11.58 sec)
Records: 0  Duplicates: 0  Warnings: 0

Query OK, 0 rows affected (14.05 sec)
Records: 0  Duplicates: 0  Warnings: 0

Query OK, 0 rows affected (11.47 sec)
Records: 0  Duplicates: 0  Warnings: 0

Query OK, 0 rows affected (11.03 sec)
Records: 0  Duplicates: 0  Warnings: 0

+------------------+
| invoicescontents |
+------------------+
|          4396852 |
+------------------+
1 row in set (1.23 sec)

Database changed
Query OK, 0 rows affected (0.07 sec)

Query OK, 0 rows affected (0.01 sec)

Query OK, 3101307 rows affected (2 min 51.18 sec)
Records: 3101307  Deleted: 0  Skipped: 0  Warnings: 0

Query OK, 0 rows affected (12.69 sec)
Records: 0  Duplicates: 0  Warnings: 0

Query OK, 0 rows affected (10.30 sec)
Records: 0  Duplicates: 0  Warnings: 0

Query OK, 0 rows affected (12.14 sec)
Records: 0  Duplicates: 0  Warnings: 0

Query OK, 0 rows affected (10.75 sec)
Records: 0  Duplicates: 0  Warnings: 0

Query OK, 0 rows affected (11.81 sec)
Records: 0  Duplicates: 0  Warnings: 0

+----------------+
| invoicesheader |
+----------------+
|        3101307 |
+----------------+
1 row in set (0.84 sec)

Database changed
Query OK, 0 rows affected (0.04 sec)

Query OK, 0 rows affected (0.01 sec)

Query OK, 3123167 rows affected (1 min 17.82 sec)
Records: 3123167  Deleted: 0  Skipped: 0  Warnings: 0

Query OK, 0 rows affected (7.48 sec)
Records: 0  Duplicates: 0  Warnings: 0

Query OK, 0 rows affected (8.20 sec)
Records: 0  Duplicates: 0  Warnings: 0

Query OK, 0 rows affected (7.72 sec)
Records: 0  Duplicates: 0  Warnings: 0

Query OK, 0 rows affected (7.37 sec)
Records: 0  Duplicates: 0  Warnings: 0

Query OK, 0 rows affected (8.97 sec)
Records: 0  Duplicates: 0  Warnings: 0

+---------+
| casa    |
+---------+
| 3123167 |
+---------+
1 row in set (0.85 sec)

Query OK, 0 rows affected (0.01 sec)

Query OK, 15285 rows affected (1 min 20.10 sec)
Records: 15285  Duplicates: 0  Warnings: 0

+--------------------+
| rep_paycol_channel |
+--------------------+
|              15285 |
+--------------------+
1 row in set (0.01 sec)

Query OK, 0 rows affected (0.01 sec)

Query OK, 11341 rows affected (1 min 35.86 sec)
Records: 11341  Duplicates: 0  Warnings: 0

+----------------+
| rep_paycol_pos |
+----------------+
|          11341 |
+----------------+
1 row in set (0.01 sec)

Database changed
Query OK, 0 rows affected (0.01 sec)

Query OK, 0 rows affected (0.01 sec)

Database changed
Query OK, 39815 rows affected (0.79 sec)
Records: 39815  Deleted: 0  Skipped: 0  Warnings: 0

+-------+
| users |
+-------+
| 39815 |
+-------+
1 row in set (0.02 sec)

Query OK, 0 rows affected (0.08 sec)
Records: 0  Duplicates: 0  Warnings: 0

Database changed
Query OK, 0 rows affected (0.03 sec)

Query OK, 0 rows affected (0.01 sec)

Query OK, 1872898 rows affected, 2 warnings (27.54 sec)
Records: 1872898  Deleted: 0  Skipped: 0  Warnings: 2

Query OK, 0 rows affected (5.60 sec)
Records: 0  Duplicates: 0  Warnings: 0

Query OK, 0 rows affected (3.98 sec)
Records: 0  Duplicates: 0  Warnings: 0

Query OK, 0 rows affected (4.34 sec)
Records: 0  Duplicates: 0  Warnings: 0

Query OK, 0 rows affected (3.98 sec)
Records: 0  Duplicates: 0  Warnings: 0

Query OK, 0 rows affected (3.80 sec)
Records: 0  Duplicates: 0  Warnings: 0

+-------------+
| useractions |
+-------------+
|     1872898 |
+-------------+
1 row in set (0.52 sec)

Database changed
Query OK, 0 rows affected (0.08 sec)

Query OK, 0 rows affected (0.01 sec)

Database changed
Query OK, 25282667 rows affected (4 min 26.64 sec)
Records: 25282667  Deleted: 0  Skipped: 0  Warnings: 0

Query OK, 0 rows affected (1 min 4.52 sec)
Records: 0  Duplicates: 0  Warnings: 0

Query OK, 0 rows affected (1 min 7.05 sec)
Records: 0  Duplicates: 0  Warnings: 0

Query OK, 0 rows affected (1 min 0.57 sec)
Records: 0  Duplicates: 0  Warnings: 0

Query OK, 0 rows affected (56.59 sec)
Records: 0  Duplicates: 0  Warnings: 0

Query OK, 0 rows affected (1 min 10.86 sec)
Records: 0  Duplicates: 0  Warnings: 0

+----------+
| ipusage1 |
+----------+
| 25282667 |
+----------+
1 row in set (8.80 sec)

Query OK, 0 rows affected (0.03 sec)

Query OK, 1806465 rows affected (48.60 sec)
Records: 1806465  Duplicates: 0  Warnings: 0

Query OK, 0 rows affected (9.14 sec)
Records: 0  Duplicates: 0  Warnings: 0

Query OK, 0 rows affected (3.15 sec)
Records: 0  Duplicates: 0  Warnings: 0

Query OK, 0 rows affected (5.00 sec)
Records: 0  Duplicates: 0  Warnings: 0

+------------------------------+
| contractsservicepackageprice |
+------------------------------+
|                      1806465 |
+------------------------------+
1 row in set (0.49 sec)

Query OK, 0 rows affected (0.04 sec)

Query OK, 1806901 rows affected (2 min 41.62 sec)
Records: 1806901  Duplicates: 0  Warnings: 0

Query OK, 0 rows affected (6.67 sec)
Records: 0  Duplicates: 0  Warnings: 0

Query OK, 0 rows affected (8.53 sec)
Records: 0  Duplicates: 0  Warnings: 0

Query OK, 0 rows affected (4.48 sec)
Records: 0  Duplicates: 0  Warnings: 0

Query OK, 0 rows affected (7.32 sec)
Records: 0  Duplicates: 0  Warnings: 0

+------------------------------------+
| clientcontractsservicepackageprice |
+------------------------------------+
|                            1806901 |
+------------------------------------+
1 row in set (0.49 sec)

mysql> mysql \. C:\workspace\cloud\code\sql\_DailyScript\currenttime.sql
+---------------------+
| currenttime         |
+---------------------+
| 2020-12-09 09:22:23 |
+---------------------+
1 row in set (0.00 sec)

mysql> 
mysql> mysql \. C:\workspace\cloud\code\sql\_DailyScript\ticket_analysis.sql
Database changed
Query OK, 0 rows affected (0.02 sec)

Query OK, 727549 rows affected (21.94 sec)
Records: 727549  Duplicates: 0  Warnings: 0

Query OK, 0 rows affected (4.14 sec)
Records: 0  Duplicates: 0  Warnings: 0

Query OK, 0 rows affected (1.97 sec)
Records: 0  Duplicates: 0  Warnings: 0

Query OK, 0 rows affected (1.89 sec)
Records: 0  Duplicates: 0  Warnings: 0

Query OK, 0 rows affected (0.01 sec)

Query OK, 23296 rows affected (12.82 sec)
Records: 23296  Duplicates: 0  Warnings: 0

Query OK, 0 rows affected, 1 warning (0.00 sec)

Query OK, 103615 rows affected (6.90 sec)
Records: 103615  Duplicates: 0  Warnings: 0

Query OK, 0 rows affected, 1 warning (0.00 sec)

Query OK, 529806 rows affected (14.60 sec)
Records: 529806  Duplicates: 0  Warnings: 0

Query OK, 0 rows affected, 1 warning (0.00 sec)

Query OK, 529806 rows affected (15.33 sec)
Records: 529806  Duplicates: 0  Warnings: 0

Query OK, 0 rows affected (0.01 sec)

Query OK, 103712 rows affected (5.98 sec)
Records: 103712  Duplicates: 0  Warnings: 0

Database changed
Query OK, 0 rows affected (0.00 sec)

Query OK, 0 rows affected (0.03 sec)

Query OK, 727549 rows affected (22.55 sec)
Records: 727549  Duplicates: 0  Warnings: 0

Query OK, 0 rows affected (0.04 sec)

Query OK, 368615 rows affected (14.66 sec)
Records: 368615  Duplicates: 0  Warnings: 0

+--------------------------+
| clientticket_cmmtjourney |
+--------------------------+
|                   727549 |
+--------------------------+
1 row in set (2.31 sec)

+---------------------------+
| clientticket_assgnjourney |
+---------------------------+
|                    368615 |
+---------------------------+
1 row in set (0.40 sec)

Query OK, 0 rows affected (0.01 sec)

Query OK, 75 rows affected (0.08 sec)
Records: 75  Duplicates: 0  Warnings: 0

mysql> mysql \. C:\workspace\cloud\code\sql\_DailyScript\currenttime.sql
+---------------------+
| currenttime         |
+---------------------+
| 2020-12-09 09:24:28 |
+---------------------+
1 row in set (0.00 sec)

mysql> 
mysql> mysql \. C:\workspace\cloud\code\sql\_DailyScript\load_DailyCalls.sql
Database changed
Query OK, 267 rows affected (0.13 sec)
Records: 267  Deleted: 0  Skipped: 0  Warnings: 0

Query OK, 0 rows affected, 1 warning (0.00 sec)

Query OK, 257 rows affected (0.03 sec)
Records: 257  Duplicates: 0  Warnings: 0

Query OK, 0 rows affected, 1 warning (0.00 sec)

Query OK, 68307 rows affected (0.29 sec)
Records: 68307  Duplicates: 0  Warnings: 0

+----------------------+
| callingclientsbefore |
+----------------------+
|              1058981 |
+----------------------+
1 row in set (0.44 sec)

Query OK, 380 rows affected (5.38 sec)
Records: 380  Duplicates: 0  Warnings: 0

+---------------------+
| callingclientsafter |
+---------------------+
|             1059361 |
+---------------------+
1 row in set (0.27 sec)

Query OK, 0 rows affected (0.01 sec)

Query OK, 196 rows affected (3.66 sec)
Records: 196  Duplicates: 0  Warnings: 0

Query OK, 0 rows affected (0.01 sec)

Query OK, 21109 rows affected (3.18 sec)
Records: 21109  Duplicates: 0  Warnings: 0

+-----------+
| callstats |
+-----------+
|     21109 |
+-----------+
1 row in set (0.01 sec)

Query OK, 0 rows affected, 1 warning (0.00 sec)

Query OK, 380 rows affected (2.58 sec)
Records: 380  Duplicates: 0  Warnings: 0

+------------------------+
| rep_cccallreportbefore |
+------------------------+
|                1059777 |
+------------------------+
1 row in set (0.37 sec)

Query OK, 380 rows affected (0.10 sec)
Records: 380  Duplicates: 0  Warnings: 0

+-----------------------+
| rep_cccallreportafter |
+-----------------------+
|               1060157 |
+-----------------------+
1 row in set (0.28 sec)

Query OK, 0 rows affected (0.01 sec)

mysql> mysql \. C:\workspace\cloud\code\sql\_DailyScript\currenttime.sql
+---------------------+
| currenttime         |
+---------------------+
| 2020-12-09 09:24:45 |
+---------------------+
1 row in set (0.00 sec)

mysql> 
mysql> mysql \. C:\workspace\cloud\code\sql\_DailyScript\DAILY-SCRIPT-USAGE.sql
Database changed
Query OK, 0 rows affected (0.00 sec)

Query OK, 4160 rows affected, 12053 warnings (1.09 sec)
Records: 4160  Deleted: 0  Skipped: 0  Warnings: 12053

Query OK, 0 rows affected (0.00 sec)

Query OK, 5744 rows affected, 16533 warnings (1.09 sec)
Records: 5744  Deleted: 0  Skipped: 0  Warnings: 16533

Query OK, 0 rows affected (0.00 sec)

Query OK, 283 rows affected, 1027 warnings (0.03 sec)
Records: 283  Deleted: 0  Skipped: 0  Warnings: 1027

Query OK, 0 rows affected (0.00 sec)

Query OK, 172 rows affected, 599 warnings (0.03 sec)
Records: 172  Deleted: 0  Skipped: 0  Warnings: 599

+------------+
| dailyusage |
+------------+
|   15785582 |
+------------+
1 row in set (6.16 sec)

+------------+------------+------------+---------+
| datestart  | dateend    | insertedon | records |
+------------+------------+------------+---------+
| 2020-12-08 | 2020-12-08 | 2020-12-09 |   10359 |
| 2020-12-07 | 2020-12-07 | 2020-12-08 |   10455 |
| 2020-12-06 | 2020-12-06 | 2020-12-07 |   10198 |
| 2020-12-05 | 2020-12-05 | 2020-12-06 |   10316 |
| 2020-12-04 | 2020-12-04 | 2020-12-05 |   10500 |
+------------+------------+------------+---------+
5 rows in set (33.08 sec)

+----------+------------+------------+------------+---------+
| category | datestart  | dateend    | insertedon | records |
+----------+------------+------------+------------+---------+
| UNCAPPED | 2020-12-08 | 2020-12-08 | 2020-12-09 |    5744 |
| PREPAID  | 2020-12-08 | 2020-12-08 | 2020-12-09 |     283 |
| HOTSPOT  | 2020-12-08 | 2020-12-08 | 2020-12-09 |     172 |
| CAPPED   | 2020-12-08 | 2020-12-08 | 2020-12-09 |    4160 |
| UNCAPPED | 2020-12-07 | 2020-12-07 | 2020-12-08 |    5768 |
| PREPAID  | 2020-12-07 | 2020-12-07 | 2020-12-08 |     277 |
| HOTSPOT  | 2020-12-07 | 2020-12-07 | 2020-12-08 |     182 |
| CAPPED   | 2020-12-07 | 2020-12-07 | 2020-12-08 |    4228 |
| UNCAPPED | 2020-12-06 | 2020-12-06 | 2020-12-07 |    5668 |
| PREPAID  | 2020-12-06 | 2020-12-06 | 2020-12-07 |     330 |
| HOTSPOT  | 2020-12-06 | 2020-12-06 | 2020-12-07 |     121 |
| CAPPED   | 2020-12-06 | 2020-12-06 | 2020-12-07 |    4079 |
| UNCAPPED | 2020-12-05 | 2020-12-05 | 2020-12-06 |    5736 |
| PREPAID  | 2020-12-05 | 2020-12-05 | 2020-12-06 |     288 |
| HOTSPOT  | 2020-12-05 | 2020-12-05 | 2020-12-06 |     168 |
| CAPPED   | 2020-12-05 | 2020-12-05 | 2020-12-06 |    4124 |
| UNCAPPED | 2020-12-04 | 2020-12-04 | 2020-12-05 |    5780 |
| PREPAID  | 2020-12-04 | 2020-12-04 | 2020-12-05 |     288 |
| HOTSPOT  | 2020-12-04 | 2020-12-04 | 2020-12-05 |     197 |
| CAPPED   | 2020-12-04 | 2020-12-04 | 2020-12-05 |    4235 |
+----------+------------+------------+------------+---------+
20 rows in set (23.05 sec)

mysql> mysql \. C:\workspace\cloud\code\sql\_DailyScript\currenttime.sql
+---------------------+
| currenttime         |
+---------------------+
| 2020-12-09 09:25:50 |
+---------------------+
1 row in set (0.00 sec)

mysql> 
mysql> mysql \. C:\workspace\cloud\code\sql\_DailyScript\DAILY-SCRIPT-SALES-TELEMETRY.sql
Database changed
Query OK, 4 rows affected, 2 warnings (0.03 sec)
Records: 4  Deleted: 0  Skipped: 0  Warnings: 2

+------------+
| dailysales |
+------------+
|     216935 |
+------------+
1 row in set (0.23 sec)

Query OK, 0 rows affected (0.01 sec)

Query OK, 216935 rows affected (13.40 sec)
Records: 216935  Duplicates: 0  Warnings: 0

+--------+
| sales  |
+--------+
| 216935 |
+--------+
1 row in set (0.19 sec)

Query OK, 0 rows affected (0.01 sec)

Query OK, 3529 rows affected (0.35 sec)
Records: 3529  Duplicates: 0  Warnings: 0

+----------------+
| rep_dailysales |
+----------------+
|           3529 |
+----------------+
1 row in set (0.00 sec)

Query OK, 0 rows affected (0.01 sec)

Query OK, 3529 rows affected (0.53 sec)
Records: 3529  Duplicates: 0  Warnings: 0

+-------------------+
| rep_dailysalesreg |
+-------------------+
|              3529 |
+-------------------+
1 row in set (0.00 sec)

Query OK, 0 rows affected (0.01 sec)

Query OK, 2842 rows affected (0.68 sec)
Records: 2842  Duplicates: 0  Warnings: 0

+-----------+
| saleslist |
+-----------+
|      2842 |
+-----------+
1 row in set (0.00 sec)

Database changed
ERROR 2 (HY000): File 'C:\ProgramData\MySQL\MySQL Server 5.7\Uploads\_csv\PrepaidCardSales-08122020-P1.csv' not found (Errcode: 2 - No such file or directory)
+------------------+
| dailysinglesales |
+------------------+
|             6425 |
+------------------+
1 row in set (0.01 sec)

Database changed
Query OK, 7 rows affected (0.03 sec)
Records: 7  Deleted: 0  Skipped: 0  Warnings: 0

+-----------------+
| dailyaddonsales |
+-----------------+
|           21320 |
+-----------------+
1 row in set (0.04 sec)

Query OK, 173 rows affected (0.06 sec)
Records: 173  Deleted: 0  Skipped: 0  Warnings: 0

+----------------+
| onlinepayments |
+----------------+
|         141836 |
+----------------+
1 row in set (0.11 sec)

+-------------+----------------+---------------------+
| paymentdate | onlinepayments | onlinepaymentamount |
+-------------+----------------+---------------------+
| 2020-12-08  |            173 |         92969.61000 |
| 2020-12-07  |            235 |        166949.65000 |
| 2020-12-06  |            188 |        120994.55000 |
| 2020-12-05  |            227 |        192307.63000 |
| 2020-12-04  |            219 |        152636.75000 |
+-------------+----------------+---------------------+
5 rows in set (0.52 sec)

+-------------+--------------+----------------+---------------------+
| paymentyear | paymentmonth | onlinepayments | onlinepaymentamount |
+-------------+--------------+----------------+---------------------+
|        2020 |           12 |           1807 |       1264342.70000 |
|        2020 |           11 |           6424 |       4163507.90000 |
|        2020 |           10 |           6965 |       4508008.17000 |
|        2020 |            9 |           6132 |       3998941.54000 |
|        2020 |            8 |           6240 |       4098025.79000 |
+-------------+--------------+----------------+---------------------+
5 rows in set (0.13 sec)

mysql> mysql \. C:\workspace\cloud\code\sql\_DailyScript\currenttime.sql
+---------------------+
| currenttime         |
+---------------------+
| 2020-12-09 09:26:06 |
+---------------------+
1 row in set (0.00 sec)

mysql> 
mysql> mysql \. C:\workspace\cloud\code\sql\_DailyScript\DAILY-SCRIPT-ACTIVENUMBERS.sql
Database changed
Query OK, 1168 rows affected (0.52 sec)
Records: 1168  Deleted: 0  Skipped: 0  Warnings: 0

+------------+----------+
| period     | count(1) |
+------------+----------+
| 2020-12-08 |     1168 |
| 2020-12-07 |     1169 |
| 2020-12-06 |     1168 |
| 2020-12-05 |     1168 |
| 2020-12-04 |     1168 |
+------------+----------+
5 rows in set (0.01 sec)

Query OK, 0 rows affected (0.01 sec)

Query OK, 79 rows affected (1.38 sec)
Records: 79  Duplicates: 0  Warnings: 0

+-------------+
| packagelist |
+-------------+
|          79 |
+-------------+
1 row in set (0.00 sec)

Database changed
Query OK, 0 rows affected (0.01 sec)

Query OK, 0 rows affected (0.00 sec)

Query OK, 0 rows affected (0.00 sec)

Query OK, 0 rows affected (0.00 sec)

Query OK, 27843 rows affected, 205 warnings (19.49 sec)
Records: 27843  Deleted: 0  Skipped: 0  Warnings: 205

+------------+----------+
| period     | count(1) |
+------------+----------+
| 2020-12-08 |    27843 |
| 2020-12-07 |    27963 |
| 2020-12-06 |    27714 |
| 2020-12-05 |    27856 |
| 2020-12-04 |    27906 |
+------------+----------+
5 rows in set (0.15 sec)

Query OK, 0 rows affected (0.02 sec)

Query OK, 27269 rows affected (48.87 sec)
Records: 27269  Duplicates: 0  Warnings: 0

Query OK, 0 rows affected (0.14 sec)
Records: 0  Duplicates: 0  Warnings: 0

Query OK, 0 rows affected (0.11 sec)
Records: 0  Duplicates: 0  Warnings: 0

Query OK, 0 rows affected (0.10 sec)
Records: 0  Duplicates: 0  Warnings: 0

Query OK, 0 rows affected (0.08 sec)
Records: 0  Duplicates: 0  Warnings: 0

Query OK, 0 rows affected (0.07 sec)
Records: 0  Duplicates: 0  Warnings: 0

Query OK, 0 rows affected (0.07 sec)
Records: 0  Duplicates: 0  Warnings: 0

+-------------+
| countbefore |
+-------------+
|    41448858 |
+-------------+
1 row in set (15.61 sec)

Query OK, 27269 rows affected (5.34 sec)
Records: 27269  Duplicates: 0  Warnings: 0

+------------+
| countafter |
+------------+
|   41476127 |
+------------+
1 row in set (12.64 sec)

+------------+--------------------------+
| period     | customercontractactivity |
+------------+--------------------------+
| 2020-12-08 |                    27269 |
| 2020-12-07 |                    27389 |
| 2020-12-06 |                    27140 |
| 2020-12-05 |                    27282 |
| 2020-12-04 |                    27332 |
+------------+--------------------------+
5 rows in set (0.06 sec)

Query OK, 0 rows affected (0.02 sec)

Query OK, 286920 rows affected (7 min 36.77 sec)
Records: 286920  Duplicates: 0  Warnings: 0

Query OK, 0 rows affected (0.97 sec)
Records: 0  Duplicates: 0  Warnings: 0

Query OK, 0 rows affected (1.07 sec)
Records: 0  Duplicates: 0  Warnings: 0

Query OK, 0 rows affected (1.02 sec)
Records: 0  Duplicates: 0  Warnings: 0

Query OK, 0 rows affected (0.01 sec)

Query OK, 234 rows affected (0.43 sec)
Records: 234  Duplicates: 0  Warnings: 0

Query OK, 0 rows affected (0.01 sec)

Query OK, 2644 rows affected (0.54 sec)
Records: 2644  Duplicates: 0  Warnings: 0

Query OK, 0 rows affected (0.01 sec)

Query OK, 27248 rows affected (0.53 sec)
Records: 27248  Duplicates: 0  Warnings: 0

Query OK, 0 rows affected (0.02 sec)

Query OK, 17098 rows affected (0.32 sec)
Records: 17098  Duplicates: 0  Warnings: 0

Query OK, 0 rows affected (0.01 sec)

Query OK, 17098 rows affected (0.11 sec)
Records: 17098  Duplicates: 0  Warnings: 0

Query OK, 0 rows affected (0.01 sec)

Query OK, 17098 rows affected (1.05 sec)
Records: 17098  Duplicates: 0  Warnings: 0

Query OK, 0 rows affected (0.01 sec)

Query OK, 17098 rows affected (42.77 sec)
Records: 17098  Duplicates: 0  Warnings: 0

+-------------+
| clientstats |
+-------------+
|       17098 |
+-------------+
1 row in set (0.01 sec)

Query OK, 0 rows affected (0.01 sec)

Query OK, 13 rows affected, 1 warning (0.09 sec)
Records: 13  Duplicates: 0  Warnings: 1

+-----------------------+-------------+-------------+----------------+-----------------+
| services              | activecount | allaccounts | uniqueaccounts | uniquecontracts |
+-----------------------+-------------+-------------+----------------+-----------------+
| All                   |         354 |          59 |             59 |             187 |
| Internet & Voice      |         370 |         167 |            166 |             326 |
| Internet Only         |        4346 |        4224 |           4218 |            4267 |
| OTT Only              |           1 |           1 |              1 |               1 |
| TV & Internet         |        9453 |        4285 |           4279 |            8702 |
| TV & Internet & OTT   |        3199 |         812 |            810 |            1687 |
| TV & Internet & Voice |         503 |         150 |            150 |             460 |
| TV & OTT              |         503 |          74 |             73 |              93 |
| TV & Voice            |          98 |          44 |             44 |              92 |
| TV & Voice & OTT      |           3 |           1 |              1 |               2 |
| TV Only               |        8979 |        7140 |           7128 |            7334 |
| Voice Only            |         143 |         141 |            141 |             143 |
| GRAND TOTAL           |       27952 |       17098 |          17031 |           23294 |
+-----------------------+-------------+-------------+----------------+-----------------+
13 rows in set (0.00 sec)

+-------------+-------------+-------------+----------------+-----------------+
| network     | activecount | allaccounts | uniqueaccounts | uniquecontracts |
+-------------+-------------+-------------+----------------+-----------------+
| GPON        |       10147 |        5216 |           5213 |            8097 |
| HFC         |       17805 |       11882 |          11882 |           15197 |
| GRAND TOTAL |       27952 |       17098 |          17031 |           23294 |
+-------------+-------------+-------------+----------------+-----------------+
3 rows in set, 1 warning (0.11 sec)

+-------------+-----------------------+-------------+-------------+----------------+-----------------+
| network     | services              | activecount | allaccounts | uniqueaccounts | uniquecontracts |
+-------------+-----------------------+-------------+-------------+----------------+-----------------+
| GPON        | All                   |         208 |          36 |             36 |             112 |
| GPON        | Internet & Voice      |          74 |          31 |             31 |              64 |
| GPON        | Internet Only         |        1300 |        1197 |           1197 |            1222 |
| GPON        | TV & Internet         |        4258 |        1893 |           1893 |            3871 |
| GPON        | TV & Internet & OTT   |        1883 |         469 |            469 |             981 |
| GPON        | TV & Internet & Voice |         224 |          65 |             65 |             203 |
| GPON        | TV & OTT              |         264 |          37 |             37 |              44 |
| GPON        | TV & Voice            |          60 |          26 |             26 |              56 |
| GPON        | TV & Voice & OTT      |           3 |           1 |              1 |               2 |
| GPON        | TV Only               |        1860 |        1449 |           1449 |            1529 |
| GPON        | Voice Only            |          13 |          12 |             12 |              13 |
| GPON        | Services Total        |       10147 |        5216 |           5213 |            8097 |
| HFC         | All                   |         146 |          23 |             23 |              75 |
| HFC         | Internet & Voice      |         296 |         136 |            136 |             262 |
| HFC         | Internet Only         |        3046 |        3027 |           3027 |            3045 |
| HFC         | OTT Only              |           1 |           1 |              1 |               1 |
| HFC         | TV & Internet         |        5195 |        2392 |           2392 |            4831 |
| HFC         | TV & Internet & OTT   |        1316 |         343 |            343 |             706 |
| HFC         | TV & Internet & Voice |         279 |          85 |             85 |             257 |
| HFC         | TV & OTT              |         239 |          37 |             37 |              49 |
| HFC         | TV & Voice            |          38 |          18 |             18 |              36 |
| HFC         | TV Only               |        7119 |        5691 |           5691 |            5805 |
| HFC         | Voice Only            |         130 |         129 |            129 |             130 |
| HFC         | Services Total        |       17805 |       11882 |          11882 |           15197 |
| GRAND TOTAL | Services Total        |       27952 |       17098 |          17031 |           23294 |
+-------------+-----------------------+-------------+-------------+----------------+-----------------+
25 rows in set, 2 warnings (0.12 sec)

Query OK, 0 rows affected (0.01 sec)

Query OK, 44 rows affected, 3 warnings (0.16 sec)
Records: 44  Duplicates: 0  Warnings: 3

+-------------+---------------+-----------------------+-------------+-------------+----------------+-----------------+
| region      | network       | services              | activecount | allaccounts | uniqueaccounts | uniquecontracts |
+-------------+---------------+-----------------------+-------------+-------------+----------------+-----------------+
| Eden Island | GPON          | TV & Internet         |           2 |           1 |              1 |               2 |
| Eden Island | GPON          | Services Total        |           2 |           1 |              1 |               2 |
| Eden Island | Network Total | Services Total        |           2 |           1 |              1 |               2 |
| Mahe        | GPON          | All                   |         183 |          32 |             32 |             100 |
| Mahe        | GPON          | Internet & Voice      |          62 |          25 |             25 |              52 |
| Mahe        | GPON          | Internet Only         |        1058 |         955 |            955 |             980 |
| Mahe        | GPON          | TV & Internet         |        3477 |        1540 |           1540 |            3147 |
| Mahe        | GPON          | TV & Internet & OTT   |        1491 |         362 |            362 |             761 |
| Mahe        | GPON          | TV & Internet & Voice |         211 |          61 |             61 |             190 |
| Mahe        | GPON          | TV & OTT              |         245 |          28 |             28 |              35 |
| Mahe        | GPON          | TV & Voice            |          58 |          25 |             25 |              54 |
| Mahe        | GPON          | TV & Voice & OTT      |           3 |           1 |              1 |               2 |
| Mahe        | GPON          | TV Only               |        1497 |        1153 |           1153 |            1218 |
| Mahe        | GPON          | Voice Only            |          11 |          10 |             10 |              11 |
| Mahe        | GPON          | Services Total        |        8296 |        4192 |           4192 |            6550 |
| Mahe        | HFC           | All                   |         146 |          23 |             23 |              75 |
| Mahe        | HFC           | Internet & Voice      |         296 |         136 |            136 |             262 |
| Mahe        | HFC           | Internet Only         |        3045 |        3026 |           3026 |            3044 |
| Mahe        | HFC           | OTT Only              |           1 |           1 |              1 |               1 |
| Mahe        | HFC           | TV & Internet         |        5195 |        2392 |           2392 |            4831 |
| Mahe        | HFC           | TV & Internet & OTT   |        1316 |         343 |            343 |             706 |
| Mahe        | HFC           | TV & Internet & Voice |         279 |          85 |             85 |             257 |
| Mahe        | HFC           | TV & OTT              |         239 |          37 |             37 |              49 |
| Mahe        | HFC           | TV & Voice            |          38 |          18 |             18 |              36 |
| Mahe        | HFC           | TV Only               |        7114 |        5688 |           5688 |            5802 |
| Mahe        | HFC           | Voice Only            |         130 |         129 |            129 |             130 |
| Mahe        | HFC           | Services Total        |       17799 |       11878 |          11878 |           15193 |
| Mahe        | Network Total | Services Total        |       26095 |       16070 |          16007 |           21743 |
| Praslin     | GPON          | All                   |          25 |           4 |              4 |              12 |
| Praslin     | GPON          | Internet & Voice      |          12 |           6 |              6 |              12 |
| Praslin     | GPON          | Internet Only         |         242 |         242 |            242 |             242 |
| Praslin     | GPON          | TV & Internet         |         779 |         352 |            352 |             722 |
| Praslin     | GPON          | TV & Internet & OTT   |         392 |         107 |            107 |             220 |
| Praslin     | GPON          | TV & Internet & Voice |          13 |           4 |              4 |              13 |
| Praslin     | GPON          | TV & OTT              |          19 |           9 |              9 |               9 |
| Praslin     | GPON          | TV & Voice            |           2 |           1 |              1 |               2 |
| Praslin     | GPON          | TV Only               |         363 |         296 |            296 |             311 |
| Praslin     | GPON          | Voice Only            |           2 |           2 |              2 |               2 |
| Praslin     | GPON          | Services Total        |        1849 |        1023 |           1023 |            1545 |
| Praslin     | HFC           | Internet Only         |           1 |           1 |              1 |               1 |
| Praslin     | HFC           | TV Only               |           5 |           3 |              3 |               3 |
| Praslin     | HFC           | Services Total        |           6 |           4 |              4 |               4 |
| Praslin     | Network Total | Services Total        |        1855 |        1027 |           1026 |            1549 |
| GRAND TOTAL | Network Total | Services Total        |       27952 |       17098 |          17031 |           23294 |
+-------------+---------------+-----------------------+-------------+-------------+----------------+-----------------+
44 rows in set (0.00 sec)

Query OK, 0 rows affected (0.01 sec)

Query OK, 27249 rows affected (0.42 sec)
Records: 27249  Duplicates: 0  Warnings: 0

Query OK, 0 rows affected (0.01 sec)

Query OK, 2202 rows affected (1.51 sec)
Records: 2202  Duplicates: 0  Warnings: 0

+--------------------------------------+
| message                              |
+--------------------------------------+
| running rcbill_my.sp_ActiveNumber2() |
+--------------------------------------+
1 row in set (0.00 sec)

Query OK, 365 rows affected (1 min 50.09 sec)

mysql> mysql \. C:\workspace\cloud\code\sql\_DailyScript\currenttime.sql
+---------------------+
| currenttime         |
+---------------------+
| 2020-12-09 09:38:09 |
+---------------------+
1 row in set (0.00 sec)

mysql> 
mysql> mysql \. C:\workspace\cloud\code\sql\_DailyScript\GetActiveNumbers Average -Pivot.sql
Database changed
+-------------------------------------+
| @today := subdate(current_date(),1) |
+-------------------------------------+
| 2020-12-08                          |
+-------------------------------------+
1 row in set (0.00 sec)

+-------------------------------------+
| @lastdayofmonth := last_day(@today) |
+-------------------------------------+
| 2020-12-31                          |
+-------------------------------------+
1 row in set (0.00 sec)

Query OK, 0 rows affected (0.01 sec)

Query OK, 43971 rows affected, 65535 warnings (55.51 sec)
Records: 43971  Duplicates: 0  Warnings: 89206

Query OK, 0 rows affected (0.09 sec)
Records: 0  Duplicates: 0  Warnings: 0

Query OK, 0 rows affected (0.12 sec)
Records: 0  Duplicates: 0  Warnings: 0

Query OK, 0 rows affected (0.10 sec)
Records: 0  Duplicates: 0  Warnings: 0

+-----------------+
| activenumberavg |
+-----------------+
|           43971 |
+-----------------+
1 row in set (0.01 sec)

Query OK, 0 rows affected (0.01 sec)

Query OK, 1931 rows affected (0.49 sec)
Records: 1931  Duplicates: 0  Warnings: 0

+---------------------+
| rep_activenumberavg |
+---------------------+
|                1931 |
+---------------------+
1 row in set (0.00 sec)

+----------------------+
| rep_activenumberavg1 |
+----------------------+
|                  903 |
+----------------------+
1 row in set (0.00 sec)

Query OK, 0 rows affected (0.01 sec)

Query OK, 2300 rows affected (0.40 sec)
Records: 2300  Duplicates: 0  Warnings: 0

Query OK, 0 rows affected (0.01 sec)

Query OK, 11800 rows affected (0.71 sec)
Records: 11800  Duplicates: 0  Warnings: 0

Query OK, 0 rows affected (0.00 sec)

Query OK, 0 rows affected (0.00 sec)

Query OK, 0 rows affected (0.01 sec)

Query OK, 0 rows affected (0.00 sec)

Query OK, 0 rows affected (0.00 sec)
Statement prepared

Query OK, 53 rows affected (0.04 sec)
Records: 53  Duplicates: 0  Warnings: 0

Query OK, 0 rows affected (0.00 sec)

Query OK, 0 rows affected (0.00 sec)

+----------------------+
| rep_activenumberavg2 |
+----------------------+
|                 2300 |
+----------------------+
1 row in set (0.00 sec)

+------------------------+
| rep_activenumberavg_pv |
+------------------------+
|                     53 |
+------------------------+
1 row in set (0.00 sec)

Query OK, 0 rows affected (0.01 sec)

Query OK, 2299 rows affected (0.34 sec)
Records: 2299  Duplicates: 0  Warnings: 0

Query OK, 0 rows affected (0.00 sec)

Query OK, 0 rows affected (0.01 sec)

Query OK, 0 rows affected (0.01 sec)

Query OK, 0 rows affected (0.00 sec)

Query OK, 0 rows affected (0.00 sec)
Statement prepared

Query OK, 53 rows affected (0.04 sec)
Records: 53  Duplicates: 0  Warnings: 0

Query OK, 0 rows affected (0.00 sec)

Query OK, 0 rows affected (0.00 sec)

+-------------------------+
| rep_activenumberavgMahe |
+-------------------------+
|                    2299 |
+-------------------------+
1 row in set (0.00 sec)

+----------------------------+
| rep_activenumberavgMahe_pv |
+----------------------------+
|                         53 |
+----------------------------+
1 row in set (0.00 sec)

Query OK, 0 rows affected (0.01 sec)

Query OK, 1464 rows affected (0.15 sec)
Records: 1464  Duplicates: 0  Warnings: 0

Query OK, 0 rows affected (0.00 sec)

Query OK, 0 rows affected (0.00 sec)

Query OK, 0 rows affected (0.00 sec)

Query OK, 0 rows affected (0.00 sec)

Query OK, 0 rows affected (0.00 sec)
Statement prepared

Query OK, 40 rows affected (0.04 sec)
Records: 40  Duplicates: 0  Warnings: 0

Query OK, 0 rows affected (0.00 sec)

Query OK, 0 rows affected (0.00 sec)

+----------------------------+
| rep_activenumberavgPraslin |
+----------------------------+
|                       1464 |
+----------------------------+
1 row in set (0.00 sec)

+-------------------------------+
| rep_activenumberavgPraslin_pv |
+-------------------------------+
|                            40 |
+-------------------------------+
1 row in set (0.00 sec)

mysql> mysql \. C:\workspace\cloud\code\sql\_DailyScript\currenttime.sql
+---------------------+
| currenttime         |
+---------------------+
| 2020-12-09 09:39:07 |
+---------------------+
1 row in set (0.00 sec)

mysql> 
mysql> mysql \. C:\workspace\cloud\code\sql\_DailyScript\budget_actual_analysis_2020.sql
Query OK, 0 rows affected (0.00 sec)

Query OK, 1046 rows affected, 3 warnings (0.25 sec)
Records: 1046  Duplicates: 0  Warnings: 3

+--------------------+
| budget_actual_2020 |
+--------------------+
|               1046 |
+--------------------+
1 row in set (0.00 sec)

Query OK, 0 rows affected (0.00 sec)

Query OK, 48 rows affected (0.04 sec)
Records: 48  Duplicates: 0  Warnings: 0

+---------------------------+
| rep_budget_actual_2020_pv |
+---------------------------+
|                        48 |
+---------------------------+
1 row in set (0.00 sec)

mysql> mysql \. C:\workspace\cloud\code\sql\_DailyScript\currenttime.sql
+---------------------+
| currenttime         |
+---------------------+
| 2020-12-09 09:39:08 |
+---------------------+
1 row in set (0.00 sec)

mysql> 
mysql> mysql \. C:\workspace\cloud\code\sql\_DailyScript\reports-sales-addons-prepaid-camera.sql
Database changed
Query OK, 0 rows affected (0.00 sec)

Query OK, 4211 rows affected (0.19 sec)
Records: 4211  Duplicates: 0  Warnings: 0

Query OK, 0 rows affected (0.01 sec)

Query OK, 21364 rows affected (16.47 sec)
Records: 21364  Duplicates: 0  Warnings: 0

+--------------------+
| rep_prepaid_camera |
+--------------------+
|               4211 |
+--------------------+
1 row in set (0.01 sec)

+-----------+
| rep_addon |
+-----------+
|     21364 |
+-----------+
1 row in set (0.01 sec)

mysql> mysql \. C:\workspace\cloud\code\sql\_DailyScript\currenttime.sql
+---------------------+
| currenttime         |
+---------------------+
| 2020-12-09 09:39:24 |
+---------------------+
1 row in set (0.00 sec)

mysql> 
mysql> mysql \. C:\workspace\cloud\code\sql\_DailyScript\RCB_ClientAnalyticsReport_Script.sql
Database changed
Query OK, 0 rows affected (0.00 sec)

Query OK, 0 rows affected (0.04 sec)

Query OK, 1998800 rows affected (1 min 52.45 sec)
Records: 1998800  Duplicates: 0  Warnings: 0

Query OK, 0 rows affected (5.64 sec)
Records: 0  Duplicates: 0  Warnings: 0

Query OK, 0 rows affected (4.76 sec)
Records: 0  Duplicates: 0  Warnings: 0

Query OK, 0 rows affected (7.79 sec)
Records: 0  Duplicates: 0  Warnings: 0

Query OK, 0 rows affected (8.30 sec)
Records: 0  Duplicates: 0  Warnings: 0

Query OK, 0 rows affected (8.89 sec)
Records: 0  Duplicates: 0  Warnings: 0

Query OK, 0 rows affected (7.30 sec)
Records: 0  Duplicates: 0  Warnings: 0

Query OK, 0 rows affected (0.00 sec)

Query OK, 498203 rows affected (15.42 sec)
Rows matched: 1998800  Changed: 498203  Warnings: 0

Query OK, 0 rows affected (0.01 sec)

Query OK, 28135 rows affected (3.84 sec)
Records: 28135  Duplicates: 0  Warnings: 0

Query OK, 0 rows affected (0.01 sec)

Query OK, 44402 rows affected (10 min 17.34 sec)
Records: 44402  Duplicates: 0  Warnings: 0

Query OK, 0 rows affected (0.19 sec)
Records: 0  Duplicates: 0  Warnings: 0

Query OK, 0 rows affected (0.27 sec)
Records: 0  Duplicates: 0  Warnings: 0

Query OK, 0 rows affected (0.09 sec)
Records: 0  Duplicates: 0  Warnings: 0

Query OK, 0 rows affected (0.02 sec)

Query OK, 464787 rows affected (14 min 52.50 sec)
Records: 464787  Duplicates: 0  Warnings: 0

Query OK, 0 rows affected (1.52 sec)
Records: 0  Duplicates: 0  Warnings: 0

Query OK, 0 rows affected (1.54 sec)
Records: 0  Duplicates: 0  Warnings: 0

Query OK, 0 rows affected (0.86 sec)
Records: 0  Duplicates: 0  Warnings: 0

Query OK, 0 rows affected (1.83 sec)
Records: 0  Duplicates: 0  Warnings: 0

Query OK, 0 rows affected (1.68 sec)
Records: 0  Duplicates: 0  Warnings: 0

Query OK, 0 rows affected (0.01 sec)

Query OK, 44402 rows affected (1 min 24.53 sec)
Records: 44402  Duplicates: 0  Warnings: 0

+--------------+
| clientreport |
+--------------+
|        44402 |
+--------------+
1 row in set (0.02 sec)

Query OK, 0 rows affected (0.01 sec)

Query OK, 44402 rows affected (5.63 sec)
Records: 44402  Duplicates: 0  Warnings: 0

+----------------------+
| clientextendedreport |
+----------------------+
|                44402 |
+----------------------+
1 row in set (0.01 sec)

Query OK, 0 rows affected (0.01 sec)

Query OK, 44402 rows affected (1 min 1.23 sec)
Records: 44402  Duplicates: 0  Warnings: 0

+---------+
| allcust |
+---------+
|   44402 |
+---------+
1 row in set (0.01 sec)

Query OK, 0 rows affected, 1 warning (0.00 sec)

Query OK, 5000 rows affected (0.13 sec)
Records: 5000  Duplicates: 0  Warnings: 0

Query OK, 0 rows affected (0.01 sec)

Query OK, 6869 rows affected (0.28 sec)
Records: 6869  Duplicates: 0  Warnings: 0

Query OK, 0 rows affected, 1 warning (0.00 sec)

Query OK, 5000 rows affected (0.14 sec)
Records: 5000  Duplicates: 0  Warnings: 0

Query OK, 0 rows affected (0.01 sec)

Query OK, 7282 rows affected (0.18 sec)
Records: 7282  Duplicates: 0  Warnings: 0

mysql> mysql \. C:\workspace\cloud\code\sql\_DailyScript\currenttime.sql
+---------------------+
| currenttime         |
+---------------------+
| 2020-12-09 10:10:09 |
+---------------------+
1 row in set (0.00 sec)

mysql> 
mysql> 
mysql> mysql \. C:\workspace\cloud\code\sql\_DailyScript\REVENUE_PER_NODE_MXK.sql
Query OK, 0 rows affected (0.01 sec)

Query OK, 0 rows affected (0.01 sec)

Query OK, 0 rows affected (0.01 sec)

Query OK, 7136 rows affected (2.19 sec)
Records: 7136  Duplicates: 0  Warnings: 0

+----------------------+
| message              |
+----------------------+
| created temp table a |
+----------------------+
1 row in set (0.00 sec)

Query OK, 6786 rows affected (0.94 sec)
Records: 6786  Duplicates: 0  Warnings: 0

+----------------------+
| message              |
+----------------------+
| created temp table b |
+----------------------+
1 row in set (0.00 sec)

Query OK, 0 rows affected, 1 warning (0.00 sec)

Query OK, 7443 rows affected (15.17 sec)
Records: 7443  Duplicates: 0  Warnings: 0

+--------------------------------+
| message                        |
+--------------------------------+
| created rcbill_my.tempcustmxk1 |
+--------------------------------+
1 row in set (0.00 sec)

Query OK, 0 rows affected (0.01 sec)

Query OK, 0 rows affected (0.00 sec)

Query OK, 0 rows affected, 1 warning (0.00 sec)

Query OK, 7136 rows affected (1.54 sec)
Records: 7136  Duplicates: 0  Warnings: 0

+----------------+
| message        |
+----------------+
| created temp a |
+----------------+
1 row in set (0.00 sec)

Query OK, 6786 rows affected (0.83 sec)
Records: 6786  Duplicates: 0  Warnings: 0

+----------------+
| message        |
+----------------+
| created temp b |
+----------------+
1 row in set (0.00 sec)

Query OK, 0 rows affected, 1 warning (0.00 sec)

Query OK, 6888 rows affected (9.93 sec)
Records: 6888  Duplicates: 0  Warnings: 0

+--------------------------------+
| message                        |
+--------------------------------+
| created rcbill_my.tempcustmxk2 |
+--------------------------------+
1 row in set (0.00 sec)

Query OK, 0 rows affected (0.01 sec)

Query OK, 0 rows affected (0.00 sec)

Query OK, 0 rows affected, 1 warning (0.00 sec)

Query OK, 0 rows affected (0.01 sec)

Query OK, 8310 rows affected (0.35 sec)
Records: 8310  Duplicates: 0  Warnings: 0

+---------------------------------+
| message                         |
+---------------------------------+
| created rcbill_my.customers_mxk |
+---------------------------------+
1 row in set (0.00 sec)

Query OK, 0 rows affected (0.01 sec)

Query OK, 0 rows affected (0.01 sec)

Query OK, 14397 rows affected (5.51 sec)
Records: 14397  Duplicates: 0  Warnings: 0

+----------------+
| message        |
+----------------+
| created temp a |
+----------------+
1 row in set (0.00 sec)

Query OK, 19193 rows affected (1.72 sec)
Records: 19193  Duplicates: 0  Warnings: 0

+----------------+
| message        |
+----------------+
| created temp c |
+----------------+
1 row in set (0.00 sec)

Query OK, 0 rows affected, 1 warning (0.00 sec)

Query OK, 27336 rows affected (0.29 sec)
Records: 27336  Duplicates: 0  Warnings: 0

+---------------------------------+
| message                         |
+---------------------------------+
| created rcbill_my.tempcustcmts1 |
+---------------------------------+
1 row in set (0.00 sec)

Query OK, 0 rows affected (0.01 sec)

Query OK, 0 rows affected, 1 warning (0.00 sec)

Query OK, 0 rows affected (0.01 sec)

Query OK, 14397 rows affected (5.64 sec)
Records: 14397  Duplicates: 0  Warnings: 0

+----------------+
| message        |
+----------------+
| created temp a |
+----------------+
1 row in set (0.00 sec)

Query OK, 19193 rows affected (1.68 sec)
Records: 19193  Duplicates: 0  Warnings: 0

+----------------+
| message        |
+----------------+
| created temp c |
+----------------+
1 row in set (0.00 sec)

Query OK, 0 rows affected, 1 warning (0.00 sec)

Query OK, 19812 rows affected (0.25 sec)
Records: 19812  Duplicates: 0  Warnings: 0

+---------------------------------+
| message                         |
+---------------------------------+
| created rcbill_my.tempcustcmts2 |
+---------------------------------+
1 row in set (0.00 sec)

Query OK, 0 rows affected (0.01 sec)

Query OK, 0 rows affected, 1 warning (0.00 sec)

Query OK, 0 rows affected (0.01 sec)

Query OK, 0 rows affected (0.01 sec)

Query OK, 14452 rows affected (0.95 sec)
Records: 14452  Duplicates: 0  Warnings: 0

+----------------------------------+
| message                          |
+----------------------------------+
| created rcbill_my.customers_cmts |
+----------------------------------+
1 row in set (0.00 sec)

Query OK, 0 rows affected (0.01 sec)

Query OK, 0 rows affected (0.01 sec)

Query OK, 0 rows affected (0.01 sec)

Query OK, 18789 rows affected (0.84 sec)
Records: 18789  Duplicates: 0  Warnings: 0

+--------------------------------------+
| message                              |
+--------------------------------------+
| created rcbill_my.customers_cmts_mxk |
+--------------------------------------+
1 row in set (0.00 sec)

Query OK, 493096 rows affected (58.66 sec)
Records: 493096  Duplicates: 0  Warnings: 0

+----------------+
| message        |
+----------------+
| created temp a |
+----------------+
1 row in set (0.00 sec)

Query OK, 0 rows affected (0.02 sec)

Query OK, 493832 rows affected (10.75 sec)
Records: 493832  Duplicates: 0  Warnings: 0

+------------------------------------------------+
| message                                        |
+------------------------------------------------+
| created rcbill_my.customers_contracts_cmts_mxk |
+------------------------------------------------+
1 row in set (0.00 sec)

Query OK, 0 rows affected (0.03 sec)

Query OK, 0 rows affected, 1 warning (0.00 sec)

Query OK, 0 rows affected, 1 warning (0.00 sec)

Query OK, 0 rows affected (0.00 sec)

Query OK, 8343 rows affected (2.67 sec)
Rows matched: 8343  Changed: 8343  Warnings: 0

+------------------------------------------------+
| message                                        |
+------------------------------------------------+
| updated rcbill_my.customers_contracts_cmts_mxk |
+------------------------------------------------+
1 row in set (0.00 sec)

Query OK, 0 rows affected (0.06 sec)

Query OK, 2018348 rows affected (3 min 43.27 sec)
Records: 2018348  Duplicates: 0  Warnings: 0

+----------------------------------------+
| message                                |
+----------------------------------------+
| created rcbill_my.customers_collection |
+----------------------------------------+
1 row in set (0.00 sec)

Query OK, 0 rows affected (0.04 sec)

Query OK, 2331186 rows affected (1 min 51.79 sec)
Records: 2331186  Duplicates: 0  Warnings: 0

+------------------------------------------------+
| message                                        |
+------------------------------------------------+
| created rcbill_my.customers_cmts_mxk_cont_coll |
+------------------------------------------------+
1 row in set (0.00 sec)

Query OK, 0 rows affected (0.02 sec)

Query OK, 450430 rows affected (2 min 10.16 sec)
Records: 450430  Duplicates: 0  Warnings: 0

+--------------------------------------------------------+
| message                                                |
+--------------------------------------------------------+
| created rcbill_my.customers_contracts_collection_pivot |
+--------------------------------------------------------+
1 row in set (0.00 sec)

Query OK, 0 rows affected (0.01 sec)

Query OK, 40468 rows affected (2 min 21.94 sec)
Records: 40468  Duplicates: 0  Warnings: 0

+----------------------------------------------+
| message                                      |
+----------------------------------------------+
| created rcbill_my.customers_collection_pivot |
+----------------------------------------------+
1 row in set (0.00 sec)

Query OK, 0 rows affected (0.01 sec)

Query OK, 44402 rows affected (2.18 sec)
Records: 44402  Duplicates: 0  Warnings: 0

+--------------------------------------------+
| message                                    |
+--------------------------------------------+
| created rcbill_my.rep_customers_collection |
+--------------------------------------------+
1 row in set (0.00 sec)

Query OK, 0 rows affected (0.00 sec)

Query OK, 0 rows affected, 1 warning (0.00 sec)

Query OK, 458538 rows affected (12.69 sec)
Records: 458538  Duplicates: 0  Warnings: 0

+-------------------------+
| message                 |
+-------------------------+
| created rcbill_my.tempa |
+-------------------------+
1 row in set (0.00 sec)

Query OK, 0 rows affected, 1 warning (0.00 sec)

Query OK, 450430 rows affected (18.68 sec)
Records: 450430  Duplicates: 0  Warnings: 0

+-------------------------+
| message                 |
+-------------------------+
| created rcbill_my.tempb |
+-------------------------+
1 row in set (0.00 sec)

Query OK, 458538 rows affected (20.25 sec)
Records: 458538  Duplicates: 0  Warnings: 0

+-----------+
| message   |
+-----------+
| created a |
+-----------+
1 row in set (0.00 sec)

Query OK, 450435 rows affected (22.20 sec)
Records: 450435  Duplicates: 0  Warnings: 0

+-----------+
| message   |
+-----------+
| created b |
+-----------+
1 row in set (0.00 sec)

Query OK, 0 rows affected (0.02 sec)

Query OK, 0 rows affected (0.02 sec)

Query OK, 0 rows affected (0.03 sec)

Query OK, 495076 rows affected (53.37 sec)
Records: 495076  Duplicates: 0  Warnings: 0

+----------------------------------------------+
| message                                      |
+----------------------------------------------+
| created rcbill_my.cust_cont_payment_cmts_mxk |
+----------------------------------------------+
1 row in set (0.00 sec)

Query OK, 0 rows affected (0.02 sec)

Query OK, 0 rows affected (0.01 sec)

Query OK, 0 rows affected, 1 warning (0.00 sec)

Query OK, 0 rows affected (0.01 sec)

Query OK, 44402 rows affected (17.49 sec)
Records: 44402  Duplicates: 0  Warnings: 0

+--------------------------------------------------+
| message                                          |
+--------------------------------------------------+
| created rcbill_my.rep_cust_cont_payment_cmts_mxk |
+--------------------------------------------------+
1 row in set (0.00 sec)

Query OK, 0 rows affected, 1 warning (0.00 sec)

Query OK, 0 rows affected, 1 warning (0.00 sec)

Query OK, 0 rows affected (0.02 sec)

Query OK, 44402 rows affected, 5 warnings (7.70 sec)
Records: 44402  Duplicates: 0  Warnings: 5

+----------------------+
| rep_custconsolidated |
+----------------------+
|                44402 |
+----------------------+
1 row in set (0.47 sec)

Query OK, 0 rows affected (0.01 sec)

+------------------------------------+
| message                            |
+------------------------------------+
| creating rcbill_my.rep_custextract |
+------------------------------------+
1 row in set (0.00 sec)

Query OK, 44402 rows affected (1.17 sec)
Records: 44402  Duplicates: 0  Warnings: 0

+-----------------+
| rep_custextract |
+-----------------+
|           44402 |
+-----------------+
1 row in set (0.01 sec)

Query OK, 0 rows affected (0.00 sec)

Query OK, 0 rows affected (0.01 sec)

+----------------------------------------------+
| message                                      |
+----------------------------------------------+
| creating rcbill_my.retentioncustomeractivity |
+----------------------------------------------+
1 row in set (0.00 sec)

Query OK, 875 rows affected (0.09 sec)
Records: 875  Duplicates: 0  Warnings: 0

+---------------------------+
| retentioncustomeractivity |
+---------------------------+
|                       875 |
+---------------------------+
1 row in set (0.00 sec)

+-----------+------------------------------------+------------+-------------+-----------------+------------------+---------------------+-------------------+
| HFC_NODE  | NODENAME                           | CMTS_DATE  | INSERTED_ON | UNIQUE_ACCOUNTS | UNIQUE_CONTRACTS | UNIQUE_MAC_INRCBOSS | UNIQUE_MAC_INCMTS |
+-----------+------------------------------------+------------+-------------+-----------------+------------------+---------------------+-------------------+
| NULL      | NULL                               | NULL       | 2020-12-09  |            7018 |             7401 |                7450 |                 0 |
| C5/0/0/U0 | ANSE-BOILEAU-2                     | 2020-11-23 | 2020-12-09  |             194 |              199 |                 194 |               194 |
| C5/0/0/U1 | 500-C3-ANSE-BOILEAU                | 2020-11-23 | 2020-12-09  |             205 |              209 |                 205 |               205 |
| C5/0/1/U0 | 501-C4-LA-MISIERE-LEFT-I           | 2020-11-23 | 2020-12-09  |             157 |              161 |                 157 |               157 |
| C5/0/1/U1 | 501-C5-LA-MISIERE-RIGHT            | 2020-11-23 | 2020-12-09  |             112 |              114 |                 112 |               114 |
| C5/0/1/U2 | 501-C7-LA-MISIERE-LEFT-II          | 2020-11-23 | 2020-12-09  |             161 |              164 |                 161 |               162 |
| C5/0/2/U0 | 502-C8-LA-LOUISE                   | 2020-11-23 | 2020-12-09  |             139 |              139 |                 139 |               139 |
| C5/0/2/U1 | LA-LOUISE-2                        | 2020-11-23 | 2020-12-09  |             142 |              144 |                 142 |               144 |
| C5/0/3/U0 | 504-C6-PETIT-PARIS                 | 2020-11-23 | 2020-12-09  |             160 |              164 |                 160 |               161 |
| C5/0/3/U1 | PETIT-PARIS-23                     | 2020-11-23 | 2020-12-09  |              76 |               78 |                  76 |                76 |
| C5/0/4/U0 | FOUR-SEASONS                       | 2020-11-23 | 2020-12-09  |               3 |                4 |                   4 |                 5 |
| C5/0/4/U1 | ANCHOR-CAFE-I                      | 2020-11-23 | 2020-12-09  |             161 |              165 |                 161 |               162 |
| C5/0/4/U2 | ANCHOR-CAFE-II                     | 2020-11-23 | 2020-12-09  |             163 |              164 |                 163 |               164 |
| C5/1/0/U0 | POINTE-LARUE-AIRPORT-23            | 2020-11-23 | 2020-12-09  |             109 |              115 |                 110 |               111 |
| C5/1/0/U1 | PPROVIDENCE-23                     | 2020-11-23 | 2020-12-09  |              20 |               23 |                  21 |                21 |
| C5/1/0/U2 | ROSHE-CAIMAN-23                    | 2020-11-23 | 2020-12-09  |              12 |               13 |                  12 |                12 |
| C5/1/0/U3 | HEAD-OFFICE | HO-23                | 2020-11-23 | 2020-12-09  |              27 |               27 |                  27 |                30 |
| C5/1/1/U1 | C5-UNION-VALE                      | 2020-11-23 | 2020-12-09  |             203 |              206 |                 203 |               204 |
| C5/1/3/U0 | POINTE-LARUE-AIRPORT-27            | 2020-11-23 | 2020-12-09  |             152 |              153 |                 152 |               155 |
| C5/1/3/U1 | PPROVIDENCE-27                     | 2020-11-23 | 2020-12-09  |              27 |               27 |                  27 |                27 |
| C5/1/3/U2 | ROSHE-CAIMAN-27                    | 2020-11-23 | 2020-12-09  |              27 |               27 |                  27 |                27 |
| C5/1/3/U3 | HEAD-OFFICE | HO-27                | 2020-11-23 | 2020-12-09  |              17 |               18 |                  17 |                19 |
| C5/1/4/U0 | ANSE-ROYALE-27                     | 2020-11-23 | 2020-12-09  |             104 |              106 |                 104 |               104 |
| C5/1/4/U1 | GLACIS-2-57                        | 2020-11-23 | 2020-12-09  |              70 |               74 |                  70 |                71 |
| C5/1/4/U2 | NULL                               | 2020-11-23 | 2020-12-09  |             108 |              111 |                 108 |               108 |
| C5/1/4/U3 | GLACIS-1                           | 2020-11-23 | 2020-12-09  |              34 |               36 |                  34 |                34 |
| C6/0/1/U0 | SERRET-ROAD-RIGHT/CURIO/PASCAL     | 2020-11-23 | 2020-12-09  |             128 |              130 |                 128 |               128 |
| C6/0/1/U1 | SERRET-ROAD-LEFT/ST.LOUIS/TOWN     | 2020-11-23 | 2020-12-09  |              87 |               93 |                  87 |                87 |
| C6/0/1/U2 | SERRET-ROAD-RIGHT/CURIO/PASCAL-2   | 2020-11-23 | 2020-12-09  |             124 |              126 |                 124 |               124 |
| C6/0/1/U3 | SERRET-ROAD-LEFT/ST.LOUIS/TOWN-2   | 2020-11-23 | 2020-12-09  |              77 |               79 |                  77 |                78 |
| C6/0/2/U0 | SANS-SOUCIS-I                      | 2020-11-23 | 2020-12-09  |             101 |              103 |                 102 |               103 |
| C6/0/2/U1 | SANS-SOUCIS-II                     | 2020-11-23 | 2020-12-09  |             118 |              122 |                 118 |               119 |
| C6/0/2/U2 | BEL-AIR-27                         | 2020-11-23 | 2020-12-09  |              99 |              100 |                  99 |               100 |
| C6/0/2/U3 | BEL-AIR-38                         | 2020-11-23 | 2020-12-09  |              84 |               88 |                  84 |                84 |
| C6/0/3/U0 | LES-MAMELLES-23                    | 2020-11-23 | 2020-12-09  |              86 |               86 |                  86 |                88 |
| C6/0/3/U1 | VICTORIA-23                        | 2020-11-23 | 2020-12-09  |              25 |               26 |                  26 |                29 |
| C6/0/4/U0 | LES-MAMELLES-27                    | 2020-11-23 | 2020-12-09  |              68 |               69 |                  68 |                68 |
| C6/0/4/U1 | VICTORIA-27                        | 2020-11-23 | 2020-12-09  |              16 |               16 |                  16 |                16 |
| C7/1/0/U0 | LA-RETRAITE-23                     | 2020-11-23 | 2020-12-09  |              83 |               88 |                  84 |                88 |
| C7/1/0/U1 | TEA-FACTORY-23                     | 2020-11-23 | 2020-12-09  |              24 |               31 |                  26 |                27 |
| C7/1/0/U2 | PAS-23                             | 2020-11-23 | 2020-12-09  |             103 |              108 |                 104 |               104 |
| C7/1/1/U0 | REEF-ESTATE-23                     | 2020-11-23 | 2020-12-09  |              78 |               80 |                  78 |                78 |
| C7/1/2/U0 | LA-RETRAITE-27                     | 2020-11-23 | 2020-12-09  |              70 |               70 |                  70 |                71 |
| C7/1/2/U1 | TEA-FACTORY-27                     | 2020-11-23 | 2020-12-09  |              28 |               33 |                  29 |                29 |
| C7/1/2/U2 | PAS-27                             | 2020-11-23 | 2020-12-09  |              83 |               84 |                  83 |                85 |
| C7/1/3/U0 | MT-BUXTON-27                       | 2020-11-23 | 2020-12-09  |             158 |              161 |                 158 |               158 |
| C7/1/3/U1 | MT-BUXTON-23                       | 2020-11-23 | 2020-12-09  |              87 |               88 |                  87 |                87 |
| C7/1/4/U0 | REEF-ESTATE-27                     | 2020-11-23 | 2020-12-09  |              92 |               93 |                  92 |                93 |
| C8/0/0/U0 | POLICE-ACADEMY-1-27 - POINTE LARUE | 2020-11-23 | 2020-12-09  |             250 |              250 |                 250 |               250 |
| C8/0/0/U1 | NULL                               | 2020-11-23 | 2020-12-09  |              76 |               80 |                  76 |                78 |
| C8/0/1/U0 | NULL                               | 2020-11-23 | 2020-12-09  |             157 |              160 |                 156 |               157 |
| C8/0/1/U1 | POLICE-ACADEMY-2-27 - TURTLE BAY   | 2020-11-23 | 2020-12-09  |             190 |              194 |                 191 |               192 |
| C8/0/2/U0 | BEAU-VALLON-LEFT-1-57              | 2020-11-23 | 2020-12-09  |              12 |               13 |                  13 |                13 |
| C8/0/3/U1 | BEAU-VALLON-RIGHT-2-57             | 2020-11-23 | 2020-12-09  |              11 |               11 |                  11 |                11 |
| C8/1/0/U0 | MA-JOIE-NODE-27                    | 2020-11-23 | 2020-12-09  |              96 |               97 |                  96 |                97 |
| C8/1/0/U1 | BELONIE-27                         | 2020-11-23 | 2020-12-09  |             145 |              147 |                 144 |               145 |
| C8/1/0/U3 | MA-JOIE-NODE-23                    | 2020-11-23 | 2020-12-09  |              91 |               92 |                  90 |                90 |
| C8/1/1/U0 | 611-C1-ROJN I                      | 2020-11-23 | 2020-12-09  |             128 |              129 |                 128 |               129 |
| C8/1/1/U1 | 611-C5-ROJN II                     | 2020-11-23 | 2020-12-09  |             113 |              114 |                 113 |               114 |
| C8/1/2/U0 | 612-C2-ANSE-ETOILE                 | 2020-11-23 | 2020-12-09  |             103 |              104 |                 103 |               103 |
| C8/1/2/U1 | ANSE-ETOILE-U2                     | 2020-11-23 | 2020-12-09  |              70 |               70 |                  70 |                70 |
| C8/1/3/U0 | 613-C3-ANSE-GAULETTE I             | 2020-11-23 | 2020-12-09  |              79 |               86 |                  79 |                80 |
| C8/1/3/U1 | 613-C7-ANSE-GAULETTE II            | 2020-11-23 | 2020-12-09  |              76 |               79 |                  76 |                78 |
| C8/1/3/U2 | 613-C3-ANSE-GAULETTE III           | 2020-11-23 | 2020-12-09  |              41 |               42 |                  41 |                41 |
| C8/1/3/U3 | TAKAMAKA I                         | 2020-11-23 | 2020-12-09  |             107 |              109 |                 107 |               108 |
| C8/1/3/U4 | TAKAMAKA II                        | 2020-11-23 | 2020-12-09  |              94 |               96 |                  94 |                95 |
| C8/1/4/U0 | 614-BEOLIERE-NODE-1                | 2020-11-23 | 2020-12-09  |              94 |               95 |                  94 |                96 |
| C8/1/4/U1 | 614-BEOLIERE-NODE-2                | 2020-11-23 | 2020-12-09  |             141 |              145 |                 141 |               143 |
+-----------+------------------------------------+------------+-------------+-----------------+------------------+---------------------+-------------------+
68 rows in set (0.16 sec)

+-----------------------+------------+-------------+-----------------+------------------+----------------------+-------------------+
| MXK_NAME              | MXK_DATE   | INSERTED_ON | UNIQUE_ACCOUNTS | UNIQUE_CONTRACTS | UNIQUE_FSAN_INRCBOSS | UNIQUE_FSAN_INMXK |
+-----------------------+------------+-------------+-----------------+------------------+----------------------+-------------------+
| NULL                  | NULL       | 2020-12-09  |            1379 |             1419 |                 1407 |                 0 |
| MXK-MAHE-ANSEETOILE   | 2020-07-27 | 2020-12-09  |             378 |              382 |                  380 |               398 |
| MXK-MAHE-ANSEROYALE   | 2020-07-27 | 2020-12-09  |             174 |              174 |                  173 |               198 |
| MXK-MAHE-BEAUVALLON-1 | 2020-07-27 | 2020-12-09  |            1799 |             1823 |                 1814 |              1919 |
| MXK-MAHE-BEAUVALLON-2 | 2020-07-27 | 2020-12-09  |              25 |               25 |                   25 |                30 |
| MXK-MAHE-PERSEVERANCE | 2020-07-27 | 2020-12-09  |            1059 |             1070 |                 1071 |              1241 |
| MXK-MAHE-PROVIDENCE   | 2020-07-27 | 2020-12-09  |             989 |             1017 |                  944 |              1192 |
| MXK-PRASLIN-GRANDANSE | 2020-07-27 | 2020-12-09  |            1295 |             1298 |                 1291 |              1514 |
+-----------------------+------------+-------------+-----------------+------------------+----------------------+-------------------+
8 rows in set (0.11 sec)

mysql> mysql \. C:\workspace\cloud\code\sql\_DailyScript\currenttime.sql
+---------------------+
| currenttime         |
+---------------------+
| 2020-12-09 10:24:54 |
+---------------------+
1 row in set (0.00 sec)

mysql> 
mysql> mysql \. C:\workspace\cloud\code\sql\_DailyScript\housing-estate-analysis.sql
Database changed
Query OK, 0 rows affected (0.01 sec)

Query OK, 3667 rows affected (1 min 22.95 sec)
Records: 3667  Duplicates: 0  Warnings: 0

+--------------------+
| rep_housingestates |
+--------------------+
|               3667 |
+--------------------+
1 row in set (0.00 sec)

mysql> mysql \. C:\workspace\cloud\code\sql\_DailyScript\currenttime.sql
+---------------------+
| currenttime         |
+---------------------+
| 2020-12-09 10:26:17 |
+---------------------+
1 row in set (0.00 sec)

mysql> 
mysql> 
mysql> mysql \. C:\workspace\cloud\code\sql\Analysis\service_tickets_assignments.sql
Query OK, 0 rows affected (0.04 sec)

Query OK, 106094 rows affected (16.58 sec)
Records: 106094  Duplicates: 0  Warnings: 0

+-------------------------+
| rep_servicetickets_2020 |
+-------------------------+
|                  106094 |
+-------------------------+
1 row in set (2.24 sec)

mysql> mysql \. C:\workspace\cloud\code\sql\_DailyScript\currenttime.sql
+---------------------+
| currenttime         |
+---------------------+
| 2020-12-09 10:26:35 |
+---------------------+
1 row in set (0.00 sec)

mysql> 
mysql> mysql \. C:\workspace\cloud\code\sql\_DailyScript\DAILY-SCRIPT-USAGESTATS.sql
Database changed
Query OK, 0 rows affected (0.13 sec)

Query OK, 25541335 rows affected, 65535 warnings (11 min 52.93 sec)
Records: 25541335  Duplicates: 0  Warnings: 25534536

Query OK, 0 rows affected (1 min 7.64 sec)
Records: 0  Duplicates: 0  Warnings: 0

Query OK, 0 rows affected (1 min 6.65 sec)
Records: 0  Duplicates: 0  Warnings: 0

Query OK, 0 rows affected (1 min 6.63 sec)
Records: 0  Duplicates: 0  Warnings: 0

Query OK, 0 rows affected (1 min 0.16 sec)
Records: 0  Duplicates: 0  Warnings: 0

Query OK, 0 rows affected (1 min 37.38 sec)
Records: 0  Duplicates: 0  Warnings: 0

Query OK, 0 rows affected (1 min 42.54 sec)
Records: 0  Duplicates: 0  Warnings: 0

Query OK, 0 rows affected (1 min 33.30 sec)
Records: 0  Duplicates: 0  Warnings: 0

Query OK, 0 rows affected (1 min 5.25 sec)
Records: 0  Duplicates: 0  Warnings: 0

+----------+
| ipusage  |
+----------+
| 25541335 |
+----------+
1 row in set (8.18 sec)

Query OK, 0 rows affected (0.05 sec)

Query OK, 6417936 rows affected (6 min 7.95 sec)
Records: 6417936  Duplicates: 0  Warnings: 0

Query OK, 0 rows affected (20.29 sec)
Records: 0  Duplicates: 0  Warnings: 0

Query OK, 0 rows affected (16.24 sec)
Records: 0  Duplicates: 0  Warnings: 0

Query OK, 0 rows affected (20.39 sec)
Records: 0  Duplicates: 0  Warnings: 0

Query OK, 0 rows affected (25.19 sec)
Records: 0  Duplicates: 0  Warnings: 0

Query OK, 0 rows affected (19.22 sec)
Records: 0  Duplicates: 0  Warnings: 0

+------------------+
| clientcontractip |
+------------------+
|          6417936 |
+------------------+
1 row in set (1.79 sec)

Query OK, 0 rows affected (0.08 sec)

Query OK, 12560096 rows affected, 1 warning (41 min 23.34 sec)
Records: 12560096  Duplicates: 0  Warnings: 1

+-----------------------+
| clientcontractipusage |
+-----------------------+
|              12560096 |
+-----------------------+
1 row in set (7.58 sec)

Query OK, 0 rows affected (0.04 sec)

Query OK, 529222 rows affected (47.50 sec)
Records: 529222  Duplicates: 0  Warnings: 0

Query OK, 0 rows affected (1.64 sec)
Records: 0  Duplicates: 0  Warnings: 0

Query OK, 0 rows affected (1.49 sec)
Records: 0  Duplicates: 0  Warnings: 0

Query OK, 0 rows affected (1.80 sec)
Records: 0  Duplicates: 0  Warnings: 0

Query OK, 0 rows affected (0.91 sec)
Records: 0  Duplicates: 0  Warnings: 0

Query OK, 0 rows affected (1.00 sec)
Records: 0  Duplicates: 0  Warnings: 0

Query OK, 0 rows affected (1.01 sec)
Records: 0  Duplicates: 0  Warnings: 0

Query OK, 0 rows affected (1.00 sec)
Records: 0  Duplicates: 0  Warnings: 0

+-----------------------+
| clientcontractipmonth |
+-----------------------+
|                529222 |
+-----------------------+
1 row in set (0.14 sec)

mysql> mysql \. C:\workspace\cloud\code\sql\_DailyScript\currenttime.sql
+---------------------+
| currenttime         |
+---------------------+
| 2020-12-09 11:39:15 |
+---------------------+
1 row in set (0.00 sec)

mysql> 
mysql> exit
