    -> 
    -> mysql \. C:\workspace\cloud\code\sql\_DailyScript\_setdates.sql
Database changed
Query OK, 0 rows affected (0.00 sec)

Query OK, 0 rows affected (0.00 sec)

Query OK, 0 rows affected (0.00 sec)

Query OK, 0 rows affected (0.00 sec)

Query OK, 0 rows affected (0.00 sec)

Query OK, 0 rows affected (0.00 sec)

Query OK, 0 rows affected (0.00 sec)

Query OK, 0 rows affected (0.00 sec)

Query OK, 0 rows affected (0.00 sec)

Query OK, 0 rows affected (0.00 sec)

Query OK, 0 rows affected (0.00 sec)

Query OK, 0 rows affected (0.00 sec)

Query OK, 0 rows affected (0.00 sec)

Query OK, 0 rows affected (0.00 sec)

Query OK, 0 rows affected (0.00 sec)

Query OK, 0 rows affected (0.00 sec)

Query OK, 0 rows affected (0.00 sec)

Query OK, 0 rows affected (0.00 sec)

Query OK, 0 rows affected (0.00 sec)

Query OK, 0 rows affected (0.00 sec)

Query OK, 0 rows affected (0.00 sec)

mysql> mysql \. C:\workspace\cloud\code\sql\_DailyScript\currenttime.sql
+---------------------+
| currenttime         |
+---------------------+
| 2020-11-03 09:16:35 |
+---------------------+
1 row in set (0.00 sec)

mysql> 
mysql> mysql \. C:\workspace\cloud\code\sql\_DailyScript\load_RCB_VODTITLES.sql
Database changed
Query OK, 0 rows affected (0.00 sec)

Query OK, 13359 rows affected (0.17 sec)

Query OK, 13361 rows affected, 13361 warnings (0.27 sec)
Records: 13361  Deleted: 0  Skipped: 0  Warnings: 13361

Query OK, 0 rows affected (0.00 sec)

Query OK, 2 rows affected (0.01 sec)

+-----------+
| VODTITLES |
+-----------+
|     13819 |
+-----------+
1 row in set (0.01 sec)

+-----------+-----------+
| titletype | typecount |
+-----------+-----------+
| E         |     11257 |
| N         |       236 |
| T         |      1866 |
| NULL      |     13359 |
+-----------+-----------+
4 rows in set (0.04 sec)

mysql> mysql \. C:\workspace\cloud\code\sql\_DailyScript\currenttime.sql
+---------------------+
| currenttime         |
+---------------------+
| 2020-11-03 09:16:36 |
+---------------------+
1 row in set (0.00 sec)

mysql> 
mysql> mysql \. C:\workspace\cloud\code\sql\_DailyScript\DAILY-SCRIPT-LIVETV-STATS.sql
Database changed
Query OK, 0 rows affected (0.01 sec)

Query OK, 103700 rows affected (1.13 sec)
Records: 103700  Duplicates: 0  Warnings: 0

+------------+------------+----------+--------------+--------------+-----------+-------------+----------+--------+------+------------+---------+---------------+
| Table      | Non_unique | Key_name | Seq_in_index | Column_name  | Collation | Cardinality | Sub_part | Packed | Null | Index_type | Comment | Index_comment |
+------------+------------+----------+--------------+--------------+-----------+-------------+----------+--------+------+------------+---------+---------------+
| templivetv |          1 | idxtv1   |            1 | device       | A         |      104788 |     NULL | NULL   | YES  | BTREE      |         |               |
| templivetv |          1 | idxtv2   |            1 | sessionstart | A         |      104788 |     NULL | NULL   | YES  | BTREE      |         |               |
+------------+------------+----------+--------------+--------------+-----------+-------------+----------+--------+------+------------+---------+---------------+
2 rows in set (0.00 sec)

Query OK, 103887 rows affected (13.57 sec)
Records: 103887  Duplicates: 0  Warnings: 0

Query OK, 2779 rows affected (0.69 sec)
Records: 2779  Duplicates: 0  Warnings: 0

Query OK, 0 rows affected (0.00 sec)

Query OK, 0 rows affected (0.00 sec)

Query OK, 133 rows affected (0.03 sec)
Records: 133  Duplicates: 0  Warnings: 0

Query OK, 0 rows affected (0.01 sec)

Query OK, 40973 rows affected (2 min 7.02 sec)
Records: 40973  Duplicates: 0  Warnings: 0

+-----------------+
| rep_livetvstats |
+-----------------+
|           40973 |
+-----------------+
1 row in set (0.01 sec)

mysql> mysql \. C:\workspace\cloud\code\sql\_DailyScript\currenttime.sql
+---------------------+
| currenttime         |
+---------------------+
| 2020-11-03 09:18:58 |
+---------------------+
1 row in set (0.00 sec)

mysql> 
mysql> mysql \. C:\workspace\cloud\code\sql\_DailyScript\DAILY-SCRIPT-VODTS-STATS.sql
Database changed
Query OK, 0 rows affected (0.01 sec)

Query OK, 4687 rows affected (15.99 sec)
Records: 4687  Duplicates: 0  Warnings: 0

+---------+------------+----------+--------------+--------------+-----------+-------------+----------+--------+------+------------+---------+---------------+
| Table   | Non_unique | Key_name | Seq_in_index | Column_name  | Collation | Cardinality | Sub_part | Packed | Null | Index_type | Comment | Index_comment |
+---------+------------+----------+--------------+--------------+-----------+-------------+----------+--------+------+------------+---------+---------------+
| tempvod |          1 | idxtvod1 |            1 | device       | A         |        4527 |     NULL | NULL   | YES  | BTREE      |         |               |
| tempvod |          1 | idxtvod2 |            1 | sessionstart | A         |        4527 |     NULL | NULL   | YES  | BTREE      |         |               |
+---------+------------+----------+--------------+--------------+-----------+-------------+----------+--------+------+------------+---------+---------------+
2 rows in set (0.00 sec)

Query OK, 4687 rows affected (2.66 sec)
Records: 4687  Duplicates: 0  Warnings: 0

Query OK, 0 rows affected (0.01 sec)

Query OK, 859307 rows affected (1 min 9.75 sec)
Records: 859307  Duplicates: 0  Warnings: 0

+--------------+
| rep_vodstats |
+--------------+
|       859307 |
+--------------+
1 row in set (0.25 sec)

Database changed
Query OK, 0 rows affected (0.01 sec)

Query OK, 17289 rows affected (41.19 sec)
Records: 17289  Duplicates: 0  Warnings: 0

+--------+------------+----------+--------------+--------------+-----------+-------------+----------+--------+------+------------+---------+---------------+
| Table  | Non_unique | Key_name | Seq_in_index | Column_name  | Collation | Cardinality | Sub_part | Packed | Null | Index_type | Comment | Index_comment |
+--------+------------+----------+--------------+--------------+-----------+-------------+----------+--------+------+------------+---------+---------------+
| tempts |          1 | idxtts1  |            1 | device       | A         |       17390 |     NULL | NULL   | YES  | BTREE      |         |               |
| tempts |          1 | idxtts2  |            1 | sessionstart | A         |       17390 |     NULL | NULL   | YES  | BTREE      |         |               |
+--------+------------+----------+--------------+--------------+-----------+-------------+----------+--------+------+------------+---------+---------------+
2 rows in set (0.00 sec)

Query OK, 17296 rows affected (11.78 sec)
Records: 17296  Duplicates: 0  Warnings: 0

Query OK, 0 rows affected (0.01 sec)

Query OK, 40430 rows affected (40.20 sec)
Records: 40430  Duplicates: 0  Warnings: 0

+-------------+
| rep_tsstats |
+-------------+
|       40430 |
+-------------+
1 row in set (0.01 sec)

mysql> mysql \. C:\workspace\cloud\code\sql\_DailyScript\currenttime.sql
+---------------------+
| currenttime         |
+---------------------+
| 2020-11-03 09:22:00 |
+---------------------+
1 row in set (0.00 sec)

mysql> 
mysql> mysql \. C:\workspace\cloud\code\sql\_DailyScript\DAILY-SCRIPT-RADIO-STATS.sql
Database changed
Query OK, 0 rows affected (0.01 sec)

Query OK, 318654 rows affected (3.64 sec)
Records: 318654  Duplicates: 0  Warnings: 0

+-----------+------------+----------+--------------+--------------+-----------+-------------+----------+--------+------+------------+---------+---------------+
| Table     | Non_unique | Key_name | Seq_in_index | Column_name  | Collation | Cardinality | Sub_part | Packed | Null | Index_type | Comment | Index_comment |
+-----------+------------+----------+--------------+--------------+-----------+-------------+----------+--------+------+------------+---------+---------------+
| tempradio |          1 | idxtrad1 |            1 | device       | A         |      316230 |     NULL | NULL   | YES  | BTREE      |         |               |
| tempradio |          1 | idxtrad2 |            1 | sessionstart | A         |      316230 |     NULL | NULL   | YES  | BTREE      |         |               |
+-----------+------------+----------+--------------+--------------+-----------+-------------+----------+--------+------+------------+---------+---------------+
2 rows in set (0.00 sec)

Query OK, 242 rows affected (1.30 sec)
Records: 242  Duplicates: 0  Warnings: 0

Query OK, 0 rows affected (0.01 sec)

Query OK, 5431 rows affected (0.43 sec)
Records: 5431  Duplicates: 0  Warnings: 0

+----------------+
| rep_radiostats |
+----------------+
|           5431 |
+----------------+
1 row in set (0.00 sec)

mysql> mysql \. C:\workspace\cloud\code\sql\_DailyScript\currenttime.sql
+---------------------+
| currenttime         |
+---------------------+
| 2020-11-03 09:22:06 |
+---------------------+
1 row in set (0.00 sec)

mysql> 
mysql> mysql \. C:\workspace\cloud\code\sql\_DailyScript\DAILY_SCRIPT_TELEMETRY_PIVOT_2020.sql
Query OK, 0 rows affected (0.01 sec)

Query OK, 146 rows affected (0.18 sec)
Records: 146  Duplicates: 0  Warnings: 0

Query OK, 0 rows affected (0.01 sec)

Query OK, 10735 rows affected (2.56 sec)
Records: 10735  Duplicates: 0  Warnings: 0

Query OK, 0 rows affected (0.01 sec)

Query OK, 8 rows affected (0.02 sec)
Records: 8  Duplicates: 0  Warnings: 0

Query OK, 0 rows affected (0.01 sec)

Query OK, 47 rows affected (0.07 sec)
Records: 47  Duplicates: 0  Warnings: 0

mysql> mysql \. C:\workspace\cloud\code\sql\_DailyScript\currenttime.sql
+---------------------+
| currenttime         |
+---------------------+
| 2020-11-03 09:22:09 |
+---------------------+
1 row in set (0.00 sec)

mysql> 
mysql> mysql \. C:\workspace\cloud\code\sql\_DailyScript\telemetry_livetv_ranking2020.sql
Query OK, 0 rows affected (0.01 sec)

Query OK, 146 rows affected (0.02 sec)
Records: 146  Duplicates: 0  Warnings: 0

mysql> mysql \. C:\workspace\cloud\code\sql\_DailyScript\currenttime.sql
+---------------------+
| currenttime         |
+---------------------+
| 2020-11-03 09:22:09 |
+---------------------+
1 row in set (0.00 sec)

mysql> 
mysql> mysql \. C:\workspace\cloud\code\sql\_DailyScript\telemetry_radio_ranking2020.sql
Query OK, 0 rows affected (0.01 sec)

Query OK, 8 rows affected (0.01 sec)
Records: 8  Duplicates: 0  Warnings: 0

mysql> mysql \. C:\workspace\cloud\code\sql\_DailyScript\currenttime.sql
+---------------------+
| currenttime         |
+---------------------+
| 2020-11-03 09:22:09 |
+---------------------+
1 row in set (0.00 sec)

mysql> 
mysql> mysql \. C:\workspace\cloud\code\sql\_DailyScript\telemetry_ts_ranking2020.sql
Query OK, 0 rows affected (0.00 sec)

Query OK, 47 rows affected (0.01 sec)
Records: 47  Duplicates: 0  Warnings: 0

mysql> mysql \. C:\workspace\cloud\code\sql\_DailyScript\currenttime.sql
+---------------------+
| currenttime         |
+---------------------+
| 2020-11-03 09:22:09 |
+---------------------+
1 row in set (0.00 sec)

mysql> 
mysql> mysql \. C:\workspace\cloud\code\sql\_DailyScript\telemetry_vod_ranking2020.sql
Query OK, 0 rows affected (0.00 sec)

Query OK, 10735 rows affected (0.48 sec)
Records: 10735  Duplicates: 0  Warnings: 0

mysql> mysql \. C:\workspace\cloud\code\sql\_DailyScript\currenttime.sql
+---------------------+
| currenttime         |
+---------------------+
| 2020-11-03 09:22:09 |
+---------------------+
1 row in set (0.00 sec)

mysql> 
mysql> mysql \. C:\workspace\cloud\code\sql\_DailyScript\telemetry_vod_ranking2020_1.sql
Query OK, 0 rows affected (0.01 sec)

Query OK, 10735 rows affected (0.24 sec)
Records: 10735  Duplicates: 0  Warnings: 0

mysql> mysql \. C:\workspace\cloud\code\sql\_DailyScript\currenttime.sql
+---------------------+
| currenttime         |
+---------------------+
| 2020-11-03 09:22:09 |
+---------------------+
1 row in set (0.00 sec)

mysql> 
mysql> mysql \. C:\workspace\cloud\code\sql\_DailyScript\telemetry_vod_ranking2020_2.sql
Query OK, 0 rows affected (0.01 sec)

Query OK, 10735 rows affected (0.23 sec)
Records: 10735  Duplicates: 0  Warnings: 0

mysql> mysql \. C:\workspace\cloud\code\sql\_DailyScript\currenttime.sql
+---------------------+
| currenttime         |
+---------------------+
| 2020-11-03 09:22:10 |
+---------------------+
1 row in set (0.00 sec)

mysql> 
mysql> 
mysql> 
mysql> 
mysql> mysql \. C:\workspace\cloud\code\sql\_DailyScript\ticket_analysis.sql
Database changed
Query OK, 0 rows affected (0.02 sec)

Query OK, 707593 rows affected (24.20 sec)
Records: 707593  Duplicates: 0  Warnings: 0

Query OK, 0 rows affected (4.52 sec)
Records: 0  Duplicates: 0  Warnings: 0

Query OK, 0 rows affected (1.93 sec)
Records: 0  Duplicates: 0  Warnings: 0

Query OK, 0 rows affected (1.84 sec)
Records: 0  Duplicates: 0  Warnings: 0

Query OK, 0 rows affected (0.01 sec)

Query OK, 22711 rows affected (12.17 sec)
Records: 22711  Duplicates: 0  Warnings: 0

Query OK, 0 rows affected, 1 warning (0.00 sec)

Query OK, 100445 rows affected (6.94 sec)
Records: 100445  Duplicates: 0  Warnings: 0

Query OK, 0 rows affected, 1 warning (0.00 sec)

Query OK, 514554 rows affected (14.11 sec)
Records: 514554  Duplicates: 0  Warnings: 0

Query OK, 0 rows affected, 1 warning (0.00 sec)

Query OK, 514554 rows affected (14.37 sec)
Records: 514554  Duplicates: 0  Warnings: 0

Query OK, 0 rows affected (0.01 sec)

Query OK, 100536 rows affected (6.25 sec)
Records: 100536  Duplicates: 0  Warnings: 0

Database changed
Query OK, 0 rows affected (0.00 sec)

Query OK, 0 rows affected (0.07 sec)

Query OK, 707593 rows affected (22.93 sec)
Records: 707593  Duplicates: 0  Warnings: 0

Query OK, 0 rows affected (0.01 sec)

Query OK, 357486 rows affected (15.69 sec)
Records: 357486  Duplicates: 0  Warnings: 0

+--------------------------+
| clientticket_cmmtjourney |
+--------------------------+
|                   707593 |
+--------------------------+
1 row in set (2.35 sec)

+---------------------------+
| clientticket_assgnjourney |
+---------------------------+
|                    357486 |
+---------------------------+
1 row in set (0.40 sec)

Query OK, 0 rows affected (0.01 sec)

Query OK, 82 rows affected (0.09 sec)
Records: 82  Duplicates: 0  Warnings: 0

mysql> mysql \. C:\workspace\cloud\code\sql\_DailyScript\currenttime.sql
+---------------------+
| currenttime         |
+---------------------+
| 2020-11-03 09:24:18 |
+---------------------+
1 row in set (0.00 sec)

mysql> 
mysql> mysql \. C:\workspace\cloud\code\sql\_DailyScript\load_DailyCalls.sql
Database changed
Query OK, 3700 rows affected (0.40 sec)
Records: 3700  Deleted: 0  Skipped: 0  Warnings: 0

Query OK, 0 rows affected, 1 warning (0.00 sec)

Query OK, 3593 rows affected (0.05 sec)
Records: 3593  Duplicates: 0  Warnings: 0

Query OK, 0 rows affected, 1 warning (0.00 sec)

Query OK, 68014 rows affected (0.28 sec)
Records: 68014  Duplicates: 0  Warnings: 0

+----------------------+
| callingclientsbefore |
+----------------------+
|              1031788 |
+----------------------+
1 row in set (0.42 sec)

Query OK, 4938 rows affected (1 min 13.02 sec)
Records: 4938  Duplicates: 0  Warnings: 0

+---------------------+
| callingclientsafter |
+---------------------+
|             1036726 |
+---------------------+
1 row in set (0.28 sec)

Query OK, 0 rows affected (0.01 sec)

Query OK, 1900 rows affected (3.62 sec)
Records: 1900  Duplicates: 0  Warnings: 0

Query OK, 0 rows affected (0.00 sec)

Query OK, 20631 rows affected (3.20 sec)
Records: 20631  Duplicates: 0  Warnings: 0

+-----------+
| callstats |
+-----------+
|     20631 |
+-----------+
1 row in set (0.01 sec)

Query OK, 0 rows affected, 1 warning (0.00 sec)

Query OK, 4938 rows affected (2.87 sec)
Records: 4938  Duplicates: 0  Warnings: 0

+------------------------+
| rep_cccallreportbefore |
+------------------------+
|                1032498 |
+------------------------+
1 row in set (0.36 sec)

Query OK, 4938 rows affected (0.68 sec)
Records: 4938  Duplicates: 0  Warnings: 0

+-----------------------+
| rep_cccallreportafter |
+-----------------------+
|               1037436 |
+-----------------------+
1 row in set (0.28 sec)

Query OK, 0 rows affected (0.01 sec)

mysql> mysql \. C:\workspace\cloud\code\sql\_DailyScript\currenttime.sql
+---------------------+
| currenttime         |
+---------------------+
| 2020-11-03 09:25:43 |
+---------------------+
1 row in set (0.00 sec)

mysql> 
mysql> mysql \. C:\workspace\cloud\code\sql\_DailyScript\DAILY-SCRIPT-USAGE.sql
Database changed
Query OK, 0 rows affected (0.00 sec)

Query OK, 4523 rows affected, 13105 warnings (1.12 sec)
Records: 4523  Deleted: 0  Skipped: 0  Warnings: 13105

Query OK, 0 rows affected (0.00 sec)

Query OK, 6415 rows affected, 18528 warnings (1.46 sec)
Records: 6415  Deleted: 0  Skipped: 0  Warnings: 18528

Query OK, 0 rows affected (0.00 sec)

Query OK, 295 rows affected, 1049 warnings (0.04 sec)
Records: 295  Deleted: 0  Skipped: 0  Warnings: 1049

Query OK, 0 rows affected (0.00 sec)

Query OK, 160 rows affected, 558 warnings (0.03 sec)
Records: 160  Deleted: 0  Skipped: 0  Warnings: 558

+------------+
| dailyusage |
+------------+
|   15420433 |
+------------+
1 row in set (6.96 sec)

+------------+------------+------------+---------+
| datestart  | dateend    | insertedon | records |
+------------+------------+------------+---------+
| 2020-11-01 | 2020-11-01 | 2020-11-03 |   11393 |
| 2020-10-31 | 2020-10-31 | 2020-11-01 |   11646 |
| 2020-10-30 | 2020-10-30 | 2020-10-31 |   11499 |
| 2020-10-29 | 2020-10-29 | 2020-10-30 |   11635 |
| 2020-10-28 | 2020-10-28 | 2020-10-29 |   11549 |
+------------+------------+------------+---------+
5 rows in set (31.07 sec)

+----------+------------+------------+------------+---------+
| category | datestart  | dateend    | insertedon | records |
+----------+------------+------------+------------+---------+
| UNCAPPED | 2020-11-01 | 2020-11-01 | 2020-11-03 |    6415 |
| PREPAID  | 2020-11-01 | 2020-11-01 | 2020-11-03 |     295 |
| HOTSPOT  | 2020-11-01 | 2020-11-01 | 2020-11-03 |     160 |
| CAPPED   | 2020-11-01 | 2020-11-01 | 2020-11-03 |    4523 |
| UNCAPPED | 2020-10-31 | 2020-10-31 | 2020-11-01 |    6560 |
| PREPAID  | 2020-10-31 | 2020-10-31 | 2020-11-01 |     331 |
| HOTSPOT  | 2020-10-31 | 2020-10-31 | 2020-11-01 |     194 |
| CAPPED   | 2020-10-31 | 2020-10-31 | 2020-11-01 |    4561 |
| UNCAPPED | 2020-10-30 | 2020-10-30 | 2020-10-31 |    6444 |
| PREPAID  | 2020-10-30 | 2020-10-30 | 2020-10-31 |     251 |
| HOTSPOT  | 2020-10-30 | 2020-10-30 | 2020-10-31 |     186 |
| CAPPED   | 2020-10-30 | 2020-10-30 | 2020-10-31 |    4618 |
| UNCAPPED | 2020-10-29 | 2020-10-29 | 2020-10-30 |    6530 |
| PREPAID  | 2020-10-29 | 2020-10-29 | 2020-10-30 |     294 |
| HOTSPOT  | 2020-10-29 | 2020-10-29 | 2020-10-30 |     223 |
| CAPPED   | 2020-10-29 | 2020-10-29 | 2020-10-30 |    4588 |
| UNCAPPED | 2020-10-28 | 2020-10-28 | 2020-10-29 |    6473 |
| PREPAID  | 2020-10-28 | 2020-10-28 | 2020-10-29 |     297 |
| HOTSPOT  | 2020-10-28 | 2020-10-28 | 2020-10-29 |     206 |
| CAPPED   | 2020-10-28 | 2020-10-28 | 2020-10-29 |    4573 |
+----------+------------+------------+------------+---------+
20 rows in set (24.42 sec)

mysql> mysql \. C:\workspace\cloud\code\sql\_DailyScript\currenttime.sql
+---------------------+
| currenttime         |
+---------------------+
| 2020-11-03 09:26:48 |
+---------------------+
1 row in set (0.00 sec)

mysql> 
mysql> mysql \. C:\workspace\cloud\code\sql\_DailyScript\DAILY-SCRIPT-SALES-TELEMETRY.sql
Database changed
Query OK, 11 rows affected, 10 warnings (0.03 sec)
Records: 11  Deleted: 0  Skipped: 0  Warnings: 10

+------------+
| dailysales |
+------------+
|     213021 |
+------------+
1 row in set (0.25 sec)

Query OK, 0 rows affected (0.01 sec)

Query OK, 213021 rows affected (15.60 sec)
Records: 213021  Duplicates: 0  Warnings: 0

+--------+
| sales  |
+--------+
| 213021 |
+--------+
1 row in set (0.19 sec)

Query OK, 0 rows affected (0.01 sec)

Query OK, 3458 rows affected (0.37 sec)
Records: 3458  Duplicates: 0  Warnings: 0

+----------------+
| rep_dailysales |
+----------------+
|           3458 |
+----------------+
1 row in set (0.00 sec)

Query OK, 0 rows affected (0.01 sec)

Query OK, 3458 rows affected (0.54 sec)
Records: 3458  Duplicates: 0  Warnings: 0

+-------------------+
| rep_dailysalesreg |
+-------------------+
|              3458 |
+-------------------+
1 row in set (0.00 sec)

Query OK, 0 rows affected (0.01 sec)

Query OK, 2830 rows affected (0.67 sec)
Records: 2830  Duplicates: 0  Warnings: 0

+-----------+
| saleslist |
+-----------+
|      2830 |
+-----------+
1 row in set (0.00 sec)

Database changed
ERROR 2 (HY000): File 'C:\ProgramData\MySQL\MySQL Server 5.7\Uploads\_csv\PrepaidCardSales-01112020-P1.csv' not found (Errcode: 2 - No such file or directory)
+------------------+
| dailysinglesales |
+------------------+
|             6397 |
+------------------+
1 row in set (0.01 sec)

Database changed
Query OK, 12 rows affected (0.03 sec)
Records: 12  Deleted: 0  Skipped: 0  Warnings: 0

+-----------------+
| dailyaddonsales |
+-----------------+
|           21035 |
+-----------------+
1 row in set (0.03 sec)

Query OK, 311 rows affected (0.08 sec)
Records: 311  Deleted: 0  Skipped: 0  Warnings: 0

+----------------+
| onlinepayments |
+----------------+
|         133916 |
+----------------+
1 row in set (0.11 sec)

+-------------+----------------+---------------------+
| paymentdate | onlinepayments | onlinepaymentamount |
+-------------+----------------+---------------------+
| 2020-11-01  |            311 |        206097.98000 |
| 2020-10-31  |            209 |        140471.67000 |
| 2020-10-30  |            299 |        183848.28000 |
| 2020-10-29  |            246 |        166419.85000 |
| 2020-10-28  |            353 |        232160.89000 |
+-------------+----------------+---------------------+
5 rows in set (0.50 sec)

+-------------+--------------+----------------+---------------------+
| paymentyear | paymentmonth | onlinepayments | onlinepaymentamount |
+-------------+--------------+----------------+---------------------+
|        2020 |           11 |            311 |        206097.98000 |
|        2020 |           10 |           6965 |       4508008.17000 |
|        2020 |            9 |           6132 |       3998941.54000 |
|        2020 |            8 |           6240 |       4098025.79000 |
|        2020 |            7 |           6291 |       4053825.83000 |
+-------------+--------------+----------------+---------------------+
5 rows in set (0.13 sec)

mysql> mysql \. C:\workspace\cloud\code\sql\_DailyScript\currenttime.sql
+---------------------+
| currenttime         |
+---------------------+
| 2020-11-03 09:27:07 |
+---------------------+
1 row in set (0.00 sec)

mysql> 
mysql> mysql \. C:\workspace\cloud\code\sql\_DailyScript\DAILY-SCRIPT-ACTIVENUMBERS.sql
Database changed
Query OK, 1169 rows affected (0.59 sec)
Records: 1169  Deleted: 0  Skipped: 0  Warnings: 0

+------------+----------+
| period     | count(1) |
+------------+----------+
| 2020-11-01 |     1169 |
| 2020-10-31 |     1169 |
| 2020-10-30 |     1168 |
| 2020-10-29 |     1168 |
| 2020-10-28 |     1170 |
+------------+----------+
5 rows in set (0.01 sec)

Query OK, 0 rows affected (0.00 sec)

Query OK, 80 rows affected (1.41 sec)
Records: 80  Duplicates: 0  Warnings: 0

+-------------+
| packagelist |
+-------------+
|          80 |
+-------------+
1 row in set (0.00 sec)

Database changed
Query OK, 0 rows affected (0.00 sec)

Query OK, 0 rows affected (0.00 sec)

Query OK, 0 rows affected (0.00 sec)

Query OK, 0 rows affected (0.00 sec)

Query OK, 28049 rows affected, 209 warnings (21.07 sec)
Records: 28049  Deleted: 0  Skipped: 0  Warnings: 209

+------------+----------+
| period     | count(1) |
+------------+----------+
| 2020-11-01 |    28049 |
| 2020-10-31 |    28311 |
| 2020-10-30 |    28192 |
| 2020-10-29 |    28140 |
| 2020-10-28 |    28113 |
+------------+----------+
5 rows in set (0.13 sec)

Query OK, 0 rows affected (0.02 sec)

Query OK, 27469 rows affected (47.45 sec)
Records: 27469  Duplicates: 0  Warnings: 0

Query OK, 0 rows affected (0.14 sec)
Records: 0  Duplicates: 0  Warnings: 0

Query OK, 0 rows affected (0.10 sec)
Records: 0  Duplicates: 0  Warnings: 0

Query OK, 0 rows affected (0.10 sec)
Records: 0  Duplicates: 0  Warnings: 0

Query OK, 0 rows affected (0.11 sec)
Records: 0  Duplicates: 0  Warnings: 0

Query OK, 0 rows affected (0.06 sec)
Records: 0  Duplicates: 0  Warnings: 0

Query OK, 0 rows affected (0.07 sec)
Records: 0  Duplicates: 0  Warnings: 0

+-------------+
| countbefore |
+-------------+
|    40432819 |
+-------------+
1 row in set (17.13 sec)

Query OK, 27469 rows affected (6.43 sec)
Records: 27469  Duplicates: 0  Warnings: 0

+------------+
| countafter |
+------------+
|   40460288 |
+------------+
1 row in set (12.87 sec)

+------------+--------------------------+
| period     | customercontractactivity |
+------------+--------------------------+
| 2020-11-01 |                    27469 |
| 2020-10-31 |                    27731 |
| 2020-10-30 |                    27612 |
| 2020-10-29 |                    27561 |
| 2020-10-28 |                    27534 |
+------------+--------------------------+
5 rows in set (0.06 sec)

Query OK, 0 rows affected (0.02 sec)

Query OK, 283092 rows affected (7 min 47.42 sec)
Records: 283092  Duplicates: 0  Warnings: 0

Query OK, 0 rows affected (0.99 sec)
Records: 0  Duplicates: 0  Warnings: 0

Query OK, 0 rows affected (1.04 sec)
Records: 0  Duplicates: 0  Warnings: 0

Query OK, 0 rows affected (1.08 sec)
Records: 0  Duplicates: 0  Warnings: 0

Query OK, 0 rows affected (0.01 sec)

Query OK, 234 rows affected (0.46 sec)
Records: 234  Duplicates: 0  Warnings: 0

Query OK, 0 rows affected (0.22 sec)

Query OK, 2666 rows affected (0.61 sec)
Records: 2666  Duplicates: 0  Warnings: 0

Query OK, 0 rows affected (0.01 sec)

Query OK, 27448 rows affected (0.57 sec)
Records: 27448  Duplicates: 0  Warnings: 0

Query OK, 0 rows affected (0.01 sec)

Query OK, 17224 rows affected (0.37 sec)
Records: 17224  Duplicates: 0  Warnings: 0

Query OK, 0 rows affected (0.01 sec)

Query OK, 17224 rows affected (0.13 sec)
Records: 17224  Duplicates: 0  Warnings: 0

Query OK, 0 rows affected (0.01 sec)

Query OK, 17224 rows affected (1.18 sec)
Records: 17224  Duplicates: 0  Warnings: 0

Query OK, 0 rows affected (0.02 sec)

Query OK, 17224 rows affected (44.68 sec)
Records: 17224  Duplicates: 0  Warnings: 0

+-------------+
| clientstats |
+-------------+
|       17224 |
+-------------+
1 row in set (0.01 sec)

Query OK, 0 rows affected (0.00 sec)

Query OK, 12 rows affected, 1 warning (0.11 sec)
Records: 12  Duplicates: 0  Warnings: 1

+-----------------------+-------------+-------------+----------------+-----------------+
| services              | activecount | allaccounts | uniqueaccounts | uniquecontracts |
+-----------------------+-------------+-------------+----------------+-----------------+
| All                   |         361 |          57 |             57 |             185 |
| Internet & Voice      |         355 |         159 |            159 |             310 |
| Internet Only         |        4253 |        4161 |           4154 |            4202 |
| OTT Only              |           1 |           1 |              1 |               1 |
| TV & Internet         |        9579 |        4335 |           4328 |            8815 |
| TV & Internet & OTT   |        3139 |         801 |            798 |            1665 |
| TV & Internet & Voice |         519 |         155 |            155 |             476 |
| TV & OTT              |         364 |          78 |             77 |              93 |
| TV & Voice            |          82 |          38 |             38 |              77 |
| TV Only               |        9335 |        7295 |           7281 |            7492 |
| Voice Only            |         145 |         144 |            144 |             145 |
| GRAND TOTAL           |       28133 |       17224 |          17150 |           23461 |
+-----------------------+-------------+-------------+----------------+-----------------+
12 rows in set (0.00 sec)

+-------------+-------------+-------------+----------------+-----------------+
| network     | activecount | allaccounts | uniqueaccounts | uniquecontracts |
+-------------+-------------+-------------+----------------+-----------------+
| GPON        |        9869 |        5065 |           5062 |            7876 |
| HFC         |       18264 |       12159 |          12159 |           15585 |
| GRAND TOTAL |       28133 |       17224 |          17150 |           23461 |
+-------------+-------------+-------------+----------------+-----------------+
3 rows in set, 1 warning (0.12 sec)

+-------------+-----------------------+-------------+-------------+----------------+-----------------+
| network     | services              | activecount | allaccounts | uniqueaccounts | uniquecontracts |
+-------------+-----------------------+-------------+-------------+----------------+-----------------+
| GPON        | All                   |         214 |          35 |             35 |             111 |
| GPON        | Internet & Voice      |          64 |          26 |             26 |              54 |
| GPON        | Internet Only         |        1205 |        1131 |           1131 |            1155 |
| GPON        | TV & Internet         |        4195 |        1859 |           1859 |            3811 |
| GPON        | TV & Internet & OTT   |        1816 |         456 |            456 |             955 |
| GPON        | TV & Internet & Voice |         204 |          60 |             60 |             188 |
| GPON        | TV & OTT              |         123 |          40 |             40 |              44 |
| GPON        | TV & Voice            |          48 |          22 |             22 |              45 |
| GPON        | TV Only               |        1988 |        1424 |           1424 |            1501 |
| GPON        | Voice Only            |          12 |          12 |             12 |              12 |
| GPON        | Services Total        |        9869 |        5065 |           5062 |            7876 |
| HFC         | All                   |         147 |          22 |             22 |              74 |
| HFC         | Internet & Voice      |         291 |         133 |            133 |             256 |
| HFC         | Internet Only         |        3048 |        3030 |           3030 |            3047 |
| HFC         | OTT Only              |           1 |           1 |              1 |               1 |
| HFC         | TV & Internet         |        5384 |        2476 |           2476 |            5004 |
| HFC         | TV & Internet & OTT   |        1323 |         345 |            345 |             710 |
| HFC         | TV & Internet & Voice |         315 |          95 |             95 |             288 |
| HFC         | TV & OTT              |         241 |          38 |             38 |              49 |
| HFC         | TV & Voice            |          34 |          16 |             16 |              32 |
| HFC         | TV Only               |        7347 |        5871 |           5871 |            5991 |
| HFC         | Voice Only            |         133 |         132 |            132 |             133 |
| HFC         | Services Total        |       18264 |       12159 |          12159 |           15585 |
| GRAND TOTAL | Services Total        |       28133 |       17224 |          17150 |           23461 |
+-------------+-----------------------+-------------+-------------+----------------+-----------------+
24 rows in set, 2 warnings (0.14 sec)

Query OK, 0 rows affected (0.01 sec)

Query OK, 39 rows affected, 3 warnings (0.20 sec)
Records: 39  Duplicates: 0  Warnings: 3

+-------------+---------------+-----------------------+-------------+-------------+----------------+-----------------+
| region      | network       | services              | activecount | allaccounts | uniqueaccounts | uniquecontracts |
+-------------+---------------+-----------------------+-------------+-------------+----------------+-----------------+
| Mahe        | GPON          | All                   |         183 |          30 |             30 |              96 |
| Mahe        | GPON          | Internet & Voice      |          54 |          21 |             21 |              44 |
| Mahe        | GPON          | Internet Only         |         978 |         904 |            904 |             928 |
| Mahe        | GPON          | TV & Internet         |        3394 |        1499 |           1499 |            3071 |
| Mahe        | GPON          | TV & Internet & OTT   |        1420 |         344 |            344 |             724 |
| Mahe        | GPON          | TV & Internet & Voice |         188 |          55 |             55 |             172 |
| Mahe        | GPON          | TV & OTT              |          88 |          25 |             25 |              29 |
| Mahe        | GPON          | TV & Voice            |          44 |          20 |             20 |              41 |
| Mahe        | GPON          | TV Only               |        1624 |        1128 |           1128 |            1192 |
| Mahe        | GPON          | Voice Only            |          11 |          11 |             11 |              11 |
| Mahe        | GPON          | Services Total        |        7984 |        4037 |           4037 |            6308 |
| Mahe        | HFC           | All                   |         147 |          22 |             22 |              74 |
| Mahe        | HFC           | Internet & Voice      |         291 |         133 |            133 |             256 |
| Mahe        | HFC           | Internet Only         |        3048 |        3030 |           3030 |            3047 |
| Mahe        | HFC           | OTT Only              |           1 |           1 |              1 |               1 |
| Mahe        | HFC           | TV & Internet         |        5384 |        2476 |           2476 |            5004 |
| Mahe        | HFC           | TV & Internet & OTT   |        1323 |         345 |            345 |             710 |
| Mahe        | HFC           | TV & Internet & Voice |         315 |          95 |             95 |             288 |
| Mahe        | HFC           | TV & OTT              |         241 |          38 |             38 |              49 |
| Mahe        | HFC           | TV & Voice            |          34 |          16 |             16 |              32 |
| Mahe        | HFC           | TV Only               |        7344 |        5869 |           5869 |            5989 |
| Mahe        | HFC           | Voice Only            |         133 |         132 |            132 |             133 |
| Mahe        | HFC           | Services Total        |       18261 |       12157 |          12157 |           15583 |
| Mahe        | Network Total | Services Total        |       26245 |       16194 |          16123 |           21891 |
| Praslin     | GPON          | All                   |          31 |           5 |              5 |              15 |
| Praslin     | GPON          | Internet & Voice      |          10 |           5 |              5 |              10 |
| Praslin     | GPON          | Internet Only         |         227 |         227 |            227 |             227 |
| Praslin     | GPON          | TV & Internet         |         801 |         360 |            360 |             740 |
| Praslin     | GPON          | TV & Internet & OTT   |         396 |         112 |            112 |             231 |
| Praslin     | GPON          | TV & Internet & Voice |          16 |           5 |              5 |              16 |
| Praslin     | GPON          | TV & OTT              |          35 |          15 |             15 |              15 |
| Praslin     | GPON          | TV & Voice            |           4 |           2 |              2 |               4 |
| Praslin     | GPON          | TV Only               |         364 |         296 |            296 |             309 |
| Praslin     | GPON          | Voice Only            |           1 |           1 |              1 |               1 |
| Praslin     | GPON          | Services Total        |        1885 |        1028 |           1028 |            1568 |
| Praslin     | HFC           | TV Only               |           3 |           2 |              2 |               2 |
| Praslin     | HFC           | Services Total        |           3 |           2 |              2 |               2 |
| Praslin     | Network Total | Services Total        |        1888 |        1030 |           1030 |            1570 |
| GRAND TOTAL | Network Total | Services Total        |       28133 |       17224 |          17150 |           23461 |
+-------------+---------------+-----------------------+-------------+-------------+----------------+-----------------+
39 rows in set (0.00 sec)

Query OK, 0 rows affected (0.01 sec)

Query OK, 27449 rows affected (0.43 sec)
Records: 27449  Duplicates: 0  Warnings: 0

Query OK, 0 rows affected (0.01 sec)

Query OK, 2190 rows affected (1.46 sec)
Records: 2190  Duplicates: 0  Warnings: 0

+--------------------------------------+
| message                              |
+--------------------------------------+
| running rcbill_my.sp_ActiveNumber2() |
+--------------------------------------+
1 row in set (0.00 sec)

Query OK, 365 rows affected (1 min 51.28 sec)

mysql> mysql \. C:\workspace\cloud\code\sql\_DailyScript\currenttime.sql
+---------------------+
| currenttime         |
+---------------------+
| 2020-11-03 09:39:28 |
+---------------------+
1 row in set (0.00 sec)

mysql> 
mysql> mysql \. C:\workspace\cloud\code\sql\_DailyScript\GetActiveNumbers Average -Pivot.sql
Database changed
+-------------------------------------+
| @today := subdate(current_date(),1) |
+-------------------------------------+
| 2020-11-02                          |
+-------------------------------------+
1 row in set (0.00 sec)

+-------------------------------------+
| @lastdayofmonth := last_day(@today) |
+-------------------------------------+
| 2020-11-30                          |
+-------------------------------------+
1 row in set (0.00 sec)

Query OK, 0 rows affected (0.02 sec)

Query OK, 43207 rows affected, 65535 warnings (51.86 sec)
Records: 43207  Duplicates: 0  Warnings: 87907

Query OK, 0 rows affected (0.10 sec)
Records: 0  Duplicates: 0  Warnings: 0

Query OK, 0 rows affected (0.12 sec)
Records: 0  Duplicates: 0  Warnings: 0

Query OK, 0 rows affected (0.10 sec)
Records: 0  Duplicates: 0  Warnings: 0

+-----------------+
| activenumberavg |
+-----------------+
|           43207 |
+-----------------+
1 row in set (0.01 sec)

Query OK, 0 rows affected (0.01 sec)

Query OK, 1922 rows affected (0.51 sec)
Records: 1922  Duplicates: 0  Warnings: 0

+---------------------+
| rep_activenumberavg |
+---------------------+
|                1922 |
+---------------------+
1 row in set (0.00 sec)

+----------------------+
| rep_activenumberavg1 |
+----------------------+
|                  899 |
+----------------------+
1 row in set (0.00 sec)

Query OK, 0 rows affected (0.01 sec)

Query OK, 2258 rows affected (0.40 sec)
Records: 2258  Duplicates: 0  Warnings: 0

Query OK, 0 rows affected (0.01 sec)

Query OK, 11574 rows affected (0.72 sec)
Records: 11574  Duplicates: 0  Warnings: 0

Query OK, 0 rows affected (0.00 sec)

Query OK, 0 rows affected (0.01 sec)

Query OK, 0 rows affected (0.01 sec)

Query OK, 0 rows affected (0.00 sec)

Query OK, 0 rows affected (0.00 sec)
Statement prepared

Query OK, 53 rows affected (0.04 sec)
Records: 53  Duplicates: 0  Warnings: 0

Query OK, 0 rows affected (0.00 sec)

Query OK, 0 rows affected (0.00 sec)

+----------------------+
| rep_activenumberavg2 |
+----------------------+
|                 2258 |
+----------------------+
1 row in set (0.00 sec)

+------------------------+
| rep_activenumberavg_pv |
+------------------------+
|                     53 |
+------------------------+
1 row in set (0.00 sec)

Query OK, 0 rows affected (0.01 sec)

Query OK, 2257 rows affected (0.33 sec)
Records: 2257  Duplicates: 0  Warnings: 0

Query OK, 0 rows affected (0.00 sec)

Query OK, 0 rows affected (0.00 sec)

Query OK, 0 rows affected (0.01 sec)

Query OK, 0 rows affected (0.00 sec)

Query OK, 0 rows affected (0.00 sec)
Statement prepared

Query OK, 53 rows affected (0.04 sec)
Records: 53  Duplicates: 0  Warnings: 0

Query OK, 0 rows affected (0.00 sec)

Query OK, 0 rows affected (0.00 sec)

+-------------------------+
| rep_activenumberavgMahe |
+-------------------------+
|                    2257 |
+-------------------------+
1 row in set (0.00 sec)

+----------------------------+
| rep_activenumberavgMahe_pv |
+----------------------------+
|                         53 |
+----------------------------+
1 row in set (0.00 sec)

Query OK, 0 rows affected (0.00 sec)

Query OK, 1438 rows affected (0.15 sec)
Records: 1438  Duplicates: 0  Warnings: 0

Query OK, 0 rows affected (0.00 sec)

Query OK, 0 rows affected (0.00 sec)

Query OK, 0 rows affected (0.00 sec)

Query OK, 0 rows affected (0.00 sec)

Query OK, 0 rows affected (0.00 sec)
Statement prepared

Query OK, 40 rows affected (0.03 sec)
Records: 40  Duplicates: 0  Warnings: 0

Query OK, 0 rows affected (0.00 sec)

Query OK, 0 rows affected (0.00 sec)

+----------------------------+
| rep_activenumberavgPraslin |
+----------------------------+
|                       1438 |
+----------------------------+
1 row in set (0.00 sec)

+-------------------------------+
| rep_activenumberavgPraslin_pv |
+-------------------------------+
|                            40 |
+-------------------------------+
1 row in set (0.00 sec)

mysql> mysql \. C:\workspace\cloud\code\sql\_DailyScript\currenttime.sql
+---------------------+
| currenttime         |
+---------------------+
| 2020-11-03 09:40:22 |
+---------------------+
1 row in set (0.00 sec)

mysql> 
mysql> 
mysql> 
mysql> 
mysql> 
mysql> 
mysql> 
mysql> 
mysql> 
mysql> 
mysql> 
mysql> 
mysql> 
mysql> 
mysql> 
mysql> 
mysql> 
mysql> 
mysql> 
mysql> 
mysql> 
mysql> 
mysql> exit
