    -> 
    -> mysql \. C:\workspace\cloud\code\sql\_DailyScript\_setdates.sql
Query OK, 0 rows affected (0.00 sec)

Query OK, 0 rows affected (1.43 sec)

Database changed
Query OK, 0 rows affected (0.00 sec)

Query OK, 0 rows affected (0.00 sec)

Query OK, 0 rows affected (0.00 sec)

Query OK, 0 rows affected (0.00 sec)

Query OK, 0 rows affected (0.00 sec)

Query OK, 0 rows affected (0.00 sec)

Query OK, 0 rows affected (0.00 sec)

Query OK, 0 rows affected (0.00 sec)

Query OK, 0 rows affected (0.00 sec)

Query OK, 0 rows affected (0.00 sec)

Query OK, 0 rows affected (0.00 sec)

Query OK, 0 rows affected (0.00 sec)

Query OK, 0 rows affected (0.00 sec)

Query OK, 0 rows affected (0.00 sec)

Query OK, 0 rows affected (0.00 sec)

Query OK, 0 rows affected (0.00 sec)

Query OK, 0 rows affected (0.00 sec)

Query OK, 0 rows affected (0.00 sec)

Query OK, 0 rows affected (0.00 sec)

Query OK, 0 rows affected (0.00 sec)

Query OK, 0 rows affected (0.00 sec)

Query OK, 0 rows affected (0.00 sec)

mysql> mysql \. C:\workspace\cloud\code\sql\_DailyScript\currenttime.sql
+---------------------+
| currenttime         |
+---------------------+
| 2021-05-10 07:31:17 |
+---------------------+
1 row in set (0.00 sec)

mysql> 
mysql> mysql \. C:\workspace\cloud\code\sql\_DailyScript\load_RCB_VODTITLES.sql
Database changed
Query OK, 0 rows affected (0.00 sec)

Query OK, 0 rows affected (0.00 sec)

ERROR 2 (HY000): File 'C:\ProgramData\MySQL\MySQL Server 5.7\Uploads\rcbill\ALLVOD2TITLES-08052021.csv' not found (Errcode: 2 - No such file or directory)
Query OK, 0 rows affected (0.00 sec)

Query OK, 0 rows affected (0.00 sec)

+-----------+
| VODTITLES |
+-----------+
|       460 |
+-----------+
1 row in set (0.00 sec)

Empty set (0.00 sec)

mysql> mysql \. C:\workspace\cloud\code\sql\_DailyScript\currenttime.sql
+---------------------+
| currenttime         |
+---------------------+
| 2021-05-10 07:31:17 |
+---------------------+
1 row in set (0.00 sec)

mysql> 
mysql> mysql \. C:\workspace\cloud\code\sql\_DailyScript\DAILY-SCRIPT-LIVETV-STATS.sql
Database changed
Query OK, 0 rows affected (0.01 sec)

Query OK, 0 rows affected (0.02 sec)
Records: 0  Duplicates: 0  Warnings: 0

+------------+------------+----------+--------------+--------------+-----------+-------------+----------+--------+------+------------+---------+---------------+
| Table      | Non_unique | Key_name | Seq_in_index | Column_name  | Collation | Cardinality | Sub_part | Packed | Null | Index_type | Comment | Index_comment |
+------------+------------+----------+--------------+--------------+-----------+-------------+----------+--------+------+------------+---------+---------------+
| templivetv |          1 | idxtv1   |            1 | device       | A         |           0 |     NULL | NULL   | YES  | BTREE      |         |               |
| templivetv |          1 | idxtv2   |            1 | sessionstart | A         |           0 |     NULL | NULL   | YES  | BTREE      |         |               |
+------------+------------+----------+--------------+--------------+-----------+-------------+----------+--------+------+------------+---------+---------------+
2 rows in set (0.00 sec)

Query OK, 0 rows affected (0.00 sec)
Records: 0  Duplicates: 0  Warnings: 0

Query OK, 0 rows affected (0.00 sec)
Records: 0  Duplicates: 0  Warnings: 0

Query OK, 0 rows affected (0.00 sec)

Query OK, 0 rows affected (0.00 sec)

Query OK, 0 rows affected (0.00 sec)
Records: 0  Duplicates: 0  Warnings: 0

Query OK, 0 rows affected (0.00 sec)

Query OK, 65094 rows affected (6 min 15.25 sec)
Records: 65094  Duplicates: 0  Warnings: 0

+-----------------+
| rep_livetvstats |
+-----------------+
|           65094 |
+-----------------+
1 row in set (0.03 sec)

mysql> mysql \. C:\workspace\cloud\code\sql\_DailyScript\currenttime.sql
+---------------------+
| currenttime         |
+---------------------+
| 2021-05-10 07:37:32 |
+---------------------+
1 row in set (0.00 sec)

mysql> 
mysql> mysql \. C:\workspace\cloud\code\sql\_DailyScript\DAILY-SCRIPT-VODTS-STATS.sql
Database changed
Query OK, 0 rows affected (0.01 sec)

Query OK, 0 rows affected (9.00 sec)
Records: 0  Duplicates: 0  Warnings: 0

+---------+------------+----------+--------------+--------------+-----------+-------------+----------+--------+------+------------+---------+---------------+
| Table   | Non_unique | Key_name | Seq_in_index | Column_name  | Collation | Cardinality | Sub_part | Packed | Null | Index_type | Comment | Index_comment |
+---------+------------+----------+--------------+--------------+-----------+-------------+----------+--------+------+------------+---------+---------------+
| tempvod |          1 | idxtvod1 |            1 | device       | A         |           0 |     NULL | NULL   | YES  | BTREE      |         |               |
| tempvod |          1 | idxtvod2 |            1 | sessionstart | A         |           0 |     NULL | NULL   | YES  | BTREE      |         |               |
+---------+------------+----------+--------------+--------------+-----------+-------------+----------+--------+------+------------+---------+---------------+
2 rows in set (0.01 sec)

Query OK, 0 rows affected (0.01 sec)
Records: 0  Duplicates: 0  Warnings: 0

Query OK, 0 rows affected (0.02 sec)

Query OK, 1168323 rows affected (1 min 36.99 sec)
Records: 1168323  Duplicates: 0  Warnings: 0

+--------------+
| rep_vodstats |
+--------------+
|      1168323 |
+--------------+
1 row in set (0.35 sec)

Database changed
Query OK, 0 rows affected (0.01 sec)

Query OK, 0 rows affected (42.74 sec)
Records: 0  Duplicates: 0  Warnings: 0

+--------+------------+----------+--------------+--------------+-----------+-------------+----------+--------+------+------------+---------+---------------+
| Table  | Non_unique | Key_name | Seq_in_index | Column_name  | Collation | Cardinality | Sub_part | Packed | Null | Index_type | Comment | Index_comment |
+--------+------------+----------+--------------+--------------+-----------+-------------+----------+--------+------+------------+---------+---------------+
| tempts |          1 | idxtts1  |            1 | device       | A         |           0 |     NULL | NULL   | YES  | BTREE      |         |               |
| tempts |          1 | idxtts2  |            1 | sessionstart | A         |           0 |     NULL | NULL   | YES  | BTREE      |         |               |
+--------+------------+----------+--------------+--------------+-----------+-------------+----------+--------+------+------------+---------+---------------+
2 rows in set (0.01 sec)

Query OK, 0 rows affected (0.00 sec)
Records: 0  Duplicates: 0  Warnings: 0

Query OK, 0 rows affected (0.01 sec)

Query OK, 47527 rows affected (40.85 sec)
Records: 47527  Duplicates: 0  Warnings: 0

+-------------+
| rep_tsstats |
+-------------+
|       47527 |
+-------------+
1 row in set (0.02 sec)

mysql> mysql \. C:\workspace\cloud\code\sql\_DailyScript\currenttime.sql
+---------------------+
| currenttime         |
+---------------------+
| 2021-05-10 07:40:42 |
+---------------------+
1 row in set (0.00 sec)

mysql> 
mysql> mysql \. C:\workspace\cloud\code\sql\_DailyScript\DAILY-SCRIPT-RADIO-STATS.sql
Database changed
Query OK, 0 rows affected (0.01 sec)

Query OK, 387206 rows affected (4.59 sec)
Records: 387206  Duplicates: 0  Warnings: 0

+-----------+------------+----------+--------------+--------------+-----------+-------------+----------+--------+------+------------+---------+---------------+
| Table     | Non_unique | Key_name | Seq_in_index | Column_name  | Collation | Cardinality | Sub_part | Packed | Null | Index_type | Comment | Index_comment |
+-----------+------------+----------+--------------+--------------+-----------+-------------+----------+--------+------+------------+---------+---------------+
| tempradio |          1 | idxtrad1 |            1 | device       | A         |      388509 |     NULL | NULL   | YES  | BTREE      |         |               |
| tempradio |          1 | idxtrad2 |            1 | sessionstart | A         |      388509 |     NULL | NULL   | YES  | BTREE      |         |               |
+-----------+------------+----------+--------------+--------------+-----------+-------------+----------+--------+------+------------+---------+---------------+
2 rows in set (0.00 sec)

Query OK, 0 rows affected (0.70 sec)
Records: 0  Duplicates: 0  Warnings: 0

Query OK, 0 rows affected (0.01 sec)

Query OK, 6332 rows affected (0.55 sec)
Records: 6332  Duplicates: 0  Warnings: 0

+----------------+
| rep_radiostats |
+----------------+
|           6332 |
+----------------+
1 row in set (0.01 sec)

mysql> mysql \. C:\workspace\cloud\code\sql\_DailyScript\currenttime.sql
+---------------------+
| currenttime         |
+---------------------+
| 2021-05-10 07:40:48 |
+---------------------+
1 row in set (0.01 sec)

mysql> 
mysql> mysql \. C:\workspace\cloud\code\sql\_DailyScript\DAILY_SCRIPT_TELEMETRY_PIVOT_2021.sql
Query OK, 0 rows affected (0.01 sec)

Query OK, 140 rows affected (0.10 sec)
Records: 140  Duplicates: 0  Warnings: 0

Query OK, 0 rows affected (0.01 sec)

Query OK, 11975 rows affected (1.56 sec)
Records: 11975  Duplicates: 0  Warnings: 0

Query OK, 0 rows affected (0.01 sec)

Query OK, 5 rows affected (0.02 sec)
Records: 5  Duplicates: 0  Warnings: 0

Query OK, 0 rows affected (0.01 sec)

Query OK, 44 rows affected (0.05 sec)
Records: 44  Duplicates: 0  Warnings: 0

mysql> mysql \. C:\workspace\cloud\code\sql\_DailyScript\currenttime.sql
+---------------------+
| currenttime         |
+---------------------+
| 2021-05-10 07:40:50 |
+---------------------+
1 row in set (0.00 sec)

mysql> 
mysql> mysql \. C:\workspace\cloud\code\sql\_DailyScript\telemetry_livetv_ranking2021.sql
Query OK, 0 rows affected (0.01 sec)

Query OK, 140 rows affected (0.02 sec)
Records: 140  Duplicates: 0  Warnings: 0

mysql> mysql \. C:\workspace\cloud\code\sql\_DailyScript\currenttime.sql
+---------------------+
| currenttime         |
+---------------------+
| 2021-05-10 07:40:50 |
+---------------------+
1 row in set (0.00 sec)

mysql> 
mysql> mysql \. C:\workspace\cloud\code\sql\_DailyScript\telemetry_radio_ranking2021.sql
Query OK, 0 rows affected (0.00 sec)

Query OK, 5 rows affected (0.01 sec)
Records: 5  Duplicates: 0  Warnings: 0

mysql> mysql \. C:\workspace\cloud\code\sql\_DailyScript\currenttime.sql
+---------------------+
| currenttime         |
+---------------------+
| 2021-05-10 07:40:50 |
+---------------------+
1 row in set (0.00 sec)

mysql> 
mysql> mysql \. C:\workspace\cloud\code\sql\_DailyScript\telemetry_ts_ranking2021.sql
Query OK, 0 rows affected (0.01 sec)

Query OK, 44 rows affected (0.03 sec)
Records: 44  Duplicates: 0  Warnings: 0

mysql> mysql \. C:\workspace\cloud\code\sql\_DailyScript\currenttime.sql
+---------------------+
| currenttime         |
+---------------------+
| 2021-05-10 07:40:50 |
+---------------------+
1 row in set (0.00 sec)

mysql> 
mysql> mysql \. C:\workspace\cloud\code\sql\_DailyScript\telemetry_vod_ranking2021.sql
Query OK, 0 rows affected (0.01 sec)

Query OK, 11975 rows affected (0.54 sec)
Records: 11975  Duplicates: 0  Warnings: 0

mysql> mysql \. C:\workspace\cloud\code\sql\_DailyScript\currenttime.sql
+---------------------+
| currenttime         |
+---------------------+
| 2021-05-10 07:40:51 |
+---------------------+
1 row in set (0.00 sec)

mysql> 
mysql> mysql \. C:\workspace\cloud\code\sql\_DailyScript\telemetry_vod_ranking2021_1.sql
Query OK, 0 rows affected (0.01 sec)

Query OK, 11975 rows affected (0.27 sec)
Records: 11975  Duplicates: 0  Warnings: 0

mysql> mysql \. C:\workspace\cloud\code\sql\_DailyScript\currenttime.sql
+---------------------+
| currenttime         |
+---------------------+
| 2021-05-10 07:40:51 |
+---------------------+
1 row in set (0.00 sec)

mysql> 
mysql> mysql \. C:\workspace\cloud\code\sql\_DailyScript\telemetry_vod_ranking2021_2.sql
Query OK, 0 rows affected (0.01 sec)

Query OK, 11975 rows affected (0.25 sec)
Records: 11975  Duplicates: 0  Warnings: 0

mysql> mysql \. C:\workspace\cloud\code\sql\_DailyScript\currenttime.sql
+---------------------+
| currenttime         |
+---------------------+
| 2021-05-10 07:40:51 |
+---------------------+
1 row in set (0.00 sec)

mysql> 
mysql> 
mysql> 
mysql> 
mysql> mysql \. C:\workspace\cloud\code\sql\_DailyScript\ticket_analysis.sql
Database changed
Query OK, 0 rows affected (0.03 sec)

Query OK, 807635 rows affected (26.06 sec)
Records: 807635  Duplicates: 0  Warnings: 0

Query OK, 0 rows affected (3.08 sec)
Records: 0  Duplicates: 0  Warnings: 0

Query OK, 0 rows affected (1.61 sec)
Records: 0  Duplicates: 0  Warnings: 0

Query OK, 0 rows affected (1.52 sec)
Records: 0  Duplicates: 0  Warnings: 0

Query OK, 0 rows affected (0.01 sec)

Query OK, 25281 rows affected (12.92 sec)
Records: 25281  Duplicates: 0  Warnings: 0

Query OK, 0 rows affected, 1 warning (0.00 sec)

Query OK, 116777 rows affected (7.84 sec)
Records: 116777  Duplicates: 0  Warnings: 0

Query OK, 0 rows affected, 1 warning (0.01 sec)

Query OK, 594223 rows affected (15.48 sec)
Records: 594223  Duplicates: 0  Warnings: 0

Query OK, 0 rows affected, 1 warning (0.01 sec)

Query OK, 594223 rows affected (16.13 sec)
Records: 594223  Duplicates: 0  Warnings: 0

Query OK, 0 rows affected (0.01 sec)

Query OK, 116887 rows affected (5.11 sec)
Records: 116887  Duplicates: 0  Warnings: 0

Database changed
Query OK, 0 rows affected (0.01 sec)

Query OK, 0 rows affected (0.03 sec)

Query OK, 807635 rows affected (25.35 sec)
Records: 807635  Duplicates: 0  Warnings: 0

Query OK, 0 rows affected (0.02 sec)

Query OK, 413934 rows affected (18.13 sec)
Records: 413934  Duplicates: 0  Warnings: 0

+--------------------------+
| clientticket_cmmtjourney |
+--------------------------+
|                   807635 |
+--------------------------+
1 row in set (1.73 sec)

+---------------------------+
| clientticket_assgnjourney |
+---------------------------+
|                    413934 |
+---------------------------+
1 row in set (0.19 sec)

Query OK, 0 rows affected (0.01 sec)

Query OK, 87 rows affected (0.18 sec)
Records: 87  Duplicates: 0  Warnings: 0

mysql> mysql \. C:\workspace\cloud\code\sql\_DailyScript\currenttime.sql
+---------------------+
| currenttime         |
+---------------------+
| 2021-05-10 07:43:07 |
+---------------------+
1 row in set (0.00 sec)

mysql> 
mysql> mysql \. C:\workspace\cloud\code\sql\_DailyScript\load_DailyCalls.sql
Database changed
Query OK, 476 rows affected (0.14 sec)
Records: 476  Deleted: 0  Skipped: 0  Warnings: 0

Query OK, 0 rows affected, 1 warning (0.00 sec)

Query OK, 474 rows affected (0.05 sec)
Records: 474  Duplicates: 0  Warnings: 0

Query OK, 0 rows affected, 1 warning (0.00 sec)

Query OK, 69353 rows affected (0.29 sec)
Records: 69353  Duplicates: 0  Warnings: 0

+----------------------+
| callingclientsbefore |
+----------------------+
|              1186008 |
+----------------------+
1 row in set (0.44 sec)

Query OK, 698 rows affected (10.11 sec)
Records: 698  Duplicates: 0  Warnings: 0

+---------------------+
| callingclientsafter |
+---------------------+
|             1186706 |
+---------------------+
1 row in set (0.32 sec)

Query OK, 0 rows affected (0.01 sec)

Query OK, 331 rows affected (3.50 sec)
Records: 331  Duplicates: 0  Warnings: 0

Query OK, 0 rows affected (0.01 sec)

Query OK, 23133 rows affected (3.84 sec)
Records: 23133  Duplicates: 0  Warnings: 0

+-----------+
| callstats |
+-----------+
|     23133 |
+-----------+
1 row in set (0.01 sec)

Query OK, 0 rows affected, 1 warning (0.00 sec)

Query OK, 698 rows affected (2.19 sec)
Records: 698  Duplicates: 0  Warnings: 0

+------------------------+
| rep_cccallreportbefore |
+------------------------+
|                1187477 |
+------------------------+
1 row in set (0.33 sec)

Query OK, 698 rows affected (0.16 sec)
Records: 698  Duplicates: 0  Warnings: 0

+-----------------------+
| rep_cccallreportafter |
+-----------------------+
|               1188175 |
+-----------------------+
1 row in set (0.32 sec)

Query OK, 0 rows affected (0.01 sec)

mysql> mysql \. C:\workspace\cloud\code\sql\_DailyScript\currenttime.sql
+---------------------+
| currenttime         |
+---------------------+
| 2021-05-10 07:43:29 |
+---------------------+
1 row in set (0.01 sec)

mysql> 
mysql> mysql \. C:\workspace\cloud\code\sql\_DailyScript\DAILY-SCRIPT-USAGE.sql
Database changed
Query OK, 0 rows affected (0.01 sec)

Query OK, 4051 rows affected, 11779 warnings (0.70 sec)
Records: 4051  Deleted: 0  Skipped: 0  Warnings: 11779

Query OK, 0 rows affected (0.00 sec)

Query OK, 6078 rows affected, 17557 warnings (0.75 sec)
Records: 6078  Deleted: 0  Skipped: 0  Warnings: 17557

Query OK, 0 rows affected (0.00 sec)

Query OK, 296 rows affected, 1054 warnings (0.07 sec)
Records: 296  Deleted: 0  Skipped: 0  Warnings: 1054

Query OK, 0 rows affected (0.00 sec)

Query OK, 133 rows affected, 472 warnings (0.05 sec)
Records: 133  Deleted: 0  Skipped: 0  Warnings: 472

+------------+
| dailyusage |
+------------+
|   17453972 |
+------------+
1 row in set (6.12 sec)

+------------+------------+------------+---------+
| datestart  | dateend    | insertedon | records |
+------------+------------+------------+---------+
| 2021-05-08 | 2021-05-08 | 2021-05-10 |   10558 |
| 2021-05-07 | 2021-05-07 | 2021-05-10 |   10446 |
| 2021-05-06 | 2021-05-06 | 2021-05-07 |   10471 |
| 2021-05-05 | 2021-05-05 | 2021-05-06 |   10621 |
| 2021-05-04 | 2021-05-04 | 2021-05-05 |   10555 |
+------------+------------+------------+---------+
5 rows in set (17.71 sec)

+----------+------------+------------+------------+---------+
| category | datestart  | dateend    | insertedon | records |
+----------+------------+------------+------------+---------+
| UNCAPPED | 2021-05-08 | 2021-05-08 | 2021-05-10 |    6078 |
| PREPAID  | 2021-05-08 | 2021-05-08 | 2021-05-10 |     296 |
| HOTSPOT  | 2021-05-08 | 2021-05-08 | 2021-05-10 |     133 |
| CAPPED   | 2021-05-08 | 2021-05-08 | 2021-05-10 |    4051 |
| UNCAPPED | 2021-05-07 | 2021-05-07 | 2021-05-10 |    5980 |
| PREPAID  | 2021-05-07 | 2021-05-07 | 2021-05-10 |     311 |
| HOTSPOT  | 2021-05-07 | 2021-05-07 | 2021-05-10 |     133 |
| CAPPED   | 2021-05-07 | 2021-05-07 | 2021-05-10 |    4022 |
| UNCAPPED | 2021-05-06 | 2021-05-06 | 2021-05-07 |    6015 |
| PREPAID  | 2021-05-06 | 2021-05-06 | 2021-05-07 |     297 |
| HOTSPOT  | 2021-05-06 | 2021-05-06 | 2021-05-07 |     126 |
| CAPPED   | 2021-05-06 | 2021-05-06 | 2021-05-07 |    4033 |
| UNCAPPED | 2021-05-05 | 2021-05-05 | 2021-05-06 |    6152 |
| PREPAID  | 2021-05-05 | 2021-05-05 | 2021-05-06 |     291 |
| HOTSPOT  | 2021-05-05 | 2021-05-05 | 2021-05-06 |     148 |
| CAPPED   | 2021-05-05 | 2021-05-05 | 2021-05-06 |    4030 |
| UNCAPPED | 2021-05-04 | 2021-05-04 | 2021-05-05 |    6093 |
| PREPAID  | 2021-05-04 | 2021-05-04 | 2021-05-05 |     278 |
| HOTSPOT  | 2021-05-04 | 2021-05-04 | 2021-05-05 |     147 |
| CAPPED   | 2021-05-04 | 2021-05-04 | 2021-05-05 |    4037 |
+----------+------------+------------+------------+---------+
20 rows in set (24.59 sec)

mysql> mysql \. C:\workspace\cloud\code\sql\_DailyScript\currenttime.sql
+---------------------+
| currenttime         |
+---------------------+
| 2021-05-10 07:44:19 |
+---------------------+
1 row in set (0.00 sec)

mysql> 
mysql> mysql \. C:\workspace\cloud\code\sql\_DailyScript\DAILY-SCRIPT-SALES-TELEMETRY.sql
Database changed
Query OK, 60 rows affected, 29 warnings (0.03 sec)
Records: 60  Deleted: 0  Skipped: 0  Warnings: 29

+------------+
| dailysales |
+------------+
|     232477 |
+------------+
1 row in set (0.20 sec)

Query OK, 0 rows affected (0.01 sec)

Query OK, 232477 rows affected (16.52 sec)
Records: 232477  Duplicates: 0  Warnings: 0

+--------+
| sales  |
+--------+
| 232477 |
+--------+
1 row in set (0.11 sec)

Query OK, 0 rows affected (0.01 sec)

Query OK, 3834 rows affected (0.41 sec)
Records: 3834  Duplicates: 0  Warnings: 0

+----------------+
| rep_dailysales |
+----------------+
|           3834 |
+----------------+
1 row in set (0.01 sec)

Query OK, 0 rows affected (0.01 sec)

Query OK, 3834 rows affected (0.61 sec)
Records: 3834  Duplicates: 0  Warnings: 0

+-------------------+
| rep_dailysalesreg |
+-------------------+
|              3834 |
+-------------------+
1 row in set (0.00 sec)

Query OK, 0 rows affected (0.01 sec)

Query OK, 2922 rows affected (0.76 sec)
Records: 2922  Duplicates: 0  Warnings: 0

+-----------+
| saleslist |
+-----------+
|      2922 |
+-----------+
1 row in set (0.00 sec)

Database changed
ERROR 2 (HY000): File 'C:\ProgramData\MySQL\MySQL Server 5.7\Uploads\_csv\PrepaidCardSales-08052021-P1.csv' not found (Errcode: 2 - No such file or directory)
+------------------+
| dailysinglesales |
+------------------+
|             6506 |
+------------------+
1 row in set (0.01 sec)

Database changed
Query OK, 9 rows affected (0.05 sec)
Records: 9  Deleted: 0  Skipped: 0  Warnings: 0

+-----------------+
| dailyaddonsales |
+-----------------+
|           23292 |
+-----------------+
1 row in set (0.04 sec)

Query OK, 257 rows affected (0.05 sec)
Records: 257  Deleted: 0  Skipped: 0  Warnings: 0

+----------------+
| onlinepayments |
+----------------+
|         185380 |
+----------------+
1 row in set (0.09 sec)

+-------------+----------------+---------------------+
| paymentdate | onlinepayments | onlinepaymentamount |
+-------------+----------------+---------------------+
| 2021-05-08  |            257 |        156176.57000 |
| 2021-05-07  |            248 |        161669.88000 |
| 2021-05-06  |            274 |        172225.75000 |
| 2021-05-05  |            290 |        183375.06000 |
| 2021-05-04  |            324 |        197450.91000 |
+-------------+----------------+---------------------+
5 rows in set (0.53 sec)

+-------------+--------------+----------------+---------------------+
| paymentyear | paymentmonth | onlinepayments | onlinepaymentamount |
+-------------+--------------+----------------+---------------------+
|        2021 |            5 |           2640 |       1725541.09000 |
|        2021 |            4 |           8607 |       5573873.25000 |
|        2021 |            3 |           9164 |       5894594.15000 |
|        2021 |            2 |           8581 |       5454096.95000 |
|        2021 |            1 |           9124 |       5808374.04000 |
+-------------+--------------+----------------+---------------------+
5 rows in set (0.18 sec)

mysql> mysql \. C:\workspace\cloud\code\sql\_DailyScript\currenttime.sql
+---------------------+
| currenttime         |
+---------------------+
| 2021-05-10 07:44:38 |
+---------------------+
1 row in set (0.00 sec)

mysql> 
mysql> mysql \. C:\workspace\cloud\code\sql\_DailyScript\DAILY-SCRIPT-ACTIVENUMBERS.sql
Database changed
Query OK, 1132 rows affected (0.49 sec)
Records: 1132  Deleted: 0  Skipped: 0  Warnings: 0

+------------+----------+
| period     | count(1) |
+------------+----------+
| 2021-05-08 |     1132 |
| 2021-05-07 |     1133 |
| 2021-05-06 |     1134 |
| 2021-05-05 |     1136 |
| 2021-05-04 |     1135 |
+------------+----------+
5 rows in set (0.01 sec)

Query OK, 0 rows affected (0.01 sec)

Query OK, 76 rows affected (1.45 sec)
Records: 76  Duplicates: 0  Warnings: 0

+-------------+
| packagelist |
+-------------+
|          76 |
+-------------+
1 row in set (0.00 sec)

Database changed
Query OK, 0 rows affected (0.00 sec)

Query OK, 0 rows affected (0.00 sec)

Query OK, 0 rows affected (0.00 sec)

Query OK, 0 rows affected (0.00 sec)

Query OK, 28792 rows affected, 221 warnings (12.28 sec)
Records: 28792  Deleted: 0  Skipped: 0  Warnings: 221

+------------+----------+
| period     | count(1) |
+------------+----------+
| 2021-05-08 |    28792 |
| 2021-05-07 |    28870 |
| 2021-05-06 |    28807 |
| 2021-05-05 |    28880 |
| 2021-05-04 |    28758 |
+------------+----------+
5 rows in set (0.12 sec)

Query OK, 0 rows affected (0.01 sec)

Query OK, 28225 rows affected (51.26 sec)
Records: 28225  Duplicates: 0  Warnings: 0

Query OK, 0 rows affected (0.11 sec)
Records: 0  Duplicates: 0  Warnings: 0

Query OK, 0 rows affected (0.11 sec)
Records: 0  Duplicates: 0  Warnings: 0

Query OK, 0 rows affected (0.10 sec)
Records: 0  Duplicates: 0  Warnings: 0

Query OK, 0 rows affected (0.08 sec)
Records: 0  Duplicates: 0  Warnings: 0

Query OK, 0 rows affected (0.06 sec)
Records: 0  Duplicates: 0  Warnings: 0

Query OK, 0 rows affected (0.07 sec)
Records: 0  Duplicates: 0  Warnings: 0

+-------------+
| countbefore |
+-------------+
|    45643704 |
+-------------+
1 row in set (13.84 sec)

Query OK, 28225 rows affected (1.89 sec)
Records: 28225  Duplicates: 0  Warnings: 0

+------------+
| countafter |
+------------+
|   45671929 |
+------------+
1 row in set (14.84 sec)

+------------+--------------------------+
| period     | customercontractactivity |
+------------+--------------------------+
| 2021-05-08 |                    28225 |
| 2021-05-07 |                    28303 |
| 2021-05-06 |                    28240 |
| 2021-05-05 |                    28311 |
| 2021-05-04 |                    28189 |
+------------+--------------------------+
5 rows in set (0.06 sec)

Query OK, 0 rows affected (0.02 sec)

Query OK, 302707 rows affected (8 min 0.05 sec)
Records: 302707  Duplicates: 0  Warnings: 0

Query OK, 0 rows affected (0.98 sec)
Records: 0  Duplicates: 0  Warnings: 0

Query OK, 0 rows affected (1.13 sec)
Records: 0  Duplicates: 0  Warnings: 0

Query OK, 0 rows affected (1.14 sec)
Records: 0  Duplicates: 0  Warnings: 0

Query OK, 0 rows affected (0.01 sec)

Query OK, 188 rows affected (0.47 sec)
Records: 188  Duplicates: 0  Warnings: 0

Query OK, 0 rows affected (0.01 sec)

Query OK, 2634 rows affected (0.67 sec)
Records: 2634  Duplicates: 0  Warnings: 0

Query OK, 0 rows affected (0.01 sec)

Query OK, 28201 rows affected (0.63 sec)
Records: 28201  Duplicates: 0  Warnings: 0

Query OK, 0 rows affected (0.01 sec)

Query OK, 17263 rows affected (0.38 sec)
Records: 17263  Duplicates: 0  Warnings: 0

Query OK, 0 rows affected (0.00 sec)

Query OK, 17263 rows affected (0.12 sec)
Records: 17263  Duplicates: 0  Warnings: 0

Query OK, 0 rows affected (0.01 sec)

Query OK, 17263 rows affected (1.17 sec)
Records: 17263  Duplicates: 0  Warnings: 0

Query OK, 0 rows affected (0.01 sec)

Query OK, 17263 rows affected (44.73 sec)
Records: 17263  Duplicates: 0  Warnings: 0

+-------------+
| clientstats |
+-------------+
|       17263 |
+-------------+
1 row in set (0.01 sec)

Query OK, 0 rows affected (0.01 sec)

Query OK, 14 rows affected, 1 warning (0.09 sec)
Records: 14  Duplicates: 0  Warnings: 1

+-----------------------+-------------+-------------+----------------+-----------------+
| services              | activecount | allaccounts | uniqueaccounts | uniquecontracts |
+-----------------------+-------------+-------------+----------------+-----------------+
| All                   |         392 |          66 |             66 |             210 |
| Internet & OTT        |           4 |           2 |              2 |               2 |
| Internet & Voice      |         338 |         150 |            150 |             294 |
| Internet Only         |        4362 |        4245 |           4241 |            4289 |
| OTT Only              |           1 |           1 |              1 |               1 |
| TV & Internet         |        9921 |        4449 |           4442 |            9076 |
| TV & Internet & OTT   |        3722 |         957 |            955 |            1977 |
| TV & Internet & Voice |         525 |         148 |            148 |             454 |
| TV & OTT              |         544 |          84 |             82 |             105 |
| TV & Voice            |          87 |          39 |             39 |              79 |
| TV & Voice & OTT      |           3 |           1 |              1 |               2 |
| TV Only               |        8909 |        6992 |           6982 |            7185 |
| Voice Only            |         132 |         129 |            129 |             132 |
| GRAND TOTAL           |       28940 |       17263 |          17188 |           23806 |
+-----------------------+-------------+-------------+----------------+-----------------+
14 rows in set (0.00 sec)

+-------------+-------------+-------------+----------------+-----------------+
| network     | activecount | allaccounts | uniqueaccounts | uniquecontracts |
+-------------+-------------+-------------+----------------+-----------------+
| GPON        |       11757 |        5869 |           5866 |            9253 |
| HFC         |       17183 |       11394 |          11394 |           14553 |
| GRAND TOTAL |       28940 |       17263 |          17188 |           23806 |
+-------------+-------------+-------------+----------------+-----------------+
3 rows in set, 1 warning (0.12 sec)

+-------------+-----------------------+-------------+-------------+----------------+-----------------+
| network     | services              | activecount | allaccounts | uniqueaccounts | uniquecontracts |
+-------------+-----------------------+-------------+-------------+----------------+-----------------+
| GPON        | All                   |         267 |          48 |             48 |             150 |
| GPON        | Internet & Voice      |          86 |          36 |             36 |              76 |
| GPON        | Internet Only         |        1410 |        1313 |           1313 |            1339 |
| GPON        | TV & Internet         |        4898 |        2158 |           2158 |            4440 |
| GPON        | TV & Internet & OTT   |        2465 |         631 |            631 |            1311 |
| GPON        | TV & Internet & Voice |         252 |          66 |             66 |             205 |
| GPON        | TV & OTT              |         324 |          49 |             49 |              60 |
| GPON        | TV & Voice            |          59 |          26 |             26 |              53 |
| GPON        | TV & Voice & OTT      |           3 |           1 |              1 |               2 |
| GPON        | TV Only               |        1981 |        1530 |           1530 |            1605 |
| GPON        | Voice Only            |          12 |          11 |             11 |              12 |
| GPON        | Services Total        |       11757 |        5869 |           5866 |            9253 |
| HFC         | All                   |         125 |          18 |             18 |              60 |
| HFC         | Internet & OTT        |           4 |           2 |              2 |               2 |
| HFC         | Internet & Voice      |         252 |         114 |            114 |             218 |
| HFC         | Internet Only         |        2952 |        2932 |           2932 |            2950 |
| HFC         | OTT Only              |           1 |           1 |              1 |               1 |
| HFC         | TV & Internet         |        5023 |        2291 |           2291 |            4636 |
| HFC         | TV & Internet & OTT   |        1257 |         326 |            326 |             666 |
| HFC         | TV & Internet & Voice |         273 |          82 |             82 |             249 |
| HFC         | TV & OTT              |         220 |          35 |             35 |              45 |
| HFC         | TV & Voice            |          28 |          13 |             13 |              26 |
| HFC         | TV Only               |        6928 |        5462 |           5462 |            5580 |
| HFC         | Voice Only            |         120 |         118 |            118 |             120 |
| HFC         | Services Total        |       17183 |       11394 |          11394 |           14553 |
| GRAND TOTAL | Services Total        |       28940 |       17263 |          17188 |           23806 |
+-------------+-----------------------+-------------+-------------+----------------+-----------------+
26 rows in set, 2 warnings (0.14 sec)

Query OK, 0 rows affected (0.01 sec)

Query OK, 42 rows affected, 3 warnings (0.19 sec)
Records: 42  Duplicates: 0  Warnings: 3

+-------------+---------------+-----------------------+-------------+-------------+----------------+-----------------+
| region      | network       | services              | activecount | allaccounts | uniqueaccounts | uniquecontracts |
+-------------+---------------+-----------------------+-------------+-------------+----------------+-----------------+
| Mahe        | GPON          | All                   |         231 |          42 |             42 |             132 |
| Mahe        | GPON          | Internet & Voice      |          76 |          31 |             31 |              66 |
| Mahe        | GPON          | Internet Only         |        1177 |        1080 |           1080 |            1106 |
| Mahe        | GPON          | TV & Internet         |        4049 |        1782 |           1782 |            3665 |
| Mahe        | GPON          | TV & Internet & OTT   |        2123 |         535 |            535 |            1116 |
| Mahe        | GPON          | TV & Internet & Voice |         239 |          62 |             62 |             192 |
| Mahe        | GPON          | TV & OTT              |         281 |          33 |             33 |              44 |
| Mahe        | GPON          | TV & Voice            |          57 |          25 |             25 |              51 |
| Mahe        | GPON          | TV & Voice & OTT      |           3 |           1 |              1 |               2 |
| Mahe        | GPON          | TV Only               |        1611 |        1234 |           1234 |            1292 |
| Mahe        | GPON          | Voice Only            |          12 |          11 |             11 |              12 |
| Mahe        | GPON          | Services Total        |        9859 |        4836 |           4836 |            7678 |
| Mahe        | HFC           | All                   |         125 |          18 |             18 |              60 |
| Mahe        | HFC           | Internet & OTT        |           4 |           2 |              2 |               2 |
| Mahe        | HFC           | Internet & Voice      |         252 |         114 |            114 |             218 |
| Mahe        | HFC           | Internet Only         |        2951 |        2931 |           2931 |            2949 |
| Mahe        | HFC           | OTT Only              |           1 |           1 |              1 |               1 |
| Mahe        | HFC           | TV & Internet         |        5021 |        2290 |           2290 |            4634 |
| Mahe        | HFC           | TV & Internet & OTT   |        1257 |         326 |            326 |             666 |
| Mahe        | HFC           | TV & Internet & Voice |         273 |          82 |             82 |             249 |
| Mahe        | HFC           | TV & OTT              |         220 |          35 |             35 |              45 |
| Mahe        | HFC           | TV & Voice            |          28 |          13 |             13 |              26 |
| Mahe        | HFC           | TV Only               |        6925 |        5460 |           5460 |            5578 |
| Mahe        | HFC           | Voice Only            |         120 |         118 |            118 |             120 |
| Mahe        | HFC           | Services Total        |       17177 |       11390 |          11390 |           14548 |
| Mahe        | Network Total | Services Total        |       27036 |       16226 |          16154 |           22226 |
| Praslin     | GPON          | All                   |          36 |           6 |              6 |              18 |
| Praslin     | GPON          | Internet & Voice      |          10 |           5 |              5 |              10 |
| Praslin     | GPON          | Internet Only         |         233 |         233 |            233 |             233 |
| Praslin     | GPON          | TV & Internet         |         849 |         376 |            376 |             775 |
| Praslin     | GPON          | TV & Internet & OTT   |         342 |          96 |             96 |             195 |
| Praslin     | GPON          | TV & Internet & Voice |          13 |           4 |              4 |              13 |
| Praslin     | GPON          | TV & OTT              |          43 |          16 |             16 |              16 |
| Praslin     | GPON          | TV & Voice            |           2 |           1 |              1 |               2 |
| Praslin     | GPON          | TV Only               |         370 |         296 |            296 |             313 |
| Praslin     | GPON          | Services Total        |        1898 |        1033 |           1033 |            1575 |
| Praslin     | HFC           | Internet Only         |           1 |           1 |              1 |               1 |
| Praslin     | HFC           | TV & Internet         |           2 |           1 |              1 |               2 |
| Praslin     | HFC           | TV Only               |           3 |           2 |              2 |               2 |
| Praslin     | HFC           | Services Total        |           6 |           4 |              4 |               5 |
| Praslin     | Network Total | Services Total        |        1904 |        1037 |           1037 |            1580 |
| GRAND TOTAL | Network Total | Services Total        |       28940 |       17263 |          17188 |           23806 |
+-------------+---------------+-----------------------+-------------+-------------+----------------+-----------------+
42 rows in set (0.00 sec)

Query OK, 0 rows affected (0.01 sec)

Query OK, 28202 rows affected (0.42 sec)
Records: 28202  Duplicates: 0  Warnings: 0

Query OK, 0 rows affected (0.00 sec)

Query OK, 2279 rows affected (1.00 sec)
Records: 2279  Duplicates: 0  Warnings: 0

+--------------------------------------+
| message                              |
+--------------------------------------+
| running rcbill_my.sp_ActiveNumber2() |
+--------------------------------------+
1 row in set (0.00 sec)

Query OK, 365 rows affected (1 min 49.12 sec)

mysql> mysql \. C:\workspace\cloud\code\sql\_DailyScript\currenttime.sql
+---------------------+
| currenttime         |
+---------------------+
| 2021-05-10 07:56:58 |
+---------------------+
1 row in set (0.00 sec)

mysql> 
mysql> mysql \. C:\workspace\cloud\code\sql\_DailyScript\GetActiveNumbers Average -Pivot.sql
Database changed
+-------------------------------------+
| @today := subdate(current_date(),1) |
+-------------------------------------+
| 2021-05-09                          |
+-------------------------------------+
1 row in set (0.00 sec)

+-------------------------------------+
| @lastdayofmonth := last_day(@today) |
+-------------------------------------+
| 2021-05-31                          |
+-------------------------------------+
1 row in set (0.00 sec)

Query OK, 0 rows affected (0.01 sec)

Query OK, 47653 rows affected, 65535 warnings (58.24 sec)
Records: 47653  Duplicates: 0  Warnings: 97853

Query OK, 0 rows affected (0.10 sec)
Records: 0  Duplicates: 0  Warnings: 0

Query OK, 0 rows affected (0.12 sec)
Records: 0  Duplicates: 0  Warnings: 0

Query OK, 0 rows affected (0.10 sec)
Records: 0  Duplicates: 0  Warnings: 0

+-----------------+
| activenumberavg |
+-----------------+
|           47653 |
+-----------------+
1 row in set (0.01 sec)

Query OK, 0 rows affected (0.01 sec)

Query OK, 1961 rows affected (0.55 sec)
Records: 1961  Duplicates: 0  Warnings: 0

+---------------------+
| rep_activenumberavg |
+---------------------+
|                1961 |
+---------------------+
1 row in set (0.00 sec)

+----------------------+
| rep_activenumberavg1 |
+----------------------+
|                  915 |
+----------------------+
1 row in set (0.00 sec)

Query OK, 0 rows affected (0.01 sec)

Query OK, 2507 rows affected (0.44 sec)
Records: 2507  Duplicates: 0  Warnings: 0

Query OK, 0 rows affected (0.01 sec)

Query OK, 12908 rows affected (0.80 sec)
Records: 12908  Duplicates: 0  Warnings: 0

Query OK, 0 rows affected (0.00 sec)

Query OK, 0 rows affected (0.01 sec)

Query OK, 0 rows affected (0.01 sec)

Query OK, 0 rows affected (0.00 sec)

Query OK, 0 rows affected (0.00 sec)
Statement prepared

Query OK, 53 rows affected (0.05 sec)
Records: 53  Duplicates: 0  Warnings: 0

Query OK, 0 rows affected (0.00 sec)

Query OK, 0 rows affected (0.00 sec)

+----------------------+
| rep_activenumberavg2 |
+----------------------+
|                 2507 |
+----------------------+
1 row in set (0.00 sec)

+------------------------+
| rep_activenumberavg_pv |
+------------------------+
|                     53 |
+------------------------+
1 row in set (0.00 sec)

Query OK, 0 rows affected (0.01 sec)

Query OK, 2506 rows affected (0.36 sec)
Records: 2506  Duplicates: 0  Warnings: 0

Query OK, 0 rows affected (0.00 sec)

Query OK, 0 rows affected (0.01 sec)

Query OK, 0 rows affected (0.01 sec)

Query OK, 0 rows affected (0.00 sec)

Query OK, 0 rows affected (0.00 sec)
Statement prepared

Query OK, 53 rows affected (0.05 sec)
Records: 53  Duplicates: 0  Warnings: 0

Query OK, 0 rows affected (0.00 sec)

Query OK, 0 rows affected (0.00 sec)

+-------------------------+
| rep_activenumberavgMahe |
+-------------------------+
|                    2506 |
+-------------------------+
1 row in set (0.00 sec)

+----------------------------+
| rep_activenumberavgMahe_pv |
+----------------------------+
|                         53 |
+----------------------------+
1 row in set (0.00 sec)

Query OK, 0 rows affected (0.01 sec)

Query OK, 1585 rows affected (0.17 sec)
Records: 1585  Duplicates: 0  Warnings: 0

Query OK, 0 rows affected (0.00 sec)

Query OK, 0 rows affected (0.00 sec)

Query OK, 0 rows affected (0.01 sec)

Query OK, 0 rows affected (0.00 sec)

Query OK, 0 rows affected (0.00 sec)
Statement prepared

Query OK, 40 rows affected (0.04 sec)
Records: 40  Duplicates: 0  Warnings: 0

Query OK, 0 rows affected (0.00 sec)

Query OK, 0 rows affected (0.00 sec)

+----------------------------+
| rep_activenumberavgPraslin |
+----------------------------+
|                       1585 |
+----------------------------+
1 row in set (0.00 sec)

+-------------------------------+
| rep_activenumberavgPraslin_pv |
+-------------------------------+
|                            40 |
+-------------------------------+
1 row in set (0.00 sec)

mysql> mysql \. C:\workspace\cloud\code\sql\_DailyScript\currenttime.sql
+---------------------+
| currenttime         |
+---------------------+
| 2021-05-10 07:57:59 |
+---------------------+
1 row in set (0.00 sec)

mysql> 
mysql> mysql \. C:\workspace\cloud\code\sql\_DailyScript\budget_actual_analysis_2021.sql
Query OK, 0 rows affected (0.00 sec)

Query OK, 755 rows affected, 3 warnings (0.12 sec)
Records: 755  Duplicates: 0  Warnings: 3

+--------------------+
| budget_actual_2021 |
+--------------------+
|                755 |
+--------------------+
1 row in set (0.00 sec)

Query OK, 0 rows affected (0.00 sec)

Query OK, 47 rows affected (0.04 sec)
Records: 47  Duplicates: 0  Warnings: 0

+---------------------------+
| rep_budget_actual_2021_pv |
+---------------------------+
|                        47 |
+---------------------------+
1 row in set (0.00 sec)

mysql> mysql \. C:\workspace\cloud\code\sql\_DailyScript\currenttime.sql
+---------------------+
| currenttime         |
+---------------------+
| 2021-05-10 07:58:00 |
+---------------------+
1 row in set (0.00 sec)

mysql> 
mysql> 
mysql> 
mysql> 
mysql> 
mysql> 
mysql> 
mysql> 
mysql> 
mysql> 
mysql> 
mysql> 
mysql> 
mysql> 
mysql> 
mysql> 
mysql> 
mysql> 
mysql> 
mysql> 
mysql> 
mysql> exit
