    -> 
    -> mysql \. C:\workspace\cloud\code\sql\_DailyScript\_setdates.sql
Query OK, 0 rows affected (0.00 sec)

Query OK, 0 rows affected (1.94 sec)

Database changed
Query OK, 0 rows affected (0.00 sec)

Query OK, 0 rows affected (0.00 sec)

Query OK, 0 rows affected (0.00 sec)

Query OK, 0 rows affected (0.00 sec)

Query OK, 0 rows affected (0.00 sec)

Query OK, 0 rows affected (0.00 sec)

Query OK, 0 rows affected (0.00 sec)

Query OK, 0 rows affected (0.00 sec)

Query OK, 0 rows affected (0.00 sec)

Query OK, 0 rows affected (0.00 sec)

Query OK, 0 rows affected (0.00 sec)

Query OK, 0 rows affected (0.00 sec)

Query OK, 0 rows affected (0.00 sec)

Query OK, 0 rows affected (0.00 sec)

Query OK, 0 rows affected (0.00 sec)

Query OK, 0 rows affected (0.00 sec)

Query OK, 0 rows affected (0.00 sec)

Query OK, 0 rows affected (0.00 sec)

Query OK, 0 rows affected (0.00 sec)

Query OK, 0 rows affected (0.00 sec)

Query OK, 0 rows affected (0.00 sec)

Query OK, 0 rows affected (0.00 sec)

mysql> mysql \. C:\workspace\cloud\code\sql\_DailyScript\currenttime.sql
+---------------------+
| currenttime         |
+---------------------+
| 2021-12-30 08:23:05 |
+---------------------+
1 row in set (0.00 sec)

mysql> 
mysql> mysql \. C:\workspace\cloud\code\sql\_DailyScript\load_RCB_VODTITLES.sql
Database changed
Query OK, 0 rows affected (0.00 sec)

Query OK, 17185 rows affected (0.27 sec)

Query OK, 17187 rows affected, 17187 warnings (0.41 sec)
Records: 17187  Deleted: 0  Skipped: 0  Warnings: 17187

Query OK, 0 rows affected (0.00 sec)

Query OK, 2 rows affected (0.02 sec)

+-----------+
| VODTITLES |
+-----------+
|     17645 |
+-----------+
1 row in set (0.01 sec)

+-----------+-----------+
| titletype | typecount |
+-----------+-----------+
| E         |     14665 |
| N         |       245 |
| T         |      2275 |
| NULL      |     17185 |
+-----------+-----------+
4 rows in set (0.11 sec)

mysql> mysql \. C:\workspace\cloud\code\sql\_DailyScript\currenttime.sql
+---------------------+
| currenttime         |
+---------------------+
| 2021-12-30 08:23:06 |
+---------------------+
1 row in set (0.00 sec)

mysql> 
mysql> mysql \. C:\workspace\cloud\code\sql\_DailyScript\DAILY-SCRIPT-LIVETV-STATS.sql
Database changed
Query OK, 0 rows affected (0.05 sec)

Query OK, 115417 rows affected (6 min 12.73 sec)
Records: 115417  Duplicates: 0  Warnings: 0

+------------+------------+----------+--------------+--------------+-----------+-------------+----------+--------+------+------------+---------+---------------+
| Table      | Non_unique | Key_name | Seq_in_index | Column_name  | Collation | Cardinality | Sub_part | Packed | Null | Index_type | Comment | Index_comment |
+------------+------------+----------+--------------+--------------+-----------+-------------+----------+--------+------+------------+---------+---------------+
| templivetv |          1 | idxtv1   |            1 | device       | A         |      115839 |     NULL | NULL   | YES  | BTREE      |         |               |
| templivetv |          1 | idxtv2   |            1 | sessionstart | A         |      115839 |     NULL | NULL   | YES  | BTREE      |         |               |
+------------+------------+----------+--------------+--------------+-----------+-------------+----------+--------+------+------------+---------+---------------+
2 rows in set (0.01 sec)

Query OK, 115612 rows affected (3 min 2.34 sec)
Records: 115612  Duplicates: 0  Warnings: 0

Query OK, 2545 rows affected (0.86 sec)
Records: 2545  Duplicates: 0  Warnings: 0

Query OK, 0 rows affected (0.00 sec)

Query OK, 0 rows affected (0.00 sec)

Query OK, 126 rows affected (0.04 sec)
Records: 126  Duplicates: 0  Warnings: 0

Query OK, 0 rows affected (0.02 sec)

Query OK, 94761 rows affected (23 min 19.76 sec)
Records: 94761  Duplicates: 0  Warnings: 0

+-----------------+
| rep_livetvstats |
+-----------------+
|           94761 |
+-----------------+
1 row in set (0.03 sec)

mysql> mysql \. C:\workspace\cloud\code\sql\_DailyScript\currenttime.sql
+---------------------+
| currenttime         |
+---------------------+
| 2021-12-30 08:55:42 |
+---------------------+
1 row in set (0.00 sec)

mysql> 
mysql> mysql \. C:\workspace\cloud\code\sql\_DailyScript\DAILY-SCRIPT-VODTS-STATS.sql
Database changed
Query OK, 0 rows affected (0.01 sec)

Query OK, 10095 rows affected (38.96 sec)
Records: 10095  Duplicates: 0  Warnings: 0

+---------+------------+----------+--------------+--------------+-----------+-------------+----------+--------+------+------------+---------+---------------+
| Table   | Non_unique | Key_name | Seq_in_index | Column_name  | Collation | Cardinality | Sub_part | Packed | Null | Index_type | Comment | Index_comment |
+---------+------------+----------+--------------+--------------+-----------+-------------+----------+--------+------+------------+---------+---------------+
| tempvod |          1 | idxtvod1 |            1 | device       | A         |       10305 |     NULL | NULL   | YES  | BTREE      |         |               |
| tempvod |          1 | idxtvod2 |            1 | sessionstart | A         |       10305 |     NULL | NULL   | YES  | BTREE      |         |               |
+---------+------------+----------+--------------+--------------+-----------+-------------+----------+--------+------+------------+---------+---------------+
2 rows in set (0.00 sec)

Query OK, 10128 rows affected (7.95 sec)
Records: 10128  Duplicates: 0  Warnings: 0

Query OK, 0 rows affected (0.05 sec)

Query OK, 1684327 rows affected (2 min 39.41 sec)
Records: 1684327  Duplicates: 0  Warnings: 0

+--------------+
| rep_vodstats |
+--------------+
|      1684327 |
+--------------+
1 row in set (0.49 sec)

Database changed
Query OK, 0 rows affected (0.01 sec)

Query OK, 19887 rows affected (1 min 3.77 sec)
Records: 19887  Duplicates: 0  Warnings: 0

+--------+------------+----------+--------------+--------------+-----------+-------------+----------+--------+------+------------+---------+---------------+
| Table  | Non_unique | Key_name | Seq_in_index | Column_name  | Collation | Cardinality | Sub_part | Packed | Null | Index_type | Comment | Index_comment |
+--------+------------+----------+--------------+--------------+-----------+-------------+----------+--------+------+------------+---------+---------------+
| tempts |          1 | idxtts1  |            1 | device       | A         |       20127 |     NULL | NULL   | YES  | BTREE      |         |               |
| tempts |          1 | idxtts2  |            1 | sessionstart | A         |       20127 |     NULL | NULL   | YES  | BTREE      |         |               |
+--------+------------+----------+--------------+--------------+-----------+-------------+----------+--------+------+------------+---------+---------------+
2 rows in set (0.00 sec)

Query OK, 19828 rows affected (18.95 sec)
Records: 19828  Duplicates: 0  Warnings: 0

Query OK, 0 rows affected (0.01 sec)

Query OK, 56526 rows affected (1 min 27.55 sec)
Records: 56526  Duplicates: 0  Warnings: 0

+-------------+
| rep_tsstats |
+-------------+
|       56526 |
+-------------+
1 row in set (0.02 sec)

mysql> mysql \. C:\workspace\cloud\code\sql\_DailyScript\currenttime.sql
+---------------------+
| currenttime         |
+---------------------+
| 2021-12-30 09:01:59 |
+---------------------+
1 row in set (0.00 sec)

mysql> 
mysql> mysql \. C:\workspace\cloud\code\sql\_DailyScript\DAILY-SCRIPT-RADIO-STATS.sql
Database changed
Query OK, 0 rows affected (0.04 sec)

Query OK, 522412 rows affected (7.02 sec)
Records: 522412  Duplicates: 0  Warnings: 0

+-----------+------------+----------+--------------+--------------+-----------+-------------+----------+--------+------+------------+---------+---------------+
| Table     | Non_unique | Key_name | Seq_in_index | Column_name  | Collation | Cardinality | Sub_part | Packed | Null | Index_type | Comment | Index_comment |
+-----------+------------+----------+--------------+--------------+-----------+-------------+----------+--------+------+------------+---------+---------------+
| tempradio |          1 | idxtrad1 |            1 | device       | A         |      522597 |     NULL | NULL   | YES  | BTREE      |         |               |
| tempradio |          1 | idxtrad2 |            1 | sessionstart | A         |      522597 |     NULL | NULL   | YES  | BTREE      |         |               |
+-----------+------------+----------+--------------+--------------+-----------+-------------+----------+--------+------+------------+---------+---------------+
2 rows in set (0.00 sec)

Query OK, 794 rows affected (1.40 sec)
Records: 794  Duplicates: 0  Warnings: 0

Query OK, 0 rows affected (0.01 sec)

Query OK, 7397 rows affected (0.73 sec)
Records: 7397  Duplicates: 0  Warnings: 0

+----------------+
| rep_radiostats |
+----------------+
|           7397 |
+----------------+
1 row in set (0.00 sec)

mysql> mysql \. C:\workspace\cloud\code\sql\_DailyScript\currenttime.sql
+---------------------+
| currenttime         |
+---------------------+
| 2021-12-30 09:02:08 |
+---------------------+
1 row in set (0.00 sec)

mysql> 
mysql> mysql \. C:\workspace\cloud\code\sql\_DailyScript\DAILY_SCRIPT_TELEMETRY_PIVOT_2021.sql
Query OK, 0 rows affected (0.01 sec)

Query OK, 141 rows affected (0.27 sec)
Records: 141  Duplicates: 0  Warnings: 0

Query OK, 0 rows affected (0.02 sec)

Query OK, 15704 rows affected (4.63 sec)
Records: 15704  Duplicates: 0  Warnings: 0

Query OK, 0 rows affected (0.01 sec)

Query OK, 6 rows affected (0.02 sec)
Records: 6  Duplicates: 0  Warnings: 0

Query OK, 0 rows affected (0.01 sec)

Query OK, 46 rows affected (0.14 sec)
Records: 46  Duplicates: 0  Warnings: 0

mysql> mysql \. C:\workspace\cloud\code\sql\_DailyScript\currenttime.sql
+---------------------+
| currenttime         |
+---------------------+
| 2021-12-30 09:02:13 |
+---------------------+
1 row in set (0.00 sec)

mysql> 
mysql> mysql \. C:\workspace\cloud\code\sql\_DailyScript\telemetry_livetv_ranking2021.sql
Query OK, 0 rows affected (0.01 sec)

Query OK, 141 rows affected (0.02 sec)
Records: 141  Duplicates: 0  Warnings: 0

mysql> mysql \. C:\workspace\cloud\code\sql\_DailyScript\currenttime.sql
+---------------------+
| currenttime         |
+---------------------+
| 2021-12-30 09:02:13 |
+---------------------+
1 row in set (0.00 sec)

mysql> 
mysql> mysql \. C:\workspace\cloud\code\sql\_DailyScript\telemetry_radio_ranking2021.sql
Query OK, 0 rows affected (0.01 sec)

Query OK, 6 rows affected (0.03 sec)
Records: 6  Duplicates: 0  Warnings: 0

mysql> mysql \. C:\workspace\cloud\code\sql\_DailyScript\currenttime.sql
+---------------------+
| currenttime         |
+---------------------+
| 2021-12-30 09:02:13 |
+---------------------+
1 row in set (0.00 sec)

mysql> 
mysql> mysql \. C:\workspace\cloud\code\sql\_DailyScript\telemetry_ts_ranking2021.sql
Query OK, 0 rows affected (0.01 sec)

Query OK, 46 rows affected (0.02 sec)
Records: 46  Duplicates: 0  Warnings: 0

mysql> mysql \. C:\workspace\cloud\code\sql\_DailyScript\currenttime.sql
+---------------------+
| currenttime         |
+---------------------+
| 2021-12-30 09:02:13 |
+---------------------+
1 row in set (0.00 sec)

mysql> 
mysql> mysql \. C:\workspace\cloud\code\sql\_DailyScript\telemetry_vod_ranking2021.sql
Query OK, 0 rows affected (0.02 sec)

Query OK, 15704 rows affected (0.92 sec)
Records: 15704  Duplicates: 0  Warnings: 0

mysql> mysql \. C:\workspace\cloud\code\sql\_DailyScript\currenttime.sql
+---------------------+
| currenttime         |
+---------------------+
| 2021-12-30 09:02:14 |
+---------------------+
1 row in set (0.00 sec)

mysql> 
mysql> mysql \. C:\workspace\cloud\code\sql\_DailyScript\telemetry_vod_ranking2021_1.sql
Query OK, 0 rows affected (0.01 sec)

Query OK, 15704 rows affected (0.42 sec)
Records: 15704  Duplicates: 0  Warnings: 0

mysql> mysql \. C:\workspace\cloud\code\sql\_DailyScript\currenttime.sql
+---------------------+
| currenttime         |
+---------------------+
| 2021-12-30 09:02:15 |
+---------------------+
1 row in set (0.00 sec)

mysql> 
mysql> mysql \. C:\workspace\cloud\code\sql\_DailyScript\telemetry_vod_ranking2021_2.sql
Query OK, 0 rows affected (0.01 sec)

Query OK, 15704 rows affected (0.43 sec)
Records: 15704  Duplicates: 0  Warnings: 0

mysql> mysql \. C:\workspace\cloud\code\sql\_DailyScript\currenttime.sql
+---------------------+
| currenttime         |
+---------------------+
| 2021-12-30 09:02:15 |
+---------------------+
1 row in set (0.00 sec)

mysql> 
mysql> mysql \. C:\workspace\cloud\code\sql\_DailyScript\DAILY-SCRIPT-CREATE-LOAD.sql
Database changed
Database changed
Query OK, 0 rows affected (41.28 sec)

Query OK, 0 rows affected (0.02 sec)

Database changed
Query OK, 68985 rows affected, 65535 warnings (2.78 sec)
Records: 68985  Deleted: 0  Skipped: 0  Warnings: 206598

Query OK, 0 rows affected (0.17 sec)
Records: 0  Duplicates: 0  Warnings: 0

Query OK, 0 rows affected (0.27 sec)
Records: 0  Duplicates: 0  Warnings: 0

Query OK, 0 rows affected (0.28 sec)
Records: 0  Duplicates: 0  Warnings: 0

Query OK, 0 rows affected (0.26 sec)
Records: 0  Duplicates: 0  Warnings: 0

+---------+
| clients |
+---------+
|   68985 |
+---------+
1 row in set (0.02 sec)

Query OK, 0 rows affected (0.01 sec)

Query OK, 17188 rows affected (7.59 sec)
Records: 17188  Duplicates: 0  Warnings: 0

Query OK, 0 rows affected (0.07 sec)
Records: 0  Duplicates: 0  Warnings: 0

+-------------------+
| rcb_clientparcels |
+-------------------+
|             17188 |
+-------------------+
1 row in set (0.01 sec)

Query OK, 0 rows affected (0.01 sec)

Query OK, 109256 rows affected (3.72 sec)
Records: 109256  Duplicates: 0  Warnings: 0

Query OK, 0 rows affected (0.34 sec)
Records: 0  Duplicates: 0  Warnings: 0

Query OK, 0 rows affected (0.01 sec)

Query OK, 68985 rows affected (1 min 16.23 sec)
Records: 68985  Duplicates: 0  Warnings: 0

Query OK, 0 rows affected (0.22 sec)
Records: 0  Duplicates: 0  Warnings: 0

Query OK, 0 rows affected (0.24 sec)
Records: 0  Duplicates: 0  Warnings: 0

Query OK, 0 rows affected (0.17 sec)
Records: 0  Duplicates: 0  Warnings: 0

+---------------+
| clientaddress |
+---------------+
|         68985 |
+---------------+
1 row in set (0.02 sec)

Database changed
Query OK, 0 rows affected (0.07 sec)

Query OK, 0 rows affected (0.01 sec)

Database changed
Query OK, 568991 rows affected, 65535 warnings (17.26 sec)
Records: 568991  Deleted: 0  Skipped: 0  Warnings: 3339197

Query OK, 0 rows affected (1.27 sec)
Records: 0  Duplicates: 0  Warnings: 0

Query OK, 0 rows affected (2.48 sec)
Records: 0  Duplicates: 0  Warnings: 0

Query OK, 0 rows affected (1.24 sec)
Records: 0  Duplicates: 0  Warnings: 0

Query OK, 0 rows affected (0.04 sec)

Query OK, 568991 rows affected (42.71 sec)
Records: 568991  Duplicates: 0  Warnings: 0

Query OK, 0 rows affected (1.99 sec)
Records: 0  Duplicates: 0  Warnings: 0

Query OK, 0 rows affected (1.48 sec)
Records: 0  Duplicates: 0  Warnings: 0

+-----------+
| contracts |
+-----------+
|    568991 |
+-----------+
1 row in set (0.15 sec)

+-----------------+
| contractaddress |
+-----------------+
|          568991 |
+-----------------+
1 row in set (0.16 sec)

Database changed
Query OK, 0 rows affected (0.01 sec)

Query OK, 0 rows affected (0.01 sec)

Query OK, 8381 rows affected, 33400 warnings (0.21 sec)
Records: 8381  Deleted: 0  Skipped: 0  Warnings: 33400

Query OK, 0 rows affected (0.01 sec)

Query OK, 8348 rows affected (0.17 sec)
Records: 8348  Duplicates: 0  Warnings: 0

Query OK, 0 rows affected (0.04 sec)
Records: 0  Duplicates: 0  Warnings: 0

Query OK, 0 rows affected (0.03 sec)
Records: 0  Duplicates: 0  Warnings: 0

Query OK, 0 rows affected (0.03 sec)
Records: 0  Duplicates: 0  Warnings: 0

Query OK, 0 rows affected (0.01 sec)

Query OK, 6211 rows affected (0.06 sec)
Records: 6211  Duplicates: 0  Warnings: 0

Query OK, 0 rows affected (0.03 sec)
Records: 0  Duplicates: 0  Warnings: 0

+-------------------+
| contractdiscounts |
+-------------------+
|              8381 |
+-------------------+
1 row in set (0.00 sec)

+-------------------------+
| clientcontractdiscounts |
+-------------------------+
|                    8348 |
+-------------------------+
1 row in set (0.00 sec)

+----------------------------+
| clientcontractlastdiscount |
+----------------------------+
|                       6211 |
+----------------------------+
1 row in set (0.00 sec)

Database changed
Query OK, 0 rows affected (0.03 sec)

Query OK, 0 rows affected (0.01 sec)

Database changed
Query OK, 153345 rows affected, 65535 warnings (3.10 sec)
Records: 153345  Deleted: 0  Skipped: 0  Warnings: 249687

Query OK, 0 rows affected (0.29 sec)
Records: 0  Duplicates: 0  Warnings: 0

Query OK, 0 rows affected (0.31 sec)
Records: 0  Duplicates: 0  Warnings: 0

Query OK, 0 rows affected (0.33 sec)
Records: 0  Duplicates: 0  Warnings: 0

Query OK, 0 rows affected (0.31 sec)
Records: 0  Duplicates: 0  Warnings: 0

Query OK, 0 rows affected (0.43 sec)
Records: 0  Duplicates: 0  Warnings: 0

Query OK, 0 rows affected (0.57 sec)
Records: 0  Duplicates: 0  Warnings: 0

Query OK, 0 rows affected (0.15 sec)

Query OK, 1932045 rows affected (1 min 52.63 sec)
Records: 1932045  Duplicates: 0  Warnings: 0

Query OK, 0 rows affected (6.59 sec)
Records: 0  Duplicates: 0  Warnings: 0

+---------+
| devices |
+---------+
|  153345 |
+---------+
1 row in set (0.06 sec)

+-----------------------+
| clientcontractdevices |
+-----------------------+
|               1932045 |
+-----------------------+
1 row in set (0.90 sec)

Query OK, 0 rows affected (0.02 sec)

Query OK, 153239 rows affected (7.51 sec)
Records: 153239  Duplicates: 0  Warnings: 0

+---------------------------+
| rep_clientcontractdevices |
+---------------------------+
|                    153239 |
+---------------------------+
1 row in set (0.05 sec)

Database changed
Query OK, 0 rows affected (0.18 sec)

Query OK, 0 rows affected (0.06 sec)

Query OK, 349494 rows affected (9.13 sec)
Records: 349494  Deleted: 0  Skipped: 0  Warnings: 0

Query OK, 0 rows affected (0.89 sec)
Records: 0  Duplicates: 0  Warnings: 0

Query OK, 0 rows affected (0.75 sec)
Records: 0  Duplicates: 0  Warnings: 0

Query OK, 0 rows affected (0.75 sec)
Records: 0  Duplicates: 0  Warnings: 0

Query OK, 0 rows affected (0.69 sec)
Records: 0  Duplicates: 0  Warnings: 0

+---------+
| tickets |
+---------+
|  349494 |
+---------+
1 row in set (0.09 sec)

Database changed
Query OK, 0 rows affected (0.01 sec)

Query OK, 0 rows affected (0.01 sec)

Empty set (0.00 sec)

Query OK, 0 rows affected (0.02 sec)
Records: 0  Duplicates: 0  Warnings: 0

Query OK, 392 rows affected, 2 warnings (0.03 sec)
Records: 392  Deleted: 0  Skipped: 0  Warnings: 2

+-----------------+
| tickettechusers |
+-----------------+
|             392 |
+-----------------+
1 row in set (0.00 sec)

Database changed
Query OK, 0 rows affected (0.02 sec)

Query OK, 0 rows affected (0.01 sec)

Query OK, 0 rows affected (0.02 sec)
Records: 0  Duplicates: 0  Warnings: 0

Query OK, 789882 rows affected, 2 warnings (11.66 sec)
Records: 789882  Deleted: 0  Skipped: 0  Warnings: 2

+-------------------+
| ticketassignments |
+-------------------+
|            789882 |
+-------------------+
1 row in set (0.21 sec)

Database changed
Query OK, 0 rows affected (0.05 sec)

Query OK, 0 rows affected (0.03 sec)

Query OK, 1565305 rows affected, 65535 warnings (17.89 sec)
Records: 1565305  Deleted: 0  Skipped: 0  Warnings: 1565321

Query OK, 0 rows affected (2.92 sec)
Records: 0  Duplicates: 0  Warnings: 0

Query OK, 0 rows affected (2.79 sec)
Records: 0  Duplicates: 0  Warnings: 0

Query OK, 0 rows affected (2.59 sec)
Records: 0  Duplicates: 0  Warnings: 0

Query OK, 0 rows affected (3.03 sec)
Records: 0  Duplicates: 0  Warnings: 0

+----------------+
| ticketcomments |
+----------------+
|        1565305 |
+----------------+
1 row in set (0.41 sec)

Database changed
Query OK, 0 rows affected (0.01 sec)

Query OK, 0 rows affected (0.01 sec)

Query OK, 501755 rows affected (38.20 sec)
Records: 501755  Deleted: 0  Skipped: 0  Warnings: 0

Query OK, 0 rows affected (2.72 sec)
Records: 0  Duplicates: 0  Warnings: 0

+----------+
| comments |
+----------+
|   501755 |
+----------+
1 row in set (0.14 sec)

Database changed
Query OK, 0 rows affected (0.08 sec)

Query OK, 0 rows affected (0.01 sec)

Query OK, 1997956 rows affected, 65535 warnings (1 min 21.10 sec)
Records: 1997956  Deleted: 0  Skipped: 0  Warnings: 1998051

Query OK, 0 rows affected (3.64 sec)
Records: 0  Duplicates: 0  Warnings: 0

Query OK, 0 rows affected (4.44 sec)
Records: 0  Duplicates: 0  Warnings: 0

Query OK, 0 rows affected (4.32 sec)
Records: 0  Duplicates: 0  Warnings: 0

Query OK, 0 rows affected (4.28 sec)
Records: 0  Duplicates: 0  Warnings: 0

Query OK, 0 rows affected (6.81 sec)
Records: 0  Duplicates: 0  Warnings: 0

+------------+
| devicesold |
+------------+
|    1997956 |
+------------+
1 row in set (0.53 sec)

Database changed
Query OK, 0 rows affected (0.03 sec)

Query OK, 0 rows affected (0.01 sec)

Query OK, 1925383 rows affected, 1 warning (24.76 sec)
Records: 1925383  Deleted: 0  Skipped: 0  Warnings: 1

Query OK, 0 rows affected (3.59 sec)
Records: 0  Duplicates: 0  Warnings: 0

Query OK, 0 rows affected (3.92 sec)
Records: 0  Duplicates: 0  Warnings: 0

Query OK, 0 rows affected (3.94 sec)
Records: 0  Duplicates: 0  Warnings: 0

+------------------+
| contractservices |
+------------------+
|          1925383 |
+------------------+
1 row in set (0.51 sec)

Database changed
Query OK, 0 rows affected (0.10 sec)

Query OK, 0 rows affected (0.01 sec)

Query OK, 4972806 rows affected (2 min 8.36 sec)
Records: 4972806  Deleted: 0  Skipped: 0  Warnings: 0

Query OK, 0 rows affected (21.48 sec)
Records: 0  Duplicates: 0  Warnings: 0

Query OK, 0 rows affected (15.71 sec)
Records: 0  Duplicates: 0  Warnings: 0

Query OK, 0 rows affected (15.89 sec)
Records: 0  Duplicates: 0  Warnings: 0

Query OK, 0 rows affected (20.64 sec)
Records: 0  Duplicates: 0  Warnings: 0

Query OK, 0 rows affected (12.33 sec)
Records: 0  Duplicates: 0  Warnings: 0

+------------------+
| invoicescontents |
+------------------+
|          4972806 |
+------------------+
1 row in set (1.50 sec)

Database changed
Query OK, 0 rows affected (0.11 sec)

Query OK, 0 rows affected (0.01 sec)

Query OK, 3549147 rows affected (3 min 19.97 sec)
Records: 3549147  Deleted: 0  Skipped: 0  Warnings: 0

Query OK, 0 rows affected (22.16 sec)
Records: 0  Duplicates: 0  Warnings: 0

Query OK, 0 rows affected (14.16 sec)
Records: 0  Duplicates: 0  Warnings: 0

Query OK, 0 rows affected (15.05 sec)
Records: 0  Duplicates: 0  Warnings: 0

Query OK, 0 rows affected (13.55 sec)
Records: 0  Duplicates: 0  Warnings: 0

Query OK, 0 rows affected (18.49 sec)
Records: 0  Duplicates: 0  Warnings: 0

Query OK, 0 rows affected (12.56 sec)
Records: 0  Duplicates: 0  Warnings: 0

Query OK, 0 rows affected (11.71 sec)
Records: 0  Duplicates: 0  Warnings: 0

+----------------+
| invoicesheader |
+----------------+
|        3549147 |
+----------------+
1 row in set (1.02 sec)

Database changed
Query OK, 0 rows affected (0.07 sec)

Query OK, 0 rows affected (0.01 sec)

Query OK, 3481245 rows affected (1 min 30.33 sec)
Records: 3481245  Deleted: 0  Skipped: 0  Warnings: 0

Query OK, 0 rows affected (15.16 sec)
Records: 0  Duplicates: 0  Warnings: 0

Query OK, 0 rows affected (9.96 sec)
Records: 0  Duplicates: 0  Warnings: 0

Query OK, 0 rows affected (9.58 sec)
Records: 0  Duplicates: 0  Warnings: 0

Query OK, 0 rows affected (9.31 sec)
Records: 0  Duplicates: 0  Warnings: 0

Query OK, 0 rows affected (14.84 sec)
Records: 0  Duplicates: 0  Warnings: 0

+---------+
| casa    |
+---------+
| 3481245 |
+---------+
1 row in set (0.97 sec)

Query OK, 0 rows affected (0.00 sec)

Query OK, 1631 rows affected (4.81 sec)
Rows matched: 1631  Changed: 1631  Warnings: 0

Query OK, 0 rows affected (0.01 sec)

Query OK, 17380 rows affected (1 min 34.90 sec)
Records: 17380  Duplicates: 0  Warnings: 0

+--------------------+
| rep_paycol_channel |
+--------------------+
|              17380 |
+--------------------+
1 row in set (0.01 sec)

Query OK, 0 rows affected (0.01 sec)

Query OK, 13735 rows affected (1 min 55.52 sec)
Records: 13735  Duplicates: 0  Warnings: 0

+----------------+
| rep_paycol_pos |
+----------------+
|          13735 |
+----------------+
1 row in set (0.01 sec)

Database changed
Query OK, 0 rows affected (0.01 sec)

Query OK, 0 rows affected (0.01 sec)

Database changed
Query OK, 41195 rows affected (0.92 sec)
Records: 41195  Deleted: 0  Skipped: 0  Warnings: 0

+-------+
| users |
+-------+
| 41195 |
+-------+
1 row in set (0.02 sec)

Query OK, 0 rows affected (0.10 sec)
Records: 0  Duplicates: 0  Warnings: 0

Database changed
Query OK, 0 rows affected (0.07 sec)

Query OK, 0 rows affected (0.01 sec)

Query OK, 6370753 rows affected, 2 warnings (1 min 36.16 sec)
Records: 6370753  Deleted: 0  Skipped: 0  Warnings: 2

Query OK, 0 rows affected (24.50 sec)
Records: 0  Duplicates: 0  Warnings: 0

Query OK, 0 rows affected (17.80 sec)
Records: 0  Duplicates: 0  Warnings: 0

Query OK, 0 rows affected (17.09 sec)
Records: 0  Duplicates: 0  Warnings: 0

Query OK, 0 rows affected (19.02 sec)
Records: 0  Duplicates: 0  Warnings: 0

Query OK, 0 rows affected (13.99 sec)
Records: 0  Duplicates: 0  Warnings: 0

+-------------+
| useractions |
+-------------+
|     6370753 |
+-------------+
1 row in set (1.80 sec)

Database changed
Query OK, 0 rows affected (0.14 sec)

Query OK, 0 rows affected (0.01 sec)

Database changed
Query OK, 33875400 rows affected (6 min 7.41 sec)
Records: 33875400  Deleted: 0  Skipped: 0  Warnings: 0

Query OK, 0 rows affected (1 min 33.91 sec)
Records: 0  Duplicates: 0  Warnings: 0

Query OK, 0 rows affected (1 min 22.83 sec)
Records: 0  Duplicates: 0  Warnings: 0

Query OK, 0 rows affected (1 min 32.05 sec)
Records: 0  Duplicates: 0  Warnings: 0

Query OK, 0 rows affected (1 min 19.67 sec)
Records: 0  Duplicates: 0  Warnings: 0

Query OK, 0 rows affected (1 min 42.71 sec)
Records: 0  Duplicates: 0  Warnings: 0

+----------+
| ipusage1 |
+----------+
| 33875400 |
+----------+
1 row in set (11.50 sec)

Query OK, 0 rows affected (0.03 sec)

Query OK, 1925200 rows affected (27.54 sec)
Records: 1925200  Duplicates: 0  Warnings: 0

Query OK, 0 rows affected (9.20 sec)
Records: 0  Duplicates: 0  Warnings: 0

Query OK, 0 rows affected (3.66 sec)
Records: 0  Duplicates: 0  Warnings: 0

Query OK, 0 rows affected (5.37 sec)
Records: 0  Duplicates: 0  Warnings: 0

+------------------------------+
| contractsservicepackageprice |
+------------------------------+
|                      1925200 |
+------------------------------+
1 row in set (0.50 sec)

Query OK, 0 rows affected (0.05 sec)

Query OK, 1925605 rows affected (2 min 15.98 sec)
Records: 1925605  Duplicates: 0  Warnings: 0

Query OK, 0 rows affected (12.66 sec)
Records: 0  Duplicates: 0  Warnings: 0

Query OK, 0 rows affected (9.95 sec)
Records: 0  Duplicates: 0  Warnings: 0

Query OK, 0 rows affected (4.70 sec)
Records: 0  Duplicates: 0  Warnings: 0

Query OK, 0 rows affected (7.75 sec)
Records: 0  Duplicates: 0  Warnings: 0

+------------------------------------+
| clientcontractsservicepackageprice |
+------------------------------------+
|                            1925605 |
+------------------------------------+
1 row in set (0.53 sec)

mysql> mysql \. C:\workspace\cloud\code\sql\_DailyScript\currenttime.sql
+---------------------+
| currenttime         |
+---------------------+
| 2021-12-30 09:47:19 |
+---------------------+
1 row in set (0.00 sec)

mysql> 
mysql> mysql \. C:\workspace\cloud\code\sql\_DailyScript\ticket_analysis.sql
Database changed
Query OK, 0 rows affected (0.03 sec)

Query OK, 926261 rows affected (29.05 sec)
Records: 926261  Duplicates: 0  Warnings: 0

Query OK, 0 rows affected (3.63 sec)
Records: 0  Duplicates: 0  Warnings: 0

Query OK, 0 rows affected (1.81 sec)
Records: 0  Duplicates: 0  Warnings: 0

Query OK, 0 rows affected (1.74 sec)
Records: 0  Duplicates: 0  Warnings: 0

Query OK, 0 rows affected (0.01 sec)

Query OK, 29074 rows affected (15.78 sec)
Records: 29074  Duplicates: 0  Warnings: 0

Query OK, 0 rows affected, 1 warning (0.00 sec)

Query OK, 135840 rows affected (10.32 sec)
Records: 135840  Duplicates: 0  Warnings: 0

Query OK, 0 rows affected, 1 warning (0.00 sec)

Query OK, 684376 rows affected (19.05 sec)
Records: 684376  Duplicates: 0  Warnings: 0

Query OK, 0 rows affected, 1 warning (0.00 sec)

Query OK, 684376 rows affected (19.08 sec)
Records: 684376  Duplicates: 0  Warnings: 0

Query OK, 0 rows affected (0.01 sec)

Query OK, 135985 rows affected (5.41 sec)
Records: 135985  Duplicates: 0  Warnings: 0

Database changed
Query OK, 0 rows affected (0.00 sec)

Query OK, 0 rows affected (0.02 sec)

Query OK, 926261 rows affected (30.83 sec)
Records: 926261  Duplicates: 0  Warnings: 0

Query OK, 0 rows affected (0.01 sec)

Query OK, 482431 rows affected (18.04 sec)
Records: 482431  Duplicates: 0  Warnings: 0

+--------------------------+
| clientticket_cmmtjourney |
+--------------------------+
|                   926261 |
+--------------------------+
1 row in set (2.47 sec)

+---------------------------+
| clientticket_assgnjourney |
+---------------------------+
|                    482431 |
+---------------------------+
1 row in set (3.52 sec)

Query OK, 0 rows affected (0.01 sec)

Query OK, 87 rows affected (0.10 sec)
Records: 87  Duplicates: 0  Warnings: 0

mysql> mysql \. C:\workspace\cloud\code\sql\_DailyScript\currenttime.sql
+---------------------+
| currenttime         |
+---------------------+
| 2021-12-30 09:50:00 |
+---------------------+
1 row in set (0.00 sec)

mysql> 
mysql> mysql \. C:\workspace\cloud\code\sql\_DailyScript\load_DailyCalls.sql
Database changed
Query OK, 597 rows affected (0.24 sec)
Records: 597  Deleted: 0  Skipped: 0  Warnings: 0

Query OK, 0 rows affected, 1 warning (0.00 sec)

Query OK, 595 rows affected (0.03 sec)
Records: 595  Duplicates: 0  Warnings: 0

Query OK, 0 rows affected, 1 warning (0.00 sec)

Query OK, 93996 rows affected (0.38 sec)
Records: 93996  Duplicates: 0  Warnings: 0

+----------------------+
| callingclientsbefore |
+----------------------+
|              1342285 |
+----------------------+
1 row in set (0.56 sec)

Query OK, 832 rows affected (16.09 sec)
Records: 832  Duplicates: 0  Warnings: 0

+---------------------+
| callingclientsafter |
+---------------------+
|             1343117 |
+---------------------+
1 row in set (0.36 sec)

Query OK, 0 rows affected (0.01 sec)

Query OK, 373 rows affected (5.05 sec)
Records: 373  Duplicates: 0  Warnings: 0

Query OK, 0 rows affected (0.00 sec)

Query OK, 26005 rows affected (4.39 sec)
Records: 26005  Duplicates: 0  Warnings: 0

+-----------+
| callstats |
+-----------+
|     26005 |
+-----------+
1 row in set (0.01 sec)

Query OK, 0 rows affected, 1 warning (0.00 sec)

Query OK, 832 rows affected (3.42 sec)
Records: 832  Duplicates: 0  Warnings: 0

+------------------------+
| rep_cccallreportbefore |
+------------------------+
|                1342533 |
+------------------------+
1 row in set (0.35 sec)

Query OK, 832 rows affected (0.24 sec)
Records: 832  Duplicates: 0  Warnings: 0

+-----------------------+
| rep_cccallreportafter |
+-----------------------+
|               1343365 |
+-----------------------+
1 row in set (0.35 sec)

Query OK, 0 rows affected (0.00 sec)

mysql> mysql \. C:\workspace\cloud\code\sql\_DailyScript\currenttime.sql
+---------------------+
| currenttime         |
+---------------------+
| 2021-12-30 09:50:32 |
+---------------------+
1 row in set (0.00 sec)

mysql> 
mysql> mysql \. C:\workspace\cloud\code\sql\_DailyScript\DAILY-SCRIPT-USAGE.sql
Database changed
Query OK, 0 rows affected (0.00 sec)

Query OK, 4057 rows affected, 11753 warnings (0.98 sec)
Records: 4057  Deleted: 0  Skipped: 0  Warnings: 11753

Query OK, 0 rows affected (0.00 sec)

Query OK, 6605 rows affected, 19080 warnings (1.24 sec)
Records: 6605  Deleted: 0  Skipped: 0  Warnings: 19080

Query OK, 0 rows affected (0.00 sec)

Query OK, 346 rows affected, 1236 warnings (0.06 sec)
Records: 346  Deleted: 0  Skipped: 0  Warnings: 1236

Query OK, 0 rows affected (0.00 sec)

Query OK, 213 rows affected, 728 warnings (0.05 sec)
Records: 213  Deleted: 0  Skipped: 0  Warnings: 728

+------------+
| dailyusage |
+------------+
|   20128688 |
+------------+
1 row in set (8.55 sec)

+------------+------------+------------+---------+
| datestart  | dateend    | insertedon | records |
+------------+------------+------------+---------+
| 2021-12-29 | 2021-12-29 | 2021-12-30 |   11221 |
| 2021-12-28 | 2021-12-28 | 2021-12-29 |   10906 |
| 2021-12-27 | 2021-12-27 | 2021-12-28 |   10914 |
| 2021-12-26 | 2021-12-26 | 2021-12-27 |   10969 |
| 2021-12-25 | 2021-12-25 | 2021-12-27 |   11050 |
+------------+------------+------------+---------+
5 rows in set (44.37 sec)

+----------+------------+------------+------------+---------+
| category | datestart  | dateend    | insertedon | records |
+----------+------------+------------+------------+---------+
| UNCAPPED | 2021-12-29 | 2021-12-29 | 2021-12-30 |    6605 |
| PREPAID  | 2021-12-29 | 2021-12-29 | 2021-12-30 |     346 |
| HOTSPOT  | 2021-12-29 | 2021-12-29 | 2021-12-30 |     213 |
| CAPPED   | 2021-12-29 | 2021-12-29 | 2021-12-30 |    4057 |
| UNCAPPED | 2021-12-28 | 2021-12-28 | 2021-12-29 |    6360 |
| PREPAID  | 2021-12-28 | 2021-12-28 | 2021-12-29 |     356 |
| HOTSPOT  | 2021-12-28 | 2021-12-28 | 2021-12-29 |     185 |
| CAPPED   | 2021-12-28 | 2021-12-28 | 2021-12-29 |    4005 |
| UNCAPPED | 2021-12-27 | 2021-12-27 | 2021-12-28 |    6398 |
| PREPAID  | 2021-12-27 | 2021-12-27 | 2021-12-28 |     360 |
| HOTSPOT  | 2021-12-27 | 2021-12-27 | 2021-12-28 |     178 |
| CAPPED   | 2021-12-27 | 2021-12-27 | 2021-12-28 |    3978 |
| UNCAPPED | 2021-12-26 | 2021-12-26 | 2021-12-27 |    6487 |
| PREPAID  | 2021-12-26 | 2021-12-26 | 2021-12-27 |     394 |
| HOTSPOT  | 2021-12-26 | 2021-12-26 | 2021-12-27 |     157 |
| CAPPED   | 2021-12-26 | 2021-12-26 | 2021-12-27 |    3931 |
| UNCAPPED | 2021-12-25 | 2021-12-25 | 2021-12-27 |    6519 |
| PREPAID  | 2021-12-25 | 2021-12-25 | 2021-12-27 |     404 |
| HOTSPOT  | 2021-12-25 | 2021-12-25 | 2021-12-27 |     131 |
| CAPPED   | 2021-12-25 | 2021-12-25 | 2021-12-27 |    3996 |
+----------+------------+------------+------------+---------+
20 rows in set (30.20 sec)

mysql> mysql \. C:\workspace\cloud\code\sql\_DailyScript\currenttime.sql
+---------------------+
| currenttime         |
+---------------------+
| 2021-12-30 09:51:57 |
+---------------------+
1 row in set (0.00 sec)

mysql> 
mysql> mysql \. C:\workspace\cloud\code\sql\_DailyScript\DAILY-SCRIPT-SALES-TELEMETRY.sql
Database changed
Query OK, 193 rows affected, 163 warnings (0.07 sec)
Records: 193  Deleted: 0  Skipped: 0  Warnings: 163

+------------+
| dailysales |
+------------+
|     245967 |
+------------+
1 row in set (0.27 sec)

+------------+---------+
| orderdate  | records |
+------------+---------+
| 2021-12-29 |     193 |
| 2021-12-28 |     206 |
| 2021-12-27 |     280 |
| 2021-12-26 |      18 |
| 2021-12-25 |       8 |
| 2021-12-24 |     107 |
| 2021-12-23 |     153 |
| 2021-12-22 |     195 |
| 2021-12-21 |     157 |
| 2021-12-20 |     206 |
| 2021-12-19 |      36 |
| 2021-12-18 |      78 |
| 2021-12-17 |     131 |
| 2021-12-16 |     202 |
| 2021-12-15 |      89 |
+------------+---------+
15 rows in set (0.56 sec)

Query OK, 0 rows affected (0.02 sec)

Query OK, 245967 rows affected (21.41 sec)
Records: 245967  Duplicates: 0  Warnings: 0

+--------+
| sales  |
+--------+
| 245967 |
+--------+
1 row in set (0.07 sec)

Query OK, 0 rows affected (0.01 sec)

Query OK, 6363 rows affected (0.41 sec)
Records: 6363  Duplicates: 0  Warnings: 0

+----------------+
| rep_dailysales |
+----------------+
|           6363 |
+----------------+
1 row in set (0.00 sec)

Query OK, 0 rows affected (0.01 sec)

Query OK, 6363 rows affected (0.73 sec)
Records: 6363  Duplicates: 0  Warnings: 0

+-------------------+
| rep_dailysalesreg |
+-------------------+
|              6363 |
+-------------------+
1 row in set (0.00 sec)

Query OK, 0 rows affected (0.01 sec)

Query OK, 2426 rows affected (0.74 sec)
Records: 2426  Duplicates: 0  Warnings: 0

+-----------+
| saleslist |
+-----------+
|      2426 |
+-----------+
1 row in set (0.00 sec)

Database changed
ERROR 2 (HY000): File 'C:\ProgramData\MySQL\MySQL Server 5.7\Uploads\_csv\PrepaidCardSales-29122021-P1.csv' not found (Errcode: 2 - No such file or directory)
+------------------+
| dailysinglesales |
+------------------+
|             6654 |
+------------------+
1 row in set (0.01 sec)

Database changed
Query OK, 9 rows affected (0.05 sec)
Records: 9  Deleted: 0  Skipped: 0  Warnings: 0

+-----------------+
| dailyaddonsales |
+-----------------+
|           26304 |
+-----------------+
1 row in set (0.05 sec)

Query OK, 277 rows affected (0.15 sec)
Records: 277  Deleted: 0  Skipped: 0  Warnings: 0

+----------------+
| onlinepayments |
+----------------+
|         253136 |
+----------------+
1 row in set (0.20 sec)

+-------------+----------------+---------------------+
| paymentdate | onlinepayments | onlinepaymentamount |
+-------------+----------------+---------------------+
| 2021-12-29  |            277 |        178976.20000 |
| 2021-12-28  |            379 |        271534.25000 |
| 2021-12-27  |            418 |        289563.37000 |
| 2021-12-26  |            357 |        236681.33000 |
| 2021-12-25  |            338 |        220967.98000 |
+-------------+----------------+---------------------+
5 rows in set (0.82 sec)

+-------------+--------------+----------------+---------------------+
| paymentyear | paymentmonth | onlinepayments | onlinepaymentamount |
+-------------+--------------+----------------+---------------------+
|        2021 |           12 |           8358 |       5466204.85000 |
|        2021 |           11 |           8553 |       5661260.44000 |
|        2021 |           10 |           8715 |       5741511.04000 |
|        2021 |            9 |           8803 |       5663928.71000 |
|        2021 |            8 |           8864 |       5714008.87000 |
+-------------+--------------+----------------+---------------------+
5 rows in set (0.26 sec)

mysql> mysql \. C:\workspace\cloud\code\sql\_DailyScript\currenttime.sql
+---------------------+
| currenttime         |
+---------------------+
| 2021-12-30 09:52:23 |
+---------------------+
1 row in set (0.00 sec)

mysql> 
mysql> mysql \. C:\workspace\cloud\code\sql\_DailyScript\DAILY-SCRIPT-ACTIVENUMBERS.sql
Database changed
Query OK, 1085 rows affected (0.54 sec)
Records: 1085  Deleted: 0  Skipped: 0  Warnings: 0

+------------+----------+
| period     | count(1) |
+------------+----------+
| 2021-12-29 |     1085 |
| 2021-12-28 |     1088 |
| 2021-12-27 |     1087 |
| 2021-12-26 |     1090 |
| 2021-12-25 |     1090 |
+------------+----------+
5 rows in set (0.00 sec)

Query OK, 0 rows affected (0.01 sec)

Query OK, 75 rows affected (1.39 sec)
Records: 75  Duplicates: 0  Warnings: 0

+-------------+
| packagelist |
+-------------+
|          75 |
+-------------+
1 row in set (0.00 sec)

Database changed
Query OK, 0 rows affected (0.00 sec)

Query OK, 0 rows affected (0.00 sec)

Query OK, 0 rows affected (0.00 sec)

Query OK, 0 rows affected (0.00 sec)

Query OK, 29050 rows affected, 202 warnings (18.56 sec)
Records: 29050  Deleted: 0  Skipped: 0  Warnings: 202

+------------+----------+
| period     | count(1) |
+------------+----------+
| 2021-12-29 |    29050 |
| 2021-12-28 |    29052 |
| 2021-12-27 |    28991 |
| 2021-12-26 |    28820 |
| 2021-12-25 |    29011 |
+------------+----------+
5 rows in set (0.16 sec)

Query OK, 0 rows affected (0.01 sec)

Query OK, 28491 rows affected (56.22 sec)
Records: 28491  Duplicates: 0  Warnings: 0

Query OK, 0 rows affected (0.12 sec)
Records: 0  Duplicates: 0  Warnings: 0

Query OK, 0 rows affected (0.12 sec)
Records: 0  Duplicates: 0  Warnings: 0

Query OK, 0 rows affected (0.11 sec)
Records: 0  Duplicates: 0  Warnings: 0

Query OK, 0 rows affected (0.09 sec)
Records: 0  Duplicates: 0  Warnings: 0

Query OK, 0 rows affected (0.07 sec)
Records: 0  Duplicates: 0  Warnings: 0

Query OK, 0 rows affected (0.07 sec)
Records: 0  Duplicates: 0  Warnings: 0

+-------------+
| countbefore |
+-------------+
|    52303863 |
+-------------+
1 row in set (21.50 sec)

Query OK, 28491 rows affected (6.23 sec)
Records: 28491  Duplicates: 0  Warnings: 0

+------------+
| countafter |
+------------+
|   52332354 |
+------------+
1 row in set (17.93 sec)

+------------+--------------------------+
| period     | customercontractactivity |
+------------+--------------------------+
| 2021-12-29 |                    28491 |
| 2021-12-28 |                    28493 |
| 2021-12-27 |                    28432 |
| 2021-12-26 |                    28260 |
| 2021-12-25 |                    28451 |
+------------+--------------------------+
5 rows in set (0.06 sec)

Query OK, 0 rows affected (0.02 sec)

Query OK, 327653 rows affected, 4 warnings (10 min 41.80 sec)
Records: 327653  Duplicates: 0  Warnings: 4

Query OK, 0 rows affected (1.18 sec)
Records: 0  Duplicates: 0  Warnings: 0

Query OK, 0 rows affected (1.27 sec)
Records: 0  Duplicates: 0  Warnings: 0

Query OK, 0 rows affected (1.32 sec)
Records: 0  Duplicates: 0  Warnings: 0

Query OK, 0 rows affected (0.02 sec)

Query OK, 224 rows affected (0.54 sec)
Records: 224  Duplicates: 0  Warnings: 0

Query OK, 0 rows affected (0.01 sec)

Query OK, 2607 rows affected (0.76 sec)
Records: 2607  Duplicates: 0  Warnings: 0

Query OK, 0 rows affected (0.05 sec)

Query OK, 28467 rows affected (1.45 sec)
Records: 28467  Duplicates: 0  Warnings: 0

Query OK, 0 rows affected (0.01 sec)

Query OK, 17000 rows affected (0.43 sec)
Records: 17000  Duplicates: 0  Warnings: 0

Query OK, 0 rows affected (0.02 sec)

Query OK, 17000 rows affected (0.20 sec)
Records: 17000  Duplicates: 0  Warnings: 0

Query OK, 0 rows affected (0.01 sec)

Query OK, 17000 rows affected (1.48 sec)
Records: 17000  Duplicates: 0  Warnings: 0

Query OK, 0 rows affected (0.03 sec)

Query OK, 17000 rows affected (44.59 sec)
Records: 17000  Duplicates: 0  Warnings: 0

+-------------+
| clientstats |
+-------------+
|       17000 |
+-------------+
1 row in set (0.01 sec)

Query OK, 0 rows affected (0.02 sec)

Query OK, 13 rows affected, 1 warning (0.13 sec)
Records: 13  Duplicates: 0  Warnings: 1

+-----------------------+-------------+-------------+----------------+-----------------+
| services              | activecount | allaccounts | uniqueaccounts | uniquecontracts |
+-----------------------+-------------+-------------+----------------+-----------------+
| All                   |         446 |          73 |             73 |             235 |
| Internet & OTT        |           6 |           3 |              3 |               3 |
| Internet & Voice      |         298 |         129 |            129 |             253 |
| Internet Only         |        4340 |        4242 |           4237 |            4279 |
| OTT Only              |           2 |           2 |              2 |               2 |
| TV & Internet         |        9967 |        4453 |           4445 |            9082 |
| TV & Internet & OTT   |        4817 |        1267 |           1265 |            2639 |
| TV & Internet & Voice |         529 |         150 |            150 |             463 |
| TV & OTT              |         323 |          81 |             79 |              91 |
| TV & Voice            |          81 |          36 |             36 |              74 |
| TV Only               |        8221 |        6453 |           6446 |            6656 |
| Voice Only            |         112 |         111 |            111 |             112 |
| GRAND TOTAL           |       29142 |       17000 |          16925 |           23889 |
+-----------------------+-------------+-------------+----------------+-----------------+
13 rows in set (0.00 sec)

+-------------+-------------+-------------+----------------+-----------------+
| network     | activecount | allaccounts | uniqueaccounts | uniquecontracts |
+-------------+-------------+-------------+----------------+-----------------+
| GPON        |       14418 |        7057 |           7054 |           11278 |
| HFC         |       14724 |        9943 |           9943 |           12611 |
| GRAND TOTAL |       29142 |       17000 |          16925 |           23889 |
+-------------+-------------+-------------+----------------+-----------------+
3 rows in set, 1 warning (0.12 sec)

+-------------+-----------------------+-------------+-------------+----------------+-----------------+
| network     | services              | activecount | allaccounts | uniqueaccounts | uniquecontracts |
+-------------+-----------------------+-------------+-------------+----------------+-----------------+
| GPON        | All                   |         350 |          60 |             60 |             192 |
| GPON        | Internet & OTT        |           2 |           1 |              1 |               1 |
| GPON        | Internet & Voice      |          81 |          33 |             33 |              70 |
| GPON        | Internet Only         |        1693 |        1611 |           1611 |            1633 |
| GPON        | OTT Only              |           1 |           1 |              1 |               1 |
| GPON        | TV & Internet         |        5721 |        2507 |           2507 |            5140 |
| GPON        | TV & Internet & OTT   |        3870 |        1009 |           1009 |            2113 |
| GPON        | TV & Internet & Voice |         297 |          79 |             79 |             247 |
| GPON        | TV & OTT              |         193 |          59 |             59 |              64 |
| GPON        | TV & Voice            |          53 |          24 |             24 |              50 |
| GPON        | TV Only               |        2144 |        1661 |           1661 |            1754 |
| GPON        | Voice Only            |          13 |          12 |             12 |              13 |
| GPON        | Services Total        |       14418 |        7057 |           7054 |           11278 |
| HFC         | All                   |          96 |          13 |             13 |              43 |
| HFC         | Internet & OTT        |           4 |           2 |              2 |               2 |
| HFC         | Internet & Voice      |         217 |          96 |             96 |             183 |
| HFC         | Internet Only         |        2647 |        2631 |           2631 |            2646 |
| HFC         | OTT Only              |           1 |           1 |              1 |               1 |
| HFC         | TV & Internet         |        4246 |        1946 |           1946 |            3942 |
| HFC         | TV & Internet & OTT   |         947 |         258 |            258 |             526 |
| HFC         | TV & Internet & Voice |         232 |          71 |             71 |             216 |
| HFC         | TV & OTT              |         130 |          22 |             22 |              27 |
| HFC         | TV & Voice            |          28 |          12 |             12 |              24 |
| HFC         | TV Only               |        6077 |        4792 |           4792 |            4902 |
| HFC         | Voice Only            |          99 |          99 |             99 |              99 |
| HFC         | Services Total        |       14724 |        9943 |           9943 |           12611 |
| GRAND TOTAL | Services Total        |       29142 |       17000 |          16925 |           23889 |
+-------------+-----------------------+-------------+-------------+----------------+-----------------+
27 rows in set, 2 warnings (0.14 sec)

Query OK, 0 rows affected (0.01 sec)

Query OK, 40 rows affected, 3 warnings (0.27 sec)
Records: 40  Duplicates: 0  Warnings: 3

+-------------+---------------+-----------------------+-------------+-------------+----------------+-----------------+
| region      | network       | services              | activecount | allaccounts | uniqueaccounts | uniquecontracts |
+-------------+---------------+-----------------------+-------------+-------------+----------------+-----------------+
| Mahe        | GPON          | All                   |         309 |          53 |             53 |             169 |
| Mahe        | GPON          | Internet & OTT        |           2 |           1 |              1 |               1 |
| Mahe        | GPON          | Internet & Voice      |          73 |          29 |             29 |              62 |
| Mahe        | GPON          | Internet Only         |        1441 |        1359 |           1359 |            1381 |
| Mahe        | GPON          | OTT Only              |           1 |           1 |              1 |               1 |
| Mahe        | GPON          | TV & Internet         |        4942 |        2162 |           2162 |            4429 |
| Mahe        | GPON          | TV & Internet & OTT   |        3220 |         819 |            819 |            1722 |
| Mahe        | GPON          | TV & Internet & Voice |         279 |          74 |             74 |             229 |
| Mahe        | GPON          | TV & OTT              |         177 |          51 |             51 |              56 |
| Mahe        | GPON          | TV & Voice            |          53 |          24 |             24 |              50 |
| Mahe        | GPON          | TV Only               |        1803 |        1396 |           1396 |            1476 |
| Mahe        | GPON          | Voice Only            |          13 |          12 |             12 |              13 |
| Mahe        | GPON          | Services Total        |       12313 |        5981 |           5981 |            9589 |
| Mahe        | HFC           | All                   |          96 |          13 |             13 |              43 |
| Mahe        | HFC           | Internet & OTT        |           4 |           2 |              2 |               2 |
| Mahe        | HFC           | Internet & Voice      |         217 |          96 |             96 |             183 |
| Mahe        | HFC           | Internet Only         |        2647 |        2631 |           2631 |            2646 |
| Mahe        | HFC           | OTT Only              |           1 |           1 |              1 |               1 |
| Mahe        | HFC           | TV & Internet         |        4246 |        1946 |           1946 |            3942 |
| Mahe        | HFC           | TV & Internet & OTT   |         947 |         258 |            258 |             526 |
| Mahe        | HFC           | TV & Internet & Voice |         232 |          71 |             71 |             216 |
| Mahe        | HFC           | TV & OTT              |         130 |          22 |             22 |              27 |
| Mahe        | HFC           | TV & Voice            |          28 |          12 |             12 |              24 |
| Mahe        | HFC           | TV Only               |        6076 |        4791 |           4791 |            4901 |
| Mahe        | HFC           | Voice Only            |          99 |          99 |             99 |              99 |
| Mahe        | HFC           | Services Total        |       14723 |        9942 |           9942 |           12610 |
| Mahe        | Network Total | Services Total        |       27036 |       15923 |          15851 |           22199 |
| Praslin     | GPON          | All                   |          41 |           7 |              7 |              23 |
| Praslin     | GPON          | Internet & Voice      |           8 |           4 |              4 |               8 |
| Praslin     | GPON          | Internet Only         |         252 |         252 |            252 |             252 |
| Praslin     | GPON          | TV & Internet         |         779 |         345 |            345 |             711 |
| Praslin     | GPON          | TV & Internet & OTT   |         650 |         190 |            190 |             391 |
| Praslin     | GPON          | TV & Internet & Voice |          18 |           5 |              5 |              18 |
| Praslin     | GPON          | TV & OTT              |          16 |           8 |              8 |               8 |
| Praslin     | GPON          | TV Only               |         341 |         265 |            265 |             278 |
| Praslin     | GPON          | Services Total        |        2105 |        1076 |           1076 |            1689 |
| Praslin     | HFC           | TV Only               |           1 |           1 |              1 |               1 |
| Praslin     | HFC           | Services Total        |           1 |           1 |              1 |               1 |
| Praslin     | Network Total | Services Total        |        2106 |        1077 |           1077 |            1690 |
| GRAND TOTAL | Network Total | Services Total        |       29142 |       17000 |          16925 |           23889 |
+-------------+---------------+-----------------------+-------------+-------------+----------------+-----------------+
40 rows in set (0.00 sec)

Query OK, 0 rows affected (0.01 sec)

Query OK, 28468 rows affected (0.51 sec)
Records: 28468  Duplicates: 0  Warnings: 0

Query OK, 0 rows affected (0.01 sec)

Query OK, 2369 rows affected (2.12 sec)
Records: 2369  Duplicates: 0  Warnings: 0

+--------------------------------------+
| message                              |
+--------------------------------------+
| running rcbill_my.sp_ActiveNumber2() |
+--------------------------------------+
1 row in set (0.00 sec)

Query OK, 365 rows affected (2 min 30.09 sec)

mysql> mysql \. C:\workspace\cloud\code\sql\_DailyScript\currenttime.sql
+---------------------+
| currenttime         |
+---------------------+
| 2021-12-30 10:08:35 |
+---------------------+
1 row in set (0.00 sec)

mysql> 
mysql> mysql \. C:\workspace\cloud\code\sql\_DailyScript\GetActiveNumbers Average -Pivot.sql
Database changed
+-------------------------------------+
| @today := subdate(current_date(),1) |
+-------------------------------------+
| 2021-12-29                          |
+-------------------------------------+
1 row in set (0.00 sec)

+-------------------------------------+
| @lastdayofmonth := last_day(@today) |
+-------------------------------------+
| 2021-12-31                          |
+-------------------------------------+
1 row in set (0.00 sec)

Query OK, 0 rows affected (0.02 sec)

Query OK, 52596 rows affected, 65535 warnings (1 min 10.68 sec)
Records: 52596  Duplicates: 0  Warnings: 107817

Query OK, 0 rows affected (0.12 sec)
Records: 0  Duplicates: 0  Warnings: 0

Query OK, 0 rows affected (0.16 sec)
Records: 0  Duplicates: 0  Warnings: 0

Query OK, 0 rows affected (0.12 sec)
Records: 0  Duplicates: 0  Warnings: 0

+-----------------+
| activenumberavg |
+-----------------+
|           52596 |
+-----------------+
1 row in set (0.02 sec)

Query OK, 0 rows affected (0.01 sec)

Query OK, 2006 rows affected (0.61 sec)
Records: 2006  Duplicates: 0  Warnings: 0

+---------------------+
| rep_activenumberavg |
+---------------------+
|                2006 |
+---------------------+
1 row in set (0.00 sec)

+----------------------+
| rep_activenumberavg1 |
+----------------------+
|                  932 |
+----------------------+
1 row in set (0.00 sec)

Query OK, 0 rows affected (0.01 sec)

Query OK, 2788 rows affected (0.52 sec)
Records: 2788  Duplicates: 0  Warnings: 0

Query OK, 0 rows affected (0.01 sec)

Query OK, 14438 rows affected (0.91 sec)
Records: 14438  Duplicates: 0  Warnings: 0

Query OK, 0 rows affected (0.00 sec)

Query OK, 250 rows affected (0.30 sec)
Records: 250  Duplicates: 0  Warnings: 0

Query OK, 0 rows affected (0.00 sec)

Query OK, 0 rows affected (0.01 sec)

Query OK, 0 rows affected (0.00 sec)

Query OK, 0 rows affected (0.00 sec)

Query OK, 0 rows affected (0.00 sec)
Statement prepared

Query OK, 53 rows affected (0.06 sec)
Records: 53  Duplicates: 0  Warnings: 0

Query OK, 0 rows affected (0.00 sec)

Query OK, 0 rows affected (0.00 sec)

+----------------------+
| rep_activenumberavg2 |
+----------------------+
|                 2788 |
+----------------------+
1 row in set (0.00 sec)

+------------------------+
| rep_activenumberavg_pv |
+------------------------+
|                     53 |
+------------------------+
1 row in set (0.00 sec)

Query OK, 0 rows affected (0.01 sec)

Query OK, 2785 rows affected (0.41 sec)
Records: 2785  Duplicates: 0  Warnings: 0

Query OK, 0 rows affected (0.00 sec)

Query OK, 0 rows affected (0.00 sec)

Query OK, 0 rows affected (0.01 sec)

Query OK, 0 rows affected (0.00 sec)

Query OK, 0 rows affected (0.00 sec)
Statement prepared

Query OK, 53 rows affected (0.06 sec)
Records: 53  Duplicates: 0  Warnings: 0

Query OK, 0 rows affected (0.00 sec)

Query OK, 0 rows affected (0.00 sec)

+-------------------------+
| rep_activenumberavgMahe |
+-------------------------+
|                    2785 |
+-------------------------+
1 row in set (0.00 sec)

+----------------------------+
| rep_activenumberavgMahe_pv |
+----------------------------+
|                         53 |
+----------------------------+
1 row in set (0.00 sec)

Query OK, 0 rows affected (0.00 sec)

Query OK, 1763 rows affected (0.19 sec)
Records: 1763  Duplicates: 0  Warnings: 0

Query OK, 0 rows affected (0.00 sec)

Query OK, 0 rows affected (0.00 sec)

Query OK, 0 rows affected (0.01 sec)

Query OK, 0 rows affected (0.00 sec)

Query OK, 0 rows affected (0.00 sec)
Statement prepared

Query OK, 40 rows affected (0.04 sec)
Records: 40  Duplicates: 0  Warnings: 0

Query OK, 0 rows affected (0.00 sec)

Query OK, 0 rows affected (0.00 sec)

+----------------------------+
| rep_activenumberavgPraslin |
+----------------------------+
|                       1763 |
+----------------------------+
1 row in set (0.00 sec)

+-------------------------------+
| rep_activenumberavgPraslin_pv |
+-------------------------------+
|                            40 |
+-------------------------------+
1 row in set (0.00 sec)

mysql> mysql \. C:\workspace\cloud\code\sql\_DailyScript\currenttime.sql
+---------------------+
| currenttime         |
+---------------------+
| 2021-12-30 10:09:49 |
+---------------------+
1 row in set (0.00 sec)

mysql> 
mysql> mysql \. C:\workspace\cloud\code\sql\Analysis\clients_contracts_creditpolicy_2.sql
Database changed
Query OK, 0 rows affected (0.00 sec)

Query OK, 1925605 rows affected (47.16 sec)
Records: 1925605  Duplicates: 0  Warnings: 0

Query OK, 0 rows affected (0.01 sec)

Query OK, 28491 rows affected (1.16 sec)
Records: 28491  Duplicates: 0  Warnings: 0

Query OK, 0 rows affected (0.01 sec)

Query OK, 28569 rows affected (16.10 sec)
Records: 28569  Duplicates: 0  Warnings: 0

+-------------------------+
| rep_cust_cont_creditpol |
+-------------------------+
|                   28569 |
+-------------------------+
1 row in set (0.01 sec)

mysql> mysql \. C:\workspace\cloud\code\sql\_DailyScript\currenttime.sql
+---------------------+
| currenttime         |
+---------------------+
| 2021-12-30 10:10:54 |
+---------------------+
1 row in set (0.00 sec)

mysql> 
mysql> mysql \. C:\workspace\cloud\code\sql\_DailyScript\budget_actual_analysis_2021.sql
Query OK, 0 rows affected (0.01 sec)

Query OK, 1027 rows affected, 3 warnings (0.30 sec)
Records: 1027  Duplicates: 0  Warnings: 3

+--------------------+
| budget_actual_2021 |
+--------------------+
|               1027 |
+--------------------+
1 row in set (0.00 sec)

Query OK, 0 rows affected (0.01 sec)

Query OK, 47 rows affected (0.05 sec)
Records: 47  Duplicates: 0  Warnings: 0

+---------------------------+
| rep_budget_actual_2021_pv |
+---------------------------+
|                        47 |
+---------------------------+
1 row in set (0.00 sec)

mysql> mysql \. C:\workspace\cloud\code\sql\_DailyScript\currenttime.sql
+---------------------+
| currenttime         |
+---------------------+
| 2021-12-30 10:10:54 |
+---------------------+
1 row in set (0.00 sec)

mysql> 
mysql> mysql \. C:\workspace\cloud\code\sql\_DailyScript\reports-sales-addons-prepaid-camera.sql
Database changed
Query OK, 0 rows affected (0.01 sec)

Query OK, 4413 rows affected (0.28 sec)
Records: 4413  Duplicates: 0  Warnings: 0

Query OK, 0 rows affected (0.01 sec)

Query OK, 26351 rows affected (21.25 sec)
Records: 26351  Duplicates: 0  Warnings: 0

+--------------------+
| rep_prepaid_camera |
+--------------------+
|               4413 |
+--------------------+
1 row in set (0.00 sec)

+-----------+
| rep_addon |
+-----------+
|     26351 |
+-----------+
1 row in set (0.01 sec)

mysql> mysql \. C:\workspace\cloud\code\sql\_DailyScript\currenttime.sql
+---------------------+
| currenttime         |
+---------------------+
| 2021-12-30 10:11:16 |
+---------------------+
1 row in set (0.00 sec)

mysql> 
mysql> mysql \. C:\workspace\cloud\code\sql\Analysis\addon_package_sales2.sql
Query OK, 0 rows affected (0.00 sec)

Query OK, 0 rows affected (0.01 sec)

Query OK, 0 rows affected (0.00 sec)

+------------+
| @startdate |
+------------+
| 2016-05-01 |
+------------+
1 row in set (0.00 sec)

+------------+
| @enddate   |
+------------+
| 2021-12-29 |
+------------+
1 row in set (0.00 sec)

+------------------------+
| IN ADDON PACKAGE SALES |
+------------------------+
| IN ADDON PACKAGE SALES |
+------------------------+
1 row in set (0.00 sec)

Query OK, 0 rows affected (0.00 sec)

Query OK, 0 rows affected (0.01 sec)

Query OK, 2112 rows affected (4 min 11.46 sec)
Records: 2112  Duplicates: 0  Warnings: 0

+------------------------+
| rep_newfirstactive_vod |
+------------------------+
|                   2112 |
+------------------------+
1 row in set (0.00 sec)

Query OK, 0 rows affected (0.00 sec)

Query OK, 0 rows affected (0.01 sec)

Query OK, 6623 rows affected (9 min 43.39 sec)
Records: 6623  Duplicates: 0  Warnings: 0

+------------------------+
| rep_newfirstactive_int |
+------------------------+
|                   6623 |
+------------------------+
1 row in set (0.01 sec)

Query OK, 0 rows affected (0.00 sec)

Query OK, 0 rows affected (0.01 sec)

Query OK, 406 rows affected (43.65 sec)
Records: 406  Duplicates: 0  Warnings: 0

+-----------------------+
| rep_newfirstactive_dv |
+-----------------------+
|                   406 |
+-----------------------+
1 row in set (0.00 sec)

Query OK, 0 rows affected (0.00 sec)

Query OK, 0 rows affected (0.01 sec)

Query OK, 41 rows affected (2.44 sec)
Records: 41  Duplicates: 0  Warnings: 0

+-----------------------+
| rep_newfirstactive_mv |
+-----------------------+
|                    41 |
+-----------------------+
1 row in set (0.00 sec)

Query OK, 0 rows affected (0.00 sec)

Query OK, 0 rows affected (0.01 sec)

Query OK, 712 rows affected (1 min 17.14 sec)
Records: 712  Duplicates: 0  Warnings: 0

+------------------------+
| rep_newfirstactive_igo |
+------------------------+
|                    712 |
+------------------------+
1 row in set (0.00 sec)

mysql> mysql \. C:\workspace\cloud\code\sql\_DailyScript\currenttime.sql
+---------------------+
| currenttime         |
+---------------------+
| 2021-12-30 10:27:14 |
+---------------------+
1 row in set (0.00 sec)

mysql> 
mysql> mysql \. C:\workspace\cloud\code\sql\_DailyScript\RCB_ClientAnalyticsReport_Script.sql
Database changed
Query OK, 0 rows affected (0.00 sec)

Query OK, 0 rows affected (0.14 sec)

Query OK, 2183971 rows affected (1 min 27.67 sec)
Records: 2183971  Duplicates: 0  Warnings: 0

Query OK, 0 rows affected (13.88 sec)
Records: 0  Duplicates: 0  Warnings: 0

Query OK, 0 rows affected (5.98 sec)
Records: 0  Duplicates: 0  Warnings: 0

Query OK, 0 rows affected (9.26 sec)
Records: 0  Duplicates: 0  Warnings: 0

Query OK, 0 rows affected (9.93 sec)
Records: 0  Duplicates: 0  Warnings: 0

Query OK, 0 rows affected (9.81 sec)
Records: 0  Duplicates: 0  Warnings: 0

Query OK, 0 rows affected (9.26 sec)
Records: 0  Duplicates: 0  Warnings: 0

Query OK, 0 rows affected (0.00 sec)

Query OK, 502592 rows affected, 31068 warnings (15.62 sec)
Rows matched: 2183971  Changed: 502592  Warnings: 31068

Query OK, 0 rows affected (0.01 sec)

Query OK, 29285 rows affected (10.82 sec)
Records: 29285  Duplicates: 0  Warnings: 0

+---------------------+
| clientcontractssubs |
+---------------------+
|               29285 |
+---------------------+
1 row in set (0.01 sec)

Query OK, 0 rows affected (0.01 sec)

Query OK, 45955 rows affected (11 min 57.14 sec)
Records: 45955  Duplicates: 0  Warnings: 0

Query OK, 0 rows affected (0.22 sec)
Records: 0  Duplicates: 0  Warnings: 0

Query OK, 0 rows affected (0.17 sec)
Records: 0  Duplicates: 0  Warnings: 0

Query OK, 0 rows affected (0.10 sec)
Records: 0  Duplicates: 0  Warnings: 0

+-----------------------+
| clientcontracthistory |
+-----------------------+
|                 45955 |
+-----------------------+
1 row in set (0.01 sec)

Query OK, 0 rows affected (0.03 sec)

Query OK, 2992009 rows affected (1 min 41.39 sec)
Records: 2992009  Duplicates: 0  Warnings: 0

Query OK, 0 rows affected (0.02 sec)

Query OK, 498946 rows affected (5 min 39.27 sec)
Records: 498946  Duplicates: 0  Warnings: 0

Query OK, 0 rows affected (1.69 sec)
Records: 0  Duplicates: 0  Warnings: 0

Query OK, 0 rows affected (0.85 sec)
Records: 0  Duplicates: 0  Warnings: 0

Query OK, 0 rows affected (1.93 sec)
Records: 0  Duplicates: 0  Warnings: 0

Query OK, 0 rows affected (1.02 sec)
Records: 0  Duplicates: 0  Warnings: 0

+--------------------------+
| clientcontractinvpmt_stg |
+--------------------------+
|                   498946 |
+--------------------------+
1 row in set (0.13 sec)

Query OK, 0 rows affected (0.03 sec)

Query OK, 498946 rows affected (12.87 sec)
Records: 498946  Duplicates: 0  Warnings: 0

Query OK, 0 rows affected (1.88 sec)
Records: 0  Duplicates: 0  Warnings: 0

Query OK, 0 rows affected (1.08 sec)
Records: 0  Duplicates: 0  Warnings: 0

Query OK, 0 rows affected (2.19 sec)
Records: 0  Duplicates: 0  Warnings: 0

Query OK, 0 rows affected (1.14 sec)
Records: 0  Duplicates: 0  Warnings: 0

+----------------------+
| clientcontractinvpmt |
+----------------------+
|               498946 |
+----------------------+
1 row in set (0.13 sec)

Query OK, 0 rows affected (0.01 sec)

Query OK, 45955 rows affected (1 min 38.73 sec)
Records: 45955  Duplicates: 0  Warnings: 0

+--------------+
| clientreport |
+--------------+
|        45955 |
+--------------+
1 row in set (0.02 sec)

Query OK, 0 rows affected (0.01 sec)

Query OK, 45955 rows affected (18.16 sec)
Records: 45955  Duplicates: 0  Warnings: 0

+----------------------+
| clientextendedreport |
+----------------------+
|                45955 |
+----------------------+
1 row in set (0.01 sec)

Query OK, 0 rows affected (0.01 sec)

Query OK, 45955 rows affected (1 min 36.66 sec)
Records: 45955  Duplicates: 0  Warnings: 0

+---------+
| allcust |
+---------+
|   45955 |
+---------+
1 row in set (0.01 sec)

Query OK, 0 rows affected, 1 warning (0.00 sec)

Query OK, 5000 rows affected (0.15 sec)
Records: 5000  Duplicates: 0  Warnings: 0

Query OK, 0 rows affected (0.01 sec)

Query OK, 6767 rows affected (0.35 sec)
Records: 6767  Duplicates: 0  Warnings: 0

Query OK, 0 rows affected, 1 warning (0.00 sec)

Query OK, 5000 rows affected (0.15 sec)
Records: 5000  Duplicates: 0  Warnings: 0

Query OK, 0 rows affected (0.01 sec)

Query OK, 7164 rows affected (0.21 sec)
Records: 7164  Duplicates: 0  Warnings: 0

mysql> mysql \. C:\workspace\cloud\code\sql\_DailyScript\currenttime.sql
+---------------------+
| currenttime         |
+---------------------+
| 2021-12-30 10:53:25 |
+---------------------+
1 row in set (0.00 sec)

mysql> 
mysql> mysql \. C:\workspace\cloud\code\sql\_DailyScript\REVENUE_PER_NODE_MXK.sql
Query OK, 0 rows affected (0.02 sec)

Query OK, 0 rows affected (0.02 sec)

Query OK, 0 rows affected (0.02 sec)

Query OK, 12907 rows affected (4.45 sec)
Records: 12907  Duplicates: 0  Warnings: 0

+----------------------+
| message              |
+----------------------+
| created temp table a |
+----------------------+
1 row in set (0.00 sec)

Query OK, 9585 rows affected (1.43 sec)
Records: 9585  Duplicates: 0  Warnings: 0

+----------------------+
| message              |
+----------------------+
| created temp table b |
+----------------------+
1 row in set (0.00 sec)

Query OK, 0 rows affected, 1 warning (0.00 sec)

Query OK, 13385 rows affected (50.70 sec)
Records: 13385  Duplicates: 0  Warnings: 0

+--------------------------------+
| message                        |
+--------------------------------+
| created rcbill_my.tempcustmxk1 |
+--------------------------------+
1 row in set (0.00 sec)

Query OK, 0 rows affected (0.01 sec)

Query OK, 0 rows affected (0.01 sec)

Query OK, 0 rows affected, 1 warning (0.00 sec)

Query OK, 12907 rows affected (3.78 sec)
Records: 12907  Duplicates: 0  Warnings: 0

+----------------+
| message        |
+----------------+
| created temp a |
+----------------+
1 row in set (0.00 sec)

Query OK, 9585 rows affected (1.19 sec)
Records: 9585  Duplicates: 0  Warnings: 0

+----------------+
| message        |
+----------------+
| created temp b |
+----------------+
1 row in set (0.00 sec)

Query OK, 0 rows affected, 1 warning (0.00 sec)

Query OK, 9738 rows affected (25.61 sec)
Records: 9738  Duplicates: 0  Warnings: 0

+--------------------------------+
| message                        |
+--------------------------------+
| created rcbill_my.tempcustmxk2 |
+--------------------------------+
1 row in set (0.00 sec)

Query OK, 0 rows affected (0.01 sec)

Query OK, 0 rows affected (0.00 sec)

Query OK, 0 rows affected, 1 warning (0.00 sec)

Query OK, 0 rows affected (0.01 sec)

Query OK, 14211 rows affected (0.72 sec)
Records: 14211  Duplicates: 0  Warnings: 0

+---------------------------------+
| message                         |
+---------------------------------+
| created rcbill_my.customers_mxk |
+---------------------------------+
1 row in set (0.00 sec)

Query OK, 0 rows affected (0.01 sec)

Query OK, 0 rows affected (0.01 sec)

Query OK, 25295 rows affected (7.24 sec)
Records: 25295  Duplicates: 0  Warnings: 0

+----------------+
| message        |
+----------------+
| created temp a |
+----------------+
1 row in set (0.00 sec)

Query OK, 15333 rows affected (1.96 sec)
Records: 15333  Duplicates: 0  Warnings: 0

+----------------+
| message        |
+----------------+
| created temp c |
+----------------+
1 row in set (0.00 sec)

Query OK, 0 rows affected, 1 warning (0.00 sec)

Query OK, 25295 rows affected (0.32 sec)
Records: 25295  Duplicates: 0  Warnings: 0

+---------------------------------+
| message                         |
+---------------------------------+
| created rcbill_my.tempcustcmts1 |
+---------------------------------+
1 row in set (0.00 sec)

Query OK, 0 rows affected (0.01 sec)

Query OK, 0 rows affected, 1 warning (0.00 sec)

Query OK, 0 rows affected (0.01 sec)

Query OK, 25295 rows affected (7.16 sec)
Records: 25295  Duplicates: 0  Warnings: 0

+----------------+
| message        |
+----------------+
| created temp a |
+----------------+
1 row in set (0.00 sec)

Query OK, 15333 rows affected (1.73 sec)
Records: 15333  Duplicates: 0  Warnings: 0

+----------------+
| message        |
+----------------+
| created temp c |
+----------------+
1 row in set (0.00 sec)

Query OK, 0 rows affected, 1 warning (0.00 sec)

Query OK, 15333 rows affected (0.16 sec)
Records: 15333  Duplicates: 0  Warnings: 0

+---------------------------------+
| message                         |
+---------------------------------+
| created rcbill_my.tempcustcmts2 |
+---------------------------------+
1 row in set (0.00 sec)

Query OK, 0 rows affected (0.01 sec)

Query OK, 0 rows affected, 1 warning (0.00 sec)

Query OK, 0 rows affected (0.01 sec)

Query OK, 0 rows affected (0.01 sec)

Query OK, 30703 rows affected (1.21 sec)
Records: 30703  Duplicates: 0  Warnings: 0

+----------------------------------+
| message                          |
+----------------------------------+
| created rcbill_my.customers_cmts |
+----------------------------------+
1 row in set (0.00 sec)

Query OK, 0 rows affected (0.01 sec)

Query OK, 0 rows affected (0.00 sec)

Query OK, 0 rows affected (0.01 sec)

Query OK, 40441 rows affected (1.68 sec)
Records: 40441  Duplicates: 0  Warnings: 0

+--------------------------------------+
| message                              |
+--------------------------------------+
| created rcbill_my.customers_cmts_mxk |
+--------------------------------------+
1 row in set (0.00 sec)

Query OK, 528976 rows affected (1 min 11.53 sec)
Records: 528976  Duplicates: 0  Warnings: 0

+----------------+
| message        |
+----------------+
| created temp a |
+----------------+
1 row in set (0.00 sec)

Query OK, 0 rows affected (0.03 sec)

Query OK, 533498 rows affected (11.49 sec)
Records: 533498  Duplicates: 0  Warnings: 0

+------------------------------------------------+
| message                                        |
+------------------------------------------------+
| created rcbill_my.customers_contracts_cmts_mxk |
+------------------------------------------------+
1 row in set (0.00 sec)

Query OK, 0 rows affected (0.03 sec)

Query OK, 0 rows affected, 1 warning (0.00 sec)

Query OK, 0 rows affected, 1 warning (0.00 sec)

Query OK, 0 rows affected (0.00 sec)

Query OK, 8144 rows affected (2.49 sec)
Rows matched: 8144  Changed: 8144  Warnings: 0

+------------------------------------------------+
| message                                        |
+------------------------------------------------+
| updated rcbill_my.customers_contracts_cmts_mxk |
+------------------------------------------------+
1 row in set (0.00 sec)

Query OK, 0 rows affected (0.06 sec)

Query OK, 2297696 rows affected (4 min 27.32 sec)
Records: 2297696  Duplicates: 0  Warnings: 0

+----------------------------------------+
| message                                |
+----------------------------------------+
| created rcbill_my.customers_collection |
+----------------------------------------+
1 row in set (0.00 sec)

Query OK, 0 rows affected (0.08 sec)

Query OK, 2756392 rows affected (2 min 10.20 sec)
Records: 2756392  Duplicates: 0  Warnings: 0

+------------------------------------------------+
| message                                        |
+------------------------------------------------+
| created rcbill_my.customers_cmts_mxk_cont_coll |
+------------------------------------------------+
1 row in set (0.00 sec)

Query OK, 0 rows affected (0.17 sec)

Query OK, 481037 rows affected (3 min 20.15 sec)
Records: 481037  Duplicates: 0  Warnings: 0

+--------------------------------------------------------+
| message                                                |
+--------------------------------------------------------+
| created rcbill_my.customers_contracts_collection_pivot |
+--------------------------------------------------------+
1 row in set (0.00 sec)

Query OK, 0 rows affected (0.01 sec)

Query OK, 41952 rows affected (3 min 16.57 sec)
Records: 41952  Duplicates: 0  Warnings: 0

+----------------------------------------------+
| message                                      |
+----------------------------------------------+
| created rcbill_my.customers_collection_pivot |
+----------------------------------------------+
1 row in set (0.00 sec)

Query OK, 0 rows affected (0.02 sec)

Query OK, 45955 rows affected (2.39 sec)
Records: 45955  Duplicates: 0  Warnings: 0

+--------------------------------------------+
| message                                    |
+--------------------------------------------+
| created rcbill_my.rep_customers_collection |
+--------------------------------------------+
1 row in set (0.00 sec)

Query OK, 0 rows affected (0.00 sec)

Query OK, 0 rows affected, 1 warning (0.00 sec)

Query OK, 490683 rows affected (15.95 sec)
Records: 490683  Duplicates: 0  Warnings: 0

+-------------------------+
| message                 |
+-------------------------+
| created rcbill_my.tempa |
+-------------------------+
1 row in set (0.00 sec)

Query OK, 0 rows affected, 1 warning (0.00 sec)

Query OK, 481037 rows affected (32.31 sec)
Records: 481037  Duplicates: 0  Warnings: 0

+-------------------------+
| message                 |
+-------------------------+
| created rcbill_my.tempb |
+-------------------------+
1 row in set (0.00 sec)

Query OK, 490683 rows affected (34.89 sec)
Records: 490683  Duplicates: 0  Warnings: 0

+-----------+
| message   |
+-----------+
| created a |
+-----------+
1 row in set (0.00 sec)

Query OK, 481440 rows affected (35.48 sec)
Records: 481440  Duplicates: 0  Warnings: 0

+-----------+
| message   |
+-----------+
| created b |
+-----------+
1 row in set (0.00 sec)

Query OK, 0 rows affected (0.06 sec)

Query OK, 0 rows affected (0.04 sec)

Query OK, 0 rows affected (0.05 sec)

Query OK, 527721 rows affected (1 min 8.64 sec)
Records: 527721  Duplicates: 0  Warnings: 0

+----------------------------------------------+
| message                                      |
+----------------------------------------------+
| created rcbill_my.cust_cont_payment_cmts_mxk |
+----------------------------------------------+
1 row in set (0.00 sec)

Query OK, 0 rows affected (0.03 sec)

Query OK, 0 rows affected (0.02 sec)

Query OK, 0 rows affected, 1 warning (0.00 sec)

Query OK, 0 rows affected (0.02 sec)

Query OK, 45955 rows affected (29.33 sec)
Records: 45955  Duplicates: 0  Warnings: 0

+--------------------------------------------------+
| message                                          |
+--------------------------------------------------+
| created rcbill_my.rep_cust_cont_payment_cmts_mxk |
+--------------------------------------------------+
1 row in set (0.00 sec)

Query OK, 0 rows affected, 1 warning (0.00 sec)

Query OK, 0 rows affected, 1 warning (0.00 sec)

Query OK, 0 rows affected (0.02 sec)

Query OK, 45955 rows affected (10.91 sec)
Records: 45955  Duplicates: 0  Warnings: 0

+----------------------+
| rep_custconsolidated |
+----------------------+
|                45955 |
+----------------------+
1 row in set (0.01 sec)

Query OK, 0 rows affected (0.01 sec)

Query OK, 37 rows affected (0.16 sec)
Records: 37  Duplicates: 0  Warnings: 0

+---------------------------------------+
| rep_activecustomerdistribution_level1 |
+---------------------------------------+
|                                    37 |
+---------------------------------------+
1 row in set (0.00 sec)

Query OK, 0 rows affected (0.01 sec)

Query OK, 225 rows affected (0.15 sec)
Records: 225  Duplicates: 0  Warnings: 0

+---------------------------------------+
| rep_activecustomerdistribution_level2 |
+---------------------------------------+
|                                   225 |
+---------------------------------------+
1 row in set (0.00 sec)

Query OK, 0 rows affected (0.01 sec)

Query OK, 45955 rows affected (11.43 sec)
Records: 45955  Duplicates: 0  Warnings: 0

+------------------------------+
| rep_custaddressparcelsprefix |
+------------------------------+
|                        45955 |
+------------------------------+
1 row in set (0.01 sec)

Query OK, 0 rows affected (0.01 sec)

Query OK, 16017 rows affected (0.92 sec)
Records: 16017  Duplicates: 0  Warnings: 0

+-------------------------------------+
| rep_residentialcustomers_tillasleep |
+-------------------------------------+
|                               16017 |
+-------------------------------------+
1 row in set (0.01 sec)

Query OK, 0 rows affected (0.01 sec)

+------------------------------------+
| message                            |
+------------------------------------+
| creating rcbill_my.rep_custextract |
+------------------------------------+
1 row in set (0.00 sec)

Query OK, 45955 rows affected (1.61 sec)
Records: 45955  Duplicates: 0  Warnings: 0

+-----------------+
| rep_custextract |
+-----------------+
|           45955 |
+-----------------+
1 row in set (0.01 sec)

Query OK, 0 rows affected (0.00 sec)

Query OK, 0 rows affected (0.01 sec)

+----------------------------------------------+
| message                                      |
+----------------------------------------------+
| creating rcbill_my.retentioncustomeractivity |
+----------------------------------------------+
1 row in set (0.00 sec)

Query OK, 1098 rows affected (0.11 sec)
Records: 1098  Duplicates: 0  Warnings: 0

+---------------------------+
| retentioncustomeractivity |
+---------------------------+
|                      1098 |
+---------------------------+
1 row in set (0.00 sec)

+-----------+------------------------------------+------------+-------------+-----------------+------------------+---------------------+-------------------+
| HFC_NODE  | NODENAME                           | CMTS_DATE  | INSERTED_ON | UNIQUE_ACCOUNTS | UNIQUE_CONTRACTS | UNIQUE_MAC_INRCBOSS | UNIQUE_MAC_INCMTS |
+-----------+------------------------------------+------------+-------------+-----------------+------------------+---------------------+-------------------+
| NULL      | NULL                               | NULL       | 2021-12-30  |           16569 |            22849 |               13945 |                 0 |
| C5/0/0/U0 | ANSE-BOILEAU-2                     | 2021-12-17 | 2021-12-30  |               0 |                0 |                   0 |               191 |
| C5/0/0/U1 | 500-C3-ANSE-BOILEAU                | 2021-12-17 | 2021-12-30  |               0 |                0 |                   0 |               205 |
| C5/0/1/U0 | 501-C4-LA-MISIERE-LEFT-I           | 2021-12-17 | 2021-12-30  |               0 |                0 |                   0 |               139 |
| C5/0/1/U1 | 501-C5-LA-MISIERE-RIGHT            | 2021-12-17 | 2021-12-30  |               0 |                0 |                   0 |                93 |
| C5/0/1/U2 | 501-C7-LA-MISIERE-LEFT-II          | 2021-12-17 | 2021-12-30  |               0 |                0 |                   0 |               142 |
| C5/0/2/U0 | 502-C8-LA-LOUISE                   | 2021-12-17 | 2021-12-30  |               0 |                0 |                   0 |               114 |
| C5/0/2/U1 | LA-LOUISE-2                        | 2021-12-17 | 2021-12-30  |               0 |                0 |                   0 |               103 |
| C5/0/3/U0 | 504-C6-PETIT-PARIS                 | 2021-12-17 | 2021-12-30  |               0 |                0 |                   0 |               126 |
| C5/0/3/U1 | PETIT-PARIS-23                     | 2021-12-17 | 2021-12-30  |               0 |                0 |                   0 |                60 |
| C5/0/4/U0 | FOUR-SEASONS                       | 2021-12-17 | 2021-12-30  |               0 |                0 |                   0 |                 1 |
| C5/0/4/U1 | ANCHOR-CAFE-I                      | 2021-12-17 | 2021-12-30  |               0 |                0 |                   0 |               150 |
| C5/0/4/U2 | ANCHOR-CAFE-II                     | 2021-12-17 | 2021-12-30  |               0 |                0 |                   0 |               161 |
| C5/1/0/U0 | POINTE-LARUE-AIRPORT-23            | 2021-12-17 | 2021-12-30  |               0 |                0 |                   0 |               110 |
| C5/1/0/U1 | PPROVIDENCE-23                     | 2021-12-17 | 2021-12-30  |               0 |                0 |                   0 |                14 |
| C5/1/0/U2 | ROSHE-CAIMAN-23                    | 2021-12-17 | 2021-12-30  |               0 |                0 |                   0 |                12 |
| C5/1/0/U3 | HEAD-OFFICE | HO-23                | 2021-12-17 | 2021-12-30  |               0 |                0 |                   0 |                13 |
| C5/1/1/U1 | C5-UNION-VALE                      | 2021-12-17 | 2021-12-30  |               0 |                0 |                   0 |               122 |
| C5/1/3/U0 | POINTE-LARUE-AIRPORT-27            | 2021-12-17 | 2021-12-30  |               0 |                0 |                   0 |               131 |
| C5/1/3/U1 | PPROVIDENCE-27                     | 2021-12-17 | 2021-12-30  |               0 |                0 |                   0 |                27 |
| C5/1/3/U2 | ROSHE-CAIMAN-27                    | 2021-12-17 | 2021-12-30  |               0 |                0 |                   0 |                31 |
| C5/1/3/U3 | HEAD-OFFICE | HO-27                | 2021-12-17 | 2021-12-30  |               0 |                0 |                   0 |                28 |
| C5/1/4/U0 | ANSE-ROYALE-27                     | 2021-12-17 | 2021-12-30  |               0 |                0 |                   0 |               102 |
| C5/1/4/U1 | GLACIS-2-57                        | 2021-12-17 | 2021-12-30  |               0 |                0 |                   0 |                46 |
| C5/1/4/U2 | NULL                               | 2021-12-17 | 2021-12-30  |               0 |                0 |                   0 |                98 |
| C5/1/4/U3 | GLACIS-1                           | 2021-12-17 | 2021-12-30  |               0 |                0 |                   0 |                16 |
| C6/0/1/U0 | SERRET-ROAD-RIGHT/CURIO/PASCAL     | 2021-12-17 | 2021-12-30  |               0 |                0 |                   0 |               100 |
| C6/0/1/U1 | SERRET-ROAD-LEFT/ST.LOUIS/TOWN     | 2021-12-17 | 2021-12-30  |               0 |                0 |                   0 |                52 |
| C6/0/1/U2 | SERRET-ROAD-RIGHT/CURIO/PASCAL-2   | 2021-12-17 | 2021-12-30  |               0 |                0 |                   0 |               103 |
| C6/0/1/U3 | SERRET-ROAD-LEFT/ST.LOUIS/TOWN-2   | 2021-12-17 | 2021-12-30  |               0 |                0 |                   0 |                55 |
| C6/0/2/U0 | SANS-SOUCIS-I                      | 2021-12-17 | 2021-12-30  |               0 |                0 |                   0 |                85 |
| C6/0/2/U1 | SANS-SOUCIS-II                     | 2021-12-17 | 2021-12-30  |               0 |                0 |                   0 |                72 |
| C6/0/2/U2 | BEL-AIR-27                         | 2021-12-17 | 2021-12-30  |               0 |                0 |                   0 |                64 |
| C6/0/2/U3 | BEL-AIR-38                         | 2021-12-17 | 2021-12-30  |               0 |                0 |                   0 |                66 |
| C6/0/3/U0 | LES-MAMELLES-23                    | 2021-12-17 | 2021-12-30  |               0 |                0 |                   0 |                37 |
| C6/0/3/U1 | VICTORIA-23                        | 2021-12-17 | 2021-12-30  |               0 |                0 |                   0 |                17 |
| C6/0/4/U0 | LES-MAMELLES-27                    | 2021-12-17 | 2021-12-30  |               0 |                0 |                   0 |                85 |
| C6/0/4/U1 | VICTORIA-27                        | 2021-12-17 | 2021-12-30  |               0 |                0 |                   0 |                13 |
| C7/1/0/U0 | LA-RETRAITE-23                     | 2021-12-17 | 2021-12-30  |               0 |                0 |                   0 |                76 |
| C7/1/0/U1 | TEA-FACTORY-23                     | 2021-12-17 | 2021-12-30  |               0 |                0 |                   0 |                23 |
| C7/1/0/U2 | PAS-23                             | 2021-12-17 | 2021-12-30  |               0 |                0 |                   0 |                94 |
| C7/1/1/U0 | REEF-ESTATE-23                     | 2021-12-17 | 2021-12-30  |               0 |                0 |                   0 |                65 |
| C7/1/2/U0 | LA-RETRAITE-27                     | 2021-12-17 | 2021-12-30  |               0 |                0 |                   0 |                44 |
| C7/1/2/U1 | TEA-FACTORY-27                     | 2021-12-17 | 2021-12-30  |               0 |                0 |                   0 |                20 |
| C7/1/2/U2 | PAS-27                             | 2021-12-17 | 2021-12-30  |               0 |                0 |                   0 |                83 |
| C7/1/3/U0 | MT-BUXTON-27                       | 2021-12-17 | 2021-12-30  |               0 |                0 |                   0 |               128 |
| C7/1/3/U1 | MT-BUXTON-23                       | 2021-12-17 | 2021-12-30  |               0 |                0 |                   0 |                64 |
| C7/1/4/U0 | REEF-ESTATE-27                     | 2021-12-17 | 2021-12-30  |               0 |                0 |                   0 |                78 |
| C8/0/0/U0 | POLICE-ACADEMY-1-27 - POINTE LARUE | 2021-12-17 | 2021-12-30  |               0 |                0 |                   0 |                83 |
| C8/0/0/U1 | NULL                               | 2021-12-17 | 2021-12-30  |               0 |                0 |                   0 |                99 |
| C8/0/1/U0 | NULL                               | 2021-12-17 | 2021-12-30  |               0 |                0 |                   0 |               246 |
| C8/0/1/U1 | POLICE-ACADEMY-2-27 - TURTLE BAY   | 2021-12-17 | 2021-12-30  |               0 |                0 |                   0 |               157 |
| C8/1/0/U0 | MA-JOIE-NODE-27                    | 2021-12-17 | 2021-12-30  |               0 |                0 |                   0 |                68 |
| C8/1/0/U1 | BELONIE-27                         | 2021-12-17 | 2021-12-30  |               0 |                0 |                   0 |               108 |
| C8/1/0/U3 | MA-JOIE-NODE-23                    | 2021-12-17 | 2021-12-30  |               0 |                0 |                   0 |                68 |
| C8/1/1/U0 | 611-C1-ROJN I                      | 2021-12-17 | 2021-12-30  |               0 |                0 |                   0 |                97 |
| C8/1/1/U1 | 611-C5-ROJN II                     | 2021-12-17 | 2021-12-30  |               0 |                0 |                   0 |                96 |
| C8/1/2/U0 | 612-C2-ANSE-ETOILE                 | 2021-12-17 | 2021-12-30  |               0 |                0 |                   0 |                81 |
| C8/1/2/U1 | ANSE-ETOILE-U2                     | 2021-12-17 | 2021-12-30  |               0 |                0 |                   0 |                44 |
| C8/1/3/U0 | 613-C3-ANSE-GAULETTE I             | 2021-12-17 | 2021-12-30  |               0 |                0 |                   0 |                88 |
| C8/1/3/U1 | 613-C7-ANSE-GAULETTE II            | 2021-12-17 | 2021-12-30  |               0 |                0 |                   0 |                78 |
| C8/1/3/U2 | 613-C3-ANSE-GAULETTE III           | 2021-12-17 | 2021-12-30  |               0 |                0 |                   0 |                35 |
| C8/1/3/U3 | TAKAMAKA I                         | 2021-12-17 | 2021-12-30  |               0 |                0 |                   0 |                91 |
| C8/1/3/U4 | TAKAMAKA II                        | 2021-12-17 | 2021-12-30  |               0 |                0 |                   0 |                97 |
| C8/1/4/U0 | 614-BEOLIERE-NODE-1                | 2021-12-17 | 2021-12-30  |               0 |                0 |                   0 |                98 |
| C8/1/4/U1 | 614-BEOLIERE-NODE-2                | 2021-12-17 | 2021-12-30  |               0 |                0 |                   0 |               115 |
+-----------+------------------------------------+------------+-------------+-----------------+------------------+---------------------+-------------------+
66 rows in set (0.64 sec)

+-----------------------+------------+-------------+-----------------+------------------+----------------------+-------------------+
| MXK_NAME              | MXK_DATE   | INSERTED_ON | UNIQUE_ACCOUNTS | UNIQUE_CONTRACTS | UNIQUE_FSAN_INRCBOSS | UNIQUE_FSAN_INMXK |
+-----------------------+------------+-------------+-----------------+------------------+----------------------+-------------------+
| NULL                  | NULL       | 2021-12-30  |            3036 |             4104 |                 1134 |                 0 |
| MXK-MAHE-ANSEAUXPINS  | 2021-12-20 | 2021-12-30  |             199 |              200 |                  200 |               219 |
| MXK-MAHE-ANSEETOILE   | 2021-12-20 | 2021-12-30  |             896 |              904 |                  897 |               939 |
| MXK-MAHE-ANSEROYALE   | 2021-12-20 | 2021-12-30  |             265 |              268 |                  267 |               300 |
| MXK-MAHE-ANSEROYALE-2 | 2021-12-20 | 2021-12-30  |              14 |               14 |                   14 |                14 |
| MXK-MAHE-BEAUVALLON-1 | 2021-12-20 | 2021-12-30  |            2169 |             2210 |                 2198 |              2305 |
| MXK-MAHE-BEAUVALLON-2 | 2021-12-20 | 2021-12-30  |             310 |              338 |                  348 |               380 |
| MXK-MAHE-GRANDANSE    | 2021-12-20 | 2021-12-30  |             127 |              127 |                  127 |               134 |
| MXK-MAHE-LAB          | 2021-12-20 | 2021-12-30  |               0 |                0 |                    0 |                11 |
| MXK-MAHE-MONTFLEURI   | 2021-12-20 | 2021-12-30  |             505 |              506 |                  506 |               534 |
| MXK-MAHE-PERSEVERANCE | 2021-12-20 | 2021-12-30  |            1223 |             1243 |                 1230 |              1332 |
| MXK-MAHE-PROVIDENCE   | 2021-12-20 | 2021-12-30  |            1368 |             1403 |                 1326 |              1539 |
| MXK-PRASLIN-GRANDANSE | 2021-12-20 | 2021-12-30  |            1393 |             1395 |                 1386 |              1572 |
+-----------------------+------------+-------------+-----------------+------------------+----------------------+-------------------+
13 rows in set (0.23 sec)

mysql> mysql \. C:\workspace\cloud\code\sql\_DailyScript\currenttime.sql
+---------------------+
| currenttime         |
+---------------------+
| 2021-12-30 11:14:00 |
+---------------------+
1 row in set (0.00 sec)

mysql> 
mysql> mysql \. C:\workspace\cloud\code\sql\_DailyScript\housing-estate-analysis.sql
Database changed
Query OK, 0 rows affected (0.05 sec)

Query OK, 3740 rows affected (14.32 sec)
Records: 3740  Duplicates: 0  Warnings: 0

+--------------------+
| rep_housingestates |
+--------------------+
|               3740 |
+--------------------+
1 row in set (0.00 sec)

mysql> mysql \. C:\workspace\cloud\code\sql\_DailyScript\currenttime.sql
+---------------------+
| currenttime         |
+---------------------+
| 2021-12-30 11:14:14 |
+---------------------+
1 row in set (0.00 sec)

mysql> 
mysql> 
mysql> mysql \. C:\workspace\cloud\code\sql\Analysis\service_tickets_assignments.sql
Query OK, 0 rows affected (0.02 sec)

Query OK, 106787 rows affected (17.45 sec)
Records: 106787  Duplicates: 0  Warnings: 0

+-------------------------+
| rep_servicetickets_2021 |
+-------------------------+
|                  106787 |
+-------------------------+
1 row in set (0.12 sec)

Query OK, 0 rows affected (0.01 sec)

Query OK, 16312 rows affected (2.84 sec)
Records: 16312  Duplicates: 0  Warnings: 0

+------------------+
| rep_tkt_f_level1 |
+------------------+
|            16312 |
+------------------+
1 row in set (0.01 sec)

Query OK, 0 rows affected (0.01 sec)

Query OK, 94955 rows affected (4.18 sec)
Records: 94955  Duplicates: 0  Warnings: 0

+------------------+
| rep_tkt_f_level2 |
+------------------+
|            94955 |
+------------------+
1 row in set (0.03 sec)

Query OK, 0 rows affected (0.02 sec)

Query OK, 135985 rows affected (4.95 sec)
Records: 135985  Duplicates: 0  Warnings: 0

+------------------+
| rep_tkt_f_level3 |
+------------------+
|           135985 |
+------------------+
1 row in set (0.04 sec)

Query OK, 0 rows affected (0.01 sec)

Query OK, 3625 rows affected (0.49 sec)
Records: 3625  Duplicates: 0  Warnings: 0

+--------------------+
| rep_tkt_irs_level1 |
+--------------------+
|               3625 |
+--------------------+
1 row in set (0.00 sec)

Query OK, 0 rows affected (0.01 sec)

Query OK, 17565 rows affected (0.73 sec)
Records: 17565  Duplicates: 0  Warnings: 0

+--------------------+
| rep_tkt_irs_level2 |
+--------------------+
|              17565 |
+--------------------+
1 row in set (0.01 sec)

Query OK, 0 rows affected (0.01 sec)

Query OK, 29074 rows affected (0.88 sec)
Records: 29074  Duplicates: 0  Warnings: 0

+--------------------+
| rep_tkt_irs_level3 |
+--------------------+
|              29074 |
+--------------------+
1 row in set (0.01 sec)

mysql> mysql \. C:\workspace\cloud\code\sql\_DailyScript\currenttime.sql
+---------------------+
| currenttime         |
+---------------------+
| 2021-12-30 11:14:46 |
+---------------------+
1 row in set (0.00 sec)

mysql> 
mysql> mysql \. C:\workspace\cloud\code\sql\_DailyScript\DAILY-SCRIPT-USAGESTATS.sql
Database changed
Query OK, 0 rows affected (0.34 sec)

Query OK, 34269867 rows affected, 65535 warnings (9 min 43.58 sec)
Records: 34269867  Duplicates: 0  Warnings: 34258437

Query OK, 0 rows affected (1 min 43.41 sec)
Records: 0  Duplicates: 0  Warnings: 0

Query OK, 0 rows affected (1 min 27.74 sec)
Records: 0  Duplicates: 0  Warnings: 0

Query OK, 0 rows affected (1 min 35.75 sec)
Records: 0  Duplicates: 0  Warnings: 0

Query OK, 0 rows affected (1 min 31.90 sec)
Records: 0  Duplicates: 0  Warnings: 0

Query OK, 0 rows affected (2 min 33.88 sec)
Records: 0  Duplicates: 0  Warnings: 0

Query OK, 0 rows affected (2 min 39.28 sec)
Records: 0  Duplicates: 0  Warnings: 0

Query OK, 0 rows affected (2 min 17.87 sec)
Records: 0  Duplicates: 0  Warnings: 0

Query OK, 0 rows affected (1 min 39.30 sec)
Records: 0  Duplicates: 0  Warnings: 0

+----------+
| ipusage  |
+----------+
| 34269867 |
+----------+
1 row in set (14.83 sec)

Query OK, 0 rows affected (0.09 sec)

Query OK, 10308843 rows affected (9 min 47.18 sec)
Records: 10308843  Duplicates: 0  Warnings: 0

Query OK, 0 rows affected (55.86 sec)
Records: 0  Duplicates: 0  Warnings: 0

Query OK, 0 rows affected (32.55 sec)
Records: 0  Duplicates: 0  Warnings: 0

Query OK, 0 rows affected (36.43 sec)
Records: 0  Duplicates: 0  Warnings: 0

Query OK, 0 rows affected (45.45 sec)
Records: 0  Duplicates: 0  Warnings: 0

Query OK, 0 rows affected (28.58 sec)
Records: 0  Duplicates: 0  Warnings: 0

+------------------+
| clientcontractip |
+------------------+
|         10308843 |
+------------------+
1 row in set (2.95 sec)

Query OK, 0 rows affected (0.09 sec)

Query OK, 16833893 rows affected (3 min 50.69 sec)
Records: 16833893  Duplicates: 0  Warnings: 0

+---------------------------+
| clientcontractipusage_stg |
+---------------------------+
|                  16833893 |
+---------------------------+
1 row in set (8.52 sec)

+------------------------------------+
| clientcontractipusage_beforeinsert |
+------------------------------------+
|                           16833893 |
+------------------------------------+
1 row in set (8.93 sec)

Query OK, 11067 rows affected (24.96 sec)
Records: 11067  Duplicates: 0  Warnings: 0

+-----------------------------------+
| clientcontractipusage_afterinsert |
+-----------------------------------+
|                          16844960 |
+-----------------------------------+
1 row in set (6.55 sec)

Query OK, 0 rows affected (0.00 sec)

+------------------------+
| info                   |
+------------------------+
| updating null packages |
+------------------------+
1 row in set (0.00 sec)

Query OK, 0 rows affected (42.86 sec)
Rows matched: 202584  Changed: 0  Warnings: 0

+------------+----------+
| usagedate  | count(*) |
+------------+----------+
| 2021-12-29 |    11067 |
| 2021-12-28 |    10729 |
| 2021-12-27 |    10741 |
| 2021-12-26 |    10657 |
| 2021-12-25 |    10790 |
| 2021-12-24 |    10917 |
| 2021-12-23 |    10782 |
| 2021-12-22 |    11286 |
| 2021-12-21 |    10664 |
| 2021-12-20 |    10603 |
| 2021-12-19 |    10500 |
| 2021-12-18 |    10608 |
| 2021-12-17 |    11038 |
| 2021-12-16 |    10587 |
| 2021-12-15 |    11883 |
+------------+----------+
15 rows in set (0.07 sec)

Query OK, 0 rows affected (0.03 sec)

Query OK, 809240 rows affected (1 min 21.45 sec)
Records: 809240  Duplicates: 0  Warnings: 0

Query OK, 0 rows affected (2.91 sec)
Records: 0  Duplicates: 0  Warnings: 0

Query OK, 0 rows affected (2.60 sec)
Records: 0  Duplicates: 0  Warnings: 0

Query OK, 0 rows affected (3.03 sec)
Records: 0  Duplicates: 0  Warnings: 0

Query OK, 0 rows affected (1.59 sec)
Records: 0  Duplicates: 0  Warnings: 0

Query OK, 0 rows affected (1.56 sec)
Records: 0  Duplicates: 0  Warnings: 0

Query OK, 0 rows affected (1.57 sec)
Records: 0  Duplicates: 0  Warnings: 0

Query OK, 0 rows affected (1.57 sec)
Records: 0  Duplicates: 0  Warnings: 0

+-----------------------+
| clientcontractipmonth |
+-----------------------+
|                809240 |
+-----------------------+
1 row in set (0.22 sec)

Query OK, 0 rows affected (0.02 sec)

Query OK, 18215 rows affected (1 min 15.64 sec)
Records: 18215  Duplicates: 0  Warnings: 0

+-----------------------+
| rep_dailypackageusage |
+-----------------------+
|                 18215 |
+-----------------------+
1 row in set (0.01 sec)

mysql> mysql \. C:\workspace\cloud\code\sql\_DailyScript\currenttime.sql
+---------------------+
| currenttime         |
+---------------------+
| 2021-12-30 12:01:38 |
+---------------------+
1 row in set (0.00 sec)

mysql> 
mysql> mysql \. C:\workspace\cloud\code\sql\GIS\GetParcelExtract.sql
Database changed
Query OK, 0 rows affected (0.01 sec)

Query OK, 16431 rows affected (5.49 sec)
Records: 16431  Duplicates: 0  Warnings: 0

+-------------------------+
| IV_PARCELEXTRACTStaging |
+-------------------------+
|                   16431 |
+-------------------------+
1 row in set (0.01 sec)

Query OK, 0 rows affected (0.00 sec)

Query OK, 0 rows affected (0.01 sec)

Query OK, 9985 rows affected (0.28 sec)
Records: 9985  Duplicates: 0  Warnings: 0

+-----------------+
| IV_PARCELFORMAP |
+-----------------+
|            9985 |
+-----------------+
1 row in set (0.01 sec)

Query OK, 0 rows affected (0.01 sec)

Query OK, 308 rows affected (0.03 sec)
Records: 308  Duplicates: 0  Warnings: 0

+----------------------------+
| IV_PARCELFORMAP_Inactive_2 |
+----------------------------+
|                        308 |
+----------------------------+
1 row in set (0.00 sec)

Query OK, 0 rows affected (0.01 sec)

Query OK, 377 rows affected (0.03 sec)
Records: 377  Duplicates: 0  Warnings: 0

+----------------------------+
| IV_PARCELFORMAP_Inactive_3 |
+----------------------------+
|                        377 |
+----------------------------+
1 row in set (0.00 sec)

Query OK, 0 rows affected (0.01 sec)

Query OK, 502 rows affected (0.03 sec)
Records: 502  Duplicates: 0  Warnings: 0

+----------------------------+
| IV_PARCELFORMAP_Inactive_4 |
+----------------------------+
|                        502 |
+----------------------------+
1 row in set (0.00 sec)

Query OK, 0 rows affected (0.01 sec)

Query OK, 2756 rows affected (0.10 sec)
Records: 2756  Duplicates: 0  Warnings: 0

+----------------------------+
| IV_PARCELFORMAP_Inactive_5 |
+----------------------------+
|                       2756 |
+----------------------------+
1 row in set (0.00 sec)

Query OK, 0 rows affected (0.01 sec)

Query OK, 4143 rows affected (0.12 sec)
Records: 4143  Duplicates: 0  Warnings: 0

+---------------------+
| IV_PARCELFORMAP_HFC |
+---------------------+
|                4143 |
+---------------------+
1 row in set (0.00 sec)

Query OK, 0 rows affected (0.01 sec)

Query OK, 4523 rows affected (0.12 sec)
Records: 4523  Duplicates: 0  Warnings: 0

+----------------------+
| IV_PARCELFORMAP_GPON |
+----------------------+
|                 4523 |
+----------------------+
1 row in set (0.00 sec)

Query OK, 0 rows affected (0.01 sec)

Query OK, 50 rows affected (0.02 sec)
Records: 50  Duplicates: 0  Warnings: 0

+---------------------+
| IV_PARCELFORMAP_MIX |
+---------------------+
|                  50 |
+---------------------+
1 row in set (0.00 sec)

mysql> mysql \. C:\workspace\cloud\code\sql\_DailyScript\currenttime.sql
+---------------------+
| currenttime         |
+---------------------+
| 2021-12-30 12:01:45 |
+---------------------+
1 row in set (0.00 sec)

mysql> 
mysql> 
mysql> 
mysql> exit
