    -> 
    -> mysql \. C:\workspace\cloud\code\sql\_DailyScript\_setdates.sql
Database changed
Query OK, 0 rows affected (0.00 sec)

Query OK, 0 rows affected (0.00 sec)

Query OK, 0 rows affected (0.00 sec)

Query OK, 0 rows affected (0.00 sec)

Query OK, 0 rows affected (0.00 sec)

Query OK, 0 rows affected (0.00 sec)

Query OK, 0 rows affected (0.00 sec)

Query OK, 0 rows affected (0.00 sec)

Query OK, 0 rows affected (0.00 sec)

Query OK, 0 rows affected (0.00 sec)

Query OK, 0 rows affected (0.00 sec)

Query OK, 0 rows affected (0.00 sec)

Query OK, 0 rows affected (0.00 sec)

Query OK, 0 rows affected (0.00 sec)

Query OK, 0 rows affected (0.00 sec)

Query OK, 0 rows affected (0.00 sec)

Query OK, 0 rows affected (0.00 sec)

Query OK, 0 rows affected (0.00 sec)

Query OK, 0 rows affected (0.00 sec)

Query OK, 0 rows affected (0.00 sec)

Query OK, 0 rows affected (0.00 sec)

mysql> mysql \. C:\workspace\cloud\code\sql\_DailyScript\currenttime.sql
+---------------------+
| currenttime         |
+---------------------+
| 2019-12-03 07:53:17 |
+---------------------+
1 row in set (0.00 sec)

mysql> 
mysql> mysql \. C:\workspace\cloud\code\sql\_DailyScript\load_RCB_VODTITLES.sql
Database changed
Query OK, 0 rows affected (0.00 sec)

Query OK, 8394 rows affected (0.27 sec)

Query OK, 8418 rows affected, 8418 warnings (0.14 sec)
Records: 8418  Deleted: 0  Skipped: 0  Warnings: 8418

Query OK, 0 rows affected (0.00 sec)

Query OK, 2 rows affected (0.01 sec)

+-----------+
| VODTITLES |
+-----------+
|      8876 |
+-----------+
1 row in set (0.00 sec)

+-----------+-----------+
| titletype | typecount |
+-----------+-----------+
| E         |      6847 |
| N         |       213 |
| T         |      1356 |
| NULL      |      8416 |
+-----------+-----------+
4 rows in set (0.02 sec)

mysql> mysql \. C:\workspace\cloud\code\sql\_DailyScript\currenttime.sql
+---------------------+
| currenttime         |
+---------------------+
| 2019-12-03 07:53:18 |
+---------------------+
1 row in set (0.00 sec)

mysql> 
mysql> mysql \. C:\workspace\cloud\code\sql\_DailyScript\DAILY-SCRIPT-LIVETV-STATS.sql
Database changed
Query OK, 0 rows affected (0.07 sec)

Query OK, 65812 rows affected (0.94 sec)
Records: 65812  Duplicates: 0  Warnings: 0

+------------+------------+----------+--------------+--------------+-----------+-------------+----------+--------+------+------------+---------+---------------+
| Table      | Non_unique | Key_name | Seq_in_index | Column_name  | Collation | Cardinality | Sub_part | Packed | Null | Index_type | Comment | Index_comment |
+------------+------------+----------+--------------+--------------+-----------+-------------+----------+--------+------+------------+---------+---------------+
| templivetv |          1 | idxtv1   |            1 | device       | A         |       66145 |     NULL | NULL   | YES  | BTREE      |         |               |
| templivetv |          1 | idxtv2   |            1 | sessionstart | A         |       66145 |     NULL | NULL   | YES  | BTREE      |         |               |
+------------+------------+----------+--------------+--------------+-----------+-------------+----------+--------+------+------------+---------+---------------+
2 rows in set (0.00 sec)

Query OK, 65728 rows affected (28.86 sec)
Records: 65728  Duplicates: 0  Warnings: 0

Query OK, 2667 rows affected (0.81 sec)
Records: 2667  Duplicates: 0  Warnings: 0

Query OK, 0 rows affected (0.00 sec)

Query OK, 0 rows affected (0.04 sec)

Query OK, 138 rows affected (0.10 sec)
Records: 138  Duplicates: 0  Warnings: 0

Query OK, 0 rows affected (0.04 sec)

Query OK, 99022 rows affected (18 min 59.51 sec)
Records: 99022  Duplicates: 0  Warnings: 0

+-----------------+
| rep_livetvstats |
+-----------------+
|           99022 |
+-----------------+
1 row in set (0.03 sec)

mysql> mysql \. C:\workspace\cloud\code\sql\_DailyScript\currenttime.sql
+---------------------+
| currenttime         |
+---------------------+
| 2019-12-03 08:12:48 |
+---------------------+
1 row in set (0.00 sec)

mysql> 
mysql> mysql \. C:\workspace\cloud\code\sql\_DailyScript\DAILY-SCRIPT-VODTS-STATS.sql
Database changed
Query OK, 0 rows affected (0.02 sec)

Query OK, 2845 rows affected (40.15 sec)
Records: 2845  Duplicates: 0  Warnings: 0

+---------+------------+----------+--------------+--------------+-----------+-------------+----------+--------+------+------------+---------+---------------+
| Table   | Non_unique | Key_name | Seq_in_index | Column_name  | Collation | Cardinality | Sub_part | Packed | Null | Index_type | Comment | Index_comment |
+---------+------------+----------+--------------+--------------+-----------+-------------+----------+--------+------+------------+---------+---------------+
| tempvod |          1 | idxtvod1 |            1 | device       | A         |        3060 |     NULL | NULL   | YES  | BTREE      |         |               |
| tempvod |          1 | idxtvod2 |            1 | sessionstart | A         |        3060 |     NULL | NULL   | YES  | BTREE      |         |               |
+---------+------------+----------+--------------+--------------+-----------+-------------+----------+--------+------+------------+---------+---------------+
2 rows in set (0.00 sec)

Query OK, 2864 rows affected (2.54 sec)
Records: 2864  Duplicates: 0  Warnings: 0

Query OK, 0 rows affected (0.05 sec)

Query OK, 415407 rows affected (36.76 sec)
Records: 415407  Duplicates: 0  Warnings: 0

+--------------+
| rep_vodstats |
+--------------+
|       415407 |
+--------------+
1 row in set (0.13 sec)

Database changed
Query OK, 0 rows affected (0.07 sec)

Query OK, 13197 rows affected (3 min 36.03 sec)
Records: 13197  Duplicates: 0  Warnings: 0

+--------+------------+----------+--------------+--------------+-----------+-------------+----------+--------+------+------------+---------+---------------+
| Table  | Non_unique | Key_name | Seq_in_index | Column_name  | Collation | Cardinality | Sub_part | Packed | Null | Index_type | Comment | Index_comment |
+--------+------------+----------+--------------+--------------+-----------+-------------+----------+--------+------+------------+---------+---------------+
| tempts |          1 | idxtts1  |            1 | device       | A         |       13365 |     NULL | NULL   | YES  | BTREE      |         |               |
| tempts |          1 | idxtts2  |            1 | sessionstart | A         |       13365 |     NULL | NULL   | YES  | BTREE      |         |               |
+--------+------------+----------+--------------+--------------+-----------+-------------+----------+--------+------+------------+---------+---------------+
2 rows in set (0.00 sec)

Query OK, 13183 rows affected (13.71 sec)
Records: 13183  Duplicates: 0  Warnings: 0

Query OK, 0 rows affected (0.01 sec)

Query OK, 27350 rows affected (3 min 2.09 sec)
Records: 27350  Duplicates: 0  Warnings: 0

+-------------+
| rep_tsstats |
+-------------+
|       27350 |
+-------------+
1 row in set (0.01 sec)

mysql> mysql \. C:\workspace\cloud\code\sql\_DailyScript\currenttime.sql
+---------------------+
| currenttime         |
+---------------------+
| 2019-12-03 08:21:00 |
+---------------------+
1 row in set (0.00 sec)

mysql> 
mysql> mysql \. C:\workspace\cloud\code\sql\_DailyScript\DAILY-SCRIPT-RADIO-STATS.sql
Database changed
Query OK, 0 rows affected (0.01 sec)

Query OK, 198465 rows affected (4.91 sec)
Records: 198465  Duplicates: 0  Warnings: 0

+-----------+------------+----------+--------------+--------------+-----------+-------------+----------+--------+------+------------+---------+---------------+
| Table     | Non_unique | Key_name | Seq_in_index | Column_name  | Collation | Cardinality | Sub_part | Packed | Null | Index_type | Comment | Index_comment |
+-----------+------------+----------+--------------+--------------+-----------+-------------+----------+--------+------+------------+---------+---------------+
| tempradio |          1 | idxtrad1 |            1 | device       | A         |      198204 |     NULL | NULL   | YES  | BTREE      |         |               |
| tempradio |          1 | idxtrad2 |            1 | sessionstart | A         |      198204 |     NULL | NULL   | YES  | BTREE      |         |               |
+-----------+------------+----------+--------------+--------------+-----------+-------------+----------+--------+------+------------+---------+---------------+
2 rows in set (0.00 sec)

Query OK, 244 rows affected (2.75 sec)
Records: 244  Duplicates: 0  Warnings: 0

Query OK, 0 rows affected (0.01 sec)

Query OK, 3673 rows affected (0.48 sec)
Records: 3673  Duplicates: 0  Warnings: 0

+----------------+
| rep_radiostats |
+----------------+
|           3673 |
+----------------+
1 row in set (0.00 sec)

mysql> mysql \. C:\workspace\cloud\code\sql\_DailyScript\currenttime.sql
+---------------------+
| currenttime         |
+---------------------+
| 2019-12-03 08:21:08 |
+---------------------+
1 row in set (0.00 sec)

mysql> 
mysql> mysql \. C:\workspace\cloud\code\sql\_DailyScript\DAILY_SCRIPT_TELEMETRY_PIVOT.sql
Query OK, 0 rows affected (0.01 sec)

Query OK, 148 rows affected (0.30 sec)
Records: 148  Duplicates: 0  Warnings: 0

Query OK, 0 rows affected (0.01 sec)

Query OK, 7426 rows affected (2.59 sec)
Records: 7426  Duplicates: 0  Warnings: 0

Query OK, 0 rows affected (0.02 sec)

Query OK, 6 rows affected (0.01 sec)
Records: 6  Duplicates: 0  Warnings: 0

Query OK, 0 rows affected (0.02 sec)

Query OK, 56 rows affected (0.13 sec)
Records: 56  Duplicates: 0  Warnings: 0

mysql> mysql \. C:\workspace\cloud\code\sql\_DailyScript\currenttime.sql
+---------------------+
| currenttime         |
+---------------------+
| 2019-12-03 08:21:11 |
+---------------------+
1 row in set (0.00 sec)

mysql> 
mysql> mysql \. C:\workspace\cloud\code\sql\_DailyScript\telemetry_livetv_ranking2019.sql
Query OK, 0 rows affected (0.00 sec)

Query OK, 148 rows affected (0.03 sec)
Records: 148  Duplicates: 0  Warnings: 0

mysql> mysql \. C:\workspace\cloud\code\sql\_DailyScript\currenttime.sql
+---------------------+
| currenttime         |
+---------------------+
| 2019-12-03 08:21:11 |
+---------------------+
1 row in set (0.00 sec)

mysql> 
mysql> mysql \. C:\workspace\cloud\code\sql\_DailyScript\telemetry_radio_ranking2019.sql
Query OK, 0 rows affected (0.00 sec)

Query OK, 6 rows affected (0.01 sec)
Records: 6  Duplicates: 0  Warnings: 0

mysql> mysql \. C:\workspace\cloud\code\sql\_DailyScript\currenttime.sql
+---------------------+
| currenttime         |
+---------------------+
| 2019-12-03 08:21:11 |
+---------------------+
1 row in set (0.00 sec)

mysql> 
mysql> mysql \. C:\workspace\cloud\code\sql\_DailyScript\telemetry_ts_ranking2019.sql
Query OK, 0 rows affected (0.02 sec)

Query OK, 56 rows affected (0.02 sec)
Records: 56  Duplicates: 0  Warnings: 0

mysql> mysql \. C:\workspace\cloud\code\sql\_DailyScript\currenttime.sql
+---------------------+
| currenttime         |
+---------------------+
| 2019-12-03 08:21:11 |
+---------------------+
1 row in set (0.00 sec)

mysql> 
mysql> mysql \. C:\workspace\cloud\code\sql\_DailyScript\telemetry_vod_ranking2019.sql
Query OK, 0 rows affected (0.01 sec)

Query OK, 7426 rows affected (0.38 sec)
Records: 7426  Duplicates: 0  Warnings: 0

mysql> mysql \. C:\workspace\cloud\code\sql\_DailyScript\currenttime.sql
+---------------------+
| currenttime         |
+---------------------+
| 2019-12-03 08:21:12 |
+---------------------+
1 row in set (0.00 sec)

mysql> 
mysql> mysql \. C:\workspace\cloud\code\sql\_DailyScript\telemetry_vod_ranking2019_1.sql
Query OK, 0 rows affected (0.00 sec)

Query OK, 7426 rows affected (0.19 sec)
Records: 7426  Duplicates: 0  Warnings: 0

mysql> mysql \. C:\workspace\cloud\code\sql\_DailyScript\currenttime.sql
+---------------------+
| currenttime         |
+---------------------+
| 2019-12-03 08:21:12 |
+---------------------+
1 row in set (0.00 sec)

mysql> 
mysql> mysql \. C:\workspace\cloud\code\sql\_DailyScript\telemetry_vod_ranking2019_2.sql
Query OK, 0 rows affected (0.02 sec)

Query OK, 7426 rows affected (0.29 sec)
Records: 7426  Duplicates: 0  Warnings: 0

mysql> mysql \. C:\workspace\cloud\code\sql\_DailyScript\currenttime.sql
+---------------------+
| currenttime         |
+---------------------+
| 2019-12-03 08:21:12 |
+---------------------+
1 row in set (0.00 sec)

mysql> 
mysql> mysql \. C:\workspace\cloud\code\sql\_DailyScript\DAILY-SCRIPT-CREATE-LOAD.sql
Database changed
Database changed
Query OK, 0 rows affected (0.02 sec)

Query OK, 0 rows affected (0.01 sec)

Database changed
Query OK, 65940 rows affected (4.05 sec)
Records: 65940  Deleted: 0  Skipped: 0  Warnings: 0

Query OK, 0 rows affected (0.17 sec)
Records: 0  Duplicates: 0  Warnings: 0

Query OK, 0 rows affected (0.27 sec)
Records: 0  Duplicates: 0  Warnings: 0

Query OK, 0 rows affected (0.28 sec)
Records: 0  Duplicates: 0  Warnings: 0

Query OK, 0 rows affected (0.22 sec)
Records: 0  Duplicates: 0  Warnings: 0

+---------+
| clients |
+---------+
|   65940 |
+---------+
1 row in set (0.02 sec)

Query OK, 0 rows affected (0.03 sec)

Query OK, 3153 rows affected (0.65 sec)
Records: 3153  Duplicates: 0  Warnings: 0

+-------------------+
| rcb_clientparcels |
+-------------------+
|              3153 |
+-------------------+
1 row in set (0.00 sec)

Query OK, 0 rows affected (0.03 sec)

Query OK, 85315 rows affected (3.52 sec)
Records: 85315  Duplicates: 0  Warnings: 0

Query OK, 0 rows affected (0.29 sec)
Records: 0  Duplicates: 0  Warnings: 0

Query OK, 0 rows affected (0.02 sec)

Query OK, 65940 rows affected (2.68 sec)
Records: 65940  Duplicates: 0  Warnings: 0

Query OK, 0 rows affected (0.26 sec)
Records: 0  Duplicates: 0  Warnings: 0

Query OK, 0 rows affected (0.43 sec)
Records: 0  Duplicates: 0  Warnings: 0

Query OK, 0 rows affected (0.17 sec)
Records: 0  Duplicates: 0  Warnings: 0

+---------------+
| clientaddress |
+---------------+
|         65940 |
+---------------+
1 row in set (0.02 sec)

Database changed
Query OK, 0 rows affected (0.01 sec)

Query OK, 0 rows affected (0.00 sec)

Database changed
Query OK, 494321 rows affected, 65535 warnings (18.87 sec)
Records: 494321  Deleted: 0  Skipped: 0  Warnings: 195016

Query OK, 0 rows affected (7.59 sec)
Records: 0  Duplicates: 0  Warnings: 0

Query OK, 0 rows affected (2.78 sec)
Records: 0  Duplicates: 0  Warnings: 0

Query OK, 0 rows affected (2.04 sec)
Records: 0  Duplicates: 0  Warnings: 0

Query OK, 0 rows affected (0.01 sec)

Query OK, 494321 rows affected (46.81 sec)
Records: 494321  Duplicates: 0  Warnings: 0

Query OK, 0 rows affected (1.88 sec)
Records: 0  Duplicates: 0  Warnings: 0

Query OK, 0 rows affected (1.66 sec)
Records: 0  Duplicates: 0  Warnings: 0

+-----------+
| contracts |
+-----------+
|    494321 |
+-----------+
1 row in set (0.24 sec)

+-----------------+
| contractaddress |
+-----------------+
|          494321 |
+-----------------+
1 row in set (0.14 sec)

Database changed
Query OK, 0 rows affected (0.02 sec)

Query OK, 0 rows affected (0.00 sec)

Query OK, 7177 rows affected (0.12 sec)
Records: 7177  Deleted: 0  Skipped: 0  Warnings: 0

Query OK, 0 rows affected (0.04 sec)

Query OK, 7146 rows affected (1.71 sec)
Records: 7146  Duplicates: 0  Warnings: 0

Query OK, 0 rows affected (0.04 sec)
Records: 0  Duplicates: 0  Warnings: 0

Query OK, 0 rows affected (0.01 sec)

Query OK, 5579 rows affected (0.07 sec)
Records: 5579  Duplicates: 0  Warnings: 0

Query OK, 0 rows affected (0.03 sec)
Records: 0  Duplicates: 0  Warnings: 0

+-------------------+
| contractdiscounts |
+-------------------+
|              7177 |
+-------------------+
1 row in set (0.00 sec)

+-------------------------+
| clientcontractdiscounts |
+-------------------------+
|                    7146 |
+-------------------------+
1 row in set (0.00 sec)

+----------------------------+
| clientcontractlastdiscount |
+----------------------------+
|                       5579 |
+----------------------------+
1 row in set (0.00 sec)

Database changed
Query OK, 0 rows affected (0.14 sec)

Query OK, 0 rows affected (0.00 sec)

Database changed
Query OK, 131570 rows affected (3.94 sec)
Records: 131570  Deleted: 0  Skipped: 0  Warnings: 0

Query OK, 0 rows affected (0.32 sec)
Records: 0  Duplicates: 0  Warnings: 0

Query OK, 0 rows affected (0.49 sec)
Records: 0  Duplicates: 0  Warnings: 0

Query OK, 0 rows affected (0.42 sec)
Records: 0  Duplicates: 0  Warnings: 0

Query OK, 0 rows affected (0.34 sec)
Records: 0  Duplicates: 0  Warnings: 0

Query OK, 0 rows affected (0.43 sec)
Records: 0  Duplicates: 0  Warnings: 0

Query OK, 0 rows affected (0.81 sec)
Records: 0  Duplicates: 0  Warnings: 0

Query OK, 0 rows affected (0.11 sec)

Query OK, 1687958 rows affected (3 min 8.11 sec)
Records: 1687958  Duplicates: 0  Warnings: 0

+---------+
| devices |
+---------+
|  131570 |
+---------+
1 row in set (0.05 sec)

+-----------------------+
| clientcontractdevices |
+-----------------------+
|               1687958 |
+-----------------------+
1 row in set (0.64 sec)

Query OK, 0 rows affected (0.09 sec)

Query OK, 131428 rows affected (7.84 sec)
Records: 131428  Duplicates: 0  Warnings: 0

+---------------------------+
| rep_clientcontractdevices |
+---------------------------+
|                    131428 |
+---------------------------+
1 row in set (0.04 sec)

Database changed
Query OK, 0 rows affected (0.28 sec)

Query OK, 0 rows affected (0.01 sec)

Query OK, 264061 rows affected (7.13 sec)
Records: 264061  Deleted: 0  Skipped: 0  Warnings: 0

Query OK, 0 rows affected (0.65 sec)
Records: 0  Duplicates: 0  Warnings: 0

Query OK, 0 rows affected (0.72 sec)
Records: 0  Duplicates: 0  Warnings: 0

Query OK, 0 rows affected (0.57 sec)
Records: 0  Duplicates: 0  Warnings: 0

Query OK, 0 rows affected (0.70 sec)
Records: 0  Duplicates: 0  Warnings: 0

+---------+
| tickets |
+---------+
|  264061 |
+---------+
1 row in set (0.07 sec)

Database changed
Query OK, 0 rows affected (0.01 sec)

Query OK, 0 rows affected (0.00 sec)

Empty set (0.00 sec)

Query OK, 0 rows affected (0.01 sec)
Records: 0  Duplicates: 0  Warnings: 0

Query OK, 316 rows affected, 2 warnings (0.02 sec)
Records: 316  Deleted: 0  Skipped: 0  Warnings: 2

+-----------------+
| tickettechusers |
+-----------------+
|             316 |
+-----------------+
1 row in set (0.00 sec)

Database changed
Query OK, 0 rows affected (0.01 sec)

Query OK, 0 rows affected (0.00 sec)

Query OK, 0 rows affected (0.01 sec)
Records: 0  Duplicates: 0  Warnings: 0

Query OK, 559876 rows affected, 43566 warnings (10.19 sec)
Records: 559876  Deleted: 0  Skipped: 0  Warnings: 43566

+-------------------+
| ticketassignments |
+-------------------+
|            559876 |
+-------------------+
1 row in set (0.17 sec)

Database changed
Query OK, 0 rows affected (0.17 sec)

Query OK, 0 rows affected (0.12 sec)

Query OK, 1158182 rows affected (21.48 sec)
Records: 1158182  Deleted: 0  Skipped: 0  Warnings: 0

Query OK, 0 rows affected (6.85 sec)
Records: 0  Duplicates: 0  Warnings: 0

Query OK, 0 rows affected (3.73 sec)
Records: 0  Duplicates: 0  Warnings: 0

Query OK, 0 rows affected (3.38 sec)
Records: 0  Duplicates: 0  Warnings: 0

Query OK, 0 rows affected (3.90 sec)
Records: 0  Duplicates: 0  Warnings: 0

+----------------+
| ticketcomments |
+----------------+
|        1158182 |
+----------------+
1 row in set (0.40 sec)

Database changed
Query OK, 0 rows affected (0.01 sec)

Query OK, 0 rows affected (0.01 sec)

Query OK, 426871 rows affected (43.21 sec)
Records: 426871  Deleted: 0  Skipped: 0  Warnings: 0

Query OK, 0 rows affected (2.23 sec)
Records: 0  Duplicates: 0  Warnings: 0

+----------+
| comments |
+----------+
|   426871 |
+----------+
1 row in set (0.13 sec)

Database changed
Query OK, 0 rows affected (0.08 sec)

Query OK, 0 rows affected (0.01 sec)

Query OK, 1051788 rows affected, 65535 warnings (1 min 4.29 sec)
Records: 1051788  Deleted: 0  Skipped: 0  Warnings: 1051804

Query OK, 0 rows affected (7.32 sec)
Records: 0  Duplicates: 0  Warnings: 0

Query OK, 0 rows affected (3.68 sec)
Records: 0  Duplicates: 0  Warnings: 0

Query OK, 0 rows affected (3.56 sec)
Records: 0  Duplicates: 0  Warnings: 0

Query OK, 0 rows affected (3.46 sec)
Records: 0  Duplicates: 0  Warnings: 0

Query OK, 0 rows affected (4.61 sec)
Records: 0  Duplicates: 0  Warnings: 0

+------------+
| devicesold |
+------------+
|    1051788 |
+------------+
1 row in set (0.33 sec)

Database changed
Query OK, 0 rows affected (0.04 sec)

Query OK, 0 rows affected (0.00 sec)

Query OK, 1681612 rows affected (26.23 sec)
Records: 1681612  Deleted: 0  Skipped: 0  Warnings: 0

Query OK, 0 rows affected (9.32 sec)
Records: 0  Duplicates: 0  Warnings: 0

Query OK, 0 rows affected (4.87 sec)
Records: 0  Duplicates: 0  Warnings: 0

Query OK, 0 rows affected (4.24 sec)
Records: 0  Duplicates: 0  Warnings: 0

+------------------+
| contractservices |
+------------------+
|          1681612 |
+------------------+
1 row in set (0.49 sec)

Database changed
Query OK, 0 rows affected (0.39 sec)

Query OK, 0 rows affected (0.01 sec)

Query OK, 3874680 rows affected (2 min 13.95 sec)
Records: 3874680  Deleted: 0  Skipped: 0  Warnings: 0

Query OK, 0 rows affected (15.75 sec)
Records: 0  Duplicates: 0  Warnings: 0

Query OK, 0 rows affected (15.70 sec)
Records: 0  Duplicates: 0  Warnings: 0

Query OK, 0 rows affected (15.18 sec)
Records: 0  Duplicates: 0  Warnings: 0

Query OK, 0 rows affected (14.31 sec)
Records: 0  Duplicates: 0  Warnings: 0

+------------------+
| invoicescontents |
+------------------+
|          3874680 |
+------------------+
1 row in set (1.25 sec)

Database changed
Query OK, 0 rows affected (0.20 sec)

Query OK, 0 rows affected (0.01 sec)

Query OK, 2695152 rows affected (3 min 15.08 sec)
Records: 2695152  Deleted: 0  Skipped: 0  Warnings: 0

Query OK, 0 rows affected (14.86 sec)
Records: 0  Duplicates: 0  Warnings: 0

Query OK, 0 rows affected (12.89 sec)
Records: 0  Duplicates: 0  Warnings: 0

Query OK, 0 rows affected (11.77 sec)
Records: 0  Duplicates: 0  Warnings: 0

Query OK, 0 rows affected (11.04 sec)
Records: 0  Duplicates: 0  Warnings: 0

Query OK, 0 rows affected (11.74 sec)
Records: 0  Duplicates: 0  Warnings: 0

+----------------+
| invoicesheader |
+----------------+
|        2695152 |
+----------------+
1 row in set (0.83 sec)

Database changed
Query OK, 0 rows affected (0.04 sec)

Query OK, 0 rows affected (0.01 sec)

Query OK, 2792673 rows affected (1 min 23.46 sec)
Records: 2792673  Deleted: 0  Skipped: 0  Warnings: 0

Query OK, 0 rows affected (10.64 sec)
Records: 0  Duplicates: 0  Warnings: 0

Query OK, 0 rows affected (10.39 sec)
Records: 0  Duplicates: 0  Warnings: 0

Query OK, 0 rows affected (11.41 sec)
Records: 0  Duplicates: 0  Warnings: 0

Query OK, 0 rows affected (9.88 sec)
Records: 0  Duplicates: 0  Warnings: 0

+---------+
| casa    |
+---------+
| 2792673 |
+---------+
1 row in set (1.84 sec)

Query OK, 0 rows affected (0.09 sec)

Query OK, 13292 rows affected (1 min 16.76 sec)
Records: 13292  Duplicates: 0  Warnings: 0

+--------------------+
| rep_paycol_channel |
+--------------------+
|              13292 |
+--------------------+
1 row in set (0.01 sec)

Query OK, 0 rows affected (0.03 sec)

Query OK, 8995 rows affected (1 min 26.36 sec)
Records: 8995  Duplicates: 0  Warnings: 0

+----------------+
| rep_paycol_pos |
+----------------+
|           8995 |
+----------------+
1 row in set (0.00 sec)

Database changed
Query OK, 0 rows affected (0.01 sec)

Query OK, 0 rows affected (0.09 sec)

Database changed
Query OK, 38728 rows affected (0.90 sec)
Records: 38728  Deleted: 0  Skipped: 0  Warnings: 0

+-------+
| users |
+-------+
| 38728 |
+-------+
1 row in set (0.02 sec)

Database changed
Query OK, 0 rows affected (0.08 sec)

Query OK, 0 rows affected (0.00 sec)

Database changed
Query OK, 11875043 rows affected (2 min 56.16 sec)
Records: 11875043  Deleted: 0  Skipped: 0  Warnings: 0

Query OK, 0 rows affected (48.73 sec)
Records: 0  Duplicates: 0  Warnings: 0

Query OK, 0 rows affected (43.37 sec)
Records: 0  Duplicates: 0  Warnings: 0

Query OK, 0 rows affected (42.32 sec)
Records: 0  Duplicates: 0  Warnings: 0

Query OK, 0 rows affected (39.18 sec)
Records: 0  Duplicates: 0  Warnings: 0

+----------+
| ipusage1 |
+----------+
| 11875043 |
+----------+
1 row in set (10.93 sec)

Query OK, 0 rows affected (0.21 sec)

Query OK, 11974659 rows affected, 65535 warnings (13 min 38.20 sec)
Records: 11974659  Duplicates: 0  Warnings: 11971281

Query OK, 0 rows affected (34.76 sec)
Records: 0  Duplicates: 0  Warnings: 0

Query OK, 0 rows affected (38.81 sec)
Records: 0  Duplicates: 0  Warnings: 0

Query OK, 0 rows affected (38.17 sec)
Records: 0  Duplicates: 0  Warnings: 0

Query OK, 0 rows affected (38.10 sec)
Records: 0  Duplicates: 0  Warnings: 0

Query OK, 0 rows affected (54.62 sec)
Records: 0  Duplicates: 0  Warnings: 0

Query OK, 0 rows affected (59.15 sec)
Records: 0  Duplicates: 0  Warnings: 0

Query OK, 0 rows affected (55.65 sec)
Records: 0  Duplicates: 0  Warnings: 0

+----------+
| ipusage  |
+----------+
| 11974659 |
+----------+
1 row in set (8.88 sec)

Query OK, 0 rows affected (0.22 sec)

Query OK, 3028548 rows affected (2 min 48.07 sec)
Records: 3028548  Duplicates: 0  Warnings: 0

Query OK, 0 rows affected (12.78 sec)
Records: 0  Duplicates: 0  Warnings: 0

Query OK, 0 rows affected (10.14 sec)
Records: 0  Duplicates: 0  Warnings: 0

Query OK, 0 rows affected (10.01 sec)
Records: 0  Duplicates: 0  Warnings: 0

Query OK, 0 rows affected (13.83 sec)
Records: 0  Duplicates: 0  Warnings: 0

Query OK, 0 rows affected (6.48 sec)
Records: 0  Duplicates: 0  Warnings: 0

Query OK, 0 rows affected (0.14 sec)

Query OK, 240827 rows affected (23.00 sec)
Records: 240827  Duplicates: 0  Warnings: 0

Query OK, 0 rows affected (0.77 sec)
Records: 0  Duplicates: 0  Warnings: 0

Query OK, 0 rows affected (0.75 sec)
Records: 0  Duplicates: 0  Warnings: 0

Query OK, 0 rows affected (0.84 sec)
Records: 0  Duplicates: 0  Warnings: 0

Query OK, 0 rows affected (0.44 sec)
Records: 0  Duplicates: 0  Warnings: 0

Query OK, 0 rows affected (0.42 sec)
Records: 0  Duplicates: 0  Warnings: 0

Query OK, 0 rows affected (0.44 sec)
Records: 0  Duplicates: 0  Warnings: 0

Query OK, 0 rows affected (0.47 sec)
Records: 0  Duplicates: 0  Warnings: 0

Query OK, 0 rows affected (0.16 sec)

Query OK, 1681423 rows affected (52.93 sec)
Records: 1681423  Duplicates: 0  Warnings: 0

Query OK, 0 rows affected (7.30 sec)
Records: 0  Duplicates: 0  Warnings: 0

Query OK, 0 rows affected (3.69 sec)
Records: 0  Duplicates: 0  Warnings: 0

Query OK, 0 rows affected (6.14 sec)
Records: 0  Duplicates: 0  Warnings: 0

mysql> mysql \. C:\workspace\cloud\code\sql\_DailyScript\currenttime.sql
+---------------------+
| currenttime         |
+---------------------+
| 2019-12-03 09:13:05 |
+---------------------+
1 row in set (0.00 sec)

mysql> 
mysql> mysql \. C:\workspace\cloud\code\sql\_DailyScript\ticket_analysis.sql
Database changed
Query OK, 0 rows affected (0.04 sec)

Query OK, 519162 rows affected (22.66 sec)
Records: 519162  Duplicates: 0  Warnings: 0

Query OK, 0 rows affected (6.37 sec)
Records: 0  Duplicates: 0  Warnings: 0

Query OK, 0 rows affected (1.51 sec)
Records: 0  Duplicates: 0  Warnings: 0

Query OK, 0 rows affected (1.75 sec)
Records: 0  Duplicates: 0  Warnings: 0

Query OK, 0 rows affected (0.07 sec)

Query OK, 17648 rows affected (9.75 sec)
Records: 17648  Duplicates: 0  Warnings: 0

Query OK, 0 rows affected, 1 warning (0.00 sec)

Query OK, 71654 rows affected (5.79 sec)
Records: 71654  Duplicates: 0  Warnings: 0

Query OK, 0 rows affected, 1 warning (0.00 sec)

Query OK, 371799 rows affected (11.22 sec)
Records: 371799  Duplicates: 0  Warnings: 0

Query OK, 0 rows affected, 1 warning (0.00 sec)

Query OK, 371799 rows affected (13.25 sec)
Records: 371799  Duplicates: 0  Warnings: 0

Query OK, 0 rows affected (0.01 sec)

Query OK, 71707 rows affected (5.71 sec)
Records: 71707  Duplicates: 0  Warnings: 0

Database changed
Query OK, 0 rows affected (0.00 sec)

Query OK, 0 rows affected (0.02 sec)

Query OK, 519162 rows affected (19.71 sec)
Records: 519162  Duplicates: 0  Warnings: 0

Query OK, 0 rows affected (0.14 sec)

Query OK, 252429 rows affected (14.32 sec)
Records: 252429  Duplicates: 0  Warnings: 0

+--------------------------+
| clientticket_cmmtjourney |
+--------------------------+
|                   519162 |
+--------------------------+
1 row in set (4.36 sec)

+---------------------------+
| clientticket_assgnjourney |
+---------------------------+
|                    252429 |
+---------------------------+
1 row in set (0.29 sec)

Query OK, 0 rows affected (0.01 sec)

Query OK, 66 rows affected (0.07 sec)
Records: 66  Duplicates: 0  Warnings: 0

mysql> mysql \. C:\workspace\cloud\code\sql\_DailyScript\currenttime.sql
+---------------------+
| currenttime         |
+---------------------+
| 2019-12-03 09:15:03 |
+---------------------+
1 row in set (0.00 sec)

mysql> 
mysql> mysql \. C:\workspace\cloud\code\sql\_DailyScript\load_DailyCalls.sql
Database changed
Query OK, 628 rows affected (0.67 sec)
Records: 628  Deleted: 0  Skipped: 0  Warnings: 0

Query OK, 0 rows affected, 1 warning (0.00 sec)

Query OK, 611 rows affected (0.18 sec)
Records: 611  Duplicates: 0  Warnings: 0

Query OK, 0 rows affected, 1 warning (0.00 sec)

Query OK, 67716 rows affected (0.38 sec)
Records: 67716  Duplicates: 0  Warnings: 0

+----------------------+
| callingclientsbefore |
+----------------------+
|               790179 |
+----------------------+
1 row in set (1.17 sec)

Query OK, 871 rows affected (14.35 sec)
Records: 871  Duplicates: 0  Warnings: 0

+---------------------+
| callingclientsafter |
+---------------------+
|              791050 |
+---------------------+
1 row in set (0.22 sec)

Query OK, 0 rows affected (0.00 sec)

Query OK, 385 rows affected (9.89 sec)
Records: 385  Duplicates: 0  Warnings: 0

Query OK, 0 rows affected (0.00 sec)

Query OK, 16418 rows affected (2.64 sec)
Records: 16418  Duplicates: 0  Warnings: 0

+-----------+
| callstats |
+-----------+
|     16418 |
+-----------+
1 row in set (0.01 sec)

Query OK, 0 rows affected, 1 warning (0.00 sec)

Query OK, 871 rows affected (12.27 sec)
Records: 871  Duplicates: 0  Warnings: 0

+------------------------+
| rep_cccallreportbefore |
+------------------------+
|                 794352 |
+------------------------+
1 row in set (0.23 sec)

Query OK, 871 rows affected (3.17 sec)
Records: 871  Duplicates: 0  Warnings: 0

+-----------------------+
| rep_cccallreportafter |
+-----------------------+
|                795223 |
+-----------------------+
1 row in set (0.22 sec)

Query OK, 0 rows affected (0.00 sec)

mysql> mysql \. C:\workspace\cloud\code\sql\_DailyScript\currenttime.sql
+---------------------+
| currenttime         |
+---------------------+
| 2019-12-03 09:15:48 |
+---------------------+
1 row in set (0.00 sec)

mysql> 
mysql> mysql \. C:\workspace\cloud\code\sql\_DailyScript\DAILY-SCRIPT-USAGE.sql
Database changed
Query OK, 0 rows affected (0.00 sec)

Query OK, 6857 rows affected, 19813 warnings (6.44 sec)
Records: 6857  Deleted: 0  Skipped: 0  Warnings: 19813

Query OK, 0 rows affected (0.00 sec)

Query OK, 10462 rows affected, 30250 warnings (4.76 sec)
Records: 10462  Deleted: 0  Skipped: 0  Warnings: 30250

Query OK, 0 rows affected (0.00 sec)

Query OK, 25 rows affected, 85 warnings (0.04 sec)
Records: 25  Deleted: 0  Skipped: 0  Warnings: 85

Query OK, 0 rows affected (0.00 sec)

Query OK, 250 rows affected, 870 warnings (0.05 sec)
Records: 250  Deleted: 0  Skipped: 0  Warnings: 870

+------------+
| dailyusage |
+------------+
|    9131589 |
+------------+
1 row in set (18.53 sec)

+------------+------------+------------+---------+
| datestart  | dateend    | insertedon | records |
+------------+------------+------------+---------+
| 2019-12-02 | 2019-12-02 | 2019-12-03 |   17594 |
| 2019-12-01 | 2019-12-01 | 2019-12-02 |   17398 |
| 2019-11-30 | 2019-11-30 | 2019-12-01 |   17627 |
| 2019-11-29 | 2019-11-29 | 2019-11-30 |   17892 |
| 2019-11-28 | 2019-11-28 | 2019-11-29 |   17774 |
+------------+------------+------------+---------+
5 rows in set (2 min 9.31 sec)

mysql> mysql \. C:\workspace\cloud\code\sql\_DailyScript\currenttime.sql
+---------------------+
| currenttime         |
+---------------------+
| 2019-12-03 09:18:27 |
+---------------------+
1 row in set (0.00 sec)

mysql> 
mysql> mysql \. C:\workspace\cloud\code\sql\_DailyScript\DAILY-SCRIPT-SALES-TELEMETRY.sql
Database changed
Query OK, 188 rows affected, 73 warnings (0.11 sec)
Records: 188  Deleted: 0  Skipped: 0  Warnings: 73

+------------+
| dailysales |
+------------+
|     175794 |
+------------+
1 row in set (0.62 sec)

Query OK, 0 rows affected (0.04 sec)

Query OK, 175794 rows affected (17.03 sec)
Records: 175794  Duplicates: 0  Warnings: 0

+--------+
| sales  |
+--------+
| 175794 |
+--------+
1 row in set (0.07 sec)

Query OK, 0 rows affected (0.02 sec)

Query OK, 2826 rows affected (0.31 sec)
Records: 2826  Duplicates: 0  Warnings: 0

+----------------+
| rep_dailysales |
+----------------+
|           2826 |
+----------------+
1 row in set (0.00 sec)

Query OK, 0 rows affected (0.01 sec)

Query OK, 2826 rows affected (0.46 sec)
Records: 2826  Duplicates: 0  Warnings: 0

+-------------------+
| rep_dailysalesreg |
+-------------------+
|              2826 |
+-------------------+
1 row in set (0.00 sec)

Query OK, 0 rows affected (0.03 sec)

Query OK, 2605 rows affected (0.62 sec)
Records: 2605  Duplicates: 0  Warnings: 0

+-----------+
| saleslist |
+-----------+
|      2605 |
+-----------+
1 row in set (0.00 sec)

Database changed
ERROR 2 (HY000): File 'C:\ProgramData\MySQL\MySQL Server 5.7\Uploads\_csv\PrepaidCardSales-02122019-P1.csv' not found (Errcode: 2 - No such file or directory)
+------------------+
| dailysinglesales |
+------------------+
|             6061 |
+------------------+
1 row in set (0.05 sec)

Database changed
Query OK, 12 rows affected (0.05 sec)
Records: 12  Deleted: 0  Skipped: 0  Warnings: 0

+-----------------+
| dailyaddonsales |
+-----------------+
|           17741 |
+-----------------+
1 row in set (0.11 sec)

Query OK, 131 rows affected (0.40 sec)
Records: 131  Deleted: 0  Skipped: 0  Warnings: 0

+----------------+
| onlinepayments |
+----------------+
|          72700 |
+----------------+
1 row in set (0.19 sec)

+-------------+----------------+---------------------+
| paymentdate | onlinepayments | onlinepaymentamount |
+-------------+----------------+---------------------+
| 2019-12-02  |            131 |         95365.77000 |
| 2019-12-01  |            159 |        111685.95000 |
| 2019-11-30  |            154 |        107643.57000 |
| 2019-11-29  |            116 |         73931.32000 |
| 2019-11-28  |            152 |        114237.44000 |
+-------------+----------------+---------------------+
5 rows in set (1.96 sec)

+-------------+--------------+----------------+---------------------+
| paymentyear | paymentmonth | onlinepayments | onlinepaymentamount |
+-------------+--------------+----------------+---------------------+
|        2019 |           12 |            290 |        207051.72000 |
|        2019 |           11 |           3112 |       2058344.74000 |
|        2019 |           10 |           3323 |       2227696.68000 |
|        2019 |            9 |           3167 |       2039048.12000 |
|        2019 |            8 |           3117 |       1993718.27000 |
+-------------+--------------+----------------+---------------------+
5 rows in set (0.08 sec)

mysql> mysql \. C:\workspace\cloud\code\sql\_DailyScript\currenttime.sql
+---------------------+
| currenttime         |
+---------------------+
| 2019-12-03 09:18:49 |
+---------------------+
1 row in set (0.00 sec)

mysql> 
mysql> mysql \. C:\workspace\cloud\code\sql\_DailyScript\DAILY-SCRIPT-ACTIVENUMBERS.sql
Database changed
Query OK, 1249 rows affected (1.42 sec)
Records: 1249  Deleted: 0  Skipped: 0  Warnings: 0

+------------+----------+
| period     | count(1) |
+------------+----------+
| 2019-12-02 |     1249 |
| 2019-12-01 |     1250 |
| 2019-11-30 |     1250 |
| 2019-11-29 |     1242 |
| 2019-11-28 |     1246 |
| 2019-11-27 |     1238 |
+------------+----------+
6 rows in set (0.01 sec)

Query OK, 0 rows affected (0.02 sec)

Query OK, 81 rows affected (1.60 sec)
Records: 81  Duplicates: 0  Warnings: 0

+-------------+
| packagelist |
+-------------+
|          81 |
+-------------+
1 row in set (0.00 sec)

Database changed
Query OK, 0 rows affected (0.00 sec)

Query OK, 0 rows affected (0.00 sec)

Query OK, 0 rows affected (0.01 sec)

Query OK, 0 rows affected (0.01 sec)

Query OK, 26888 rows affected, 214 warnings (1 min 3.54 sec)
Records: 26888  Deleted: 0  Skipped: 0  Warnings: 214

+------------+----------+
| period     | count(1) |
+------------+----------+
| 2019-12-02 |    26888 |
| 2019-12-01 |    26687 |
| 2019-11-30 |    26813 |
| 2019-11-29 |    27085 |
| 2019-11-28 |    27099 |
+------------+----------+
5 rows in set (0.20 sec)

Query OK, 0 rows affected (0.03 sec)

Query OK, 26270 rows affected (2 min 2.07 sec)
Records: 26270  Duplicates: 0  Warnings: 0

Query OK, 0 rows affected (0.17 sec)
Records: 0  Duplicates: 0  Warnings: 0

Query OK, 0 rows affected (0.10 sec)
Records: 0  Duplicates: 0  Warnings: 0

Query OK, 0 rows affected (0.09 sec)
Records: 0  Duplicates: 0  Warnings: 0

Query OK, 0 rows affected (0.09 sec)
Records: 0  Duplicates: 0  Warnings: 0

Query OK, 0 rows affected (0.06 sec)
Records: 0  Duplicates: 0  Warnings: 0

Query OK, 0 rows affected (0.07 sec)
Records: 0  Duplicates: 0  Warnings: 0

+-------------+
| countbefore |
+-------------+
|    31408750 |
+-------------+
1 row in set (57.19 sec)

Query OK, 26270 rows affected (22.47 sec)
Records: 26270  Duplicates: 0  Warnings: 0

+------------+
| countafter |
+------------+
|   31435020 |
+------------+
1 row in set (17.48 sec)

+------------+--------------------------+
| period     | customercontractactivity |
+------------+--------------------------+
| 2019-12-02 |                    26270 |
| 2019-12-01 |                    26069 |
| 2019-11-30 |                    26195 |
| 2019-11-29 |                    26468 |
| 2019-11-28 |                    26482 |
+------------+--------------------------+
5 rows in set (0.05 sec)

Query OK, 0 rows affected (0.16 sec)

Query OK, 240491 rows affected (13 min 3.26 sec)
Records: 240491  Duplicates: 0  Warnings: 0

Query OK, 0 rows affected (0.88 sec)
Records: 0  Duplicates: 0  Warnings: 0

Query OK, 0 rows affected (0.93 sec)
Records: 0  Duplicates: 0  Warnings: 0

Query OK, 0 rows affected (0.93 sec)
Records: 0  Duplicates: 0  Warnings: 0

Query OK, 0 rows affected (0.01 sec)

Query OK, 253 rows affected (0.43 sec)
Records: 253  Duplicates: 0  Warnings: 0

Query OK, 0 rows affected (0.26 sec)

Query OK, 2504 rows affected (0.53 sec)
Records: 2504  Duplicates: 0  Warnings: 0

Query OK, 0 rows affected (0.02 sec)

Query OK, 26259 rows affected (0.54 sec)
Records: 26259  Duplicates: 0  Warnings: 0

Query OK, 0 rows affected (0.02 sec)

Query OK, 16820 rows affected (0.35 sec)
Records: 16820  Duplicates: 0  Warnings: 0

Query OK, 0 rows affected (0.03 sec)

Query OK, 16820 rows affected (0.12 sec)
Records: 16820  Duplicates: 0  Warnings: 0

Query OK, 0 rows affected (0.01 sec)

Query OK, 16820 rows affected (1.22 sec)
Records: 16820  Duplicates: 0  Warnings: 0

Query OK, 0 rows affected (0.25 sec)

Query OK, 16820 rows affected (44.72 sec)
Records: 16820  Duplicates: 0  Warnings: 0

+-------------+
| clientstats |
+-------------+
|       16820 |
+-------------+
1 row in set (0.01 sec)

Query OK, 0 rows affected (0.00 sec)

Query OK, 13 rows affected, 1 warning (0.09 sec)
Records: 13  Duplicates: 0  Warnings: 1

+-----------------------+-------------+-------------+----------------+-----------------+
| services              | activecount | allaccounts | uniqueaccounts | uniquecontracts |
+-----------------------+-------------+-------------+----------------+-----------------+
| All                   |         235 |          40 |             40 |             130 |
| Internet & Voice      |         427 |         196 |            196 |             382 |
| Internet Only         |        4219 |        4112 |           4102 |            4158 |
| OTT Only              |           6 |           4 |              4 |               6 |
| TV & Internet         |        8590 |        3781 |           3772 |            7704 |
| TV & Internet & OTT   |        2380 |         638 |            637 |            1305 |
| TV & Internet & Voice |         483 |         141 |            141 |             432 |
| TV & OTT              |         352 |          71 |             70 |              88 |
| TV & Voice            |         113 |          48 |             48 |             100 |
| TV & Voice & OTT      |           3 |           1 |              1 |               2 |
| TV Only               |       10028 |        7607 |           7588 |            7788 |
| Voice Only            |         182 |         181 |            181 |             182 |
| GRAND TOTAL           |       27018 |       16820 |          16723 |           22277 |
+-----------------------+-------------+-------------+----------------+-----------------+
13 rows in set (0.00 sec)

+-------------+-------------+-------------+----------------+-----------------+
| network     | activecount | allaccounts | uniqueaccounts | uniquecontracts |
+-------------+-------------+-------------+----------------+-----------------+
| ADDON       |          13 |           9 |              9 |               9 |
| GPON        |        7589 |        3879 |           3876 |            5870 |
| HFC         |       19412 |       12930 |          12930 |           16394 |
| MOBILE TV   |           4 |           2 |              2 |               4 |
| GRAND TOTAL |       27018 |       16820 |          16723 |           22277 |
+-------------+-------------+-------------+----------------+-----------------+
5 rows in set, 1 warning (0.11 sec)

+-------------+-----------------------+-------------+-------------+----------------+-----------------+
| network     | services              | activecount | allaccounts | uniqueaccounts | uniquecontracts |
+-------------+-----------------------+-------------+-------------+----------------+-----------------+
| ADDON       | OTT Only              |           2 |           2 |              2 |               2 |
| ADDON       | TV & OTT              |           4 |           1 |              1 |               1 |
| ADDON       | TV Only               |           7 |           6 |              6 |               6 |
| ADDON       | Services Total        |          13 |           9 |              9 |               9 |
| GPON        | All                   |         125 |          20 |             20 |              65 |
| GPON        | Internet & Voice      |          65 |          27 |             27 |              55 |
| GPON        | Internet Only         |        1032 |         951 |            951 |             974 |
| GPON        | TV & Internet         |        3128 |        1316 |           1316 |            2706 |
| GPON        | TV & Internet & OTT   |        1237 |         330 |            330 |             674 |
| GPON        | TV & Internet & Voice |         151 |          42 |             42 |             131 |
| GPON        | TV & OTT              |          64 |          21 |             21 |              22 |
| GPON        | TV & Voice            |          57 |          23 |             23 |              49 |
| GPON        | TV Only               |        1720 |        1139 |           1139 |            1184 |
| GPON        | Voice Only            |          10 |          10 |             10 |              10 |
| GPON        | Services Total        |        7589 |        3879 |           3876 |            5870 |
| HFC         | All                   |         110 |          20 |             20 |              65 |
| HFC         | Internet & Voice      |         362 |         169 |            169 |             327 |
| HFC         | Internet Only         |        3187 |        3161 |           3161 |            3184 |
| HFC         | TV & Internet         |        5462 |        2465 |           2465 |            4998 |
| HFC         | TV & Internet & OTT   |        1143 |         308 |            308 |             631 |
| HFC         | TV & Internet & Voice |         332 |          99 |             99 |             301 |
| HFC         | TV & OTT              |         284 |          49 |             49 |              65 |
| HFC         | TV & Voice            |          56 |          25 |             25 |              51 |
| HFC         | TV & Voice & OTT      |           3 |           1 |              1 |               2 |
| HFC         | TV Only               |        8301 |        6462 |           6462 |            6598 |
| HFC         | Voice Only            |         172 |         171 |            171 |             172 |
| HFC         | Services Total        |       19412 |       12930 |          12930 |           16394 |
| MOBILE TV   | OTT Only              |           4 |           2 |              2 |               4 |
| MOBILE TV   | Services Total        |           4 |           2 |              2 |               4 |
| GRAND TOTAL | Services Total        |       27018 |       16820 |          16723 |           22277 |
+-------------+-----------------------+-------------+-------------+----------------+-----------------+
30 rows in set, 2 warnings (0.12 sec)

Query OK, 0 rows affected (0.02 sec)

Query OK, 47 rows affected, 3 warnings (0.16 sec)
Records: 47  Duplicates: 0  Warnings: 3

+-------------+---------------+-----------------------+-------------+-------------+----------------+-----------------+
| region      | network       | services              | activecount | allaccounts | uniqueaccounts | uniquecontracts |
+-------------+---------------+-----------------------+-------------+-------------+----------------+-----------------+
| Mahe        | ADDON         | OTT Only              |           2 |           2 |              2 |               2 |
| Mahe        | ADDON         | TV & OTT              |           4 |           1 |              1 |               1 |
| Mahe        | ADDON         | TV Only               |           3 |           2 |              2 |               2 |
| Mahe        | ADDON         | Services Total        |           9 |           5 |              5 |               5 |
| Mahe        | GPON          | All                   |         108 |          17 |             17 |              56 |
| Mahe        | GPON          | Internet & Voice      |          51 |          20 |             20 |              41 |
| Mahe        | GPON          | Internet Only         |         802 |         721 |            721 |             744 |
| Mahe        | GPON          | TV & Internet         |        2263 |         943 |            943 |            1927 |
| Mahe        | GPON          | TV & Internet & OTT   |         867 |         222 |            222 |             453 |
| Mahe        | GPON          | TV & Internet & Voice |         130 |          36 |             36 |             111 |
| Mahe        | GPON          | TV & OTT              |          52 |          15 |             15 |              16 |
| Mahe        | GPON          | TV & Voice            |          54 |          22 |             22 |              46 |
| Mahe        | GPON          | TV Only               |        1325 |         857 |            857 |             884 |
| Mahe        | GPON          | Voice Only            |          10 |          10 |             10 |              10 |
| Mahe        | GPON          | Services Total        |        5662 |        2863 |           2863 |            4288 |
| Mahe        | HFC           | All                   |         110 |          20 |             20 |              65 |
| Mahe        | HFC           | Internet & Voice      |         362 |         169 |            169 |             327 |
| Mahe        | HFC           | Internet Only         |        3186 |        3160 |           3160 |            3183 |
| Mahe        | HFC           | TV & Internet         |        5462 |        2465 |           2465 |            4998 |
| Mahe        | HFC           | TV & Internet & OTT   |        1143 |         308 |            308 |             631 |
| Mahe        | HFC           | TV & Internet & Voice |         332 |          99 |             99 |             301 |
| Mahe        | HFC           | TV & OTT              |         284 |          49 |             49 |              65 |
| Mahe        | HFC           | TV & Voice            |          56 |          25 |             25 |              51 |
| Mahe        | HFC           | TV & Voice & OTT      |           3 |           1 |              1 |               2 |
| Mahe        | HFC           | TV Only               |        8296 |        6459 |           6459 |            6595 |
| Mahe        | HFC           | Voice Only            |         172 |         171 |            171 |             172 |
| Mahe        | HFC           | Services Total        |       19406 |       12926 |          12926 |           16390 |
| Mahe        | MOBILE TV     | OTT Only              |           4 |           2 |              2 |               4 |
| Mahe        | MOBILE TV     | Services Total        |           4 |           2 |              2 |               4 |
| Mahe        | Network Total | Services Total        |       25081 |       15796 |          15705 |           20687 |
| Praslin     | ADDON         | TV Only               |           4 |           4 |              4 |               4 |
| Praslin     | ADDON         | Services Total        |           4 |           4 |              4 |               4 |
| Praslin     | GPON          | All                   |          17 |           3 |              3 |               9 |
| Praslin     | GPON          | Internet & Voice      |          14 |           7 |              7 |              14 |
| Praslin     | GPON          | Internet Only         |         230 |         230 |            230 |             230 |
| Praslin     | GPON          | TV & Internet         |         865 |         373 |            373 |             779 |
| Praslin     | GPON          | TV & Internet & OTT   |         370 |         108 |            108 |             221 |
| Praslin     | GPON          | TV & Internet & Voice |          21 |           6 |              6 |              20 |
| Praslin     | GPON          | TV & OTT              |          12 |           6 |              6 |               6 |
| Praslin     | GPON          | TV & Voice            |           3 |           1 |              1 |               3 |
| Praslin     | GPON          | TV Only               |         395 |         282 |            282 |             300 |
| Praslin     | GPON          | Services Total        |        1927 |        1016 |           1016 |            1582 |
| Praslin     | HFC           | Internet Only         |           1 |           1 |              1 |               1 |
| Praslin     | HFC           | TV Only               |           5 |           3 |              3 |               3 |
| Praslin     | HFC           | Services Total        |           6 |           4 |              4 |               4 |
| Praslin     | Network Total | Services Total        |        1937 |        1024 |           1021 |            1590 |
| GRAND TOTAL | Network Total | Services Total        |       27018 |       16820 |          16723 |           22277 |
+-------------+---------------+-----------------------+-------------+-------------+----------------+-----------------+
47 rows in set (0.00 sec)

Query OK, 0 rows affected (0.01 sec)

Query OK, 26260 rows affected (0.43 sec)
Records: 26260  Duplicates: 0  Warnings: 0

Query OK, 0 rows affected (0.00 sec)

Query OK, 1982 rows affected (3.68 sec)
Records: 1982  Duplicates: 0  Warnings: 0

+--------------------------------------+
| message                              |
+--------------------------------------+
| running rcbill_my.sp_ActiveNumber2() |
+--------------------------------------+
1 row in set (0.00 sec)

Query OK, 336 rows affected (2 min 25.69 sec)

mysql> mysql \. C:\workspace\cloud\code\sql\_DailyScript\currenttime.sql
+---------------------+
| currenttime         |
+---------------------+
| 2019-12-03 09:40:01 |
+---------------------+
1 row in set (0.00 sec)

mysql> 
mysql> mysql \. C:\workspace\cloud\code\sql\_DailyScript\GetActiveNumbers Average -Pivot.sql
Database changed
+-------------------------------------+
| @today := subdate(current_date(),1) |
+-------------------------------------+
| 2019-12-02                          |
+-------------------------------------+
1 row in set (0.00 sec)

+-------------------------------------+
| @lastdayofmonth := last_day(@today) |
+-------------------------------------+
| 2019-12-31                          |
+-------------------------------------+
1 row in set (0.00 sec)

Query OK, 0 rows affected (0.03 sec)

Query OK, 34987 rows affected, 65535 warnings (53.99 sec)
Records: 34987  Duplicates: 0  Warnings: 70957

Query OK, 0 rows affected (0.09 sec)
Records: 0  Duplicates: 0  Warnings: 0

Query OK, 0 rows affected (0.10 sec)
Records: 0  Duplicates: 0  Warnings: 0

Query OK, 0 rows affected (0.09 sec)
Records: 0  Duplicates: 0  Warnings: 0

+-----------------+
| activenumberavg |
+-----------------+
|           34987 |
+-----------------+
1 row in set (0.01 sec)

Query OK, 0 rows affected (0.00 sec)

Query OK, 1802 rows affected (0.43 sec)
Records: 1802  Duplicates: 0  Warnings: 0

+---------------------+
| rep_activenumberavg |
+---------------------+
|                1802 |
+---------------------+
1 row in set (0.00 sec)

+----------------------+
| rep_activenumberavg1 |
+----------------------+
|                  855 |
+----------------------+
1 row in set (0.00 sec)

Query OK, 0 rows affected (0.00 sec)

Query OK, 1796 rows affected (0.37 sec)
Records: 1796  Duplicates: 0  Warnings: 0

Query OK, 0 rows affected (0.02 sec)

Query OK, 9119 rows affected (0.63 sec)
Records: 9119  Duplicates: 0  Warnings: 0

Query OK, 0 rows affected (0.00 sec)

Query OK, 0 rows affected (0.00 sec)

Query OK, 0 rows affected (0.00 sec)

Query OK, 0 rows affected (0.00 sec)

Query OK, 0 rows affected (0.00 sec)
Statement prepared

Query OK, 53 rows affected (0.03 sec)
Records: 53  Duplicates: 0  Warnings: 0

Query OK, 0 rows affected (0.00 sec)

Query OK, 0 rows affected (0.00 sec)

+----------------------+
| rep_activenumberavg2 |
+----------------------+
|                 1796 |
+----------------------+
1 row in set (0.00 sec)

+------------------------+
| rep_activenumberavg_pv |
+------------------------+
|                     53 |
+------------------------+
1 row in set (0.00 sec)

Query OK, 0 rows affected (0.00 sec)

Query OK, 1796 rows affected (0.30 sec)
Records: 1796  Duplicates: 0  Warnings: 0

Query OK, 0 rows affected (0.00 sec)

Query OK, 0 rows affected (0.00 sec)

Query OK, 0 rows affected (0.09 sec)

Query OK, 0 rows affected (0.00 sec)

Query OK, 0 rows affected (0.00 sec)
Statement prepared

Query OK, 53 rows affected (0.03 sec)
Records: 53  Duplicates: 0  Warnings: 0

Query OK, 0 rows affected (0.00 sec)

Query OK, 0 rows affected (0.00 sec)

+-------------------------+
| rep_activenumberavgMahe |
+-------------------------+
|                    1796 |
+-------------------------+
1 row in set (0.00 sec)

+----------------------------+
| rep_activenumberavgMahe_pv |
+----------------------------+
|                         53 |
+----------------------------+
1 row in set (0.00 sec)

Query OK, 0 rows affected (0.00 sec)

Query OK, 1149 rows affected (0.13 sec)
Records: 1149  Duplicates: 0  Warnings: 0

Query OK, 0 rows affected (0.00 sec)

Query OK, 0 rows affected (0.00 sec)

Query OK, 0 rows affected (0.01 sec)

Query OK, 0 rows affected (0.00 sec)

Query OK, 0 rows affected (0.00 sec)
Statement prepared

Query OK, 40 rows affected (0.02 sec)
Records: 40  Duplicates: 0  Warnings: 0

Query OK, 0 rows affected (0.00 sec)

Query OK, 0 rows affected (0.00 sec)

+----------------------------+
| rep_activenumberavgPraslin |
+----------------------------+
|                       1149 |
+----------------------------+
1 row in set (0.00 sec)

+-------------------------------+
| rep_activenumberavgPraslin_pv |
+-------------------------------+
|                            40 |
+-------------------------------+
1 row in set (0.00 sec)

mysql> mysql \. C:\workspace\cloud\code\sql\_DailyScript\currenttime.sql
+---------------------+
| currenttime         |
+---------------------+
| 2019-12-03 09:40:58 |
+---------------------+
1 row in set (0.00 sec)

mysql> 
mysql> mysql \. C:\workspace\cloud\code\sql\_DailyScript\budget_actual_analysis_2019.sql
Query OK, 0 rows affected (0.00 sec)

Query OK, 570 rows affected, 3 warnings (0.36 sec)
Records: 570  Duplicates: 0  Warnings: 3

+--------------------+
| budget_actual_2019 |
+--------------------+
|                570 |
+--------------------+
1 row in set (0.00 sec)

Query OK, 0 rows affected (0.00 sec)

Query OK, 48 rows affected (0.03 sec)
Records: 48  Duplicates: 0  Warnings: 0

+---------------------------+
| rep_budget_actual_2019_pv |
+---------------------------+
|                        48 |
+---------------------------+
1 row in set (0.00 sec)

mysql> mysql \. C:\workspace\cloud\code\sql\_DailyScript\currenttime.sql
+---------------------+
| currenttime         |
+---------------------+
| 2019-12-03 09:40:58 |
+---------------------+
1 row in set (0.00 sec)

mysql> 
mysql> mysql \. C:\workspace\cloud\code\sql\_DailyScript\reports-sales-addons-prepaid-camera.sql
Database changed
Query OK, 0 rows affected (0.00 sec)

Query OK, 3888 rows affected (0.58 sec)
Records: 3888  Duplicates: 0  Warnings: 0

Query OK, 0 rows affected (0.02 sec)

Query OK, 17762 rows affected (22.66 sec)
Records: 17762  Duplicates: 0  Warnings: 0

+--------------------+
| rep_prepaid_camera |
+--------------------+
|               3888 |
+--------------------+
1 row in set (0.00 sec)

+-----------+
| rep_addon |
+-----------+
|     17762 |
+-----------+
1 row in set (0.01 sec)

mysql> mysql \. C:\workspace\cloud\code\sql\_DailyScript\currenttime.sql
+---------------------+
| currenttime         |
+---------------------+
| 2019-12-03 09:41:21 |
+---------------------+
1 row in set (0.00 sec)

mysql> 
mysql> mysql \. C:\workspace\cloud\code\sql\_DailyScript\housing-estate-analysis.sql
Database changed
Query OK, 0 rows affected (0.01 sec)

Query OK, 2917 rows affected (21.93 sec)
Records: 2917  Duplicates: 0  Warnings: 0

+--------------------+
| rep_housingestates |
+--------------------+
|               2917 |
+--------------------+
1 row in set (0.00 sec)

mysql> mysql \. C:\workspace\cloud\code\sql\_DailyScript\currenttime.sql
+---------------------+
| currenttime         |
+---------------------+
| 2019-12-03 09:41:43 |
+---------------------+
1 row in set (0.00 sec)

mysql> 
mysql> mysql \. C:\workspace\cloud\code\sql\_DailyScript\RCB_ClientAnalyticsReport_Script.sql
Database changed
Query OK, 0 rows affected (0.00 sec)

Query OK, 0 rows affected (0.08 sec)

Query OK, 1781553 rows affected (1 min 52.81 sec)
Records: 1781553  Duplicates: 0  Warnings: 0

Query OK, 0 rows affected (8.67 sec)
Records: 0  Duplicates: 0  Warnings: 0

Query OK, 0 rows affected (5.42 sec)
Records: 0  Duplicates: 0  Warnings: 0

Query OK, 0 rows affected (8.83 sec)
Records: 0  Duplicates: 0  Warnings: 0

Query OK, 0 rows affected (8.90 sec)
Records: 0  Duplicates: 0  Warnings: 0

Query OK, 0 rows affected (9.91 sec)
Records: 0  Duplicates: 0  Warnings: 0

Query OK, 0 rows affected (7.33 sec)
Records: 0  Duplicates: 0  Warnings: 0

Query OK, 0 rows affected (0.00 sec)

Query OK, 459637 rows affected (15.34 sec)
Rows matched: 1781553  Changed: 459637  Warnings: 0

Query OK, 0 rows affected (0.02 sec)

Query OK, 27149 rows affected (4.03 sec)
Records: 27149  Duplicates: 0  Warnings: 0

Query OK, 0 rows affected (0.09 sec)

Query OK, 42910 rows affected (10 min 13.21 sec)
Records: 42910  Duplicates: 0  Warnings: 0

Query OK, 0 rows affected (0.20 sec)
Records: 0  Duplicates: 0  Warnings: 0

Query OK, 0 rows affected (0.14 sec)
Records: 0  Duplicates: 0  Warnings: 0

Query OK, 0 rows affected (0.08 sec)
Records: 0  Duplicates: 0  Warnings: 0

Query OK, 0 rows affected (0.02 sec)

Query OK, 431132 rows affected (11 min 56.92 sec)
Records: 431132  Duplicates: 0  Warnings: 0

Query OK, 0 rows affected (1.53 sec)
Records: 0  Duplicates: 0  Warnings: 0

Query OK, 0 rows affected (1.54 sec)
Records: 0  Duplicates: 0  Warnings: 0

Query OK, 0 rows affected (0.79 sec)
Records: 0  Duplicates: 0  Warnings: 0

Query OK, 0 rows affected (1.76 sec)
Records: 0  Duplicates: 0  Warnings: 0

Query OK, 0 rows affected (1.39 sec)
Records: 0  Duplicates: 0  Warnings: 0

Query OK, 0 rows affected (0.01 sec)

Query OK, 42910 rows affected (1 min 25.44 sec)
Records: 42910  Duplicates: 0  Warnings: 0

+--------------+
| clientreport |
+--------------+
|        42910 |
+--------------+
1 row in set (0.02 sec)

Query OK, 0 rows affected (0.04 sec)

Query OK, 42910 rows affected (5.86 sec)
Records: 42910  Duplicates: 0  Warnings: 0

+----------------------+
| clientextendedreport |
+----------------------+
|                42910 |
+----------------------+
1 row in set (0.01 sec)

Query OK, 0 rows affected (0.01 sec)

Query OK, 42910 rows affected (1 min 6.98 sec)
Records: 42910  Duplicates: 0  Warnings: 0

+---------+
| allcust |
+---------+
|   42910 |
+---------+
1 row in set (0.01 sec)

Query OK, 0 rows affected, 1 warning (0.00 sec)

Query OK, 5000 rows affected (0.14 sec)
Records: 5000  Duplicates: 0  Warnings: 0

Query OK, 0 rows affected (0.01 sec)

Query OK, 6862 rows affected (0.31 sec)
Records: 6862  Duplicates: 0  Warnings: 0

Query OK, 0 rows affected, 1 warning (0.00 sec)

Query OK, 5000 rows affected (0.13 sec)
Records: 5000  Duplicates: 0  Warnings: 0

Query OK, 0 rows affected (0.03 sec)

Query OK, 7314 rows affected (0.18 sec)
Records: 7314  Duplicates: 0  Warnings: 0

mysql> mysql \. C:\workspace\cloud\code\sql\_DailyScript\currenttime.sql
+---------------------+
| currenttime         |
+---------------------+
| 2019-12-03 10:09:42 |
+---------------------+
1 row in set (0.00 sec)

mysql> 
mysql> mysql \. C:\workspace\cloud\code\sql\_DailyScript\REVENUE_PER_NODE_MXK.sql
Query OK, 0 rows affected (0.01 sec)

Query OK, 0 rows affected (0.01 sec)

Query OK, 0 rows affected (0.01 sec)

Query OK, 5205 rows affected (2.02 sec)
Records: 5205  Duplicates: 0  Warnings: 0

+----------------------+
| message              |
+----------------------+
| created temp table a |
+----------------------+
1 row in set (0.00 sec)

Query OK, 5367 rows affected (1.10 sec)
Records: 5367  Duplicates: 0  Warnings: 0

+----------------------+
| message              |
+----------------------+
| created temp table b |
+----------------------+
1 row in set (0.00 sec)

Query OK, 0 rows affected, 1 warning (0.00 sec)

Query OK, 5477 rows affected (9.41 sec)
Records: 5477  Duplicates: 0  Warnings: 0

+--------------------------------+
| message                        |
+--------------------------------+
| created rcbill_my.tempcustmxk1 |
+--------------------------------+
1 row in set (0.00 sec)

Query OK, 0 rows affected (0.00 sec)

Query OK, 0 rows affected (0.00 sec)

Query OK, 0 rows affected, 1 warning (0.00 sec)

Query OK, 5205 rows affected (1.25 sec)
Records: 5205  Duplicates: 0  Warnings: 0

+----------------+
| message        |
+----------------+
| created temp a |
+----------------+
1 row in set (0.00 sec)

Query OK, 5367 rows affected (0.46 sec)
Records: 5367  Duplicates: 0  Warnings: 0

+----------------+
| message        |
+----------------+
| created temp b |
+----------------+
1 row in set (0.00 sec)

Query OK, 0 rows affected, 1 warning (0.00 sec)

Query OK, 5455 rows affected (6.32 sec)
Records: 5455  Duplicates: 0  Warnings: 0

+--------------------------------+
| message                        |
+--------------------------------+
| created rcbill_my.tempcustmxk2 |
+--------------------------------+
1 row in set (0.00 sec)

Query OK, 0 rows affected (0.00 sec)

Query OK, 0 rows affected (0.00 sec)

Query OK, 0 rows affected, 1 warning (0.00 sec)

Query OK, 0 rows affected (0.01 sec)

Query OK, 6139 rows affected (0.27 sec)
Records: 6139  Duplicates: 0  Warnings: 0

+---------------------------------+
| message                         |
+---------------------------------+
| created rcbill_my.customers_mxk |
+---------------------------------+
1 row in set (0.00 sec)

Query OK, 0 rows affected (0.00 sec)

Query OK, 0 rows affected (0.00 sec)

Query OK, 13868 rows affected (5.39 sec)
Records: 13868  Duplicates: 0  Warnings: 0

+----------------+
| message        |
+----------------+
| created temp a |
+----------------+
1 row in set (0.00 sec)

Query OK, 21067 rows affected (2.90 sec)
Records: 21067  Duplicates: 0  Warnings: 0

+----------------+
| message        |
+----------------+
| created temp c |
+----------------+
1 row in set (0.00 sec)

Query OK, 0 rows affected, 1 warning (0.00 sec)

Query OK, 28291 rows affected (0.27 sec)
Records: 28291  Duplicates: 0  Warnings: 0

+---------------------------------+
| message                         |
+---------------------------------+
| created rcbill_my.tempcustcmts1 |
+---------------------------------+
1 row in set (0.00 sec)

Query OK, 0 rows affected (0.00 sec)

Query OK, 0 rows affected, 1 warning (0.00 sec)

Query OK, 0 rows affected (0.01 sec)

Query OK, 13868 rows affected (5.61 sec)
Records: 13868  Duplicates: 0  Warnings: 0

+----------------+
| message        |
+----------------+
| created temp a |
+----------------+
1 row in set (0.00 sec)

Query OK, 21067 rows affected (1.08 sec)
Records: 21067  Duplicates: 0  Warnings: 0

+----------------+
| message        |
+----------------+
| created temp c |
+----------------+
1 row in set (0.00 sec)

Query OK, 0 rows affected, 1 warning (0.00 sec)

Query OK, 22042 rows affected (0.26 sec)
Records: 22042  Duplicates: 0  Warnings: 0

+---------------------------------+
| message                         |
+---------------------------------+
| created rcbill_my.tempcustcmts2 |
+---------------------------------+
1 row in set (0.00 sec)

Query OK, 0 rows affected (0.01 sec)

Query OK, 0 rows affected, 1 warning (0.00 sec)

Query OK, 0 rows affected (0.01 sec)

Query OK, 0 rows affected (0.00 sec)

Query OK, 14036 rows affected (0.94 sec)
Records: 14036  Duplicates: 0  Warnings: 0

+----------------------------------+
| message                          |
+----------------------------------+
| created rcbill_my.customers_cmts |
+----------------------------------+
1 row in set (0.00 sec)

Query OK, 0 rows affected (0.00 sec)

Query OK, 0 rows affected (0.00 sec)

Query OK, 0 rows affected (0.16 sec)

Query OK, 17532 rows affected (0.78 sec)
Records: 17532  Duplicates: 0  Warnings: 0

+--------------------------------------+
| message                              |
+--------------------------------------+
| created rcbill_my.customers_cmts_mxk |
+--------------------------------------+
1 row in set (0.00 sec)

Query OK, 455724 rows affected (1 min 7.20 sec)
Records: 455724  Duplicates: 0  Warnings: 0

+----------------+
| message        |
+----------------+
| created temp a |
+----------------+
1 row in set (0.00 sec)

Query OK, 0 rows affected (0.10 sec)

Query OK, 456401 rows affected (12.15 sec)
Records: 456401  Duplicates: 0  Warnings: 0

+------------------------------------------------+
| message                                        |
+------------------------------------------------+
| created rcbill_my.customers_contracts_cmts_mxk |
+------------------------------------------------+
1 row in set (0.00 sec)

Query OK, 0 rows affected (0.01 sec)

Query OK, 0 rows affected, 1 warning (0.00 sec)

Query OK, 0 rows affected, 1 warning (0.00 sec)

Query OK, 0 rows affected (0.00 sec)

Query OK, 7636 rows affected (3.54 sec)
Rows matched: 7636  Changed: 7636  Warnings: 0

+------------------------------------------------+
| message                                        |
+------------------------------------------------+
| updated rcbill_my.customers_contracts_cmts_mxk |
+------------------------------------------------+
1 row in set (0.00 sec)

Query OK, 0 rows affected (0.02 sec)

Query OK, 1757431 rows affected (4 min 17.22 sec)
Records: 1757431  Duplicates: 0  Warnings: 0

+----------------------------------------+
| message                                |
+----------------------------------------+
| created rcbill_my.customers_collection |
+----------------------------------------+
1 row in set (0.00 sec)

Query OK, 0 rows affected (0.06 sec)

Query OK, 2025275 rows affected (2 min 9.84 sec)
Records: 2025275  Duplicates: 0  Warnings: 0

+------------------------------------------------+
| message                                        |
+------------------------------------------------+
| created rcbill_my.customers_cmts_mxk_cont_coll |
+------------------------------------------------+
1 row in set (0.00 sec)

Query OK, 0 rows affected (0.06 sec)

Query OK, 52812 rows affected (13.87 sec)
Records: 52812  Duplicates: 0  Warnings: 0

+------------------------------------------------------------+
| message                                                    |
+------------------------------------------------------------+
| created rcbill_my.customers_contracts_collection_pivot2019 |
+------------------------------------------------------------+
1 row in set (0.00 sec)

Query OK, 0 rows affected (0.01 sec)

Query OK, 20312 rows affected (11.14 sec)
Records: 20312  Duplicates: 0  Warnings: 0

+--------------------------------------------------+
| message                                          |
+--------------------------------------------------+
| created rcbill_my.customers_collection_pivot2019 |
+--------------------------------------------------+
1 row in set (0.00 sec)

Query OK, 0 rows affected (0.01 sec)

Query OK, 42910 rows affected (1.36 sec)
Records: 42910  Duplicates: 0  Warnings: 0

+------------------------------------------------+
| message                                        |
+------------------------------------------------+
| created rcbill_my.rep_customers_collection2019 |
+------------------------------------------------+
1 row in set (0.01 sec)

Query OK, 0 rows affected (0.00 sec)

Query OK, 0 rows affected, 1 warning (0.00 sec)

Query OK, 424920 rows affected (20.14 sec)
Records: 424920  Duplicates: 0  Warnings: 0

+-------------------------+
| message                 |
+-------------------------+
| created rcbill_my.tempa |
+-------------------------+
1 row in set (0.00 sec)

Query OK, 0 rows affected, 1 warning (0.00 sec)

Query OK, 101928 rows affected (11.13 sec)
Records: 101928  Duplicates: 0  Warnings: 0

+-------------------------+
| message                 |
+-------------------------+
| created rcbill_my.tempb |
+-------------------------+
1 row in set (0.00 sec)

Query OK, 424920 rows affected (9.39 sec)
Records: 424920  Duplicates: 0  Warnings: 0

+-----------+
| message   |
+-----------+
| created a |
+-----------+
1 row in set (0.00 sec)

Query OK, 101942 rows affected (6.11 sec)
Records: 101942  Duplicates: 0  Warnings: 0

+-----------+
| message   |
+-----------+
| created b |
+-----------+
1 row in set (0.00 sec)

Query OK, 0 rows affected (0.10 sec)

Query OK, 0 rows affected (0.01 sec)

Query OK, 0 rows affected (0.04 sec)

Query OK, 427914 rows affected (27.94 sec)
Records: 427914  Duplicates: 0  Warnings: 0

+----------------------------------------------+
| message                                      |
+----------------------------------------------+
| created rcbill_my.cust_cont_payment_cmts_mxk |
+----------------------------------------------+
1 row in set (0.00 sec)

Query OK, 0 rows affected (0.01 sec)

Query OK, 0 rows affected (0.00 sec)

Query OK, 0 rows affected, 1 warning (0.00 sec)

Query OK, 0 rows affected (0.01 sec)

Query OK, 42910 rows affected (13.64 sec)
Records: 42910  Duplicates: 0  Warnings: 0

+--------------------------------------------------+
| message                                          |
+--------------------------------------------------+
| created rcbill_my.rep_cust_cont_payment_cmts_mxk |
+--------------------------------------------------+
1 row in set (0.00 sec)

Query OK, 0 rows affected, 1 warning (0.00 sec)

Query OK, 0 rows affected, 1 warning (0.00 sec)

Query OK, 0 rows affected (0.02 sec)

Query OK, 42910 rows affected, 5 warnings (8.84 sec)
Records: 42910  Duplicates: 0  Warnings: 5

+----------------------+
| rep_custconsolidated |
+----------------------+
|                42910 |
+----------------------+
1 row in set (0.03 sec)

Query OK, 0 rows affected (0.00 sec)

Query OK, 0 rows affected (0.05 sec)

+----------------------------------------------+
| message                                      |
+----------------------------------------------+
| creating rcbill_my.retentioncustomeractivity |
+----------------------------------------------+
1 row in set (0.00 sec)

Query OK, 904 rows affected (0.08 sec)
Records: 904  Duplicates: 0  Warnings: 0

+---------------------------+
| retentioncustomeractivity |
+---------------------------+
|                       904 |
+---------------------------+
1 row in set (0.00 sec)

+-----------+------------------------------------+------------+-------------+-----------------+------------------+---------------------+-------------------+
| HFC_NODE  | NODENAME                           | CMTS_DATE  | INSERTED_ON | UNIQUE_ACCOUNTS | UNIQUE_CONTRACTS | UNIQUE_MAC_INRCBOSS | UNIQUE_MAC_INCMTS |
+-----------+------------------------------------+------------+-------------+-----------------+------------------+---------------------+-------------------+
| NULL      | NULL                               | NULL       | 2019-12-03  |            6218 |             6525 |                6559 |                 0 |
| C5/0/0/U0 | ANSE-BOILEAU-2                     | 2019-10-01 | 2019-12-03  |             176 |              178 |                 176 |               176 |
| C5/0/0/U1 | 500-C3-ANSE-BOILEAU                | 2019-10-01 | 2019-12-03  |             177 |              185 |                 177 |               181 |
| C5/0/1/U0 | 501-C4-LA-MISIERE-LEFT-I           | 2019-10-01 | 2019-12-03  |             148 |              155 |                 147 |               150 |
| C5/0/1/U1 | 501-C5-LA-MISIERE-RIGHT            | 2019-10-01 | 2019-12-03  |             110 |              113 |                 110 |               111 |
| C5/0/1/U2 | 501-C7-LA-MISIERE-LEFT-II          | 2019-10-01 | 2019-12-03  |             150 |              157 |                 150 |               154 |
| C5/0/2/U0 | 502-C8-LA-LOUISE                   | 2019-10-01 | 2019-12-03  |             138 |              140 |                 138 |               141 |
| C5/0/2/U1 | LA-LOUISE-2                        | 2019-10-01 | 2019-12-03  |             143 |              147 |                 143 |               147 |
| C5/0/3/U0 | 504-C6-PETIT-PARIS                 | 2019-10-01 | 2019-12-03  |             156 |              159 |                 156 |               158 |
| C5/0/3/U1 | PETIT-PARIS-23                     | 2019-10-01 | 2019-12-03  |              68 |               70 |                  68 |                73 |
| C5/0/4/U0 | FOUR-SEASONS                       | 2019-10-01 | 2019-12-03  |               4 |               12 |                  12 |                12 |
| C5/0/4/U1 | ANCHOR-CAFE-I                      | 2019-10-01 | 2019-12-03  |             141 |              144 |                 141 |               146 |
| C5/0/4/U2 | ANCHOR-CAFE-II                     | 2019-10-01 | 2019-12-03  |             146 |              149 |                 146 |               150 |
| C5/1/0/U0 | POINTE-LARUE-AIRPORT-23            | 2019-10-01 | 2019-12-03  |              98 |              104 |                 100 |               104 |
| C5/1/0/U1 | PPROVIDENCE-23                     | 2019-10-01 | 2019-12-03  |              24 |               26 |                  24 |                25 |
| C5/1/0/U2 | ROSHE-CAIMAN-23                    | 2019-10-01 | 2019-12-03  |               9 |               10 |                   9 |                10 |
| C5/1/0/U3 | HEAD-OFFICE | HO-23                | 2019-10-01 | 2019-12-03  |              30 |               30 |                  30 |                32 |
| C5/1/1/U1 | C5-UNION-VALE                      | 2019-10-01 | 2019-12-03  |             184 |              188 |                 184 |               188 |
| C5/1/3/U0 | POINTE-LARUE-AIRPORT-27            | 2019-10-01 | 2019-12-03  |             134 |              139 |                 134 |               136 |
| C5/1/3/U1 | PPROVIDENCE-27                     | 2019-10-01 | 2019-12-03  |              37 |               38 |                  37 |                37 |
| C5/1/3/U2 | ROSHE-CAIMAN-27                    | 2019-10-01 | 2019-12-03  |              25 |               25 |                  25 |                26 |
| C5/1/3/U3 | HEAD-OFFICE | HO-27                | 2019-10-01 | 2019-12-03  |              12 |               13 |                  12 |                13 |
| C5/1/4/U0 | ANSE-ROYALE-27                     | 2019-10-01 | 2019-12-03  |              93 |               97 |                  93 |                95 |
| C5/1/4/U1 | GLACIS-2-57                        | 2019-10-01 | 2019-12-03  |             113 |              118 |                 113 |               119 |
| C5/1/4/U2 | NULL                               | 2019-10-01 | 2019-12-03  |              94 |               94 |                  94 |                95 |
| C5/1/4/U3 | GLACIS-1                           | 2019-10-01 | 2019-12-03  |              43 |               44 |                  43 |                46 |
| C6/0/1/U0 | SERRET-ROAD-RIGHT/CURIO/PASCAL     | 2019-10-01 | 2019-12-03  |             117 |              120 |                 117 |               122 |
| C6/0/1/U1 | SERRET-ROAD-LEFT/ST.LOUIS/TOWN     | 2019-10-01 | 2019-12-03  |             139 |              143 |                 139 |               141 |
| C6/0/1/U2 | SERRET-ROAD-RIGHT/CURIO/PASCAL-2   | 2019-10-01 | 2019-12-03  |             120 |              121 |                 120 |               123 |
| C6/0/1/U3 | SERRET-ROAD-LEFT/ST.LOUIS/TOWN-2   | 2019-10-01 | 2019-12-03  |             145 |              149 |                 145 |               146 |
| C6/0/2/U0 | SANS-SOUCIS-I                      | 2019-10-01 | 2019-12-03  |             121 |              126 |                 121 |               125 |
| C6/0/2/U1 | SANS-SOUCIS-II                     | 2019-10-01 | 2019-12-03  |             100 |              102 |                 100 |               101 |
| C6/0/2/U2 | BEL-AIR-27                         | 2019-10-01 | 2019-12-03  |              89 |               91 |                  89 |                93 |
| C6/0/2/U3 | BEL-AIR-38                         | 2019-10-01 | 2019-12-03  |             105 |              110 |                 105 |               108 |
| C6/0/3/U0 | LES-MAMELLES-23                    | 2019-10-01 | 2019-12-03  |              74 |               74 |                  74 |                75 |
| C6/0/3/U1 | VICTORIA-23                        | 2019-10-01 | 2019-12-03  |              22 |               23 |                  22 |                25 |
| C6/0/4/U0 | LES-MAMELLES-27                    | 2019-10-01 | 2019-12-03  |              82 |               82 |                  82 |                83 |
| C6/0/4/U1 | VICTORIA-27                        | 2019-10-01 | 2019-12-03  |              31 |               34 |                  30 |                31 |
| C7/1/0/U0 | LA-RETRAITE-23                     | 2019-10-01 | 2019-12-03  |              80 |               86 |                  80 |                82 |
| C7/1/0/U1 | TEA-FACTORY-23                     | 2019-10-01 | 2019-12-03  |              21 |               25 |                  21 |                21 |
| C7/1/0/U2 | PAS-23                             | 2019-10-01 | 2019-12-03  |             101 |              102 |                 101 |               104 |
| C7/1/1/U0 | REEF-ESTATE-23                     | 2019-10-01 | 2019-12-03  |              90 |               91 |                  90 |                91 |
| C7/1/1/U1 | BEL-OMBRE-NEW-23                   | 2019-10-01 | 2019-12-03  |              16 |               16 |                  16 |                19 |
| C7/1/2/U0 | LA-RETRAITE-27                     | 2019-10-01 | 2019-12-03  |             124 |              128 |                 125 |               128 |
| C7/1/2/U1 | TEA-FACTORY-27                     | 2019-10-01 | 2019-12-03  |              27 |               31 |                  30 |                31 |
| C7/1/2/U2 | PAS-27                             | 2019-10-01 | 2019-12-03  |              97 |              101 |                  97 |                99 |
| C7/1/3/U0 | MT-BUXTON-27                       | 2019-10-01 | 2019-12-03  |             142 |              144 |                 142 |               143 |
| C7/1/3/U1 | MT-BUXTON-23                       | 2019-10-01 | 2019-12-03  |              73 |               75 |                  73 |                75 |
| C7/1/4/U0 | REEF-ESTATE-27                     | 2019-10-01 | 2019-12-03  |              65 |               66 |                  65 |                65 |
| C7/1/4/U1 | BEL-OMBRE-NEW-27                   | 2019-10-01 | 2019-12-03  |              20 |               20 |                  20 |                23 |
| C8/0/0/U0 | POLICE-ACADEMY-1-27 - POINTE LARUE | 2019-10-01 | 2019-12-03  |             216 |              220 |                 216 |               222 |
| C8/0/0/U1 | NULL                               | 2019-10-01 | 2019-12-03  |              93 |               97 |                  93 |               100 |
| C8/0/1/U0 | NULL                               | 2019-10-01 | 2019-12-03  |             150 |              151 |                 150 |               154 |
| C8/0/1/U1 | POLICE-ACADEMY-2-27 - TURTLE BAY   | 2019-10-01 | 2019-12-03  |             163 |              165 |                 163 |               165 |
| C8/0/2/U0 | BEAU-VALLON-LEFT-1-57              | 2019-10-01 | 2019-12-03  |              94 |               97 |                  94 |                96 |
| C8/0/3/U1 | BEAU-VALLON-RIGHT-2-57             | 2019-10-01 | 2019-12-03  |             170 |              177 |                 170 |               175 |
| C8/1/0/U0 | MA-JOIE-NODE-27                    | 2019-10-01 | 2019-12-03  |             116 |              119 |                 115 |               118 |
| C8/1/0/U1 | BELONIE-27                         | 2019-10-01 | 2019-12-03  |             154 |              157 |                 153 |               155 |
| C8/1/0/U3 | MA-JOIE-NODE-23                    | 2019-10-01 | 2019-12-03  |             104 |              104 |                 104 |               106 |
| C8/1/1/U0 | 611-C1-ROJN I                      | 2019-10-01 | 2019-12-03  |             139 |              140 |                 139 |               141 |
| C8/1/1/U1 | 611-C5-ROJN II                     | 2019-10-01 | 2019-12-03  |             102 |              102 |                 102 |               104 |
| C8/1/2/U0 | 612-C2-ANSE-ETOILE                 | 2019-10-01 | 2019-12-03  |             186 |              192 |                 186 |               192 |
| C8/1/2/U1 | ANSE-ETOILE-U2                     | 2019-10-01 | 2019-12-03  |              58 |               59 |                  58 |                58 |
| C8/1/3/U0 | 613-C3-ANSE-GAULETTE I             | 2019-10-01 | 2019-12-03  |              71 |               77 |                  71 |                71 |
| C8/1/3/U1 | 613-C7-ANSE-GAULETTE II            | 2019-10-01 | 2019-12-03  |              71 |               78 |                  71 |                73 |
| C8/1/3/U2 | 613-C3-ANSE-GAULETTE III           | 2019-10-01 | 2019-12-03  |              38 |               39 |                  38 |                38 |
| C8/1/3/U3 | TAKAMAKA I                         | 2019-10-01 | 2019-12-03  |             103 |              107 |                 103 |               106 |
| C8/1/3/U4 | TAKAMAKA II                        | 2019-10-01 | 2019-12-03  |              99 |               99 |                  99 |               101 |
| C8/1/4/U0 | 614-BEOLIERE-NODE-1                | 2019-10-01 | 2019-12-03  |             128 |              134 |                 128 |               130 |
| C8/1/4/U1 | 614-BEOLIERE-NODE-2                | 2019-10-01 | 2019-12-03  |              97 |              100 |                  97 |               100 |
+-----------+------------------------------------+------------+-------------+-----------------+------------------+---------------------+-------------------+
70 rows in set (0.20 sec)

+------------------+------------+-------------+-----------------+------------------+----------------------+-------------------+
| MXK_NAME         | MXK_DATE   | INSERTED_ON | UNIQUE_ACCOUNTS | UNIQUE_CONTRACTS | UNIQUE_FSAN_INRCBOSS | UNIQUE_FSAN_INMXK |
+------------------+------------+-------------+-----------------+------------------+----------------------+-------------------+
| NULL             | NULL       | 2019-12-03  |             671 |              679 |                  670 |                 0 |
| MXK-ANSEETOILE   | 2019-10-01 | 2019-12-03  |             147 |              149 |                  149 |               156 |
| MXK-ANSEROYALE   | 2019-10-01 | 2019-12-03  |             137 |              137 |                  137 |               156 |
| MXK-BEAUVALLON   | 2019-10-01 | 2019-12-03  |            1186 |             1207 |                 1198 |              1271 |
| MXK-MAHE         | 2019-10-01 | 2019-12-03  |             901 |              929 |                  865 |              1092 |
| MXK-PERSEVERANCE | 2019-10-01 | 2019-12-03  |             988 |              994 |                  993 |              1141 |
| MXK-PRASLIN      | 2019-10-01 | 2019-12-03  |            1160 |             1163 |                 1156 |              1277 |
+------------------+------------+-------------+-----------------+------------------+----------------------+-------------------+
7 rows in set (0.22 sec)

mysql> mysql \. C:\workspace\cloud\code\sql\_DailyScript\currenttime.sql
+---------------------+
| currenttime         |
+---------------------+
| 2019-12-03 10:20:15 |
+---------------------+
1 row in set (0.00 sec)

mysql> 
mysql> mysql \. C:\workspace\cloud\code\sql\Analysis\service_tickets_assignments.sql
Query OK, 0 rows affected (0.01 sec)

Query OK, 89363 rows affected (18.61 sec)
Records: 89363  Duplicates: 0  Warnings: 0

+-------------------------+
| rep_servicetickets_2019 |
+-------------------------+
|                   89363 |
+-------------------------+
1 row in set (1.54 sec)

mysql> mysql \. C:\workspace\cloud\code\sql\_DailyScript\currenttime.sql
+---------------------+
| currenttime         |
+---------------------+
| 2019-12-03 10:20:35 |
+---------------------+
1 row in set (0.00 sec)

mysql> 
mysql> 
mysql> exit
