    -> 
    -> mysql \. C:\workspace\cloud\code\sql\_DailyScript\_setdates.sql
Database changed
Query OK, 0 rows affected (0.00 sec)

Query OK, 0 rows affected (0.00 sec)

Query OK, 0 rows affected (0.00 sec)

Query OK, 0 rows affected (0.00 sec)

Query OK, 0 rows affected (0.00 sec)

Query OK, 0 rows affected (0.00 sec)

Query OK, 0 rows affected (0.00 sec)

Query OK, 0 rows affected (0.00 sec)

Query OK, 0 rows affected (0.00 sec)

Query OK, 0 rows affected (0.00 sec)

Query OK, 0 rows affected (0.00 sec)

Query OK, 0 rows affected (0.00 sec)

Query OK, 0 rows affected (0.00 sec)

Query OK, 0 rows affected (0.00 sec)

Query OK, 0 rows affected (0.00 sec)

Query OK, 0 rows affected (0.00 sec)

Query OK, 0 rows affected (0.00 sec)

Query OK, 0 rows affected (0.00 sec)

Query OK, 0 rows affected (0.00 sec)

Query OK, 0 rows affected (0.00 sec)

Query OK, 0 rows affected (0.00 sec)

mysql> mysql \. C:\workspace\cloud\code\sql\_DailyScript\currenttime.sql
+---------------------+
| currenttime         |
+---------------------+
| 2021-04-19 06:17:01 |
+---------------------+
1 row in set (0.00 sec)

mysql> 
mysql> mysql \. C:\workspace\cloud\code\sql\_DailyScript\load_RCB_VODTITLES.sql
Database changed
Query OK, 0 rows affected (0.00 sec)

Query OK, 14519 rows affected (0.17 sec)

Query OK, 14521 rows affected, 14521 warnings (0.36 sec)
Records: 14521  Deleted: 0  Skipped: 0  Warnings: 14521

Query OK, 0 rows affected (0.00 sec)

Query OK, 2 rows affected (0.01 sec)

+-----------+
| VODTITLES |
+-----------+
|     14979 |
+-----------+
1 row in set (0.01 sec)

+-----------+-----------+
| titletype | typecount |
+-----------+-----------+
| E         |     12206 |
| N         |       246 |
| T         |      2067 |
| NULL      |     14519 |
+-----------+-----------+
4 rows in set (0.04 sec)

mysql> mysql \. C:\workspace\cloud\code\sql\_DailyScript\currenttime.sql
+---------------------+
| currenttime         |
+---------------------+
| 2021-04-19 06:17:02 |
+---------------------+
1 row in set (0.00 sec)

mysql> 
mysql> mysql \. C:\workspace\cloud\code\sql\_DailyScript\DAILY-SCRIPT-LIVETV-STATS.sql
Database changed
Query OK, 0 rows affected (0.01 sec)

Query OK, 104534 rows affected (1.27 sec)
Records: 104534  Duplicates: 0  Warnings: 0

+------------+------------+----------+--------------+--------------+-----------+-------------+----------+--------+------+------------+---------+---------------+
| Table      | Non_unique | Key_name | Seq_in_index | Column_name  | Collation | Cardinality | Sub_part | Packed | Null | Index_type | Comment | Index_comment |
+------------+------------+----------+--------------+--------------+-----------+-------------+----------+--------+------+------------+---------+---------------+
| templivetv |          1 | idxtv1   |            1 | device       | A         |      104255 |     NULL | NULL   | YES  | BTREE      |         |               |
| templivetv |          1 | idxtv2   |            1 | sessionstart | A         |      104255 |     NULL | NULL   | YES  | BTREE      |         |               |
+------------+------------+----------+--------------+--------------+-----------+-------------+----------+--------+------+------------+---------+---------------+
2 rows in set (0.00 sec)

Query OK, 104913 rows affected (12.34 sec)
Records: 104913  Duplicates: 0  Warnings: 0

Query OK, 2675 rows affected (0.70 sec)
Records: 2675  Duplicates: 0  Warnings: 0

Query OK, 0 rows affected (0.00 sec)

Query OK, 0 rows affected (0.00 sec)

Query OK, 131 rows affected (0.04 sec)
Records: 131  Duplicates: 0  Warnings: 0

Query OK, 0 rows affected (0.01 sec)

Query OK, 62603 rows affected (5 min 38.29 sec)
Records: 62603  Duplicates: 0  Warnings: 0

+-----------------+
| rep_livetvstats |
+-----------------+
|           62603 |
+-----------------+
1 row in set (0.02 sec)

mysql> mysql \. C:\workspace\cloud\code\sql\_DailyScript\currenttime.sql
+---------------------+
| currenttime         |
+---------------------+
| 2021-04-19 06:22:55 |
+---------------------+
1 row in set (0.00 sec)

mysql> 
mysql> mysql \. C:\workspace\cloud\code\sql\_DailyScript\DAILY-SCRIPT-VODTS-STATS.sql
Database changed
Query OK, 0 rows affected (0.01 sec)

Query OK, 8684 rows affected (27.24 sec)
Records: 8684  Duplicates: 0  Warnings: 0

+---------+------------+----------+--------------+--------------+-----------+-------------+----------+--------+------+------------+---------+---------------+
| Table   | Non_unique | Key_name | Seq_in_index | Column_name  | Collation | Cardinality | Sub_part | Packed | Null | Index_type | Comment | Index_comment |
+---------+------------+----------+--------------+--------------+-----------+-------------+----------+--------+------+------------+---------+---------------+
| tempvod |          1 | idxtvod1 |            1 | device       | A         |        8856 |     NULL | NULL   | YES  | BTREE      |         |               |
| tempvod |          1 | idxtvod2 |            1 | sessionstart | A         |        8856 |     NULL | NULL   | YES  | BTREE      |         |               |
+---------+------------+----------+--------------+--------------+-----------+-------------+----------+--------+------+------------+---------+---------------+
2 rows in set (0.00 sec)

Query OK, 8641 rows affected (6.53 sec)
Records: 8641  Duplicates: 0  Warnings: 0

Query OK, 0 rows affected (0.01 sec)

Query OK, 1128112 rows affected (1 min 32.58 sec)
Records: 1128112  Duplicates: 0  Warnings: 0

+--------------+
| rep_vodstats |
+--------------+
|      1128112 |
+--------------+
1 row in set (0.33 sec)

Database changed
Query OK, 0 rows affected (0.02 sec)

Query OK, 16326 rows affected (45.40 sec)
Records: 16326  Duplicates: 0  Warnings: 0

+--------+------------+----------+--------------+--------------+-----------+-------------+----------+--------+------+------------+---------+---------------+
| Table  | Non_unique | Key_name | Seq_in_index | Column_name  | Collation | Cardinality | Sub_part | Packed | Null | Index_type | Comment | Index_comment |
+--------+------------+----------+--------------+--------------+-----------+-------------+----------+--------+------+------------+---------+---------------+
| tempts |          1 | idxtts1  |            1 | device       | A         |       16424 |     NULL | NULL   | YES  | BTREE      |         |               |
| tempts |          1 | idxtts2  |            1 | sessionstart | A         |       16424 |     NULL | NULL   | YES  | BTREE      |         |               |
+--------+------------+----------+--------------+--------------+-----------+-------------+----------+--------+------+------------+---------+---------------+
2 rows in set (0.00 sec)

Query OK, 16412 rows affected (13.83 sec)
Records: 16412  Duplicates: 0  Warnings: 0

Query OK, 0 rows affected (0.01 sec)

Query OK, 46788 rows affected (46.30 sec)
Records: 46788  Duplicates: 0  Warnings: 0

+-------------+
| rep_tsstats |
+-------------+
|       46788 |
+-------------+
1 row in set (0.01 sec)

mysql> mysql \. C:\workspace\cloud\code\sql\_DailyScript\currenttime.sql
+---------------------+
| currenttime         |
+---------------------+
| 2021-04-19 06:26:47 |
+---------------------+
1 row in set (0.00 sec)

mysql> 
mysql> mysql \. C:\workspace\cloud\code\sql\_DailyScript\DAILY-SCRIPT-RADIO-STATS.sql
Database changed
Query OK, 0 rows affected (0.01 sec)

Query OK, 380916 rows affected (4.42 sec)
Records: 380916  Duplicates: 0  Warnings: 0

+-----------+------------+----------+--------------+--------------+-----------+-------------+----------+--------+------+------------+---------+---------------+
| Table     | Non_unique | Key_name | Seq_in_index | Column_name  | Collation | Cardinality | Sub_part | Packed | Null | Index_type | Comment | Index_comment |
+-----------+------------+----------+--------------+--------------+-----------+-------------+----------+--------+------+------------+---------+---------------+
| tempradio |          1 | idxtrad1 |            1 | device       | A         |      381811 |     NULL | NULL   | YES  | BTREE      |         |               |
| tempradio |          1 | idxtrad2 |            1 | sessionstart | A         |      381811 |     NULL | NULL   | YES  | BTREE      |         |               |
+-----------+------------+----------+--------------+--------------+-----------+-------------+----------+--------+------+------------+---------+---------------+
2 rows in set (0.00 sec)

Query OK, 537 rows affected (0.88 sec)
Records: 537  Duplicates: 0  Warnings: 0

Query OK, 0 rows affected (0.01 sec)

Query OK, 6242 rows affected (0.51 sec)
Records: 6242  Duplicates: 0  Warnings: 0

+----------------+
| rep_radiostats |
+----------------+
|           6242 |
+----------------+
1 row in set (0.00 sec)

mysql> mysql \. C:\workspace\cloud\code\sql\_DailyScript\currenttime.sql
+---------------------+
| currenttime         |
+---------------------+
| 2021-04-19 06:26:53 |
+---------------------+
1 row in set (0.00 sec)

mysql> 
mysql> mysql \. C:\workspace\cloud\code\sql\_DailyScript\DAILY_SCRIPT_TELEMETRY_PIVOT_2021.sql
Query OK, 0 rows affected (0.01 sec)

Query OK, 140 rows affected (0.11 sec)
Records: 140  Duplicates: 0  Warnings: 0

Query OK, 0 rows affected (0.01 sec)

Query OK, 11634 rows affected (1.45 sec)
Records: 11634  Duplicates: 0  Warnings: 0

Query OK, 0 rows affected (0.01 sec)

Query OK, 5 rows affected (0.02 sec)
Records: 5  Duplicates: 0  Warnings: 0

Query OK, 0 rows affected (0.01 sec)

Query OK, 44 rows affected (0.04 sec)
Records: 44  Duplicates: 0  Warnings: 0

mysql> mysql \. C:\workspace\cloud\code\sql\_DailyScript\currenttime.sql
+---------------------+
| currenttime         |
+---------------------+
| 2021-04-19 06:26:55 |
+---------------------+
1 row in set (0.00 sec)

mysql> 
mysql> mysql \. C:\workspace\cloud\code\sql\_DailyScript\telemetry_livetv_ranking2021.sql
Query OK, 0 rows affected (0.01 sec)

Query OK, 140 rows affected (0.01 sec)
Records: 140  Duplicates: 0  Warnings: 0

mysql> mysql \. C:\workspace\cloud\code\sql\_DailyScript\currenttime.sql
+---------------------+
| currenttime         |
+---------------------+
| 2021-04-19 06:26:55 |
+---------------------+
1 row in set (0.00 sec)

mysql> 
mysql> mysql \. C:\workspace\cloud\code\sql\_DailyScript\telemetry_radio_ranking2021.sql
Query OK, 0 rows affected (0.01 sec)

Query OK, 5 rows affected (0.01 sec)
Records: 5  Duplicates: 0  Warnings: 0

mysql> mysql \. C:\workspace\cloud\code\sql\_DailyScript\currenttime.sql
+---------------------+
| currenttime         |
+---------------------+
| 2021-04-19 06:26:55 |
+---------------------+
1 row in set (0.00 sec)

mysql> 
mysql> mysql \. C:\workspace\cloud\code\sql\_DailyScript\telemetry_ts_ranking2021.sql
Query OK, 0 rows affected (0.00 sec)

Query OK, 44 rows affected (0.01 sec)
Records: 44  Duplicates: 0  Warnings: 0

mysql> mysql \. C:\workspace\cloud\code\sql\_DailyScript\currenttime.sql
+---------------------+
| currenttime         |
+---------------------+
| 2021-04-19 06:26:55 |
+---------------------+
1 row in set (0.00 sec)

mysql> 
mysql> mysql \. C:\workspace\cloud\code\sql\_DailyScript\telemetry_vod_ranking2021.sql
Query OK, 0 rows affected (0.01 sec)

Query OK, 11634 rows affected (0.52 sec)
Records: 11634  Duplicates: 0  Warnings: 0

mysql> mysql \. C:\workspace\cloud\code\sql\_DailyScript\currenttime.sql
+---------------------+
| currenttime         |
+---------------------+
| 2021-04-19 06:26:55 |
+---------------------+
1 row in set (0.00 sec)

mysql> 
mysql> mysql \. C:\workspace\cloud\code\sql\_DailyScript\telemetry_vod_ranking2021_1.sql
Query OK, 0 rows affected (0.01 sec)

Query OK, 11634 rows affected (0.25 sec)
Records: 11634  Duplicates: 0  Warnings: 0

mysql> mysql \. C:\workspace\cloud\code\sql\_DailyScript\currenttime.sql
+---------------------+
| currenttime         |
+---------------------+
| 2021-04-19 06:26:56 |
+---------------------+
1 row in set (0.00 sec)

mysql> 
mysql> mysql \. C:\workspace\cloud\code\sql\_DailyScript\telemetry_vod_ranking2021_2.sql
Query OK, 0 rows affected (0.01 sec)

Query OK, 11634 rows affected (0.23 sec)
Records: 11634  Duplicates: 0  Warnings: 0

mysql> mysql \. C:\workspace\cloud\code\sql\_DailyScript\currenttime.sql
+---------------------+
| currenttime         |
+---------------------+
| 2021-04-19 06:26:56 |
+---------------------+
1 row in set (0.00 sec)

mysql> 
mysql> 
mysql> 
mysql> 
mysql> mysql \. C:\workspace\cloud\code\sql\_DailyScript\ticket_analysis.sql
Database changed
Query OK, 0 rows affected (0.02 sec)

Query OK, 794336 rows affected (24.50 sec)
Records: 794336  Duplicates: 0  Warnings: 0

Query OK, 0 rows affected (3.11 sec)
Records: 0  Duplicates: 0  Warnings: 0

Query OK, 0 rows affected (1.59 sec)
Records: 0  Duplicates: 0  Warnings: 0

Query OK, 0 rows affected (1.49 sec)
Records: 0  Duplicates: 0  Warnings: 0

Query OK, 0 rows affected (0.01 sec)

Query OK, 24819 rows affected (12.79 sec)
Records: 24819  Duplicates: 0  Warnings: 0

Query OK, 0 rows affected, 1 warning (0.00 sec)

Query OK, 114803 rows affected (7.80 sec)
Records: 114803  Duplicates: 0  Warnings: 0

Query OK, 0 rows affected, 1 warning (0.00 sec)

Query OK, 584594 rows affected (15.63 sec)
Records: 584594  Duplicates: 0  Warnings: 0

Query OK, 0 rows affected, 1 warning (0.00 sec)

Query OK, 584594 rows affected (15.38 sec)
Records: 584594  Duplicates: 0  Warnings: 0

Query OK, 0 rows affected (0.01 sec)

Query OK, 114912 rows affected (3.93 sec)
Records: 114912  Duplicates: 0  Warnings: 0

Database changed
Query OK, 0 rows affected (0.00 sec)

Query OK, 0 rows affected (0.02 sec)

Query OK, 794336 rows affected (24.79 sec)
Records: 794336  Duplicates: 0  Warnings: 0

Query OK, 0 rows affected (0.02 sec)

Query OK, 406315 rows affected (16.37 sec)
Records: 406315  Duplicates: 0  Warnings: 0

+--------------------------+
| clientticket_cmmtjourney |
+--------------------------+
|                   794336 |
+--------------------------+
1 row in set (1.02 sec)

+---------------------------+
| clientticket_assgnjourney |
+---------------------------+
|                    406315 |
+---------------------------+
1 row in set (0.19 sec)

Query OK, 0 rows affected (0.01 sec)

Query OK, 86 rows affected (0.12 sec)
Records: 86  Duplicates: 0  Warnings: 0

mysql> mysql \. C:\workspace\cloud\code\sql\_DailyScript\currenttime.sql
+---------------------+
| currenttime         |
+---------------------+
| 2021-04-19 06:29:05 |
+---------------------+
1 row in set (0.00 sec)

mysql> 
mysql> mysql \. C:\workspace\cloud\code\sql\_DailyScript\load_DailyCalls.sql
Database changed
Query OK, 608 rows affected (0.19 sec)
Records: 608  Deleted: 0  Skipped: 0  Warnings: 0

Query OK, 0 rows affected, 1 warning (0.00 sec)

Query OK, 608 rows affected (0.04 sec)
Records: 608  Duplicates: 0  Warnings: 0

Query OK, 0 rows affected, 1 warning (0.00 sec)

Query OK, 69154 rows affected (0.47 sec)
Records: 69154  Duplicates: 0  Warnings: 0

+----------------------+
| callingclientsbefore |
+----------------------+
|              1168502 |
+----------------------+
1 row in set (0.48 sec)

Query OK, 834 rows affected (13.01 sec)
Records: 834  Duplicates: 0  Warnings: 0

+---------------------+
| callingclientsafter |
+---------------------+
|             1169336 |
+---------------------+
1 row in set (0.32 sec)

Query OK, 0 rows affected (0.01 sec)

Query OK, 388 rows affected (3.80 sec)
Records: 388  Duplicates: 0  Warnings: 0

Query OK, 0 rows affected (0.00 sec)

Query OK, 22879 rows affected (3.66 sec)
Records: 22879  Duplicates: 0  Warnings: 0

+-----------+
| callstats |
+-----------+
|     22879 |
+-----------+
1 row in set (0.01 sec)

Query OK, 0 rows affected, 1 warning (0.00 sec)

Query OK, 834 rows affected (2.52 sec)
Records: 834  Duplicates: 0  Warnings: 0

+------------------------+
| rep_cccallreportbefore |
+------------------------+
|                1169971 |
+------------------------+
1 row in set (0.31 sec)

Query OK, 834 rows affected (0.19 sec)
Records: 834  Duplicates: 0  Warnings: 0

+-----------------------+
| rep_cccallreportafter |
+-----------------------+
|               1170805 |
+-----------------------+
1 row in set (0.31 sec)

Query OK, 0 rows affected (0.01 sec)

mysql> mysql \. C:\workspace\cloud\code\sql\_DailyScript\currenttime.sql
+---------------------+
| currenttime         |
+---------------------+
| 2021-04-19 06:29:30 |
+---------------------+
1 row in set (0.00 sec)

mysql> 
mysql> mysql \. C:\workspace\cloud\code\sql\_DailyScript\DAILY-SCRIPT-USAGE.sql
Database changed
Query OK, 0 rows affected (0.00 sec)

Query OK, 4364 rows affected, 12652 warnings (1.03 sec)
Records: 4364  Deleted: 0  Skipped: 0  Warnings: 12652

Query OK, 0 rows affected (0.00 sec)

Query OK, 6657 rows affected, 19355 warnings (1.13 sec)
Records: 6657  Deleted: 0  Skipped: 0  Warnings: 19355

Query OK, 0 rows affected (0.00 sec)

Query OK, 295 rows affected, 1058 warnings (0.04 sec)
Records: 295  Deleted: 0  Skipped: 0  Warnings: 1058

Query OK, 0 rows affected (0.00 sec)

Query OK, 157 rows affected, 541 warnings (0.04 sec)
Records: 157  Deleted: 0  Skipped: 0  Warnings: 541

+------------+
| dailyusage |
+------------+
|   17221163 |
+------------+
1 row in set (6.36 sec)

+------------+------------+------------+---------+
| datestart  | dateend    | insertedon | records |
+------------+------------+------------+---------+
| 2021-04-17 | 2021-04-17 | 2021-04-19 |   11473 |
| 2021-04-16 | 2021-04-16 | 2021-04-17 |   10620 |
| 2021-04-15 | 2021-04-15 | 2021-04-16 |   14513 |
| 2021-04-14 | 2021-04-14 | 2021-04-15 |     174 |
| 2021-04-13 | 2021-04-13 | 2021-04-14 |   10228 |
+------------+------------+------------+---------+
5 rows in set (33.93 sec)

+----------+------------+------------+------------+---------+
| category | datestart  | dateend    | insertedon | records |
+----------+------------+------------+------------+---------+
| UNCAPPED | 2021-04-17 | 2021-04-17 | 2021-04-19 |    6657 |
| PREPAID  | 2021-04-17 | 2021-04-17 | 2021-04-19 |     295 |
| HOTSPOT  | 2021-04-17 | 2021-04-17 | 2021-04-19 |     157 |
| CAPPED   | 2021-04-17 | 2021-04-17 | 2021-04-19 |    4364 |
| UNCAPPED | 2021-04-16 | 2021-04-16 | 2021-04-17 |    6043 |
| PREPAID  | 2021-04-16 | 2021-04-16 | 2021-04-17 |     311 |
| HOTSPOT  | 2021-04-16 | 2021-04-16 | 2021-04-17 |     172 |
| CAPPED   | 2021-04-16 | 2021-04-16 | 2021-04-17 |    4094 |
| UNCAPPED | 2021-04-15 | 2021-04-15 | 2021-04-16 |    8677 |
| PREPAID  | 2021-04-15 | 2021-04-15 | 2021-04-16 |     276 |
| HOTSPOT  | 2021-04-15 | 2021-04-15 | 2021-04-16 |     138 |
| CAPPED   | 2021-04-15 | 2021-04-15 | 2021-04-16 |    5422 |
| PREPAID  | 2021-04-14 | 2021-04-14 | 2021-04-15 |     120 |
| HOTSPOT  | 2021-04-14 | 2021-04-14 | 2021-04-15 |      50 |
| CAPPED   | 2021-04-14 | 2021-04-14 | 2021-04-15 |       4 |
| UNCAPPED | 2021-04-13 | 2021-04-13 | 2021-04-14 |    6013 |
| PREPAID  | 2021-04-13 | 2021-04-13 | 2021-04-14 |     216 |
| HOTSPOT  | 2021-04-13 | 2021-04-13 | 2021-04-14 |     123 |
| CAPPED   | 2021-04-13 | 2021-04-13 | 2021-04-14 |    3876 |
| UNCAPPED | 2021-04-12 | 2021-04-12 | 2021-04-13 |    6291 |
+----------+------------+------------+------------+---------+
20 rows in set (25.98 sec)

mysql> mysql \. C:\workspace\cloud\code\sql\_DailyScript\currenttime.sql
+---------------------+
| currenttime         |
+---------------------+
| 2021-04-19 06:30:39 |
+---------------------+
1 row in set (0.00 sec)

mysql> 
mysql> mysql \. C:\workspace\cloud\code\sql\_DailyScript\DAILY-SCRIPT-SALES-TELEMETRY.sql
Database changed
Query OK, 69 rows affected, 20 warnings (0.04 sec)
Records: 69  Deleted: 0  Skipped: 0  Warnings: 20

+------------+
| dailysales |
+------------+
|     230019 |
+------------+
1 row in set (0.24 sec)

Query OK, 0 rows affected (0.01 sec)

Query OK, 230019 rows affected (15.47 sec)
Records: 230019  Duplicates: 0  Warnings: 0

+--------+
| sales  |
+--------+
| 230019 |
+--------+
1 row in set (0.10 sec)

Query OK, 0 rows affected (0.00 sec)

Query OK, 3786 rows affected (0.37 sec)
Records: 3786  Duplicates: 0  Warnings: 0

+----------------+
| rep_dailysales |
+----------------+
|           3786 |
+----------------+
1 row in set (0.00 sec)

Query OK, 0 rows affected (0.01 sec)

Query OK, 3786 rows affected (0.58 sec)
Records: 3786  Duplicates: 0  Warnings: 0

+-------------------+
| rep_dailysalesreg |
+-------------------+
|              3786 |
+-------------------+
1 row in set (0.00 sec)

Query OK, 0 rows affected (0.01 sec)

Query OK, 2907 rows affected (0.74 sec)
Records: 2907  Duplicates: 0  Warnings: 0

+-----------+
| saleslist |
+-----------+
|      2907 |
+-----------+
1 row in set (0.00 sec)

Database changed
ERROR 2 (HY000): File 'C:\ProgramData\MySQL\MySQL Server 5.7\Uploads\_csv\PrepaidCardSales-17042021-P1.csv' not found (Errcode: 2 - No such file or directory)
+------------------+
| dailysinglesales |
+------------------+
|             6497 |
+------------------+
1 row in set (0.02 sec)

Database changed
Query OK, 11 rows affected (0.05 sec)
Records: 11  Deleted: 0  Skipped: 0  Warnings: 0

+-----------------+
| dailyaddonsales |
+-----------------+
|           23036 |
+-----------------+
1 row in set (0.04 sec)

Query OK, 169 rows affected (0.06 sec)
Records: 169  Deleted: 0  Skipped: 0  Warnings: 0

+----------------+
| onlinepayments |
+----------------+
|         178405 |
+----------------+
1 row in set (0.13 sec)

+-------------+----------------+---------------------+
| paymentdate | onlinepayments | onlinepaymentamount |
+-------------+----------------+---------------------+
| 2021-04-17  |            169 |        111073.16000 |
| 2021-04-16  |            182 |        114409.40000 |
| 2021-04-15  |            182 |        120007.25000 |
| 2021-04-14  |            138 |         97475.60000 |
| 2021-04-13  |            205 |        131602.26000 |
+-------------+----------------+---------------------+
5 rows in set (0.55 sec)

+-------------+--------------+----------------+---------------------+
| paymentyear | paymentmonth | onlinepayments | onlinepaymentamount |
+-------------+--------------+----------------+---------------------+
|        2021 |            4 |           4272 |       2776896.02000 |
|        2021 |            3 |           9164 |       5894594.15000 |
|        2021 |            2 |           8581 |       5454096.95000 |
|        2021 |            1 |           9124 |       5808374.04000 |
|        2021 |         NULL |          31141 |      19933961.16000 |
+-------------+--------------+----------------+---------------------+
5 rows in set (0.17 sec)

mysql> mysql \. C:\workspace\cloud\code\sql\_DailyScript\currenttime.sql
+---------------------+
| currenttime         |
+---------------------+
| 2021-04-19 06:30:57 |
+---------------------+
1 row in set (0.00 sec)

mysql> 
mysql> mysql \. C:\workspace\cloud\code\sql\_DailyScript\DAILY-SCRIPT-ACTIVENUMBERS.sql
Database changed
Query OK, 1143 rows affected (0.53 sec)
Records: 1143  Deleted: 0  Skipped: 0  Warnings: 0

+------------+----------+
| period     | count(1) |
+------------+----------+
| 2021-04-17 |     1143 |
| 2021-04-16 |     1143 |
| 2021-04-15 |     1143 |
| 2021-04-14 |     1143 |
| 2021-04-13 |     1143 |
+------------+----------+
5 rows in set (0.01 sec)

Query OK, 0 rows affected (0.01 sec)

Query OK, 78 rows affected (1.42 sec)
Records: 78  Duplicates: 0  Warnings: 0

+-------------+
| packagelist |
+-------------+
|          78 |
+-------------+
1 row in set (0.00 sec)

Database changed
Query OK, 0 rows affected (0.00 sec)

Query OK, 0 rows affected (0.00 sec)

Query OK, 0 rows affected (0.00 sec)

Query OK, 0 rows affected (0.00 sec)

Query OK, 28681 rows affected, 223 warnings (18.14 sec)
Records: 28681  Deleted: 0  Skipped: 0  Warnings: 223

+------------+----------+
| period     | count(1) |
+------------+----------+
| 2021-04-17 |    28681 |
| 2021-04-16 |    28704 |
| 2021-04-15 |    28706 |
| 2021-04-14 |    28688 |
| 2021-04-13 |    28686 |
+------------+----------+
5 rows in set (0.12 sec)

Query OK, 0 rows affected (0.02 sec)

Query OK, 28114 rows affected (50.08 sec)
Records: 28114  Duplicates: 0  Warnings: 0

Query OK, 0 rows affected (0.11 sec)
Records: 0  Duplicates: 0  Warnings: 0

Query OK, 0 rows affected (0.12 sec)
Records: 0  Duplicates: 0  Warnings: 0

Query OK, 0 rows affected (0.11 sec)
Records: 0  Duplicates: 0  Warnings: 0

Query OK, 0 rows affected (0.09 sec)
Records: 0  Duplicates: 0  Warnings: 0

Query OK, 0 rows affected (0.07 sec)
Records: 0  Duplicates: 0  Warnings: 0

Query OK, 0 rows affected (0.07 sec)
Records: 0  Duplicates: 0  Warnings: 0

+-------------+
| countbefore |
+-------------+
|    45053326 |
+-------------+
1 row in set (18.51 sec)

Query OK, 28114 rows affected (5.72 sec)
Records: 28114  Duplicates: 0  Warnings: 0

+------------+
| countafter |
+------------+
|   45081440 |
+------------+
1 row in set (14.04 sec)

+------------+--------------------------+
| period     | customercontractactivity |
+------------+--------------------------+
| 2021-04-17 |                    28114 |
| 2021-04-16 |                    28137 |
| 2021-04-15 |                    28140 |
| 2021-04-14 |                    28121 |
| 2021-04-13 |                    28114 |
+------------+--------------------------+
5 rows in set (0.06 sec)

Query OK, 0 rows affected (0.03 sec)

Query OK, 300159 rows affected (8 min 9.18 sec)
Records: 300159  Duplicates: 0  Warnings: 0

Query OK, 0 rows affected (0.98 sec)
Records: 0  Duplicates: 0  Warnings: 0

Query OK, 0 rows affected (1.13 sec)
Records: 0  Duplicates: 0  Warnings: 0

Query OK, 0 rows affected (1.12 sec)
Records: 0  Duplicates: 0  Warnings: 0

Query OK, 0 rows affected (0.01 sec)

Query OK, 233 rows affected (0.45 sec)
Records: 233  Duplicates: 0  Warnings: 0

Query OK, 0 rows affected (0.01 sec)

Query OK, 2734 rows affected (0.63 sec)
Records: 2734  Duplicates: 0  Warnings: 0

Query OK, 0 rows affected (0.01 sec)

Query OK, 28091 rows affected (0.55 sec)
Records: 28091  Duplicates: 0  Warnings: 0

Query OK, 0 rows affected (0.01 sec)

Query OK, 17250 rows affected (0.37 sec)
Records: 17250  Duplicates: 0  Warnings: 0

Query OK, 0 rows affected (0.01 sec)

Query OK, 17250 rows affected (0.12 sec)
Records: 17250  Duplicates: 0  Warnings: 0

Query OK, 0 rows affected (0.02 sec)

Query OK, 17250 rows affected (1.19 sec)
Records: 17250  Duplicates: 0  Warnings: 0

Query OK, 0 rows affected (0.01 sec)

Query OK, 17250 rows affected (44.49 sec)
Records: 17250  Duplicates: 0  Warnings: 0

+-------------+
| clientstats |
+-------------+
|       17250 |
+-------------+
1 row in set (0.01 sec)

Query OK, 0 rows affected (0.01 sec)

Query OK, 13 rows affected, 1 warning (0.11 sec)
Records: 13  Duplicates: 0  Warnings: 1

+-----------------------+-------------+-------------+----------------+-----------------+
| services              | activecount | allaccounts | uniqueaccounts | uniquecontracts |
+-----------------------+-------------+-------------+----------------+-----------------+
| All                   |         375 |          63 |             63 |             201 |
| Internet & OTT        |           2 |           1 |              1 |               1 |
| Internet & Voice      |         338 |         150 |            150 |             294 |
| Internet Only         |        4375 |        4257 |           4252 |            4300 |
| OTT Only              |           1 |           1 |              1 |               1 |
| TV & Internet         |        9881 |        4435 |           4428 |            9052 |
| TV & Internet & OTT   |        3644 |         934 |            932 |            1936 |
| TV & Internet & Voice |         522 |         149 |            149 |             458 |
| TV & OTT              |         548 |          83 |             81 |             105 |
| TV & Voice            |          75 |          34 |             34 |              69 |
| TV Only               |        8941 |        7026 |           7018 |            7213 |
| Voice Only            |         120 |         117 |            117 |             120 |
| GRAND TOTAL           |       28822 |       17250 |          17184 |           23750 |
+-----------------------+-------------+-------------+----------------+-----------------+
13 rows in set (0.00 sec)

+-------------+-------------+-------------+----------------+-----------------+
| network     | activecount | allaccounts | uniqueaccounts | uniquecontracts |
+-------------+-------------+-------------+----------------+-----------------+
| GPON        |       11403 |        5674 |           5671 |            8966 |
| HFC         |       17419 |       11576 |          11576 |           14784 |
| GRAND TOTAL |       28822 |       17250 |          17184 |           23750 |
+-------------+-------------+-------------+----------------+-----------------+
3 rows in set, 1 warning (0.13 sec)

+-------------+-----------------------+-------------+-------------+----------------+-----------------+
| network     | services              | activecount | allaccounts | uniqueaccounts | uniquecontracts |
+-------------+-----------------------+-------------+-------------+----------------+-----------------+
| GPON        | All                   |         243 |          43 |             43 |             135 |
| GPON        | Internet & Voice      |          82 |          34 |             34 |              72 |
| GPON        | Internet Only         |        1382 |        1285 |           1285 |            1311 |
| GPON        | TV & Internet         |        4777 |        2102 |           2102 |            4331 |
| GPON        | TV & Internet & OTT   |        2378 |         603 |            603 |            1258 |
| GPON        | TV & Internet & Voice |         255 |          67 |             67 |             209 |
| GPON        | TV & OTT              |         317 |          46 |             46 |              58 |
| GPON        | TV & Voice            |          53 |          24 |             24 |              49 |
| GPON        | TV Only               |        1905 |        1460 |           1460 |            1532 |
| GPON        | Voice Only            |          11 |          10 |             10 |              11 |
| GPON        | Services Total        |       11403 |        5674 |           5671 |            8966 |
| HFC         | All                   |         132 |          20 |             20 |              66 |
| HFC         | Internet & OTT        |           2 |           1 |              1 |               1 |
| HFC         | Internet & Voice      |         256 |         116 |            116 |             222 |
| HFC         | Internet Only         |        2993 |        2972 |           2972 |            2989 |
| HFC         | OTT Only              |           1 |           1 |              1 |               1 |
| HFC         | TV & Internet         |        5104 |        2333 |           2333 |            4721 |
| HFC         | TV & Internet & OTT   |        1266 |         331 |            331 |             678 |
| HFC         | TV & Internet & Voice |         267 |          82 |             82 |             249 |
| HFC         | TV & OTT              |         231 |          37 |             37 |              47 |
| HFC         | TV & Voice            |          22 |          10 |             10 |              20 |
| HFC         | TV Only               |        7036 |        5566 |           5566 |            5681 |
| HFC         | Voice Only            |         109 |         107 |            107 |             109 |
| HFC         | Services Total        |       17419 |       11576 |          11576 |           14784 |
| GRAND TOTAL | Services Total        |       28822 |       17250 |          17184 |           23750 |
+-------------+-----------------------+-------------+-------------+----------------+-----------------+
25 rows in set, 2 warnings (0.14 sec)

Query OK, 0 rows affected (0.01 sec)

Query OK, 44 rows affected, 3 warnings (0.20 sec)
Records: 44  Duplicates: 0  Warnings: 3

+-------------+---------------+-----------------------+-------------+-------------+----------------+-----------------+
| region      | network       | services              | activecount | allaccounts | uniqueaccounts | uniquecontracts |
+-------------+---------------+-----------------------+-------------+-------------+----------------+-----------------+
| Eden Island | GPON          | TV & Internet         |           2 |           1 |              1 |               2 |
| Eden Island | GPON          | Services Total        |           2 |           1 |              1 |               2 |
| Eden Island | Network Total | Services Total        |           2 |           1 |              1 |               2 |
| Mahe        | GPON          | All                   |         212 |          38 |             38 |             120 |
| Mahe        | GPON          | Internet & Voice      |          70 |          28 |             28 |              60 |
| Mahe        | GPON          | Internet Only         |        1146 |        1049 |           1049 |            1075 |
| Mahe        | GPON          | TV & Internet         |        3923 |        1725 |           1725 |            3550 |
| Mahe        | GPON          | TV & Internet & OTT   |        1987 |         494 |            494 |            1035 |
| Mahe        | GPON          | TV & Internet & Voice |         245 |          64 |             64 |             199 |
| Mahe        | GPON          | TV & OTT              |         291 |          36 |             36 |              48 |
| Mahe        | GPON          | TV & Voice            |          51 |          23 |             23 |              47 |
| Mahe        | GPON          | TV Only               |        1554 |        1181 |           1181 |            1238 |
| Mahe        | GPON          | Voice Only            |          11 |          10 |             10 |              11 |
| Mahe        | GPON          | Services Total        |        9490 |        4648 |           4648 |            7383 |
| Mahe        | HFC           | All                   |         132 |          20 |             20 |              66 |
| Mahe        | HFC           | Internet & OTT        |           2 |           1 |              1 |               1 |
| Mahe        | HFC           | Internet & Voice      |         256 |         116 |            116 |             222 |
| Mahe        | HFC           | Internet Only         |        2992 |        2971 |           2971 |            2988 |
| Mahe        | HFC           | OTT Only              |           1 |           1 |              1 |               1 |
| Mahe        | HFC           | TV & Internet         |        5102 |        2332 |           2332 |            4719 |
| Mahe        | HFC           | TV & Internet & OTT   |        1266 |         331 |            331 |             678 |
| Mahe        | HFC           | TV & Internet & Voice |         267 |          82 |             82 |             249 |
| Mahe        | HFC           | TV & OTT              |         231 |          37 |             37 |              47 |
| Mahe        | HFC           | TV & Voice            |          22 |          10 |             10 |              20 |
| Mahe        | HFC           | TV Only               |        7033 |        5564 |           5564 |            5679 |
| Mahe        | HFC           | Voice Only            |         109 |         107 |            107 |             109 |
| Mahe        | HFC           | Services Total        |       17413 |       11572 |          11572 |           14779 |
| Mahe        | Network Total | Services Total        |       26903 |       16220 |          16157 |           22162 |
| Praslin     | GPON          | All                   |          31 |           5 |              5 |              15 |
| Praslin     | GPON          | Internet & Voice      |          12 |           6 |              6 |              12 |
| Praslin     | GPON          | Internet Only         |         236 |         236 |            236 |             236 |
| Praslin     | GPON          | TV & Internet         |         852 |         376 |            376 |             779 |
| Praslin     | GPON          | TV & Internet & OTT   |         391 |         109 |            109 |             223 |
| Praslin     | GPON          | TV & Internet & Voice |          10 |           3 |              3 |              10 |
| Praslin     | GPON          | TV & OTT              |          26 |          10 |             10 |              10 |
| Praslin     | GPON          | TV & Voice            |           2 |           1 |              1 |               2 |
| Praslin     | GPON          | TV Only               |         351 |         279 |            279 |             294 |
| Praslin     | GPON          | Services Total        |        1911 |        1025 |           1025 |            1581 |
| Praslin     | HFC           | Internet Only         |           1 |           1 |              1 |               1 |
| Praslin     | HFC           | TV & Internet         |           2 |           1 |              1 |               2 |
| Praslin     | HFC           | TV Only               |           3 |           2 |              2 |               2 |
| Praslin     | HFC           | Services Total        |           6 |           4 |              4 |               5 |
| Praslin     | Network Total | Services Total        |        1917 |        1029 |           1029 |            1586 |
| GRAND TOTAL | Network Total | Services Total        |       28822 |       17250 |          17184 |           23750 |
+-------------+---------------+-----------------------+-------------+-------------+----------------+-----------------+
44 rows in set (0.00 sec)

Query OK, 0 rows affected (0.01 sec)

Query OK, 28092 rows affected (0.46 sec)
Records: 28092  Duplicates: 0  Warnings: 0

Query OK, 0 rows affected (0.01 sec)

Query OK, 2270 rows affected (1.15 sec)
Records: 2270  Duplicates: 0  Warnings: 0

+--------------------------------------+
| message                              |
+--------------------------------------+
| running rcbill_my.sp_ActiveNumber2() |
+--------------------------------------+
1 row in set (0.00 sec)

Query OK, 365 rows affected (1 min 53.31 sec)

mysql> mysql \. C:\workspace\cloud\code\sql\_DailyScript\currenttime.sql
+---------------------+
| currenttime         |
+---------------------+
| 2021-04-19 06:43:43 |
+---------------------+
1 row in set (0.00 sec)

mysql> 
mysql> mysql \. C:\workspace\cloud\code\sql\_DailyScript\GetActiveNumbers Average -Pivot.sql
Database changed
+-------------------------------------+
| @today := subdate(current_date(),1) |
+-------------------------------------+
| 2021-04-18                          |
+-------------------------------------+
1 row in set (0.00 sec)

+-------------------------------------+
| @lastdayofmonth := last_day(@today) |
+-------------------------------------+
| 2021-04-30                          |
+-------------------------------------+
1 row in set (0.00 sec)

Query OK, 0 rows affected (0.01 sec)

Query OK, 46946 rows affected, 65535 warnings (59.61 sec)
Records: 46946  Duplicates: 0  Warnings: 96707

Query OK, 0 rows affected (0.10 sec)
Records: 0  Duplicates: 0  Warnings: 0

Query OK, 0 rows affected (0.13 sec)
Records: 0  Duplicates: 0  Warnings: 0

Query OK, 0 rows affected (0.10 sec)
Records: 0  Duplicates: 0  Warnings: 0

+-----------------+
| activenumberavg |
+-----------------+
|           46946 |
+-----------------+
1 row in set (0.01 sec)

Query OK, 0 rows affected (0.01 sec)

Query OK, 1959 rows affected (0.55 sec)
Records: 1959  Duplicates: 0  Warnings: 0

+---------------------+
| rep_activenumberavg |
+---------------------+
|                1959 |
+---------------------+
1 row in set (0.00 sec)

+----------------------+
| rep_activenumberavg1 |
+----------------------+
|                  915 |
+----------------------+
1 row in set (0.00 sec)

Query OK, 0 rows affected (0.01 sec)

Query OK, 2466 rows affected (0.44 sec)
Records: 2466  Duplicates: 0  Warnings: 0

Query OK, 0 rows affected (0.01 sec)

Query OK, 12691 rows affected (0.81 sec)
Records: 12691  Duplicates: 0  Warnings: 0

Query OK, 0 rows affected (0.00 sec)

Query OK, 0 rows affected (0.00 sec)

Query OK, 0 rows affected (0.01 sec)

Query OK, 0 rows affected (0.00 sec)

Query OK, 0 rows affected (0.00 sec)
Statement prepared

Query OK, 53 rows affected (0.05 sec)
Records: 53  Duplicates: 0  Warnings: 0

Query OK, 0 rows affected (0.00 sec)

Query OK, 0 rows affected (0.00 sec)

+----------------------+
| rep_activenumberavg2 |
+----------------------+
|                 2466 |
+----------------------+
1 row in set (0.00 sec)

+------------------------+
| rep_activenumberavg_pv |
+------------------------+
|                     53 |
+------------------------+
1 row in set (0.00 sec)

Query OK, 0 rows affected (0.01 sec)

Query OK, 2465 rows affected (0.36 sec)
Records: 2465  Duplicates: 0  Warnings: 0

Query OK, 0 rows affected (0.00 sec)

Query OK, 0 rows affected (0.00 sec)

Query OK, 0 rows affected (0.01 sec)

Query OK, 0 rows affected (0.00 sec)

Query OK, 0 rows affected (0.00 sec)
Statement prepared

Query OK, 53 rows affected (0.05 sec)
Records: 53  Duplicates: 0  Warnings: 0

Query OK, 0 rows affected (0.00 sec)

Query OK, 0 rows affected (0.00 sec)

+-------------------------+
| rep_activenumberavgMahe |
+-------------------------+
|                    2465 |
+-------------------------+
1 row in set (0.00 sec)

+----------------------------+
| rep_activenumberavgMahe_pv |
+----------------------------+
|                         53 |
+----------------------------+
1 row in set (0.00 sec)

Query OK, 0 rows affected (0.01 sec)

Query OK, 1561 rows affected (0.16 sec)
Records: 1561  Duplicates: 0  Warnings: 0

Query OK, 0 rows affected (0.00 sec)

Query OK, 0 rows affected (0.00 sec)

Query OK, 0 rows affected (0.01 sec)

Query OK, 0 rows affected (0.00 sec)

Query OK, 0 rows affected (0.00 sec)
Statement prepared

Query OK, 40 rows affected (0.03 sec)
Records: 40  Duplicates: 0  Warnings: 0

Query OK, 0 rows affected (0.00 sec)

Query OK, 0 rows affected (0.00 sec)

+----------------------------+
| rep_activenumberavgPraslin |
+----------------------------+
|                       1561 |
+----------------------------+
1 row in set (0.00 sec)

+-------------------------------+
| rep_activenumberavgPraslin_pv |
+-------------------------------+
|                            40 |
+-------------------------------+
1 row in set (0.00 sec)

mysql> mysql \. C:\workspace\cloud\code\sql\_DailyScript\currenttime.sql
+---------------------+
| currenttime         |
+---------------------+
| 2021-04-19 06:44:45 |
+---------------------+
1 row in set (0.00 sec)

mysql> 
mysql> 
mysql> 
mysql> 
mysql> 
mysql> 
mysql> 
mysql> 
mysql> 
mysql> 
mysql> 
mysql> 
mysql> 
mysql> 
mysql> 
mysql> 
mysql> 
mysql> 
mysql> 
mysql> 
mysql> 
mysql> 
mysql> 
mysql> 
mysql> exit
