    -> 
    -> mysql \. C:\workspace\cloud\code\sql\_DailyScript\_setdates.sql
Database changed
Query OK, 0 rows affected (0.00 sec)

Query OK, 0 rows affected (0.00 sec)

Query OK, 0 rows affected (0.00 sec)

Query OK, 0 rows affected (0.00 sec)

Query OK, 0 rows affected (0.00 sec)

Query OK, 0 rows affected (0.00 sec)

Query OK, 0 rows affected (0.00 sec)

Query OK, 0 rows affected (0.00 sec)

Query OK, 0 rows affected (0.00 sec)

Query OK, 0 rows affected (0.00 sec)

Query OK, 0 rows affected (0.00 sec)

Query OK, 0 rows affected (0.00 sec)

Query OK, 0 rows affected (0.00 sec)

Query OK, 0 rows affected (0.00 sec)

Query OK, 0 rows affected (0.00 sec)

Query OK, 0 rows affected (0.00 sec)

Query OK, 0 rows affected (0.00 sec)

Query OK, 0 rows affected (0.00 sec)

Query OK, 0 rows affected (0.00 sec)

Query OK, 0 rows affected (0.00 sec)

Query OK, 0 rows affected (0.00 sec)

mysql> mysql \. C:\workspace\cloud\code\sql\_DailyScript\currenttime.sql
+---------------------+
| currenttime         |
+---------------------+
| 2019-12-10 08:42:56 |
+---------------------+
1 row in set (0.00 sec)

mysql> 
mysql> mysql \. C:\workspace\cloud\code\sql\_DailyScript\load_RCB_VODTITLES.sql
Database changed
Query OK, 0 rows affected (0.00 sec)

Query OK, 8480 rows affected (0.04 sec)

Query OK, 8482 rows affected, 8482 warnings (0.42 sec)
Records: 8482  Deleted: 0  Skipped: 0  Warnings: 8482

Query OK, 0 rows affected (0.00 sec)

Query OK, 2 rows affected (0.01 sec)

+-----------+
| VODTITLES |
+-----------+
|      8940 |
+-----------+
1 row in set (0.00 sec)

+-----------+-----------+
| titletype | typecount |
+-----------+-----------+
| E         |      6893 |
| N         |       213 |
| T         |      1374 |
| NULL      |      8480 |
+-----------+-----------+
4 rows in set (0.03 sec)

mysql> mysql \. C:\workspace\cloud\code\sql\_DailyScript\currenttime.sql
+---------------------+
| currenttime         |
+---------------------+
| 2019-12-10 08:42:57 |
+---------------------+
1 row in set (0.00 sec)

mysql> 
mysql> mysql \. C:\workspace\cloud\code\sql\_DailyScript\DAILY-SCRIPT-LIVETV-STATS.sql
Database changed
Query OK, 0 rows affected (0.18 sec)

Query OK, 75828 rows affected (1.38 sec)
Records: 75828  Duplicates: 0  Warnings: 0

+------------+------------+----------+--------------+--------------+-----------+-------------+----------+--------+------+------------+---------+---------------+
| Table      | Non_unique | Key_name | Seq_in_index | Column_name  | Collation | Cardinality | Sub_part | Packed | Null | Index_type | Comment | Index_comment |
+------------+------------+----------+--------------+--------------+-----------+-------------+----------+--------+------+------------+---------+---------------+
| templivetv |          1 | idxtv1   |            1 | device       | A         |       76182 |     NULL | NULL   | YES  | BTREE      |         |               |
| templivetv |          1 | idxtv2   |            1 | sessionstart | A         |       76182 |     NULL | NULL   | YES  | BTREE      |         |               |
+------------+------------+----------+--------------+--------------+-----------+-------------+----------+--------+------+------------+---------+---------------+
2 rows in set (0.00 sec)

Query OK, 75731 rows affected (38.48 sec)
Records: 75731  Duplicates: 0  Warnings: 0

Query OK, 2721 rows affected (0.93 sec)
Records: 2721  Duplicates: 0  Warnings: 0

Query OK, 0 rows affected (0.00 sec)

Query OK, 0 rows affected (0.01 sec)

Query OK, 137 rows affected (0.10 sec)
Records: 137  Duplicates: 0  Warnings: 0

Query OK, 0 rows affected (0.02 sec)

Query OK, 99982 rows affected (16 min 8.75 sec)
Records: 99982  Duplicates: 0  Warnings: 0

+-----------------+
| rep_livetvstats |
+-----------------+
|           99982 |
+-----------------+
1 row in set (0.03 sec)

mysql> mysql \. C:\workspace\cloud\code\sql\_DailyScript\currenttime.sql
+---------------------+
| currenttime         |
+---------------------+
| 2019-12-10 08:59:46 |
+---------------------+
1 row in set (0.00 sec)

mysql> 
mysql> mysql \. C:\workspace\cloud\code\sql\_DailyScript\DAILY-SCRIPT-VODTS-STATS.sql
Database changed
Query OK, 0 rows affected (0.02 sec)

Query OK, 4636 rows affected (24.69 sec)
Records: 4636  Duplicates: 0  Warnings: 0

+---------+------------+----------+--------------+--------------+-----------+-------------+----------+--------+------+------------+---------+---------------+
| Table   | Non_unique | Key_name | Seq_in_index | Column_name  | Collation | Cardinality | Sub_part | Packed | Null | Index_type | Comment | Index_comment |
+---------+------------+----------+--------------+--------------+-----------+-------------+----------+--------+------+------------+---------+---------------+
| tempvod |          1 | idxtvod1 |            1 | device       | A         |        4407 |     NULL | NULL   | YES  | BTREE      |         |               |
| tempvod |          1 | idxtvod2 |            1 | sessionstart | A         |        4407 |     NULL | NULL   | YES  | BTREE      |         |               |
+---------+------------+----------+--------------+--------------+-----------+-------------+----------+--------+------+------------+---------+---------------+
2 rows in set (0.00 sec)

Query OK, 4679 rows affected (6.47 sec)
Records: 4679  Duplicates: 0  Warnings: 0

Query OK, 0 rows affected (0.03 sec)

Query OK, 423465 rows affected (39.57 sec)
Records: 423465  Duplicates: 0  Warnings: 0

+--------------+
| rep_vodstats |
+--------------+
|       423465 |
+--------------+
1 row in set (0.13 sec)

Database changed
Query OK, 0 rows affected (0.03 sec)

Query OK, 15007 rows affected (2 min 0.06 sec)
Records: 15007  Duplicates: 0  Warnings: 0

+--------+------------+----------+--------------+--------------+-----------+-------------+----------+--------+------+------------+---------+---------------+
| Table  | Non_unique | Key_name | Seq_in_index | Column_name  | Collation | Cardinality | Sub_part | Packed | Null | Index_type | Comment | Index_comment |
+--------+------------+----------+--------------+--------------+-----------+-------------+----------+--------+------+------------+---------+---------------+
| tempts |          1 | idxtts1  |            1 | device       | A         |       15136 |     NULL | NULL   | YES  | BTREE      |         |               |
| tempts |          1 | idxtts2  |            1 | sessionstart | A         |       15136 |     NULL | NULL   | YES  | BTREE      |         |               |
+--------+------------+----------+--------------+--------------+-----------+-------------+----------+--------+------+------------+---------+---------------+
2 rows in set (0.01 sec)

Query OK, 15006 rows affected (13.43 sec)
Records: 15006  Duplicates: 0  Warnings: 0

Query OK, 0 rows affected (0.02 sec)

Query OK, 27635 rows affected (1 min 53.61 sec)
Records: 27635  Duplicates: 0  Warnings: 0

+-------------+
| rep_tsstats |
+-------------+
|       27635 |
+-------------+
1 row in set (0.01 sec)

mysql> mysql \. C:\workspace\cloud\code\sql\_DailyScript\currenttime.sql
+---------------------+
| currenttime         |
+---------------------+
| 2019-12-10 09:05:05 |
+---------------------+
1 row in set (0.00 sec)

mysql> 
mysql> mysql \. C:\workspace\cloud\code\sql\_DailyScript\DAILY-SCRIPT-RADIO-STATS.sql
Database changed
Query OK, 0 rows affected (0.05 sec)

Query OK, 201248 rows affected (3.20 sec)
Records: 201248  Duplicates: 0  Warnings: 0

+-----------+------------+----------+--------------+--------------+-----------+-------------+----------+--------+------+------------+---------+---------------+
| Table     | Non_unique | Key_name | Seq_in_index | Column_name  | Collation | Cardinality | Sub_part | Packed | Null | Index_type | Comment | Index_comment |
+-----------+------------+----------+--------------+--------------+-----------+-------------+----------+--------+------+------------+---------+---------------+
| tempradio |          1 | idxtrad1 |            1 | device       | A         |      201273 |     NULL | NULL   | YES  | BTREE      |         |               |
| tempradio |          1 | idxtrad2 |            1 | sessionstart | A         |      201273 |     NULL | NULL   | YES  | BTREE      |         |               |
+-----------+------------+----------+--------------+--------------+-----------+-------------+----------+--------+------+------------+---------+---------------+
2 rows in set (0.00 sec)

Query OK, 398 rows affected (8.80 sec)
Records: 398  Duplicates: 0  Warnings: 0

Query OK, 0 rows affected (0.11 sec)

Query OK, 3722 rows affected (0.45 sec)
Records: 3722  Duplicates: 0  Warnings: 0

+----------------+
| rep_radiostats |
+----------------+
|           3722 |
+----------------+
1 row in set (0.01 sec)

mysql> mysql \. C:\workspace\cloud\code\sql\_DailyScript\currenttime.sql
+---------------------+
| currenttime         |
+---------------------+
| 2019-12-10 09:05:17 |
+---------------------+
1 row in set (0.00 sec)

mysql> 
mysql> mysql \. C:\workspace\cloud\code\sql\_DailyScript\DAILY_SCRIPT_TELEMETRY_PIVOT.sql
Query OK, 0 rows affected (0.05 sec)

Query OK, 148 rows affected (0.39 sec)
Records: 148  Duplicates: 0  Warnings: 0

Query OK, 0 rows affected (0.00 sec)

Query OK, 7543 rows affected (6.47 sec)
Records: 7543  Duplicates: 0  Warnings: 0

Query OK, 0 rows affected (0.13 sec)

Query OK, 9 rows affected (0.41 sec)
Records: 9  Duplicates: 0  Warnings: 0

Query OK, 0 rows affected (0.01 sec)

Query OK, 56 rows affected (0.28 sec)
Records: 56  Duplicates: 0  Warnings: 0

mysql> mysql \. C:\workspace\cloud\code\sql\_DailyScript\currenttime.sql
+---------------------+
| currenttime         |
+---------------------+
| 2019-12-10 09:05:25 |
+---------------------+
1 row in set (0.02 sec)

mysql> 
mysql> mysql \. C:\workspace\cloud\code\sql\_DailyScript\telemetry_livetv_ranking2019.sql
Query OK, 0 rows affected (0.00 sec)

Query OK, 148 rows affected (0.33 sec)
Records: 148  Duplicates: 0  Warnings: 0

mysql> mysql \. C:\workspace\cloud\code\sql\_DailyScript\currenttime.sql
+---------------------+
| currenttime         |
+---------------------+
| 2019-12-10 09:05:25 |
+---------------------+
1 row in set (0.00 sec)

mysql> 
mysql> mysql \. C:\workspace\cloud\code\sql\_DailyScript\telemetry_radio_ranking2019.sql
Query OK, 0 rows affected (0.02 sec)

Query OK, 9 rows affected (0.02 sec)
Records: 9  Duplicates: 0  Warnings: 0

mysql> mysql \. C:\workspace\cloud\code\sql\_DailyScript\currenttime.sql
+---------------------+
| currenttime         |
+---------------------+
| 2019-12-10 09:05:25 |
+---------------------+
1 row in set (0.00 sec)

mysql> 
mysql> mysql \. C:\workspace\cloud\code\sql\_DailyScript\telemetry_ts_ranking2019.sql
Query OK, 0 rows affected (0.00 sec)

Query OK, 56 rows affected (0.01 sec)
Records: 56  Duplicates: 0  Warnings: 0

mysql> mysql \. C:\workspace\cloud\code\sql\_DailyScript\currenttime.sql
+---------------------+
| currenttime         |
+---------------------+
| 2019-12-10 09:05:25 |
+---------------------+
1 row in set (0.00 sec)

mysql> 
mysql> mysql \. C:\workspace\cloud\code\sql\_DailyScript\telemetry_vod_ranking2019.sql
Query OK, 0 rows affected (0.00 sec)

Query OK, 7543 rows affected (1.13 sec)
Records: 7543  Duplicates: 0  Warnings: 0

mysql> mysql \. C:\workspace\cloud\code\sql\_DailyScript\currenttime.sql
+---------------------+
| currenttime         |
+---------------------+
| 2019-12-10 09:05:27 |
+---------------------+
1 row in set (0.00 sec)

mysql> 
mysql> mysql \. C:\workspace\cloud\code\sql\_DailyScript\telemetry_vod_ranking2019_1.sql
Query OK, 0 rows affected (0.01 sec)

Query OK, 7543 rows affected (0.47 sec)
Records: 7543  Duplicates: 0  Warnings: 0

mysql> mysql \. C:\workspace\cloud\code\sql\_DailyScript\currenttime.sql
+---------------------+
| currenttime         |
+---------------------+
| 2019-12-10 09:05:27 |
+---------------------+
1 row in set (0.00 sec)

mysql> 
mysql> mysql \. C:\workspace\cloud\code\sql\_DailyScript\telemetry_vod_ranking2019_2.sql
Query OK, 0 rows affected (0.02 sec)

Query OK, 7543 rows affected (0.48 sec)
Records: 7543  Duplicates: 0  Warnings: 0

mysql> mysql \. C:\workspace\cloud\code\sql\_DailyScript\currenttime.sql
+---------------------+
| currenttime         |
+---------------------+
| 2019-12-10 09:05:28 |
+---------------------+
1 row in set (0.00 sec)

mysql> 
mysql> mysql \. C:\workspace\cloud\code\sql\_DailyScript\DAILY-SCRIPT-CREATE-LOAD.sql
Database changed
Database changed
Query OK, 0 rows affected (0.11 sec)

Query OK, 0 rows affected (0.00 sec)

Database changed
Query OK, 65959 rows affected (4.60 sec)
Records: 65959  Deleted: 0  Skipped: 0  Warnings: 0

Query OK, 0 rows affected (0.36 sec)
Records: 0  Duplicates: 0  Warnings: 0

Query OK, 0 rows affected (0.23 sec)
Records: 0  Duplicates: 0  Warnings: 0

Query OK, 0 rows affected (0.53 sec)
Records: 0  Duplicates: 0  Warnings: 0

Query OK, 0 rows affected (0.36 sec)
Records: 0  Duplicates: 0  Warnings: 0

+---------+
| clients |
+---------+
|   65959 |
+---------+
1 row in set (0.02 sec)

Query OK, 0 rows affected (0.00 sec)

Query OK, 3408 rows affected (0.78 sec)
Records: 3408  Duplicates: 0  Warnings: 0

+-------------------+
| rcb_clientparcels |
+-------------------+
|              3408 |
+-------------------+
1 row in set (0.00 sec)

Query OK, 0 rows affected (0.01 sec)

Query OK, 85069 rows affected (4.02 sec)
Records: 85069  Duplicates: 0  Warnings: 0

Query OK, 0 rows affected (0.43 sec)
Records: 0  Duplicates: 0  Warnings: 0

Query OK, 0 rows affected (0.03 sec)

Query OK, 65959 rows affected (3.04 sec)
Records: 65959  Duplicates: 0  Warnings: 0

Query OK, 0 rows affected (0.35 sec)
Records: 0  Duplicates: 0  Warnings: 0

Query OK, 0 rows affected (0.44 sec)
Records: 0  Duplicates: 0  Warnings: 0

Query OK, 0 rows affected (0.20 sec)
Records: 0  Duplicates: 0  Warnings: 0

+---------------+
| clientaddress |
+---------------+
|         65959 |
+---------------+
1 row in set (0.02 sec)

Database changed
Query OK, 0 rows affected (0.12 sec)

Query OK, 0 rows affected (0.01 sec)

Database changed
Query OK, 494975 rows affected, 65535 warnings (21.42 sec)
Records: 494975  Deleted: 0  Skipped: 0  Warnings: 195457

Query OK, 0 rows affected (9.29 sec)
Records: 0  Duplicates: 0  Warnings: 0

Query OK, 0 rows affected (3.27 sec)
Records: 0  Duplicates: 0  Warnings: 0

Query OK, 0 rows affected (2.17 sec)
Records: 0  Duplicates: 0  Warnings: 0

Query OK, 0 rows affected (0.14 sec)

Query OK, 494975 rows affected (49.17 sec)
Records: 494975  Duplicates: 0  Warnings: 0

Query OK, 0 rows affected (2.01 sec)
Records: 0  Duplicates: 0  Warnings: 0

Query OK, 0 rows affected (1.41 sec)
Records: 0  Duplicates: 0  Warnings: 0

+-----------+
| contracts |
+-----------+
|    494975 |
+-----------+
1 row in set (0.14 sec)

+-----------------+
| contractaddress |
+-----------------+
|          494975 |
+-----------------+
1 row in set (0.16 sec)

Database changed
Query OK, 0 rows affected (0.02 sec)

Query OK, 0 rows affected (0.01 sec)

Query OK, 7186 rows affected (0.16 sec)
Records: 7186  Deleted: 0  Skipped: 0  Warnings: 0

Query OK, 0 rows affected (0.01 sec)

Query OK, 7155 rows affected (2.96 sec)
Records: 7155  Duplicates: 0  Warnings: 0

Query OK, 0 rows affected (0.03 sec)
Records: 0  Duplicates: 0  Warnings: 0

Query OK, 0 rows affected (0.02 sec)

Query OK, 5585 rows affected (0.06 sec)
Records: 5585  Duplicates: 0  Warnings: 0

Query OK, 0 rows affected (0.30 sec)
Records: 0  Duplicates: 0  Warnings: 0

+-------------------+
| contractdiscounts |
+-------------------+
|              7186 |
+-------------------+
1 row in set (0.00 sec)

+-------------------------+
| clientcontractdiscounts |
+-------------------------+
|                    7155 |
+-------------------------+
1 row in set (0.00 sec)

+----------------------------+
| clientcontractlastdiscount |
+----------------------------+
|                       5585 |
+----------------------------+
1 row in set (0.00 sec)

Database changed
Query OK, 0 rows affected (0.28 sec)

Query OK, 0 rows affected (0.00 sec)

Database changed
Query OK, 131781 rows affected (3.71 sec)
Records: 131781  Deleted: 0  Skipped: 0  Warnings: 0

Query OK, 0 rows affected (0.33 sec)
Records: 0  Duplicates: 0  Warnings: 0

Query OK, 0 rows affected (0.74 sec)
Records: 0  Duplicates: 0  Warnings: 0

Query OK, 0 rows affected (0.50 sec)
Records: 0  Duplicates: 0  Warnings: 0

Query OK, 0 rows affected (0.72 sec)
Records: 0  Duplicates: 0  Warnings: 0

Query OK, 0 rows affected (1.15 sec)
Records: 0  Duplicates: 0  Warnings: 0

Query OK, 0 rows affected (0.85 sec)
Records: 0  Duplicates: 0  Warnings: 0

Query OK, 0 rows affected (0.05 sec)

Query OK, 1690455 rows affected (3 min 36.22 sec)
Records: 1690455  Duplicates: 0  Warnings: 0

+---------+
| devices |
+---------+
|  131781 |
+---------+
1 row in set (0.05 sec)

+-----------------------+
| clientcontractdevices |
+-----------------------+
|               1690455 |
+-----------------------+
1 row in set (0.97 sec)

Query OK, 0 rows affected (0.11 sec)

Query OK, 131780 rows affected (8.07 sec)
Records: 131780  Duplicates: 0  Warnings: 0

+---------------------------+
| rep_clientcontractdevices |
+---------------------------+
|                    131780 |
+---------------------------+
1 row in set (0.05 sec)

Database changed
Query OK, 0 rows affected (0.06 sec)

Query OK, 0 rows affected (0.02 sec)

Query OK, 264822 rows affected (7.22 sec)
Records: 264822  Deleted: 0  Skipped: 0  Warnings: 0

Query OK, 0 rows affected (0.69 sec)
Records: 0  Duplicates: 0  Warnings: 0

Query OK, 0 rows affected (0.64 sec)
Records: 0  Duplicates: 0  Warnings: 0

Query OK, 0 rows affected (0.64 sec)
Records: 0  Duplicates: 0  Warnings: 0

Query OK, 0 rows affected (1.03 sec)
Records: 0  Duplicates: 0  Warnings: 0

+---------+
| tickets |
+---------+
|  264822 |
+---------+
1 row in set (0.06 sec)

Database changed
Query OK, 0 rows affected (0.00 sec)

Query OK, 0 rows affected (0.00 sec)

Empty set (0.00 sec)

Query OK, 0 rows affected (0.01 sec)
Records: 0  Duplicates: 0  Warnings: 0

Query OK, 317 rows affected, 2 warnings (0.03 sec)
Records: 317  Deleted: 0  Skipped: 0  Warnings: 2

+-----------------+
| tickettechusers |
+-----------------+
|             317 |
+-----------------+
1 row in set (0.00 sec)

Database changed
Query OK, 0 rows affected (0.00 sec)

Query OK, 0 rows affected (0.01 sec)

Query OK, 0 rows affected (0.03 sec)
Records: 0  Duplicates: 0  Warnings: 0

Query OK, 562012 rows affected, 43668 warnings (11.37 sec)
Records: 562012  Deleted: 0  Skipped: 0  Warnings: 43668

+-------------------+
| ticketassignments |
+-------------------+
|            562012 |
+-------------------+
1 row in set (0.16 sec)

Database changed
Query OK, 0 rows affected (0.08 sec)

Query OK, 0 rows affected (0.00 sec)

Query OK, 1161865 rows affected (21.62 sec)
Records: 1161865  Deleted: 0  Skipped: 0  Warnings: 0

Query OK, 0 rows affected (8.37 sec)
Records: 0  Duplicates: 0  Warnings: 0

Query OK, 0 rows affected (3.29 sec)
Records: 0  Duplicates: 0  Warnings: 0

Query OK, 0 rows affected (3.28 sec)
Records: 0  Duplicates: 0  Warnings: 0

Query OK, 0 rows affected (3.70 sec)
Records: 0  Duplicates: 0  Warnings: 0

+----------------+
| ticketcomments |
+----------------+
|        1161865 |
+----------------+
1 row in set (2.52 sec)

Database changed
Query OK, 0 rows affected (0.02 sec)

Query OK, 0 rows affected (0.00 sec)

Query OK, 427658 rows affected (45.93 sec)
Records: 427658  Deleted: 0  Skipped: 0  Warnings: 0

Query OK, 0 rows affected (2.66 sec)
Records: 0  Duplicates: 0  Warnings: 0

+----------+
| comments |
+----------+
|   427658 |
+----------+
1 row in set (0.14 sec)

Database changed
Query OK, 0 rows affected (0.06 sec)

Query OK, 0 rows affected (0.00 sec)

Query OK, 1053992 rows affected, 65535 warnings (1 min 6.49 sec)
Records: 1053992  Deleted: 0  Skipped: 0  Warnings: 1054008

Query OK, 0 rows affected (8.38 sec)
Records: 0  Duplicates: 0  Warnings: 0

Query OK, 0 rows affected (4.20 sec)
Records: 0  Duplicates: 0  Warnings: 0

Query OK, 0 rows affected (3.31 sec)
Records: 0  Duplicates: 0  Warnings: 0

Query OK, 0 rows affected (3.64 sec)
Records: 0  Duplicates: 0  Warnings: 0

Query OK, 0 rows affected (5.13 sec)
Records: 0  Duplicates: 0  Warnings: 0

+------------+
| devicesold |
+------------+
|    1053992 |
+------------+
1 row in set (0.39 sec)

Database changed
Query OK, 0 rows affected (0.05 sec)

Query OK, 0 rows affected (0.02 sec)

Query OK, 1683721 rows affected (26.53 sec)
Records: 1683721  Deleted: 0  Skipped: 0  Warnings: 0

Query OK, 0 rows affected (10.52 sec)
Records: 0  Duplicates: 0  Warnings: 0

Query OK, 0 rows affected (5.82 sec)
Records: 0  Duplicates: 0  Warnings: 0

Query OK, 0 rows affected (4.46 sec)
Records: 0  Duplicates: 0  Warnings: 0

+------------------+
| contractservices |
+------------------+
|          1683721 |
+------------------+
1 row in set (0.53 sec)

Database changed
Query OK, 0 rows affected (0.11 sec)

Query OK, 0 rows affected (0.01 sec)

Query OK, 3881950 rows affected (2 min 18.77 sec)
Records: 3881950  Deleted: 0  Skipped: 0  Warnings: 0

Query OK, 0 rows affected (15.77 sec)
Records: 0  Duplicates: 0  Warnings: 0

Query OK, 0 rows affected (15.70 sec)
Records: 0  Duplicates: 0  Warnings: 0

Query OK, 0 rows affected (15.75 sec)
Records: 0  Duplicates: 0  Warnings: 0

Query OK, 0 rows affected (15.36 sec)
Records: 0  Duplicates: 0  Warnings: 0

+------------------+
| invoicescontents |
+------------------+
|          3881950 |
+------------------+
1 row in set (1.20 sec)

Database changed
Query OK, 0 rows affected (0.44 sec)

Query OK, 0 rows affected (0.22 sec)

Query OK, 2701109 rows affected (3 min 25.25 sec)
Records: 2701109  Deleted: 0  Skipped: 0  Warnings: 0

Query OK, 0 rows affected (16.69 sec)
Records: 0  Duplicates: 0  Warnings: 0

Query OK, 0 rows affected (13.79 sec)
Records: 0  Duplicates: 0  Warnings: 0

Query OK, 0 rows affected (12.93 sec)
Records: 0  Duplicates: 0  Warnings: 0

Query OK, 0 rows affected (10.58 sec)
Records: 0  Duplicates: 0  Warnings: 0

Query OK, 0 rows affected (11.86 sec)
Records: 0  Duplicates: 0  Warnings: 0

+----------------+
| invoicesheader |
+----------------+
|        2701109 |
+----------------+
1 row in set (0.83 sec)

Database changed
Query OK, 0 rows affected (0.30 sec)

Query OK, 0 rows affected (0.02 sec)

Query OK, 2797558 rows affected (1 min 27.46 sec)
Records: 2797558  Deleted: 0  Skipped: 0  Warnings: 0

Query OK, 0 rows affected (13.28 sec)
Records: 0  Duplicates: 0  Warnings: 0

Query OK, 0 rows affected (9.86 sec)
Records: 0  Duplicates: 0  Warnings: 0

Query OK, 0 rows affected (13.28 sec)
Records: 0  Duplicates: 0  Warnings: 0

Query OK, 0 rows affected (10.65 sec)
Records: 0  Duplicates: 0  Warnings: 0

+---------+
| casa    |
+---------+
| 2797558 |
+---------+
1 row in set (0.87 sec)

Query OK, 0 rows affected (0.01 sec)

Query OK, 13326 rows affected (1 min 17.48 sec)
Records: 13326  Duplicates: 0  Warnings: 0

+--------------------+
| rep_paycol_channel |
+--------------------+
|              13326 |
+--------------------+
1 row in set (0.02 sec)

Query OK, 0 rows affected (0.03 sec)

Query OK, 9025 rows affected (1 min 23.10 sec)
Records: 9025  Duplicates: 0  Warnings: 0

+----------------+
| rep_paycol_pos |
+----------------+
|           9025 |
+----------------+
1 row in set (0.00 sec)

Database changed
Query OK, 0 rows affected (0.03 sec)

Query OK, 0 rows affected (0.00 sec)

Database changed
Query OK, 38750 rows affected (0.89 sec)
Records: 38750  Deleted: 0  Skipped: 0  Warnings: 0

+-------+
| users |
+-------+
| 38750 |
+-------+
1 row in set (0.01 sec)

Database changed
Query OK, 0 rows affected (0.06 sec)

Query OK, 0 rows affected (0.01 sec)

Database changed
Query OK, 12128946 rows affected (3 min 11.76 sec)
Records: 12128946  Deleted: 0  Skipped: 0  Warnings: 0

Query OK, 0 rows affected (47.99 sec)
Records: 0  Duplicates: 0  Warnings: 0

Query OK, 0 rows affected (48.73 sec)
Records: 0  Duplicates: 0  Warnings: 0

Query OK, 0 rows affected (47.02 sec)
Records: 0  Duplicates: 0  Warnings: 0

Query OK, 0 rows affected (41.22 sec)
Records: 0  Duplicates: 0  Warnings: 0

+----------+
| ipusage1 |
+----------+
| 12128946 |
+----------+
1 row in set (11.73 sec)

Query OK, 0 rows affected (0.23 sec)

Query OK, 12231679 rows affected, 65535 warnings (15 min 1.99 sec)
Records: 12231679  Duplicates: 0  Warnings: 12228264

Query OK, 0 rows affected (43.92 sec)
Records: 0  Duplicates: 0  Warnings: 0

Query OK, 0 rows affected (47.04 sec)
Records: 0  Duplicates: 0  Warnings: 0

Query OK, 0 rows affected (44.44 sec)
Records: 0  Duplicates: 0  Warnings: 0

Query OK, 0 rows affected (45.96 sec)
Records: 0  Duplicates: 0  Warnings: 0

Query OK, 0 rows affected (57.40 sec)
Records: 0  Duplicates: 0  Warnings: 0

Query OK, 0 rows affected (1 min 4.43 sec)
Records: 0  Duplicates: 0  Warnings: 0

Query OK, 0 rows affected (1 min 7.86 sec)
Records: 0  Duplicates: 0  Warnings: 0

+----------+
| ipusage  |
+----------+
| 12231679 |
+----------+
1 row in set (11.51 sec)

Query OK, 0 rows affected (0.14 sec)

Query OK, 3091194 rows affected (2 min 59.72 sec)
Records: 3091194  Duplicates: 0  Warnings: 0

Query OK, 0 rows affected (14.65 sec)
Records: 0  Duplicates: 0  Warnings: 0

Query OK, 0 rows affected (11.04 sec)
Records: 0  Duplicates: 0  Warnings: 0

Query OK, 0 rows affected (11.60 sec)
Records: 0  Duplicates: 0  Warnings: 0

Query OK, 0 rows affected (16.78 sec)
Records: 0  Duplicates: 0  Warnings: 0

Query OK, 0 rows affected (6.39 sec)
Records: 0  Duplicates: 0  Warnings: 0

Query OK, 0 rows affected (0.09 sec)

Query OK, 244008 rows affected (28.38 sec)
Records: 244008  Duplicates: 0  Warnings: 0

Query OK, 0 rows affected (0.82 sec)
Records: 0  Duplicates: 0  Warnings: 0

Query OK, 0 rows affected (0.79 sec)
Records: 0  Duplicates: 0  Warnings: 0

Query OK, 0 rows affected (0.90 sec)
Records: 0  Duplicates: 0  Warnings: 0

Query OK, 0 rows affected (0.47 sec)
Records: 0  Duplicates: 0  Warnings: 0

Query OK, 0 rows affected (0.40 sec)
Records: 0  Duplicates: 0  Warnings: 0

Query OK, 0 rows affected (0.46 sec)
Records: 0  Duplicates: 0  Warnings: 0

Query OK, 0 rows affected (0.47 sec)
Records: 0  Duplicates: 0  Warnings: 0

Query OK, 0 rows affected (0.35 sec)

Query OK, 1683533 rows affected (1 min 1.39 sec)
Records: 1683533  Duplicates: 0  Warnings: 0

Query OK, 0 rows affected (7.54 sec)
Records: 0  Duplicates: 0  Warnings: 0

Query OK, 0 rows affected (5.97 sec)
Records: 0  Duplicates: 0  Warnings: 0

Query OK, 0 rows affected (6.96 sec)
Records: 0  Duplicates: 0  Warnings: 0

mysql> mysql \. C:\workspace\cloud\code\sql\_DailyScript\currenttime.sql
+---------------------+
| currenttime         |
+---------------------+
| 2019-12-10 10:02:04 |
+---------------------+
1 row in set (0.00 sec)

mysql> 
mysql> mysql \. C:\workspace\cloud\code\sql\_DailyScript\ticket_analysis.sql
Database changed
Query OK, 0 rows affected (0.06 sec)

Query OK, 522845 rows affected (30.34 sec)
Records: 522845  Duplicates: 0  Warnings: 0

Query OK, 0 rows affected (8.46 sec)
Records: 0  Duplicates: 0  Warnings: 0

Query OK, 0 rows affected (1.59 sec)
Records: 0  Duplicates: 0  Warnings: 0

Query OK, 0 rows affected (1.42 sec)
Records: 0  Duplicates: 0  Warnings: 0

Query OK, 0 rows affected (0.03 sec)

Query OK, 17767 rows affected (10.81 sec)
Records: 17767  Duplicates: 0  Warnings: 0

Query OK, 0 rows affected, 1 warning (0.00 sec)

Query OK, 72205 rows affected (6.64 sec)
Records: 72205  Duplicates: 0  Warnings: 0

Query OK, 0 rows affected, 1 warning (0.00 sec)

Query OK, 374570 rows affected (11.31 sec)
Records: 374570  Duplicates: 0  Warnings: 0

Query OK, 0 rows affected, 1 warning (0.00 sec)

Query OK, 374570 rows affected (14.18 sec)
Records: 374570  Duplicates: 0  Warnings: 0

Query OK, 0 rows affected (0.00 sec)

Query OK, 72258 rows affected (8.53 sec)
Records: 72258  Duplicates: 0  Warnings: 0

Database changed
Query OK, 0 rows affected (0.02 sec)

Query OK, 0 rows affected (0.06 sec)

Query OK, 522845 rows affected (25.63 sec)
Records: 522845  Duplicates: 0  Warnings: 0

Query OK, 0 rows affected (0.02 sec)

Query OK, 254565 rows affected (18.38 sec)
Records: 254565  Duplicates: 0  Warnings: 0

+--------------------------+
| clientticket_cmmtjourney |
+--------------------------+
|                   522845 |
+--------------------------+
1 row in set (6.24 sec)

+---------------------------+
| clientticket_assgnjourney |
+---------------------------+
|                    254565 |
+---------------------------+
1 row in set (0.29 sec)

Query OK, 0 rows affected (0.01 sec)

Query OK, 67 rows affected (0.16 sec)
Records: 67  Duplicates: 0  Warnings: 0

mysql> mysql \. C:\workspace\cloud\code\sql\_DailyScript\currenttime.sql
+---------------------+
| currenttime         |
+---------------------+
| 2019-12-10 10:04:28 |
+---------------------+
1 row in set (0.00 sec)

mysql> 
mysql> mysql \. C:\workspace\cloud\code\sql\_DailyScript\load_DailyCalls.sql
Database changed
Query OK, 236 rows affected (0.47 sec)
Records: 236  Deleted: 0  Skipped: 0  Warnings: 0

Query OK, 0 rows affected, 1 warning (0.00 sec)

Query OK, 233 rows affected (0.21 sec)
Records: 233  Duplicates: 0  Warnings: 0

Query OK, 0 rows affected, 1 warning (0.00 sec)

Query OK, 67735 rows affected (0.37 sec)
Records: 67735  Duplicates: 0  Warnings: 0

+----------------------+
| callingclientsbefore |
+----------------------+
|               795042 |
+----------------------+
1 row in set (1.52 sec)

Query OK, 340 rows affected (5.76 sec)
Records: 340  Duplicates: 0  Warnings: 0

+---------------------+
| callingclientsafter |
+---------------------+
|              795382 |
+---------------------+
1 row in set (0.22 sec)

Query OK, 0 rows affected (0.01 sec)

Query OK, 179 rows affected (5.05 sec)
Records: 179  Duplicates: 0  Warnings: 0

Query OK, 0 rows affected (0.00 sec)

Query OK, 16496 rows affected (2.66 sec)
Records: 16496  Duplicates: 0  Warnings: 0

+-----------+
| callstats |
+-----------+
|     16496 |
+-----------+
1 row in set (0.02 sec)

Query OK, 0 rows affected, 1 warning (0.00 sec)

Query OK, 340 rows affected (6.50 sec)
Records: 340  Duplicates: 0  Warnings: 0

+------------------------+
| rep_cccallreportbefore |
+------------------------+
|                 799284 |
+------------------------+
1 row in set (0.25 sec)

Query OK, 340 rows affected (1.86 sec)
Records: 340  Duplicates: 0  Warnings: 0

+-----------------------+
| rep_cccallreportafter |
+-----------------------+
|                799624 |
+-----------------------+
1 row in set (0.27 sec)

Query OK, 0 rows affected (0.00 sec)

mysql> mysql \. C:\workspace\cloud\code\sql\_DailyScript\currenttime.sql
+---------------------+
| currenttime         |
+---------------------+
| 2019-12-10 10:04:54 |
+---------------------+
1 row in set (0.00 sec)

mysql> 
mysql> mysql \. C:\workspace\cloud\code\sql\_DailyScript\DAILY-SCRIPT-USAGE.sql
Database changed
Query OK, 0 rows affected (0.00 sec)

Query OK, 6798 rows affected, 19659 warnings (5.63 sec)
Records: 6798  Deleted: 0  Skipped: 0  Warnings: 19659

Query OK, 0 rows affected (0.01 sec)

Query OK, 10519 rows affected, 30410 warnings (6.52 sec)
Records: 10519  Deleted: 0  Skipped: 0  Warnings: 30410

Query OK, 0 rows affected (0.00 sec)

Query OK, 148 rows affected, 521 warnings (0.04 sec)
Records: 148  Deleted: 0  Skipped: 0  Warnings: 521

Query OK, 0 rows affected (0.00 sec)

Query OK, 200 rows affected, 678 warnings (0.48 sec)
Records: 200  Deleted: 0  Skipped: 0  Warnings: 678

+------------+
| dailyusage |
+------------+
|    9256786 |
+------------+
1 row in set (24.69 sec)

+------------+------------+------------+---------+
| datestart  | dateend    | insertedon | records |
+------------+------------+------------+---------+
| 2019-12-09 | 2019-12-09 | 2019-12-10 |   17665 |
| 2019-12-08 | 2019-12-08 | 2019-12-09 |   17742 |
| 2019-12-07 | 2019-12-07 | 2019-12-08 |   17791 |
| 2019-12-06 | 2019-12-06 | 2019-12-07 |   18031 |
| 2019-12-05 | 2019-12-05 | 2019-12-07 |   17961 |
+------------+------------+------------+---------+
5 rows in set (1 min 27.46 sec)

mysql> mysql \. C:\workspace\cloud\code\sql\_DailyScript\currenttime.sql
+---------------------+
| currenttime         |
+---------------------+
| 2019-12-10 10:06:58 |
+---------------------+
1 row in set (0.00 sec)

mysql> 
mysql> mysql \. C:\workspace\cloud\code\sql\_DailyScript\DAILY-SCRIPT-SALES-TELEMETRY.sql
Database changed
Query OK, 2 rows affected, 2 warnings (0.11 sec)
Records: 2  Deleted: 0  Skipped: 0  Warnings: 2

+------------+
| dailysales |
+------------+
|     176467 |
+------------+
1 row in set (0.75 sec)

Query OK, 0 rows affected (0.03 sec)

Query OK, 176467 rows affected (15.90 sec)
Records: 176467  Duplicates: 0  Warnings: 0

+--------+
| sales  |
+--------+
| 176467 |
+--------+
1 row in set (0.07 sec)

Query OK, 0 rows affected (0.05 sec)

Query OK, 2839 rows affected (0.33 sec)
Records: 2839  Duplicates: 0  Warnings: 0

+----------------+
| rep_dailysales |
+----------------+
|           2839 |
+----------------+
1 row in set (0.00 sec)

Query OK, 0 rows affected (0.01 sec)

Query OK, 2839 rows affected (0.56 sec)
Records: 2839  Duplicates: 0  Warnings: 0

+-------------------+
| rep_dailysalesreg |
+-------------------+
|              2839 |
+-------------------+
1 row in set (0.00 sec)

Query OK, 0 rows affected (0.01 sec)

Query OK, 2610 rows affected (0.63 sec)
Records: 2610  Duplicates: 0  Warnings: 0

+-----------+
| saleslist |
+-----------+
|      2610 |
+-----------+
1 row in set (0.00 sec)

Database changed
ERROR 2 (HY000): File 'C:\ProgramData\MySQL\MySQL Server 5.7\Uploads\_csv\PrepaidCardSales-09122019-P1.csv' not found (Errcode: 2 - No such file or directory)
+------------------+
| dailysinglesales |
+------------------+
|             6063 |
+------------------+
1 row in set (0.07 sec)

Database changed
Query OK, 1 row affected (0.01 sec)
Records: 1  Deleted: 0  Skipped: 0  Warnings: 0

+-----------------+
| dailyaddonsales |
+-----------------+
|           17780 |
+-----------------+
1 row in set (0.38 sec)

Query OK, 78 rows affected (0.26 sec)
Records: 78  Deleted: 0  Skipped: 0  Warnings: 0

+----------------+
| onlinepayments |
+----------------+
|          73374 |
+----------------+
1 row in set (0.27 sec)

+-------------+----------------+---------------------+
| paymentdate | onlinepayments | onlinepaymentamount |
+-------------+----------------+---------------------+
| 2019-12-09  |             78 |         48050.85000 |
| 2019-12-08  |             79 |         50024.70000 |
| 2019-12-07  |            104 |         62644.28000 |
| 2019-12-06  |             73 |         47756.64000 |
| 2019-12-05  |            103 |         68579.63000 |
+-------------+----------------+---------------------+
5 rows in set (1.12 sec)

+-------------+--------------+----------------+---------------------+
| paymentyear | paymentmonth | onlinepayments | onlinepaymentamount |
+-------------+--------------+----------------+---------------------+
|        2019 |           12 |            964 |        635088.12000 |
|        2019 |           11 |           3112 |       2058344.74000 |
|        2019 |           10 |           3323 |       2227696.68000 |
|        2019 |            9 |           3167 |       2039048.12000 |
|        2019 |            8 |           3117 |       1993718.27000 |
+-------------+--------------+----------------+---------------------+
5 rows in set (0.08 sec)

mysql> mysql \. C:\workspace\cloud\code\sql\_DailyScript\currenttime.sql
+---------------------+
| currenttime         |
+---------------------+
| 2019-12-10 10:07:19 |
+---------------------+
1 row in set (0.00 sec)

mysql> 
mysql> mysql \. C:\workspace\cloud\code\sql\_DailyScript\DAILY-SCRIPT-ACTIVENUMBERS.sql
Database changed
Query OK, 1251 rows affected (1.41 sec)
Records: 1251  Deleted: 0  Skipped: 0  Warnings: 0

+------------+----------+
| period     | count(1) |
+------------+----------+
| 2019-12-09 |     1251 |
| 2019-12-08 |     1251 |
| 2019-12-07 |     1251 |
| 2019-12-06 |     1251 |
| 2019-12-05 |     1247 |
| 2019-12-04 |     1250 |
+------------+----------+
6 rows in set (0.04 sec)

Query OK, 0 rows affected (0.05 sec)

Query OK, 81 rows affected (1.70 sec)
Records: 81  Duplicates: 0  Warnings: 0

+-------------+
| packagelist |
+-------------+
|          81 |
+-------------+
1 row in set (0.00 sec)

Database changed
Query OK, 0 rows affected (0.00 sec)

Query OK, 0 rows affected (0.00 sec)

Query OK, 0 rows affected (0.00 sec)

Query OK, 0 rows affected (0.00 sec)

Query OK, 26584 rows affected, 200 warnings (1 min 23.72 sec)
Records: 26584  Deleted: 0  Skipped: 0  Warnings: 200

+------------+----------+
| period     | count(1) |
+------------+----------+
| 2019-12-09 |    26584 |
| 2019-12-08 |    26775 |
| 2019-12-07 |    26939 |
| 2019-12-06 |    26981 |
| 2019-12-05 |    26940 |
+------------+----------+
5 rows in set (0.18 sec)

Query OK, 0 rows affected (0.06 sec)

Query OK, 25967 rows affected (1 min 52.61 sec)
Records: 25967  Duplicates: 0  Warnings: 0

Query OK, 0 rows affected (0.14 sec)
Records: 0  Duplicates: 0  Warnings: 0

Query OK, 0 rows affected (0.11 sec)
Records: 0  Duplicates: 0  Warnings: 0

Query OK, 0 rows affected (0.10 sec)
Records: 0  Duplicates: 0  Warnings: 0

Query OK, 0 rows affected (0.07 sec)
Records: 0  Duplicates: 0  Warnings: 0

Query OK, 0 rows affected (0.08 sec)
Records: 0  Duplicates: 0  Warnings: 0

Query OK, 0 rows affected (0.06 sec)
Records: 0  Duplicates: 0  Warnings: 0

+-------------+
| countbefore |
+-------------+
|    31592934 |
+-------------+
1 row in set (37.30 sec)

Query OK, 25967 rows affected (36.57 sec)
Records: 25967  Duplicates: 0  Warnings: 0

+------------+
| countafter |
+------------+
|   31618901 |
+------------+
1 row in set (22.92 sec)

+------------+--------------------------+
| period     | customercontractactivity |
+------------+--------------------------+
| 2019-12-09 |                    25967 |
| 2019-12-08 |                    26157 |
| 2019-12-07 |                    26320 |
| 2019-12-06 |                    26363 |
| 2019-12-05 |                    26321 |
+------------+--------------------------+
5 rows in set (0.06 sec)

Query OK, 0 rows affected (0.16 sec)

Query OK, 241217 rows affected (10 min 30.80 sec)
Records: 241217  Duplicates: 0  Warnings: 0

Query OK, 0 rows affected (0.90 sec)
Records: 0  Duplicates: 0  Warnings: 0

Query OK, 0 rows affected (0.93 sec)
Records: 0  Duplicates: 0  Warnings: 0

Query OK, 0 rows affected (0.97 sec)
Records: 0  Duplicates: 0  Warnings: 0

Query OK, 0 rows affected (0.00 sec)

Query OK, 247 rows affected (0.43 sec)
Records: 247  Duplicates: 0  Warnings: 0

Query OK, 0 rows affected (0.00 sec)

Query OK, 2482 rows affected (0.57 sec)
Records: 2482  Duplicates: 0  Warnings: 0

Query OK, 0 rows affected (0.00 sec)

Query OK, 25956 rows affected (0.59 sec)
Records: 25956  Duplicates: 0  Warnings: 0

Query OK, 0 rows affected (0.00 sec)

Query OK, 16635 rows affected (0.35 sec)
Records: 16635  Duplicates: 0  Warnings: 0

Query OK, 0 rows affected (0.02 sec)

Query OK, 16635 rows affected (0.12 sec)
Records: 16635  Duplicates: 0  Warnings: 0

Query OK, 0 rows affected (0.01 sec)

Query OK, 16635 rows affected (1.20 sec)
Records: 16635  Duplicates: 0  Warnings: 0

Query OK, 0 rows affected (0.05 sec)

Query OK, 16635 rows affected (44.87 sec)
Records: 16635  Duplicates: 0  Warnings: 0

+-------------+
| clientstats |
+-------------+
|       16635 |
+-------------+
1 row in set (0.02 sec)

Query OK, 0 rows affected (0.00 sec)

Query OK, 12 rows affected, 1 warning (0.10 sec)
Records: 12  Duplicates: 0  Warnings: 1

+-----------------------+-------------+-------------+----------------+-----------------+
| services              | activecount | allaccounts | uniqueaccounts | uniquecontracts |
+-----------------------+-------------+-------------+----------------+-----------------+
| All                   |         240 |          41 |             41 |             133 |
| Internet & Voice      |         422 |         193 |            192 |             376 |
| Internet Only         |        4193 |        4095 |           4089 |            4133 |
| OTT Only              |           2 |           2 |              2 |               2 |
| TV & Internet         |        8454 |        3724 |           3715 |            7586 |
| TV & Internet & OTT   |        2387 |         641 |            640 |            1312 |
| TV & Internet & Voice |         499 |         147 |            147 |             452 |
| TV & OTT              |         345 |          67 |             66 |              85 |
| TV & Voice            |         108 |          46 |             46 |              95 |
| TV Only               |        9863 |        7496 |           7484 |            7675 |
| Voice Only            |         184 |         183 |            183 |             184 |
| GRAND TOTAL           |       26697 |       16635 |          16553 |           22033 |
+-----------------------+-------------+-------------+----------------+-----------------+
12 rows in set (0.00 sec)

+-------------+-------------+-------------+----------------+-----------------+
| network     | activecount | allaccounts | uniqueaccounts | uniquecontracts |
+-------------+-------------+-------------+----------------+-----------------+
| ADDON       |          10 |           7 |              7 |               7 |
| GPON        |        7514 |        3849 |           3846 |            5810 |
| HFC         |       19172 |       12778 |          12778 |           16215 |
| MOBILE TV   |           1 |           1 |              1 |               1 |
| GRAND TOTAL |       26697 |       16635 |          16553 |           22033 |
+-------------+-------------+-------------+----------------+-----------------+
5 rows in set, 1 warning (0.12 sec)

+-------------+-----------------------+-------------+-------------+----------------+-----------------+
| network     | services              | activecount | allaccounts | uniqueaccounts | uniquecontracts |
+-------------+-----------------------+-------------+-------------+----------------+-----------------+
| ADDON       | OTT Only              |           1 |           1 |              1 |               1 |
| ADDON       | TV & OTT              |           4 |           1 |              1 |               1 |
| ADDON       | TV Only               |           5 |           5 |              5 |               5 |
| ADDON       | Services Total        |          10 |           7 |              7 |               7 |
| GPON        | All                   |         125 |          20 |             20 |              65 |
| GPON        | Internet & Voice      |          63 |          26 |             26 |              53 |
| GPON        | Internet Only         |        1040 |         959 |            959 |             982 |
| GPON        | TV & Internet         |        3051 |        1288 |           1288 |            2648 |
| GPON        | TV & Internet & OTT   |        1233 |         327 |            327 |             669 |
| GPON        | TV & Internet & Voice |         161 |          45 |             45 |             141 |
| GPON        | TV & OTT              |          80 |          27 |             27 |              29 |
| GPON        | TV & Voice            |          56 |          23 |             23 |              48 |
| GPON        | TV Only               |        1693 |        1122 |           1122 |            1163 |
| GPON        | Voice Only            |          12 |          12 |             12 |              12 |
| GPON        | Services Total        |        7514 |        3849 |           3846 |            5810 |
| HFC         | All                   |         115 |          21 |             21 |              68 |
| HFC         | Internet & Voice      |         359 |         167 |            167 |             323 |
| HFC         | Internet Only         |        3153 |        3136 |           3136 |            3151 |
| HFC         | TV & Internet         |        5403 |        2436 |           2436 |            4938 |
| HFC         | TV & Internet & OTT   |        1154 |         314 |            314 |             643 |
| HFC         | TV & Internet & Voice |         338 |         102 |            102 |             311 |
| HFC         | TV & OTT              |         261 |          39 |             39 |              55 |
| HFC         | TV & Voice            |          52 |          23 |             23 |              47 |
| HFC         | TV Only               |        8165 |        6369 |           6369 |            6507 |
| HFC         | Voice Only            |         172 |         171 |            171 |             172 |
| HFC         | Services Total        |       19172 |       12778 |          12778 |           16215 |
| MOBILE TV   | OTT Only              |           1 |           1 |              1 |               1 |
| MOBILE TV   | Services Total        |           1 |           1 |              1 |               1 |
| GRAND TOTAL | Services Total        |       26697 |       16635 |          16553 |           22033 |
+-------------+-----------------------+-------------+-------------+----------------+-----------------+
29 rows in set, 2 warnings (0.15 sec)

Query OK, 0 rows affected (0.00 sec)

Query OK, 45 rows affected, 3 warnings (0.20 sec)
Records: 45  Duplicates: 0  Warnings: 3

+-------------+---------------+-----------------------+-------------+-------------+----------------+-----------------+
| region      | network       | services              | activecount | allaccounts | uniqueaccounts | uniquecontracts |
+-------------+---------------+-----------------------+-------------+-------------+----------------+-----------------+
| Mahe        | ADDON         | OTT Only              |           1 |           1 |              1 |               1 |
| Mahe        | ADDON         | TV & OTT              |           4 |           1 |              1 |               1 |
| Mahe        | ADDON         | TV Only               |           1 |           1 |              1 |               1 |
| Mahe        | ADDON         | Services Total        |           6 |           3 |              3 |               3 |
| Mahe        | GPON          | All                   |         108 |          17 |             17 |              56 |
| Mahe        | GPON          | Internet & Voice      |          49 |          19 |             19 |              39 |
| Mahe        | GPON          | Internet Only         |         804 |         723 |            723 |             746 |
| Mahe        | GPON          | TV & Internet         |        2232 |         933 |            933 |            1907 |
| Mahe        | GPON          | TV & Internet & OTT   |         865 |         220 |            220 |             449 |
| Mahe        | GPON          | TV & Internet & Voice |         136 |          38 |             38 |             117 |
| Mahe        | GPON          | TV & OTT              |          63 |          19 |             19 |              21 |
| Mahe        | GPON          | TV & Voice            |          56 |          23 |             23 |              48 |
| Mahe        | GPON          | TV Only               |        1300 |         842 |            842 |             868 |
| Mahe        | GPON          | Voice Only            |          12 |          12 |             12 |              12 |
| Mahe        | GPON          | Services Total        |        5625 |        2846 |           2846 |            4263 |
| Mahe        | HFC           | All                   |         115 |          21 |             21 |              68 |
| Mahe        | HFC           | Internet & Voice      |         359 |         167 |            167 |             323 |
| Mahe        | HFC           | Internet Only         |        3152 |        3135 |           3135 |            3150 |
| Mahe        | HFC           | TV & Internet         |        5403 |        2436 |           2436 |            4938 |
| Mahe        | HFC           | TV & Internet & OTT   |        1154 |         314 |            314 |             643 |
| Mahe        | HFC           | TV & Internet & Voice |         338 |         102 |            102 |             311 |
| Mahe        | HFC           | TV & OTT              |         261 |          39 |             39 |              55 |
| Mahe        | HFC           | TV & Voice            |          52 |          23 |             23 |              47 |
| Mahe        | HFC           | TV Only               |        8160 |        6366 |           6366 |            6504 |
| Mahe        | HFC           | Voice Only            |         172 |         171 |            171 |             172 |
| Mahe        | HFC           | Services Total        |       19166 |       12774 |          12774 |           16211 |
| Mahe        | MOBILE TV     | OTT Only              |           1 |           1 |              1 |               1 |
| Mahe        | MOBILE TV     | Services Total        |           1 |           1 |              1 |               1 |
| Mahe        | Network Total | Services Total        |       24798 |       15624 |          15548 |           20478 |
| Praslin     | ADDON         | TV Only               |           4 |           4 |              4 |               4 |
| Praslin     | ADDON         | Services Total        |           4 |           4 |              4 |               4 |
| Praslin     | GPON          | All                   |          17 |           3 |              3 |               9 |
| Praslin     | GPON          | Internet & Voice      |          14 |           7 |              7 |              14 |
| Praslin     | GPON          | Internet Only         |         236 |         236 |            236 |             236 |
| Praslin     | GPON          | TV & Internet         |         819 |         355 |            355 |             741 |
| Praslin     | GPON          | TV & Internet & OTT   |         368 |         107 |            107 |             220 |
| Praslin     | GPON          | TV & Internet & Voice |          25 |           7 |              7 |              24 |
| Praslin     | GPON          | TV & OTT              |          17 |           8 |              8 |               8 |
| Praslin     | GPON          | TV Only               |         393 |         280 |            280 |             295 |
| Praslin     | GPON          | Services Total        |        1889 |        1003 |           1003 |            1547 |
| Praslin     | HFC           | Internet Only         |           1 |           1 |              1 |               1 |
| Praslin     | HFC           | TV Only               |           5 |           3 |              3 |               3 |
| Praslin     | HFC           | Services Total        |           6 |           4 |              4 |               4 |
| Praslin     | Network Total | Services Total        |        1899 |        1011 |           1008 |            1555 |
| GRAND TOTAL | Network Total | Services Total        |       26697 |       16635 |          16553 |           22033 |
+-------------+---------------+-----------------------+-------------+-------------+----------------+-----------------+
45 rows in set (0.02 sec)

Query OK, 0 rows affected (0.00 sec)

Query OK, 25957 rows affected (0.44 sec)
Records: 25957  Duplicates: 0  Warnings: 0

Query OK, 0 rows affected (0.05 sec)

Query OK, 1978 rows affected (2.77 sec)
Records: 1978  Duplicates: 0  Warnings: 0

+--------------------------------------+
| message                              |
+--------------------------------------+
| running rcbill_my.sp_ActiveNumber2() |
+--------------------------------------+
1 row in set (0.00 sec)

Query OK, 343 rows affected (2 min 24.82 sec)

mysql> mysql \. C:\workspace\cloud\code\sql\_DailyScript\currenttime.sql
+---------------------+
| currenttime         |
+---------------------+
| 2019-12-10 10:26:07 |
+---------------------+
1 row in set (0.00 sec)

mysql> 
mysql> mysql \. C:\workspace\cloud\code\sql\_DailyScript\GetActiveNumbers Average -Pivot.sql
Database changed
+-------------------------------------+
| @today := subdate(current_date(),1) |
+-------------------------------------+
| 2019-12-09                          |
+-------------------------------------+
1 row in set (0.00 sec)

+-------------------------------------+
| @lastdayofmonth := last_day(@today) |
+-------------------------------------+
| 2019-12-31                          |
+-------------------------------------+
1 row in set (0.00 sec)

Query OK, 0 rows affected (0.05 sec)

Query OK, 34999 rows affected, 65535 warnings (55.10 sec)
Records: 34999  Duplicates: 0  Warnings: 72044

Query OK, 0 rows affected (0.09 sec)
Records: 0  Duplicates: 0  Warnings: 0

Query OK, 0 rows affected (0.13 sec)
Records: 0  Duplicates: 0  Warnings: 0

Query OK, 0 rows affected (0.08 sec)
Records: 0  Duplicates: 0  Warnings: 0

+-----------------+
| activenumberavg |
+-----------------+
|           34999 |
+-----------------+
1 row in set (0.02 sec)

Query OK, 0 rows affected (0.00 sec)

Query OK, 1805 rows affected (0.43 sec)
Records: 1805  Duplicates: 0  Warnings: 0

+---------------------+
| rep_activenumberavg |
+---------------------+
|                1805 |
+---------------------+
1 row in set (0.00 sec)

+----------------------+
| rep_activenumberavg1 |
+----------------------+
|                  855 |
+----------------------+
1 row in set (0.00 sec)

Query OK, 0 rows affected (0.01 sec)

Query OK, 1796 rows affected (0.34 sec)
Records: 1796  Duplicates: 0  Warnings: 0

Query OK, 0 rows affected (0.01 sec)

Query OK, 9119 rows affected (0.60 sec)
Records: 9119  Duplicates: 0  Warnings: 0

Query OK, 0 rows affected (0.00 sec)

Query OK, 0 rows affected (0.00 sec)

Query OK, 0 rows affected (0.02 sec)

Query OK, 0 rows affected (0.00 sec)

Query OK, 0 rows affected (0.00 sec)
Statement prepared

Query OK, 53 rows affected (0.03 sec)
Records: 53  Duplicates: 0  Warnings: 0

Query OK, 0 rows affected (0.00 sec)

Query OK, 0 rows affected (0.00 sec)

+----------------------+
| rep_activenumberavg2 |
+----------------------+
|                 1796 |
+----------------------+
1 row in set (0.00 sec)

+------------------------+
| rep_activenumberavg_pv |
+------------------------+
|                     53 |
+------------------------+
1 row in set (0.00 sec)

Query OK, 0 rows affected (0.02 sec)

Query OK, 1796 rows affected (0.29 sec)
Records: 1796  Duplicates: 0  Warnings: 0

Query OK, 0 rows affected (0.00 sec)

Query OK, 0 rows affected (0.00 sec)

Query OK, 0 rows affected (0.00 sec)

Query OK, 0 rows affected (0.00 sec)

Query OK, 0 rows affected (0.00 sec)
Statement prepared

Query OK, 53 rows affected (0.04 sec)
Records: 53  Duplicates: 0  Warnings: 0

Query OK, 0 rows affected (0.00 sec)

Query OK, 0 rows affected (0.00 sec)

+-------------------------+
| rep_activenumberavgMahe |
+-------------------------+
|                    1796 |
+-------------------------+
1 row in set (0.00 sec)

+----------------------------+
| rep_activenumberavgMahe_pv |
+----------------------------+
|                         53 |
+----------------------------+
1 row in set (0.00 sec)

Query OK, 0 rows affected (0.00 sec)

Query OK, 1149 rows affected (0.13 sec)
Records: 1149  Duplicates: 0  Warnings: 0

Query OK, 0 rows affected (0.00 sec)

Query OK, 0 rows affected (0.00 sec)

Query OK, 0 rows affected (0.00 sec)

Query OK, 0 rows affected (0.00 sec)

Query OK, 0 rows affected (0.02 sec)
Statement prepared

Query OK, 40 rows affected (0.01 sec)
Records: 40  Duplicates: 0  Warnings: 0

Query OK, 0 rows affected (0.00 sec)

Query OK, 0 rows affected (0.00 sec)

+----------------------------+
| rep_activenumberavgPraslin |
+----------------------------+
|                       1149 |
+----------------------------+
1 row in set (0.00 sec)

+-------------------------------+
| rep_activenumberavgPraslin_pv |
+-------------------------------+
|                            40 |
+-------------------------------+
1 row in set (0.00 sec)

mysql> mysql \. C:\workspace\cloud\code\sql\_DailyScript\currenttime.sql
+---------------------+
| currenttime         |
+---------------------+
| 2019-12-10 10:27:05 |
+---------------------+
1 row in set (0.01 sec)

mysql> 
mysql> mysql \. C:\workspace\cloud\code\sql\_DailyScript\budget_actual_analysis_2019.sql
Query OK, 0 rows affected (0.00 sec)

Query OK, 570 rows affected, 3 warnings (0.32 sec)
Records: 570  Duplicates: 0  Warnings: 3

+--------------------+
| budget_actual_2019 |
+--------------------+
|                570 |
+--------------------+
1 row in set (0.00 sec)

Query OK, 0 rows affected (0.01 sec)

Query OK, 48 rows affected (0.03 sec)
Records: 48  Duplicates: 0  Warnings: 0

+---------------------------+
| rep_budget_actual_2019_pv |
+---------------------------+
|                        48 |
+---------------------------+
1 row in set (0.00 sec)

mysql> mysql \. C:\workspace\cloud\code\sql\_DailyScript\currenttime.sql
+---------------------+
| currenttime         |
+---------------------+
| 2019-12-10 10:27:05 |
+---------------------+
1 row in set (0.00 sec)

mysql> 
mysql> mysql \. C:\workspace\cloud\code\sql\_DailyScript\reports-sales-addons-prepaid-camera.sql
Database changed
Query OK, 0 rows affected (0.02 sec)

Query OK, 3890 rows affected (0.23 sec)
Records: 3890  Duplicates: 0  Warnings: 0

Query OK, 0 rows affected (0.02 sec)

Query OK, 17801 rows affected (19.66 sec)
Records: 17801  Duplicates: 0  Warnings: 0

+--------------------+
| rep_prepaid_camera |
+--------------------+
|               3890 |
+--------------------+
1 row in set (0.00 sec)

+-----------+
| rep_addon |
+-----------+
|     17801 |
+-----------+
1 row in set (0.00 sec)

mysql> mysql \. C:\workspace\cloud\code\sql\_DailyScript\currenttime.sql
+---------------------+
| currenttime         |
+---------------------+
| 2019-12-10 10:27:25 |
+---------------------+
1 row in set (0.00 sec)

mysql> 
mysql> mysql \. C:\workspace\cloud\code\sql\_DailyScript\housing-estate-analysis.sql
Database changed
Query OK, 0 rows affected (0.02 sec)

Query OK, 2918 rows affected (17.15 sec)
Records: 2918  Duplicates: 0  Warnings: 0

+--------------------+
| rep_housingestates |
+--------------------+
|               2918 |
+--------------------+
1 row in set (0.00 sec)

mysql> mysql \. C:\workspace\cloud\code\sql\_DailyScript\currenttime.sql
+---------------------+
| currenttime         |
+---------------------+
| 2019-12-10 10:27:42 |
+---------------------+
1 row in set (0.00 sec)

mysql> 
mysql> mysql \. C:\workspace\cloud\code\sql\_DailyScript\RCB_ClientAnalyticsReport_Script.sql
Database changed
Query OK, 0 rows affected (0.00 sec)

Query OK, 0 rows affected (0.09 sec)

Query OK, 1784332 rows affected (1 min 27.18 sec)
Records: 1784332  Duplicates: 0  Warnings: 0

Query OK, 0 rows affected (10.06 sec)
Records: 0  Duplicates: 0  Warnings: 0

Query OK, 0 rows affected (4.64 sec)
Records: 0  Duplicates: 0  Warnings: 0

Query OK, 0 rows affected (9.66 sec)
Records: 0  Duplicates: 0  Warnings: 0

Query OK, 0 rows affected (10.40 sec)
Records: 0  Duplicates: 0  Warnings: 0

Query OK, 0 rows affected (11.02 sec)
Records: 0  Duplicates: 0  Warnings: 0

Query OK, 0 rows affected (7.45 sec)
Records: 0  Duplicates: 0  Warnings: 0

Query OK, 0 rows affected (0.00 sec)

Query OK, 460375 rows affected (17.49 sec)
Rows matched: 1784332  Changed: 460375  Warnings: 0

Query OK, 0 rows affected (0.00 sec)

Query OK, 26898 rows affected (4.04 sec)
Records: 26898  Duplicates: 0  Warnings: 0

Query OK, 0 rows affected (0.04 sec)

Query OK, 42929 rows affected (10 min 32.77 sec)
Records: 42929  Duplicates: 0  Warnings: 0

Query OK, 0 rows affected (0.25 sec)
Records: 0  Duplicates: 0  Warnings: 0

Query OK, 0 rows affected (0.15 sec)
Records: 0  Duplicates: 0  Warnings: 0

Query OK, 0 rows affected (0.09 sec)
Records: 0  Duplicates: 0  Warnings: 0

Query OK, 0 rows affected (0.03 sec)

Query OK, 431685 rows affected (12 min 27.59 sec)
Records: 431685  Duplicates: 0  Warnings: 0

Query OK, 0 rows affected (1.64 sec)
Records: 0  Duplicates: 0  Warnings: 0

Query OK, 0 rows affected (1.62 sec)
Records: 0  Duplicates: 0  Warnings: 0

Query OK, 0 rows affected (0.82 sec)
Records: 0  Duplicates: 0  Warnings: 0

Query OK, 0 rows affected (1.92 sec)
Records: 0  Duplicates: 0  Warnings: 0

Query OK, 0 rows affected (1.30 sec)
Records: 0  Duplicates: 0  Warnings: 0

Query OK, 0 rows affected (0.02 sec)

Query OK, 42929 rows affected (1 min 30.92 sec)
Records: 42929  Duplicates: 0  Warnings: 0

+--------------+
| clientreport |
+--------------+
|        42929 |
+--------------+
1 row in set (0.03 sec)

Query OK, 0 rows affected (0.01 sec)

Query OK, 42929 rows affected (6.14 sec)
Records: 42929  Duplicates: 0  Warnings: 0

+----------------------+
| clientextendedreport |
+----------------------+
|                42929 |
+----------------------+
1 row in set (0.02 sec)

Query OK, 0 rows affected (0.01 sec)

Query OK, 42929 rows affected (1 min 11.32 sec)
Records: 42929  Duplicates: 0  Warnings: 0

+---------+
| allcust |
+---------+
|   42929 |
+---------+
1 row in set (0.02 sec)

Query OK, 0 rows affected, 1 warning (0.00 sec)

Query OK, 5000 rows affected (0.15 sec)
Records: 5000  Duplicates: 0  Warnings: 0

Query OK, 0 rows affected (0.03 sec)

Query OK, 6851 rows affected (0.29 sec)
Records: 6851  Duplicates: 0  Warnings: 0

Query OK, 0 rows affected, 1 warning (0.00 sec)

Query OK, 5000 rows affected (0.12 sec)
Records: 5000  Duplicates: 0  Warnings: 0

Query OK, 0 rows affected (0.02 sec)

Query OK, 7314 rows affected (0.19 sec)
Records: 7314  Duplicates: 0  Warnings: 0

mysql> mysql \. C:\workspace\cloud\code\sql\_DailyScript\currenttime.sql
+---------------------+
| currenttime         |
+---------------------+
| 2019-12-10 10:56:22 |
+---------------------+
1 row in set (0.00 sec)

mysql> 
mysql> mysql \. C:\workspace\cloud\code\sql\_DailyScript\REVENUE_PER_NODE_MXK.sql
Query OK, 0 rows affected (0.00 sec)

Query OK, 0 rows affected (0.00 sec)

Query OK, 0 rows affected (0.02 sec)

Query OK, 5255 rows affected (2.34 sec)
Records: 5255  Duplicates: 0  Warnings: 0

+----------------------+
| message              |
+----------------------+
| created temp table a |
+----------------------+
1 row in set (0.00 sec)

Query OK, 5367 rows affected (0.90 sec)
Records: 5367  Duplicates: 0  Warnings: 0

+----------------------+
| message              |
+----------------------+
| created temp table b |
+----------------------+
1 row in set (0.00 sec)

Query OK, 0 rows affected, 1 warning (0.01 sec)

Query OK, 5531 rows affected (9.57 sec)
Records: 5531  Duplicates: 0  Warnings: 0

+--------------------------------+
| message                        |
+--------------------------------+
| created rcbill_my.tempcustmxk1 |
+--------------------------------+
1 row in set (0.00 sec)

Query OK, 0 rows affected (0.00 sec)

Query OK, 0 rows affected (0.00 sec)

Query OK, 0 rows affected, 1 warning (0.00 sec)

Query OK, 5255 rows affected (1.12 sec)
Records: 5255  Duplicates: 0  Warnings: 0

+----------------+
| message        |
+----------------+
| created temp a |
+----------------+
1 row in set (0.00 sec)

Query OK, 5367 rows affected (0.46 sec)
Records: 5367  Duplicates: 0  Warnings: 0

+----------------+
| message        |
+----------------+
| created temp b |
+----------------+
1 row in set (0.00 sec)

Query OK, 0 rows affected, 1 warning (0.00 sec)

Query OK, 5457 rows affected (6.59 sec)
Records: 5457  Duplicates: 0  Warnings: 0

+--------------------------------+
| message                        |
+--------------------------------+
| created rcbill_my.tempcustmxk2 |
+--------------------------------+
1 row in set (0.00 sec)

Query OK, 0 rows affected (0.00 sec)

Query OK, 0 rows affected (0.00 sec)

Query OK, 0 rows affected, 1 warning (0.00 sec)

Query OK, 0 rows affected (0.02 sec)

Query OK, 6168 rows affected (0.27 sec)
Records: 6168  Duplicates: 0  Warnings: 0

+---------------------------------+
| message                         |
+---------------------------------+
| created rcbill_my.customers_mxk |
+---------------------------------+
1 row in set (0.00 sec)

Query OK, 0 rows affected (0.00 sec)

Query OK, 0 rows affected (0.00 sec)

Query OK, 13906 rows affected (5.23 sec)
Records: 13906  Duplicates: 0  Warnings: 0

+----------------+
| message        |
+----------------+
| created temp a |
+----------------+
1 row in set (0.01 sec)

Query OK, 21067 rows affected (1.49 sec)
Records: 21067  Duplicates: 0  Warnings: 0

+----------------+
| message        |
+----------------+
| created temp c |
+----------------+
1 row in set (0.00 sec)

Query OK, 0 rows affected, 1 warning (0.00 sec)

Query OK, 28379 rows affected (0.52 sec)
Records: 28379  Duplicates: 0  Warnings: 0

+---------------------------------+
| message                         |
+---------------------------------+
| created rcbill_my.tempcustcmts1 |
+---------------------------------+
1 row in set (0.02 sec)

Query OK, 0 rows affected (0.00 sec)

Query OK, 0 rows affected, 1 warning (0.00 sec)

Query OK, 0 rows affected (0.00 sec)

Query OK, 13906 rows affected (5.31 sec)
Records: 13906  Duplicates: 0  Warnings: 0

+----------------+
| message        |
+----------------+
| created temp a |
+----------------+
1 row in set (0.00 sec)

Query OK, 21067 rows affected (1.12 sec)
Records: 21067  Duplicates: 0  Warnings: 0

+----------------+
| message        |
+----------------+
| created temp c |
+----------------+
1 row in set (0.00 sec)

Query OK, 0 rows affected, 1 warning (0.02 sec)

Query OK, 22045 rows affected (0.27 sec)
Records: 22045  Duplicates: 0  Warnings: 0

+---------------------------------+
| message                         |
+---------------------------------+
| created rcbill_my.tempcustcmts2 |
+---------------------------------+
1 row in set (0.00 sec)

Query OK, 0 rows affected (0.00 sec)

Query OK, 0 rows affected, 1 warning (0.00 sec)

Query OK, 0 rows affected (0.02 sec)

Query OK, 0 rows affected (0.00 sec)

Query OK, 14051 rows affected (0.97 sec)
Records: 14051  Duplicates: 0  Warnings: 0

+----------------------------------+
| message                          |
+----------------------------------+
| created rcbill_my.customers_cmts |
+----------------------------------+
1 row in set (0.00 sec)

Query OK, 0 rows affected (0.00 sec)

Query OK, 0 rows affected (0.00 sec)

Query OK, 0 rows affected (0.01 sec)

Query OK, 17549 rows affected (0.90 sec)
Records: 17549  Duplicates: 0  Warnings: 0

+--------------------------------------+
| message                              |
+--------------------------------------+
| created rcbill_my.customers_cmts_mxk |
+--------------------------------------+
1 row in set (0.01 sec)

Query OK, 456342 rows affected (1 min 8.18 sec)
Records: 456342  Duplicates: 0  Warnings: 0

+----------------+
| message        |
+----------------+
| created temp a |
+----------------+
1 row in set (0.00 sec)

Query OK, 0 rows affected (0.01 sec)

Query OK, 457021 rows affected (12.46 sec)
Records: 457021  Duplicates: 0  Warnings: 0

+------------------------------------------------+
| message                                        |
+------------------------------------------------+
| created rcbill_my.customers_contracts_cmts_mxk |
+------------------------------------------------+
1 row in set (0.00 sec)

Query OK, 0 rows affected (0.00 sec)

Query OK, 0 rows affected, 1 warning (0.00 sec)

Query OK, 0 rows affected, 1 warning (0.00 sec)

Query OK, 0 rows affected (0.00 sec)

Query OK, 7610 rows affected (3.17 sec)
Rows matched: 7610  Changed: 7610  Warnings: 0

+------------------------------------------------+
| message                                        |
+------------------------------------------------+
| updated rcbill_my.customers_contracts_cmts_mxk |
+------------------------------------------------+
1 row in set (0.01 sec)

Query OK, 0 rows affected (0.01 sec)

Query OK, 1761559 rows affected (4 min 30.31 sec)
Records: 1761559  Duplicates: 0  Warnings: 0

+----------------------------------------+
| message                                |
+----------------------------------------+
| created rcbill_my.customers_collection |
+----------------------------------------+
1 row in set (0.00 sec)

Query OK, 0 rows affected (0.03 sec)

Query OK, 2030112 rows affected (2 min 35.29 sec)
Records: 2030112  Duplicates: 0  Warnings: 0

+------------------------------------------------+
| message                                        |
+------------------------------------------------+
| created rcbill_my.customers_cmts_mxk_cont_coll |
+------------------------------------------------+
1 row in set (0.00 sec)

Query OK, 0 rows affected (0.03 sec)

Query OK, 53327 rows affected (17.55 sec)
Records: 53327  Duplicates: 0  Warnings: 0

+------------------------------------------------------------+
| message                                                    |
+------------------------------------------------------------+
| created rcbill_my.customers_contracts_collection_pivot2019 |
+------------------------------------------------------------+
1 row in set (0.00 sec)

Query OK, 0 rows affected (0.05 sec)

Query OK, 20345 rows affected (13.31 sec)
Records: 20345  Duplicates: 0  Warnings: 0

+--------------------------------------------------+
| message                                          |
+--------------------------------------------------+
| created rcbill_my.customers_collection_pivot2019 |
+--------------------------------------------------+
1 row in set (0.00 sec)

Query OK, 0 rows affected (0.03 sec)

Query OK, 42929 rows affected (1.40 sec)
Records: 42929  Duplicates: 0  Warnings: 0

+------------------------------------------------+
| message                                        |
+------------------------------------------------+
| created rcbill_my.rep_customers_collection2019 |
+------------------------------------------------+
1 row in set (0.00 sec)

Query OK, 0 rows affected (0.00 sec)

Query OK, 0 rows affected, 1 warning (0.00 sec)

Query OK, 425470 rows affected (20.62 sec)
Records: 425470  Duplicates: 0  Warnings: 0

+-------------------------+
| message                 |
+-------------------------+
| created rcbill_my.tempa |
+-------------------------+
1 row in set (0.00 sec)

Query OK, 0 rows affected, 1 warning (0.00 sec)

Query OK, 102442 rows affected (12.64 sec)
Records: 102442  Duplicates: 0  Warnings: 0

+-------------------------+
| message                 |
+-------------------------+
| created rcbill_my.tempb |
+-------------------------+
1 row in set (0.00 sec)

Query OK, 425470 rows affected (12.47 sec)
Records: 425470  Duplicates: 0  Warnings: 0

+-----------+
| message   |
+-----------+
| created a |
+-----------+
1 row in set (0.00 sec)

Query OK, 102454 rows affected (6.55 sec)
Records: 102454  Duplicates: 0  Warnings: 0

+-----------+
| message   |
+-----------+
| created b |
+-----------+
1 row in set (0.00 sec)

Query OK, 0 rows affected (0.09 sec)

Query OK, 0 rows affected (0.02 sec)

Query OK, 0 rows affected (0.05 sec)

Query OK, 428466 rows affected (27.63 sec)
Records: 428466  Duplicates: 0  Warnings: 0

+----------------------------------------------+
| message                                      |
+----------------------------------------------+
| created rcbill_my.cust_cont_payment_cmts_mxk |
+----------------------------------------------+
1 row in set (0.00 sec)

Query OK, 0 rows affected (0.00 sec)

Query OK, 0 rows affected (0.00 sec)

Query OK, 0 rows affected, 1 warning (0.00 sec)

Query OK, 0 rows affected (0.17 sec)

Query OK, 42929 rows affected (13.50 sec)
Records: 42929  Duplicates: 0  Warnings: 0

+--------------------------------------------------+
| message                                          |
+--------------------------------------------------+
| created rcbill_my.rep_cust_cont_payment_cmts_mxk |
+--------------------------------------------------+
1 row in set (0.00 sec)

Query OK, 0 rows affected, 1 warning (0.00 sec)

Query OK, 0 rows affected, 1 warning (0.00 sec)

Query OK, 0 rows affected (0.02 sec)

Query OK, 42929 rows affected, 5 warnings (8.53 sec)
Records: 42929  Duplicates: 0  Warnings: 5

+----------------------+
| rep_custconsolidated |
+----------------------+
|                42929 |
+----------------------+
1 row in set (0.03 sec)

Query OK, 0 rows affected (0.00 sec)

Query OK, 0 rows affected (0.00 sec)

+----------------------------------------------+
| message                                      |
+----------------------------------------------+
| creating rcbill_my.retentioncustomeractivity |
+----------------------------------------------+
1 row in set (0.00 sec)

Query OK, 910 rows affected (0.09 sec)
Records: 910  Duplicates: 0  Warnings: 0

+---------------------------+
| retentioncustomeractivity |
+---------------------------+
|                       910 |
+---------------------------+
1 row in set (0.00 sec)

+-----------+------------------------------------+------------+-------------+-----------------+------------------+---------------------+-------------------+
| HFC_NODE  | NODENAME                           | CMTS_DATE  | INSERTED_ON | UNIQUE_ACCOUNTS | UNIQUE_CONTRACTS | UNIQUE_MAC_INRCBOSS | UNIQUE_MAC_INCMTS |
+-----------+------------------------------------+------------+-------------+-----------------+------------------+---------------------+-------------------+
| NULL      | NULL                               | NULL       | 2019-12-10  |            6229 |             6537 |                6572 |                 0 |
| C5/0/0/U0 | ANSE-BOILEAU-2                     | 2019-10-01 | 2019-12-10  |             176 |              178 |                 176 |               176 |
| C5/0/0/U1 | 500-C3-ANSE-BOILEAU                | 2019-10-01 | 2019-12-10  |             177 |              185 |                 177 |               181 |
| C5/0/1/U0 | 501-C4-LA-MISIERE-LEFT-I           | 2019-10-01 | 2019-12-10  |             148 |              155 |                 147 |               150 |
| C5/0/1/U1 | 501-C5-LA-MISIERE-RIGHT            | 2019-10-01 | 2019-12-10  |             110 |              113 |                 110 |               111 |
| C5/0/1/U2 | 501-C7-LA-MISIERE-LEFT-II          | 2019-10-01 | 2019-12-10  |             150 |              157 |                 150 |               154 |
| C5/0/2/U0 | 502-C8-LA-LOUISE                   | 2019-10-01 | 2019-12-10  |             138 |              140 |                 138 |               141 |
| C5/0/2/U1 | LA-LOUISE-2                        | 2019-10-01 | 2019-12-10  |             143 |              147 |                 143 |               147 |
| C5/0/3/U0 | 504-C6-PETIT-PARIS                 | 2019-10-01 | 2019-12-10  |             157 |              160 |                 157 |               158 |
| C5/0/3/U1 | PETIT-PARIS-23                     | 2019-10-01 | 2019-12-10  |              69 |               71 |                  69 |                73 |
| C5/0/4/U0 | FOUR-SEASONS                       | 2019-10-01 | 2019-12-10  |               4 |               12 |                  12 |                12 |
| C5/0/4/U1 | ANCHOR-CAFE-I                      | 2019-10-01 | 2019-12-10  |             142 |              145 |                 142 |               146 |
| C5/0/4/U2 | ANCHOR-CAFE-II                     | 2019-10-01 | 2019-12-10  |             146 |              149 |                 146 |               150 |
| C5/1/0/U0 | POINTE-LARUE-AIRPORT-23            | 2019-10-01 | 2019-12-10  |              98 |              104 |                  99 |               104 |
| C5/1/0/U1 | PPROVIDENCE-23                     | 2019-10-01 | 2019-12-10  |              25 |               27 |                  25 |                25 |
| C5/1/0/U2 | ROSHE-CAIMAN-23                    | 2019-10-01 | 2019-12-10  |              10 |               11 |                  10 |                10 |
| C5/1/0/U3 | HEAD-OFFICE | HO-23                | 2019-10-01 | 2019-12-10  |              30 |               30 |                  30 |                32 |
| C5/1/1/U1 | C5-UNION-VALE                      | 2019-10-01 | 2019-12-10  |             184 |              189 |                 184 |               188 |
| C5/1/3/U0 | POINTE-LARUE-AIRPORT-27            | 2019-10-01 | 2019-12-10  |             133 |              138 |                 133 |               136 |
| C5/1/3/U1 | PPROVIDENCE-27                     | 2019-10-01 | 2019-12-10  |              37 |               38 |                  37 |                37 |
| C5/1/3/U2 | ROSHE-CAIMAN-27                    | 2019-10-01 | 2019-12-10  |              25 |               25 |                  25 |                26 |
| C5/1/3/U3 | HEAD-OFFICE | HO-27                | 2019-10-01 | 2019-12-10  |              12 |               13 |                  12 |                13 |
| C5/1/4/U0 | ANSE-ROYALE-27                     | 2019-10-01 | 2019-12-10  |              94 |               98 |                  94 |                95 |
| C5/1/4/U1 | GLACIS-2-57                        | 2019-10-01 | 2019-12-10  |             114 |              120 |                 114 |               119 |
| C5/1/4/U2 | NULL                               | 2019-10-01 | 2019-12-10  |              94 |               94 |                  94 |                95 |
| C5/1/4/U3 | GLACIS-1                           | 2019-10-01 | 2019-12-10  |              43 |               44 |                  43 |                46 |
| C6/0/1/U0 | SERRET-ROAD-RIGHT/CURIO/PASCAL     | 2019-10-01 | 2019-12-10  |             116 |              119 |                 116 |               122 |
| C6/0/1/U1 | SERRET-ROAD-LEFT/ST.LOUIS/TOWN     | 2019-10-01 | 2019-12-10  |             140 |              144 |                 140 |               141 |
| C6/0/1/U2 | SERRET-ROAD-RIGHT/CURIO/PASCAL-2   | 2019-10-01 | 2019-12-10  |             121 |              122 |                 121 |               123 |
| C6/0/1/U3 | SERRET-ROAD-LEFT/ST.LOUIS/TOWN-2   | 2019-10-01 | 2019-12-10  |             145 |              149 |                 145 |               146 |
| C6/0/2/U0 | SANS-SOUCIS-I                      | 2019-10-01 | 2019-12-10  |             120 |              125 |                 120 |               125 |
| C6/0/2/U1 | SANS-SOUCIS-II                     | 2019-10-01 | 2019-12-10  |             100 |              102 |                 100 |               101 |
| C6/0/2/U2 | BEL-AIR-27                         | 2019-10-01 | 2019-12-10  |              89 |               91 |                  89 |                93 |
| C6/0/2/U3 | BEL-AIR-38                         | 2019-10-01 | 2019-12-10  |             106 |              111 |                 106 |               108 |
| C6/0/3/U0 | LES-MAMELLES-23                    | 2019-10-01 | 2019-12-10  |              75 |               75 |                  75 |                75 |
| C6/0/3/U1 | VICTORIA-23                        | 2019-10-01 | 2019-12-10  |              22 |               23 |                  22 |                25 |
| C6/0/4/U0 | LES-MAMELLES-27                    | 2019-10-01 | 2019-12-10  |              83 |               83 |                  83 |                83 |
| C6/0/4/U1 | VICTORIA-27                        | 2019-10-01 | 2019-12-10  |              32 |               35 |                  31 |                31 |
| C7/1/0/U0 | LA-RETRAITE-23                     | 2019-10-01 | 2019-12-10  |              80 |               86 |                  80 |                82 |
| C7/1/0/U1 | TEA-FACTORY-23                     | 2019-10-01 | 2019-12-10  |              21 |               25 |                  21 |                21 |
| C7/1/0/U2 | PAS-23                             | 2019-10-01 | 2019-12-10  |             102 |              103 |                 102 |               104 |
| C7/1/1/U0 | REEF-ESTATE-23                     | 2019-10-01 | 2019-12-10  |              90 |               91 |                  90 |                91 |
| C7/1/1/U1 | BEL-OMBRE-NEW-23                   | 2019-10-01 | 2019-12-10  |              16 |               16 |                  16 |                19 |
| C7/1/2/U0 | LA-RETRAITE-27                     | 2019-10-01 | 2019-12-10  |             124 |              128 |                 125 |               128 |
| C7/1/2/U1 | TEA-FACTORY-27                     | 2019-10-01 | 2019-12-10  |              27 |               31 |                  30 |                31 |
| C7/1/2/U2 | PAS-27                             | 2019-10-01 | 2019-12-10  |              97 |              101 |                  97 |                99 |
| C7/1/3/U0 | MT-BUXTON-27                       | 2019-10-01 | 2019-12-10  |             142 |              144 |                 142 |               143 |
| C7/1/3/U1 | MT-BUXTON-23                       | 2019-10-01 | 2019-12-10  |              75 |               77 |                  75 |                75 |
| C7/1/4/U0 | REEF-ESTATE-27                     | 2019-10-01 | 2019-12-10  |              65 |               66 |                  65 |                65 |
| C7/1/4/U1 | BEL-OMBRE-NEW-27                   | 2019-10-01 | 2019-12-10  |              20 |               20 |                  20 |                23 |
| C8/0/0/U0 | POLICE-ACADEMY-1-27 - POINTE LARUE | 2019-10-01 | 2019-12-10  |             218 |              222 |                 218 |               222 |
| C8/0/0/U1 | NULL                               | 2019-10-01 | 2019-12-10  |              94 |               98 |                  94 |               100 |
| C8/0/1/U0 | NULL                               | 2019-10-01 | 2019-12-10  |             151 |              152 |                 151 |               154 |
| C8/0/1/U1 | POLICE-ACADEMY-2-27 - TURTLE BAY   | 2019-10-01 | 2019-12-10  |             164 |              166 |                 164 |               165 |
| C8/0/2/U0 | BEAU-VALLON-LEFT-1-57              | 2019-10-01 | 2019-12-10  |              95 |               98 |                  95 |                96 |
| C8/0/3/U1 | BEAU-VALLON-RIGHT-2-57             | 2019-10-01 | 2019-12-10  |             171 |              178 |                 171 |               175 |
| C8/1/0/U0 | MA-JOIE-NODE-27                    | 2019-10-01 | 2019-12-10  |             116 |              119 |                 115 |               118 |
| C8/1/0/U1 | BELONIE-27                         | 2019-10-01 | 2019-12-10  |             154 |              157 |                 153 |               155 |
| C8/1/0/U3 | MA-JOIE-NODE-23                    | 2019-10-01 | 2019-12-10  |             104 |              104 |                 104 |               106 |
| C8/1/1/U0 | 611-C1-ROJN I                      | 2019-10-01 | 2019-12-10  |             138 |              139 |                 138 |               141 |
| C8/1/1/U1 | 611-C5-ROJN II                     | 2019-10-01 | 2019-12-10  |             103 |              103 |                 103 |               104 |
| C8/1/2/U0 | 612-C2-ANSE-ETOILE                 | 2019-10-01 | 2019-12-10  |             188 |              194 |                 188 |               192 |
| C8/1/2/U1 | ANSE-ETOILE-U2                     | 2019-10-01 | 2019-12-10  |              58 |               59 |                  58 |                58 |
| C8/1/3/U0 | 613-C3-ANSE-GAULETTE I             | 2019-10-01 | 2019-12-10  |              71 |               77 |                  71 |                71 |
| C8/1/3/U1 | 613-C7-ANSE-GAULETTE II            | 2019-10-01 | 2019-12-10  |              72 |               79 |                  72 |                73 |
| C8/1/3/U2 | 613-C3-ANSE-GAULETTE III           | 2019-10-01 | 2019-12-10  |              38 |               39 |                  38 |                38 |
| C8/1/3/U3 | TAKAMAKA I                         | 2019-10-01 | 2019-12-10  |             103 |              107 |                 103 |               106 |
| C8/1/3/U4 | TAKAMAKA II                        | 2019-10-01 | 2019-12-10  |             100 |              100 |                 100 |               101 |
| C8/1/4/U0 | 614-BEOLIERE-NODE-1                | 2019-10-01 | 2019-12-10  |             128 |              134 |                 128 |               130 |
| C8/1/4/U1 | 614-BEOLIERE-NODE-2                | 2019-10-01 | 2019-12-10  |              97 |              100 |                  97 |               100 |
+-----------+------------------------------------+------------+-------------+-----------------+------------------+---------------------+-------------------+
70 rows in set (0.17 sec)

+------------------+------------+-------------+-----------------+------------------+----------------------+-------------------+
| MXK_NAME         | MXK_DATE   | INSERTED_ON | UNIQUE_ACCOUNTS | UNIQUE_CONTRACTS | UNIQUE_FSAN_INRCBOSS | UNIQUE_FSAN_INMXK |
+------------------+------------+-------------+-----------------+------------------+----------------------+-------------------+
| NULL             | NULL       | 2019-12-10  |             697 |              706 |                  696 |                 0 |
| MXK-ANSEETOILE   | 2019-10-01 | 2019-12-10  |             148 |              150 |                  150 |               156 |
| MXK-ANSEROYALE   | 2019-10-01 | 2019-12-10  |             138 |              138 |                  138 |               156 |
| MXK-BEAUVALLON   | 2019-10-01 | 2019-12-10  |            1192 |             1213 |                 1204 |              1271 |
| MXK-MAHE         | 2019-10-01 | 2019-12-10  |             905 |              933 |                  867 |              1092 |
| MXK-PERSEVERANCE | 2019-10-01 | 2019-12-10  |             995 |             1001 |                 1000 |              1141 |
| MXK-PRASLIN      | 2019-10-01 | 2019-12-10  |            1166 |             1169 |                 1162 |              1277 |
+------------------+------------+-------------+-----------------+------------------+----------------------+-------------------+
7 rows in set (0.05 sec)

mysql> mysql \. C:\workspace\cloud\code\sql\_DailyScript\currenttime.sql
+---------------------+
| currenttime         |
+---------------------+
| 2019-12-10 11:07:44 |
+---------------------+
1 row in set (0.00 sec)

mysql> 
mysql> mysql \. C:\workspace\cloud\code\sql\Analysis\service_tickets_assignments.sql
Query OK, 0 rows affected (0.01 sec)

Query OK, 91497 rows affected (19.77 sec)
Records: 91497  Duplicates: 0  Warnings: 0

+-------------------------+
| rep_servicetickets_2019 |
+-------------------------+
|                   91497 |
+-------------------------+
1 row in set (1.30 sec)

mysql> mysql \. C:\workspace\cloud\code\sql\_DailyScript\currenttime.sql
+---------------------+
| currenttime         |
+---------------------+
| 2019-12-10 11:08:05 |
+---------------------+
1 row in set (0.00 sec)

mysql> 
mysql> 
mysql> exit
