    -> 
    -> mysql \. C:\workspace\cloud\code\sql\_DailyScript\_setdates.sql
Query OK, 0 rows affected (0.01 sec)

Query OK, 0 rows affected (1.73 sec)

Database changed
Query OK, 0 rows affected (0.00 sec)

Query OK, 0 rows affected (0.00 sec)

Query OK, 0 rows affected (0.00 sec)

Query OK, 0 rows affected (0.00 sec)

Query OK, 0 rows affected (0.00 sec)

Query OK, 0 rows affected (0.00 sec)

Query OK, 0 rows affected (0.00 sec)

Query OK, 0 rows affected (0.00 sec)

Query OK, 0 rows affected (0.00 sec)

Query OK, 0 rows affected (0.00 sec)

Query OK, 0 rows affected (0.00 sec)

Query OK, 0 rows affected (0.00 sec)

Query OK, 0 rows affected (0.00 sec)

Query OK, 0 rows affected (0.00 sec)

Query OK, 0 rows affected (0.00 sec)

Query OK, 0 rows affected (0.00 sec)

Query OK, 0 rows affected (0.00 sec)

Query OK, 0 rows affected (0.00 sec)

Query OK, 0 rows affected (0.00 sec)

Query OK, 0 rows affected (0.00 sec)

Query OK, 0 rows affected (0.00 sec)

Query OK, 0 rows affected (0.00 sec)

mysql> mysql \. C:\workspace\cloud\code\sql\_DailyScript\currenttime.sql
+---------------------+
| currenttime         |
+---------------------+
| 2021-11-02 10:22:20 |
+---------------------+
1 row in set (0.00 sec)

mysql> 
mysql> mysql \. C:\workspace\cloud\code\sql\_DailyScript\load_RCB_VODTITLES.sql
Database changed
Query OK, 0 rows affected (0.00 sec)

Query OK, 16629 rows affected (0.20 sec)

Query OK, 16631 rows affected, 16631 warnings (0.47 sec)
Records: 16631  Deleted: 0  Skipped: 0  Warnings: 16631

Query OK, 0 rows affected (0.00 sec)

Query OK, 2 rows affected (0.02 sec)

+-----------+
| VODTITLES |
+-----------+
|     17089 |
+-----------+
1 row in set (0.01 sec)

+-----------+-----------+
| titletype | typecount |
+-----------+-----------+
| E         |     14143 |
| N         |       245 |
| T         |      2241 |
| NULL      |     16629 |
+-----------+-----------+
4 rows in set (0.09 sec)

mysql> mysql \. C:\workspace\cloud\code\sql\_DailyScript\currenttime.sql
+---------------------+
| currenttime         |
+---------------------+
| 2021-11-02 10:22:21 |
+---------------------+
1 row in set (0.00 sec)

mysql> 
mysql> 
mysql> 
mysql> 
mysql> 
mysql> 
mysql> 
mysql> 
mysql> 
mysql> 
mysql> 
mysql> 
mysql> 
mysql> 
mysql> 
mysql> 
mysql> 
mysql> 
mysql> 
mysql> 
mysql> 
mysql> 
mysql> 
mysql> 
mysql> 
mysql> 
mysql> 
mysql> 
mysql> 
mysql> 
mysql> 
mysql> 
mysql> 
mysql> 
mysql> mysql \. C:\workspace\cloud\code\sql\_DailyScript\ticket_analysis.sql
Database changed
Query OK, 0 rows affected (0.02 sec)

Query OK, 896554 rows affected (29.71 sec)
Records: 896554  Duplicates: 0  Warnings: 0

Query OK, 0 rows affected (3.52 sec)
Records: 0  Duplicates: 0  Warnings: 0

Query OK, 0 rows affected (1.83 sec)
Records: 0  Duplicates: 0  Warnings: 0

Query OK, 0 rows affected (1.73 sec)
Records: 0  Duplicates: 0  Warnings: 0

Query OK, 0 rows affected (0.01 sec)

Query OK, 28102 rows affected (15.59 sec)
Records: 28102  Duplicates: 0  Warnings: 0

Query OK, 0 rows affected, 1 warning (0.00 sec)

Query OK, 130970 rows affected (10.75 sec)
Records: 130970  Duplicates: 0  Warnings: 0

Query OK, 0 rows affected, 1 warning (0.00 sec)

Query OK, 661693 rows affected (18.53 sec)
Records: 661693  Duplicates: 0  Warnings: 0

Query OK, 0 rows affected, 1 warning (0.00 sec)

Query OK, 661693 rows affected (18.43 sec)
Records: 661693  Duplicates: 0  Warnings: 0

Query OK, 0 rows affected (0.01 sec)

Query OK, 131106 rows affected (5.23 sec)
Records: 131106  Duplicates: 0  Warnings: 0

Database changed
Query OK, 0 rows affected (0.00 sec)

Query OK, 0 rows affected (0.02 sec)

Query OK, 896554 rows affected (31.67 sec)
Records: 896554  Duplicates: 0  Warnings: 0

Query OK, 0 rows affected (0.01 sec)

Query OK, 465013 rows affected (17.78 sec)
Records: 465013  Duplicates: 0  Warnings: 0

+--------------------------+
| clientticket_cmmtjourney |
+--------------------------+
|                   896554 |
+--------------------------+
1 row in set (2.15 sec)

+---------------------------+
| clientticket_assgnjourney |
+---------------------------+
|                    465013 |
+---------------------------+
1 row in set (3.75 sec)

Query OK, 0 rows affected (0.01 sec)

Query OK, 92 rows affected (0.12 sec)
Records: 92  Duplicates: 0  Warnings: 0

mysql> mysql \. C:\workspace\cloud\code\sql\_DailyScript\currenttime.sql
+---------------------+
| currenttime         |
+---------------------+
| 2021-11-02 10:25:02 |
+---------------------+
1 row in set (0.00 sec)

mysql> 
mysql> mysql \. C:\workspace\cloud\code\sql\_DailyScript\load_DailyCalls.sql
Database changed
Query OK, 308 rows affected (0.11 sec)
Records: 308  Deleted: 0  Skipped: 0  Warnings: 0

Query OK, 0 rows affected, 1 warning (0.00 sec)

Query OK, 303 rows affected (0.03 sec)
Records: 303  Duplicates: 0  Warnings: 0

Query OK, 0 rows affected, 1 warning (0.00 sec)

Query OK, 70695 rows affected (0.30 sec)
Records: 70695  Duplicates: 0  Warnings: 0

+----------------------+
| callingclientsbefore |
+----------------------+
|              1303142 |
+----------------------+
1 row in set (0.53 sec)

Query OK, 434 rows affected (6.70 sec)
Records: 434  Duplicates: 0  Warnings: 0

+---------------------+
| callingclientsafter |
+---------------------+
|             1303576 |
+---------------------+
1 row in set (0.35 sec)

Query OK, 0 rows affected (0.01 sec)

Query OK, 202 rows affected (4.27 sec)
Records: 202  Duplicates: 0  Warnings: 0

Query OK, 0 rows affected (0.00 sec)

Query OK, 25347 rows affected (4.41 sec)
Records: 25347  Duplicates: 0  Warnings: 0

+-----------+
| callstats |
+-----------+
|     25347 |
+-----------+
1 row in set (0.01 sec)

Query OK, 0 rows affected, 1 warning (0.00 sec)

Query OK, 434 rows affected (3.01 sec)
Records: 434  Duplicates: 0  Warnings: 0

+------------------------+
| rep_cccallreportbefore |
+------------------------+
|                1303132 |
+------------------------+
1 row in set (0.35 sec)

Query OK, 434 rows affected (0.10 sec)
Records: 434  Duplicates: 0  Warnings: 0

+-----------------------+
| rep_cccallreportafter |
+-----------------------+
|               1303566 |
+-----------------------+
1 row in set (0.36 sec)

Query OK, 0 rows affected (0.00 sec)

mysql> mysql \. C:\workspace\cloud\code\sql\_DailyScript\currenttime.sql
+---------------------+
| currenttime         |
+---------------------+
| 2021-11-02 10:25:23 |
+---------------------+
1 row in set (0.00 sec)

mysql> 
mysql> mysql \. C:\workspace\cloud\code\sql\_DailyScript\DAILY-SCRIPT-USAGE.sql
Database changed
Query OK, 0 rows affected (0.00 sec)

Query OK, 3983 rows affected, 11545 warnings (0.70 sec)
Records: 3983  Deleted: 0  Skipped: 0  Warnings: 11545

Query OK, 0 rows affected (0.00 sec)

Query OK, 6107 rows affected, 17680 warnings (0.71 sec)
Records: 6107  Deleted: 0  Skipped: 0  Warnings: 17680

Query OK, 0 rows affected (0.00 sec)

Query OK, 307 rows affected, 1088 warnings (0.04 sec)
Records: 307  Deleted: 0  Skipped: 0  Warnings: 1088

Query OK, 0 rows affected (0.00 sec)

Query OK, 173 rows affected, 595 warnings (0.06 sec)
Records: 173  Deleted: 0  Skipped: 0  Warnings: 595

+------------+
| dailyusage |
+------------+
|   19446299 |
+------------+
1 row in set (7.70 sec)

+------------+------------+------------+---------+
| datestart  | dateend    | insertedon | records |
+------------+------------+------------+---------+
| 2021-10-31 | 2021-10-31 | 2021-11-02 |   10570 |
| 2021-10-30 | 2021-10-30 | 2021-11-02 |   10662 |
| 2021-10-29 | 2021-10-29 | 2021-11-02 |   10723 |
| 2021-10-28 | 2021-10-28 | 2021-10-29 |   10676 |
| 2021-10-27 | 2021-10-27 | 2021-10-28 |   10912 |
+------------+------------+------------+---------+
5 rows in set (23.68 sec)

+----------+------------+------------+------------+---------+
| category | datestart  | dateend    | insertedon | records |
+----------+------------+------------+------------+---------+
| UNCAPPED | 2021-10-31 | 2021-10-31 | 2021-11-02 |    6107 |
| PREPAID  | 2021-10-31 | 2021-10-31 | 2021-11-02 |     307 |
| HOTSPOT  | 2021-10-31 | 2021-10-31 | 2021-11-02 |     173 |
| CAPPED   | 2021-10-31 | 2021-10-31 | 2021-11-02 |    3983 |
| UNCAPPED | 2021-10-30 | 2021-10-30 | 2021-11-02 |    6172 |
| PREPAID  | 2021-10-30 | 2021-10-30 | 2021-11-02 |     279 |
| HOTSPOT  | 2021-10-30 | 2021-10-30 | 2021-11-02 |     179 |
| CAPPED   | 2021-10-30 | 2021-10-30 | 2021-11-02 |    4032 |
| UNCAPPED | 2021-10-29 | 2021-10-29 | 2021-11-02 |    6168 |
| PREPAID  | 2021-10-29 | 2021-10-29 | 2021-11-02 |     316 |
| HOTSPOT  | 2021-10-29 | 2021-10-29 | 2021-11-02 |     205 |
| CAPPED   | 2021-10-29 | 2021-10-29 | 2021-11-02 |    4034 |
| UNCAPPED | 2021-10-28 | 2021-10-28 | 2021-10-29 |    6143 |
| PREPAID  | 2021-10-28 | 2021-10-28 | 2021-10-29 |     308 |
| HOTSPOT  | 2021-10-28 | 2021-10-28 | 2021-10-29 |     205 |
| CAPPED   | 2021-10-28 | 2021-10-28 | 2021-10-29 |    4020 |
| UNCAPPED | 2021-10-27 | 2021-10-27 | 2021-10-28 |    6385 |
| PREPAID  | 2021-10-27 | 2021-10-27 | 2021-10-28 |     313 |
| HOTSPOT  | 2021-10-27 | 2021-10-27 | 2021-10-28 |     219 |
| CAPPED   | 2021-10-27 | 2021-10-27 | 2021-10-28 |    3995 |
+----------+------------+------------+------------+---------+
20 rows in set (29.91 sec)

mysql> mysql \. C:\workspace\cloud\code\sql\_DailyScript\currenttime.sql
+---------------------+
| currenttime         |
+---------------------+
| 2021-11-02 10:26:25 |
+---------------------+
1 row in set (0.00 sec)

mysql> 
mysql> mysql \. C:\workspace\cloud\code\sql\_DailyScript\DAILY-SCRIPT-SALES-TELEMETRY.sql
Database changed
Query OK, 27 rows affected, 4 warnings (0.12 sec)
Records: 27  Deleted: 0  Skipped: 0  Warnings: 4

+------------+
| dailysales |
+------------+
|     251659 |
+------------+
1 row in set (0.21 sec)

Query OK, 0 rows affected (0.01 sec)

Query OK, 251659 rows affected (17.48 sec)
Records: 251659  Duplicates: 0  Warnings: 0

+--------+
| sales  |
+--------+
| 251659 |
+--------+
1 row in set (0.11 sec)

Query OK, 0 rows affected (0.00 sec)

Query OK, 4190 rows affected (0.43 sec)
Records: 4190  Duplicates: 0  Warnings: 0

+----------------+
| rep_dailysales |
+----------------+
|           4190 |
+----------------+
1 row in set (0.00 sec)

Query OK, 0 rows affected (0.01 sec)

Query OK, 4190 rows affected (0.67 sec)
Records: 4190  Duplicates: 0  Warnings: 0

+-------------------+
| rep_dailysalesreg |
+-------------------+
|              4190 |
+-------------------+
1 row in set (0.00 sec)

Query OK, 0 rows affected (0.00 sec)

Query OK, 2995 rows affected (0.81 sec)
Records: 2995  Duplicates: 0  Warnings: 0

+-----------+
| saleslist |
+-----------+
|      2995 |
+-----------+
1 row in set (0.00 sec)

Database changed
ERROR 2 (HY000): File 'C:\ProgramData\MySQL\MySQL Server 5.7\Uploads\_csv\PrepaidCardSales-31102021-P1.csv' not found (Errcode: 2 - No such file or directory)
+------------------+
| dailysinglesales |
+------------------+
|             6624 |
+------------------+
1 row in set (0.01 sec)

Database changed
Query OK, 8 rows affected (0.03 sec)
Records: 8  Deleted: 0  Skipped: 0  Warnings: 0

+-----------------+
| dailyaddonsales |
+-----------------+
|           25667 |
+-----------------+
1 row in set (0.04 sec)

Query OK, 230 rows affected (0.04 sec)
Records: 230  Deleted: 0  Skipped: 0  Warnings: 0

+----------------+
| onlinepayments |
+----------------+
|         236225 |
+----------------+
1 row in set (0.12 sec)

+-------------+----------------+---------------------+
| paymentdate | onlinepayments | onlinepaymentamount |
+-------------+----------------+---------------------+
| 2021-10-31  |            230 |        152709.28000 |
| 2021-10-30  |            309 |        210379.21000 |
| 2021-10-29  |            321 |        197297.19000 |
| 2021-10-28  |            465 |        315750.99000 |
| 2021-10-27  |            472 |        331222.51000 |
+-------------+----------------+---------------------+
5 rows in set (0.82 sec)

+-------------+--------------+----------------+---------------------+
| paymentyear | paymentmonth | onlinepayments | onlinepaymentamount |
+-------------+--------------+----------------+---------------------+
|        2021 |           10 |           8715 |       5741511.04000 |
|        2021 |            9 |           8803 |       5663928.71000 |
|        2021 |            8 |           8864 |       5714008.87000 |
|        2021 |            7 |           8972 |       5795292.15000 |
|        2021 |            6 |           8773 |       5686976.03000 |
+-------------+--------------+----------------+---------------------+
5 rows in set (0.25 sec)

mysql> mysql \. C:\workspace\cloud\code\sql\_DailyScript\currenttime.sql
+---------------------+
| currenttime         |
+---------------------+
| 2021-11-02 10:26:47 |
+---------------------+
1 row in set (0.00 sec)

mysql> 
mysql> mysql \. C:\workspace\cloud\code\sql\_DailyScript\DAILY-SCRIPT-ACTIVENUMBERS.sql
Database changed
Query OK, 1092 rows affected (0.47 sec)
Records: 1092  Deleted: 0  Skipped: 0  Warnings: 0

+------------+----------+
| period     | count(1) |
+------------+----------+
| 2021-10-31 |     1092 |
| 2021-10-30 |     1093 |
| 2021-10-29 |     1096 |
| 2021-10-28 |     1096 |
| 2021-10-27 |     1098 |
+------------+----------+
5 rows in set (0.01 sec)

Query OK, 0 rows affected (0.01 sec)

Query OK, 75 rows affected (1.40 sec)
Records: 75  Duplicates: 0  Warnings: 0

+-------------+
| packagelist |
+-------------+
|          75 |
+-------------+
1 row in set (0.00 sec)

Database changed
Query OK, 0 rows affected (0.00 sec)

Query OK, 0 rows affected (0.00 sec)

Query OK, 0 rows affected (0.00 sec)

Query OK, 0 rows affected (0.00 sec)

Query OK, 29067 rows affected, 236 warnings (12.72 sec)
Records: 29067  Deleted: 0  Skipped: 0  Warnings: 236

+------------+----------+
| period     | count(1) |
+------------+----------+
| 2021-10-31 |    29067 |
| 2021-10-30 |    29010 |
| 2021-10-29 |    29124 |
| 2021-10-28 |    29002 |
| 2021-10-27 |    28912 |
+------------+----------+
5 rows in set (0.08 sec)

Query OK, 0 rows affected (0.01 sec)

Query OK, 28509 rows affected (53.12 sec)
Records: 28509  Duplicates: 0  Warnings: 0

Query OK, 0 rows affected (0.16 sec)
Records: 0  Duplicates: 0  Warnings: 0

Query OK, 0 rows affected (0.11 sec)
Records: 0  Duplicates: 0  Warnings: 0

Query OK, 0 rows affected (0.10 sec)
Records: 0  Duplicates: 0  Warnings: 0

Query OK, 0 rows affected (0.08 sec)
Records: 0  Duplicates: 0  Warnings: 0

Query OK, 0 rows affected (0.07 sec)
Records: 0  Duplicates: 0  Warnings: 0

Query OK, 0 rows affected (0.07 sec)
Records: 0  Duplicates: 0  Warnings: 0

+-------------+
| countbefore |
+-------------+
|    50627807 |
+-------------+
1 row in set (17.39 sec)

Query OK, 28509 rows affected (2.07 sec)
Records: 28509  Duplicates: 0  Warnings: 0

+------------+
| countafter |
+------------+
|   50656316 |
+------------+
1 row in set (16.95 sec)

+------------+--------------------------+
| period     | customercontractactivity |
+------------+--------------------------+
| 2021-10-31 |                    28509 |
| 2021-10-30 |                    28452 |
| 2021-10-29 |                    28566 |
| 2021-10-28 |                    28444 |
| 2021-10-27 |                    28354 |
+------------+--------------------------+
5 rows in set (0.06 sec)

Query OK, 0 rows affected (0.01 sec)

Query OK, 321760 rows affected, 4 warnings (10 min 5.85 sec)
Records: 321760  Duplicates: 0  Warnings: 4

Query OK, 0 rows affected (1.06 sec)
Records: 0  Duplicates: 0  Warnings: 0

Query OK, 0 rows affected (1.23 sec)
Records: 0  Duplicates: 0  Warnings: 0

Query OK, 0 rows affected (1.21 sec)
Records: 0  Duplicates: 0  Warnings: 0

Query OK, 0 rows affected (0.01 sec)

Query OK, 233 rows affected (0.49 sec)
Records: 233  Duplicates: 0  Warnings: 0

Query OK, 0 rows affected (0.01 sec)

Query OK, 2588 rows affected (0.63 sec)
Records: 2588  Duplicates: 0  Warnings: 0

Query OK, 0 rows affected (0.01 sec)

Query OK, 28485 rows affected (0.58 sec)
Records: 28485  Duplicates: 0  Warnings: 0

Query OK, 0 rows affected (0.01 sec)

Query OK, 17161 rows affected (0.44 sec)
Records: 17161  Duplicates: 0  Warnings: 0

Query OK, 0 rows affected (0.01 sec)

Query OK, 17161 rows affected (0.14 sec)
Records: 17161  Duplicates: 0  Warnings: 0

Query OK, 0 rows affected (0.01 sec)

Query OK, 17161 rows affected (1.25 sec)
Records: 17161  Duplicates: 0  Warnings: 0

Query OK, 0 rows affected (0.01 sec)

Query OK, 17161 rows affected (45.08 sec)
Records: 17161  Duplicates: 0  Warnings: 0

+-------------+
| clientstats |
+-------------+
|       17161 |
+-------------+
1 row in set (0.01 sec)

Query OK, 0 rows affected (0.01 sec)

Query OK, 14 rows affected, 1 warning (0.11 sec)
Records: 14  Duplicates: 0  Warnings: 1

+-----------------------+-------------+-------------+----------------+-----------------+
| services              | activecount | allaccounts | uniqueaccounts | uniquecontracts |
+-----------------------+-------------+-------------+----------------+-----------------+
| All                   |         441 |          72 |             72 |             231 |
| Internet & OTT        |           8 |           4 |              4 |               5 |
| Internet & Voice      |         311 |         136 |            136 |             267 |
| Internet Only         |        4342 |        4263 |           4258 |            4302 |
| OTT Only              |           1 |           1 |              1 |               1 |
| TV & Internet         |        9943 |        4448 |           4430 |            9065 |
| TV & Internet & OTT   |        4468 |        1175 |           1173 |            2444 |
| TV & Internet & Voice |         542 |         154 |            153 |             474 |
| TV & OTT              |         358 |          90 |             88 |             102 |
| TV & Voice            |          92 |          40 |             40 |              83 |
| TV & Voice & OTT      |           6 |           2 |              2 |               4 |
| TV Only               |        8491 |        6662 |           6650 |            6864 |
| Voice Only            |         116 |         114 |            114 |             116 |
| GRAND TOTAL           |       29119 |       17161 |          17064 |           23958 |
+-----------------------+-------------+-------------+----------------+-----------------+
14 rows in set (0.00 sec)

+-------------+-------------+-------------+----------------+-----------------+
| network     | activecount | allaccounts | uniqueaccounts | uniquecontracts |
+-------------+-------------+-------------+----------------+-----------------+
| GPON        |       13542 |        6724 |           6721 |           10700 |
| HFC         |       15577 |       10437 |          10437 |           13258 |
| GRAND TOTAL |       29119 |       17161 |          17064 |           23958 |
+-------------+-------------+-------------+----------------+-----------------+
3 rows in set, 1 warning (0.13 sec)

+-------------+-----------------------+-------------+-------------+----------------+-----------------+
| network     | services              | activecount | allaccounts | uniqueaccounts | uniquecontracts |
+-------------+-----------------------+-------------+-------------+----------------+-----------------+
| GPON        | All                   |         325 |          58 |             58 |             183 |
| GPON        | Internet & OTT        |           2 |           1 |              1 |               1 |
| GPON        | Internet & Voice      |          82 |          34 |             34 |              72 |
| GPON        | Internet Only         |        1573 |        1509 |           1509 |            1534 |
| GPON        | TV & Internet         |        5503 |        2420 |           2420 |            4956 |
| GPON        | TV & Internet & OTT   |        3361 |         883 |            883 |            1843 |
| GPON        | TV & Internet & Voice |         297 |          81 |             81 |             252 |
| GPON        | TV & OTT              |         196 |          63 |             63 |              67 |
| GPON        | TV & Voice            |          59 |          25 |             25 |              53 |
| GPON        | TV & Voice & OTT      |           3 |           1 |              1 |               2 |
| GPON        | TV Only               |        2126 |        1635 |           1635 |            1722 |
| GPON        | Voice Only            |          15 |          14 |             14 |              15 |
| GPON        | Services Total        |       13542 |        6724 |           6721 |           10700 |
| HFC         | All                   |         116 |          14 |             14 |              48 |
| HFC         | Internet & OTT        |           6 |           3 |              3 |               4 |
| HFC         | Internet & Voice      |         229 |         102 |            102 |             195 |
| HFC         | Internet Only         |        2769 |        2754 |           2754 |            2768 |
| HFC         | OTT Only              |           1 |           1 |              1 |               1 |
| HFC         | TV & Internet         |        4440 |        2028 |           2028 |            4109 |
| HFC         | TV & Internet & OTT   |        1107 |         292 |            292 |             601 |
| HFC         | TV & Internet & Voice |         245 |          73 |             73 |             222 |
| HFC         | TV & OTT              |         162 |          27 |             27 |              35 |
| HFC         | TV & Voice            |          33 |          15 |             15 |              30 |
| HFC         | TV & Voice & OTT      |           3 |           1 |              1 |               2 |
| HFC         | TV Only               |        6365 |        5027 |           5027 |            5142 |
| HFC         | Voice Only            |         101 |         100 |            100 |             101 |
| HFC         | Services Total        |       15577 |       10437 |          10437 |           13258 |
| GRAND TOTAL | Services Total        |       29119 |       17161 |          17064 |           23958 |
+-------------+-----------------------+-------------+-------------+----------------+-----------------+
28 rows in set, 2 warnings (0.14 sec)

Query OK, 0 rows affected (0.01 sec)

Query OK, 46 rows affected, 3 warnings (0.20 sec)
Records: 46  Duplicates: 0  Warnings: 3

+-------------+---------------+-----------------------+-------------+-------------+----------------+-----------------+
| region      | network       | services              | activecount | allaccounts | uniqueaccounts | uniquecontracts |
+-------------+---------------+-----------------------+-------------+-------------+----------------+-----------------+
| Eden Island | GPON          | TV & Internet         |           2 |           1 |              1 |               2 |
| Eden Island | GPON          | Services Total        |           2 |           1 |              1 |               2 |
| Eden Island | Network Total | Services Total        |           2 |           1 |              1 |               2 |
| Mahe        | GPON          | All                   |         284 |          51 |             51 |             161 |
| Mahe        | GPON          | Internet & OTT        |           2 |           1 |              1 |               1 |
| Mahe        | GPON          | Internet & Voice      |          74 |          30 |             30 |              64 |
| Mahe        | GPON          | Internet Only         |        1331 |        1268 |           1268 |            1292 |
| Mahe        | GPON          | TV & Internet         |        4716 |        2068 |           2068 |            4231 |
| Mahe        | GPON          | TV & Internet & OTT   |        2813 |         724 |            724 |            1517 |
| Mahe        | GPON          | TV & Internet & Voice |         285 |          77 |             77 |             240 |
| Mahe        | GPON          | TV & OTT              |         169 |          53 |             53 |              57 |
| Mahe        | GPON          | TV & Voice            |          56 |          24 |             24 |              50 |
| Mahe        | GPON          | TV & Voice & OTT      |           3 |           1 |              1 |               2 |
| Mahe        | GPON          | TV Only               |        1756 |        1358 |           1358 |            1432 |
| Mahe        | GPON          | Voice Only            |          14 |          13 |             13 |              14 |
| Mahe        | GPON          | Services Total        |       11503 |        5668 |           5668 |            9061 |
| Mahe        | HFC           | All                   |         116 |          14 |             14 |              48 |
| Mahe        | HFC           | Internet & OTT        |           6 |           3 |              3 |               4 |
| Mahe        | HFC           | Internet & Voice      |         229 |         102 |            102 |             195 |
| Mahe        | HFC           | Internet Only         |        2769 |        2754 |           2754 |            2768 |
| Mahe        | HFC           | OTT Only              |           1 |           1 |              1 |               1 |
| Mahe        | HFC           | TV & Internet         |        4440 |        2028 |           2028 |            4109 |
| Mahe        | HFC           | TV & Internet & OTT   |        1107 |         292 |            292 |             601 |
| Mahe        | HFC           | TV & Internet & Voice |         245 |          73 |             73 |             222 |
| Mahe        | HFC           | TV & OTT              |         162 |          27 |             27 |              35 |
| Mahe        | HFC           | TV & Voice            |          33 |          15 |             15 |              30 |
| Mahe        | HFC           | TV & Voice & OTT      |           3 |           1 |              1 |               2 |
| Mahe        | HFC           | TV Only               |        6362 |        5025 |           5025 |            5140 |
| Mahe        | HFC           | Voice Only            |         101 |         100 |            100 |             101 |
| Mahe        | HFC           | Services Total        |       15574 |       10435 |          10435 |           13256 |
| Mahe        | Network Total | Services Total        |       27077 |       16103 |          16009 |           22317 |
| Praslin     | GPON          | All                   |          41 |           7 |              7 |              22 |
| Praslin     | GPON          | Internet & Voice      |           8 |           4 |              4 |               8 |
| Praslin     | GPON          | Internet Only         |         242 |         241 |            241 |             242 |
| Praslin     | GPON          | TV & Internet         |         785 |         351 |            351 |             723 |
| Praslin     | GPON          | TV & Internet & OTT   |         548 |         159 |            159 |             326 |
| Praslin     | GPON          | TV & Internet & Voice |          12 |           4 |              4 |              12 |
| Praslin     | GPON          | TV & OTT              |          27 |          10 |             10 |              10 |
| Praslin     | GPON          | TV & Voice            |           3 |           1 |              1 |               3 |
| Praslin     | GPON          | TV Only               |         370 |         277 |            277 |             290 |
| Praslin     | GPON          | Voice Only            |           1 |           1 |              1 |               1 |
| Praslin     | GPON          | Services Total        |        2037 |        1055 |           1055 |            1637 |
| Praslin     | HFC           | TV Only               |           3 |           2 |              2 |               2 |
| Praslin     | HFC           | Services Total        |           3 |           2 |              2 |               2 |
| Praslin     | Network Total | Services Total        |        2040 |        1057 |           1057 |            1639 |
| GRAND TOTAL | Network Total | Services Total        |       29119 |       17161 |          17064 |           23958 |
+-------------+---------------+-----------------------+-------------+-------------+----------------+-----------------+
46 rows in set (0.00 sec)

Query OK, 0 rows affected (0.01 sec)

Query OK, 28486 rows affected (0.51 sec)
Records: 28486  Duplicates: 0  Warnings: 0

Query OK, 0 rows affected (0.01 sec)

Query OK, 2340 rows affected (1.21 sec)
Records: 2340  Duplicates: 0  Warnings: 0

+--------------------------------------+
| message                              |
+--------------------------------------+
| running rcbill_my.sp_ActiveNumber2() |
+--------------------------------------+
1 row in set (0.00 sec)

Query OK, 365 rows affected (2 min 22.92 sec)

mysql> mysql \. C:\workspace\cloud\code\sql\_DailyScript\currenttime.sql
+---------------------+
| currenttime         |
+---------------------+
| 2021-11-02 10:41:55 |
+---------------------+
1 row in set (0.00 sec)

mysql> 
mysql> mysql \. C:\workspace\cloud\code\sql\_DailyScript\GetActiveNumbers Average -Pivot.sql
Database changed
+-------------------------------------+
| @today := subdate(current_date(),1) |
+-------------------------------------+
| 2021-11-01                          |
+-------------------------------------+
1 row in set (0.00 sec)

+-------------------------------------+
| @lastdayofmonth := last_day(@today) |
+-------------------------------------+
| 2021-11-30                          |
+-------------------------------------+
1 row in set (0.00 sec)

Query OK, 0 rows affected (0.01 sec)

Query OK, 51229 rows affected, 65535 warnings (1 min 7.65 sec)
Records: 51229  Duplicates: 0  Warnings: 105144

Query OK, 0 rows affected (0.12 sec)
Records: 0  Duplicates: 0  Warnings: 0

Query OK, 0 rows affected (0.14 sec)
Records: 0  Duplicates: 0  Warnings: 0

Query OK, 0 rows affected (0.12 sec)
Records: 0  Duplicates: 0  Warnings: 0

+-----------------+
| activenumberavg |
+-----------------+
|           51229 |
+-----------------+
1 row in set (0.01 sec)

Query OK, 0 rows affected (0.01 sec)

Query OK, 1993 rows affected (0.63 sec)
Records: 1993  Duplicates: 0  Warnings: 0

+---------------------+
| rep_activenumberavg |
+---------------------+
|                1993 |
+---------------------+
1 row in set (0.00 sec)

+----------------------+
| rep_activenumberavg1 |
+----------------------+
|                  926 |
+----------------------+
1 row in set (0.00 sec)

Query OK, 0 rows affected (0.00 sec)

Query OK, 2708 rows affected (0.50 sec)
Records: 2708  Duplicates: 0  Warnings: 0

Query OK, 0 rows affected (0.01 sec)

Query OK, 13999 rows affected (0.89 sec)
Records: 13999  Duplicates: 0  Warnings: 0

Query OK, 0 rows affected (0.00 sec)

Query OK, 242 rows affected (0.29 sec)
Records: 242  Duplicates: 0  Warnings: 0

Query OK, 0 rows affected (0.00 sec)

Query OK, 0 rows affected (0.01 sec)

Query OK, 0 rows affected (0.01 sec)

Query OK, 0 rows affected (0.00 sec)

Query OK, 0 rows affected (0.00 sec)
Statement prepared

Query OK, 53 rows affected (0.05 sec)
Records: 53  Duplicates: 0  Warnings: 0

Query OK, 0 rows affected (0.01 sec)

Query OK, 0 rows affected (0.00 sec)

+----------------------+
| rep_activenumberavg2 |
+----------------------+
|                 2708 |
+----------------------+
1 row in set (0.00 sec)

+------------------------+
| rep_activenumberavg_pv |
+------------------------+
|                     53 |
+------------------------+
1 row in set (0.00 sec)

Query OK, 0 rows affected (0.00 sec)

Query OK, 2705 rows affected (0.40 sec)
Records: 2705  Duplicates: 0  Warnings: 0

Query OK, 0 rows affected (0.00 sec)

Query OK, 0 rows affected (0.01 sec)

Query OK, 0 rows affected (0.00 sec)

Query OK, 0 rows affected (0.00 sec)

Query OK, 0 rows affected (0.00 sec)
Statement prepared

Query OK, 53 rows affected (0.05 sec)
Records: 53  Duplicates: 0  Warnings: 0

Query OK, 0 rows affected (0.00 sec)

Query OK, 0 rows affected (0.00 sec)

+-------------------------+
| rep_activenumberavgMahe |
+-------------------------+
|                    2705 |
+-------------------------+
1 row in set (0.00 sec)

+----------------------------+
| rep_activenumberavgMahe_pv |
+----------------------------+
|                         53 |
+----------------------------+
1 row in set (0.00 sec)

Query OK, 0 rows affected (0.01 sec)

Query OK, 1712 rows affected (0.18 sec)
Records: 1712  Duplicates: 0  Warnings: 0

Query OK, 0 rows affected (0.00 sec)

Query OK, 0 rows affected (0.00 sec)

Query OK, 0 rows affected (0.00 sec)

Query OK, 0 rows affected (0.00 sec)

Query OK, 0 rows affected (0.00 sec)
Statement prepared

Query OK, 40 rows affected (0.04 sec)
Records: 40  Duplicates: 0  Warnings: 0

Query OK, 0 rows affected (0.00 sec)

Query OK, 0 rows affected (0.00 sec)

+----------------------------+
| rep_activenumberavgPraslin |
+----------------------------+
|                       1712 |
+----------------------------+
1 row in set (0.00 sec)

+-------------------------------+
| rep_activenumberavgPraslin_pv |
+-------------------------------+
|                            40 |
+-------------------------------+
1 row in set (0.00 sec)

mysql> mysql \. C:\workspace\cloud\code\sql\_DailyScript\currenttime.sql
+---------------------+
| currenttime         |
+---------------------+
| 2021-11-02 10:43:06 |
+---------------------+
1 row in set (0.00 sec)

mysql> 
mysql> mysql \. C:\workspace\cloud\code\sql\Analysis\clients_contracts_creditpolicy_2.sql
Database changed
Query OK, 0 rows affected (0.01 sec)

Query OK, 1908236 rows affected (47.76 sec)
Records: 1908236  Duplicates: 0  Warnings: 0

Query OK, 0 rows affected (0.01 sec)

Query OK, 28509 rows affected (1.15 sec)
Records: 28509  Duplicates: 0  Warnings: 0

Query OK, 0 rows affected (0.01 sec)

Query OK, 28583 rows affected (14.72 sec)
Records: 28583  Duplicates: 0  Warnings: 0

+-------------------------+
| rep_cust_cont_creditpol |
+-------------------------+
|                   28583 |
+-------------------------+
1 row in set (0.01 sec)

mysql> mysql \. C:\workspace\cloud\code\sql\_DailyScript\currenttime.sql
+---------------------+
| currenttime         |
+---------------------+
| 2021-11-02 10:44:10 |
+---------------------+
1 row in set (0.00 sec)

mysql> 
mysql> 
mysql> 
mysql> 
mysql> 
mysql> 
mysql> 
mysql> 
mysql> 
mysql> 
mysql> 
mysql> 
mysql> 
mysql> 
mysql> 
mysql> 
mysql> 
mysql> 
mysql> 
mysql> 
mysql> 
mysql> 
mysql> 
mysql> 
mysql> 
mysql> 
mysql> exit
