    -> 
    -> mysql \. C:\workspace\cloud\code\sql\_DailyScript\_setdates.sql
Query OK, 0 rows affected (0.01 sec)

Query OK, 0 rows affected (1.84 sec)

Database changed
Query OK, 0 rows affected (0.00 sec)

Query OK, 0 rows affected (0.00 sec)

Query OK, 0 rows affected (0.00 sec)

Query OK, 0 rows affected (0.00 sec)

Query OK, 0 rows affected (0.00 sec)

Query OK, 0 rows affected (0.00 sec)

Query OK, 0 rows affected (0.00 sec)

Query OK, 0 rows affected (0.00 sec)

Query OK, 0 rows affected (0.00 sec)

Query OK, 0 rows affected (0.00 sec)

Query OK, 0 rows affected (0.00 sec)

Query OK, 0 rows affected (0.00 sec)

Query OK, 0 rows affected (0.00 sec)

Query OK, 0 rows affected (0.00 sec)

Query OK, 0 rows affected (0.00 sec)

Query OK, 0 rows affected (0.00 sec)

Query OK, 0 rows affected (0.00 sec)

Query OK, 0 rows affected (0.00 sec)

Query OK, 0 rows affected (0.00 sec)

Query OK, 0 rows affected (0.00 sec)

Query OK, 0 rows affected (0.00 sec)

Query OK, 0 rows affected (0.00 sec)

mysql> mysql \. C:\workspace\cloud\code\sql\_DailyScript\currenttime.sql
+---------------------+
| currenttime         |
+---------------------+
| 2022-01-24 10:27:02 |
+---------------------+
1 row in set (0.00 sec)

mysql> 
mysql> mysql \. C:\workspace\cloud\code\sql\_DailyScript\load_RCB_VODTITLES.sql
Database changed
Query OK, 0 rows affected (0.00 sec)

Query OK, 17380 rows affected (0.26 sec)

Query OK, 17382 rows affected, 17382 warnings (0.52 sec)
Records: 17382  Deleted: 0  Skipped: 0  Warnings: 17382

Query OK, 0 rows affected (0.00 sec)

Query OK, 2 rows affected (0.02 sec)

+-----------+
| VODTITLES |
+-----------+
|     17840 |
+-----------+
1 row in set (0.01 sec)

+-----------+-----------+
| titletype | typecount |
+-----------+-----------+
| E         |     14846 |
| N         |       245 |
| T         |      2289 |
| NULL      |     17380 |
+-----------+-----------+
4 rows in set (0.07 sec)

mysql> mysql \. C:\workspace\cloud\code\sql\_DailyScript\currenttime.sql
+---------------------+
| currenttime         |
+---------------------+
| 2022-01-24 10:27:03 |
+---------------------+
1 row in set (0.00 sec)

mysql> 
mysql> mysql \. C:\workspace\cloud\code\sql\_DailyScript\DAILY-SCRIPT-LIVETV-STATS.sql
Database changed
Query OK, 0 rows affected (0.01 sec)

Query OK, 375186 rows affected (6.14 sec)
Records: 375186  Duplicates: 0  Warnings: 0

+------------+------------+----------+--------------+--------------+-----------+-------------+----------+--------+------+------------+---------+---------------+
| Table      | Non_unique | Key_name | Seq_in_index | Column_name  | Collation | Cardinality | Sub_part | Packed | Null | Index_type | Comment | Index_comment |
+------------+------------+----------+--------------+--------------+-----------+-------------+----------+--------+------+------------+---------+---------------+
| templivetv |          1 | idxtv1   |            1 | device       | A         |      376388 |     NULL | NULL   | YES  | BTREE      |         |               |
| templivetv |          1 | idxtv2   |            1 | sessionstart | A         |      376388 |     NULL | NULL   | YES  | BTREE      |         |               |
| templivetv |          1 | idxtv3   |            1 | sessiondate  | A         |      376388 |     NULL | NULL   | YES  | BTREE      |         |               |
+------------+------------+----------+--------------+--------------+-----------+-------------+----------+--------+------+------------+---------+---------------+
3 rows in set (0.00 sec)

Query OK, 375100 rows affected (58.04 sec)
Records: 375100  Duplicates: 0  Warnings: 0

Query OK, 7676 rows affected (3.65 sec)
Records: 7676  Duplicates: 0  Warnings: 0

Query OK, 0 rows affected (0.00 sec)

Query OK, 0 rows affected (0.00 sec)

Query OK, 380 rows affected (0.17 sec)
Records: 380  Duplicates: 0  Warnings: 0

Query OK, 380 rows affected (1.55 sec)
Records: 380  Duplicates: 0  Warnings: 0

+-----------------+
| rep_livetvstats |
+-----------------+
|           97886 |
+-----------------+
1 row in set (0.30 sec)

mysql> mysql \. C:\workspace\cloud\code\sql\_DailyScript\currenttime.sql
+---------------------+
| currenttime         |
+---------------------+
| 2022-01-24 10:28:13 |
+---------------------+
1 row in set (0.00 sec)

mysql> 
mysql> mysql \. C:\workspace\cloud\code\sql\_DailyScript\DAILY-SCRIPT-VODTS-STATS.sql
Database changed
Query OK, 0 rows affected (0.01 sec)

Query OK, 37567 rows affected (2 min 38.34 sec)
Records: 37567  Duplicates: 0  Warnings: 0

+---------+------------+----------+--------------+--------------+-----------+-------------+----------+--------+------+------------+---------+---------------+
| Table   | Non_unique | Key_name | Seq_in_index | Column_name  | Collation | Cardinality | Sub_part | Packed | Null | Index_type | Comment | Index_comment |
+---------+------------+----------+--------------+--------------+-----------+-------------+----------+--------+------+------------+---------+---------------+
| tempvod |          1 | idxtvod1 |            1 | device       | A         |       37677 |     NULL | NULL   | YES  | BTREE      |         |               |
| tempvod |          1 | idxtvod2 |            1 | sessionstart | A         |       37677 |     NULL | NULL   | YES  | BTREE      |         |               |
+---------+------------+----------+--------------+--------------+-----------+-------------+----------+--------+------+------------+---------+---------------+
2 rows in set (0.00 sec)

Query OK, 37543 rows affected (10.35 sec)
Records: 37543  Duplicates: 0  Warnings: 0

Query OK, 0 rows affected (0.01 sec)

Query OK, 1749640 rows affected (2 min 48.00 sec)
Records: 1749640  Duplicates: 0  Warnings: 0

+--------------+
| rep_vodstats |
+--------------+
|      1749640 |
+--------------+
1 row in set (0.53 sec)

Database changed
Query OK, 0 rows affected (0.01 sec)

Query OK, 62347 rows affected (2 min 25.68 sec)
Records: 62347  Duplicates: 0  Warnings: 0

+--------+------------+----------+--------------+--------------+-----------+-------------+----------+--------+------+------------+---------+---------------+
| Table  | Non_unique | Key_name | Seq_in_index | Column_name  | Collation | Cardinality | Sub_part | Packed | Null | Index_type | Comment | Index_comment |
+--------+------------+----------+--------------+--------------+-----------+-------------+----------+--------+------+------------+---------+---------------+
| tempts |          1 | idxtts1  |            1 | device       | A         |       62473 |     NULL | NULL   | YES  | BTREE      |         |               |
| tempts |          1 | idxtts2  |            1 | sessionstart | A         |       62473 |     NULL | NULL   | YES  | BTREE      |         |               |
+--------+------------+----------+--------------+--------------+-----------+-------------+----------+--------+------+------------+---------+---------------+
2 rows in set (0.00 sec)

Query OK, 61894 rows affected (27.20 sec)
Records: 61894  Duplicates: 0  Warnings: 0

Query OK, 0 rows affected (0.01 sec)

Query OK, 57487 rows affected (2 min 54.09 sec)
Records: 57487  Duplicates: 0  Warnings: 0

+-------------+
| rep_tsstats |
+-------------+
|       57487 |
+-------------+
1 row in set (0.02 sec)

mysql> mysql \. C:\workspace\cloud\code\sql\_DailyScript\currenttime.sql
+---------------------+
| currenttime         |
+---------------------+
| 2022-01-24 10:39:37 |
+---------------------+
1 row in set (0.00 sec)

mysql> 
mysql> mysql \. C:\workspace\cloud\code\sql\_DailyScript\DAILY-SCRIPT-RADIO-STATS.sql
Database changed
Query OK, 0 rows affected (0.02 sec)

Query OK, 544736 rows affected (8.03 sec)
Records: 544736  Duplicates: 0  Warnings: 0

+-----------+------------+----------+--------------+--------------+-----------+-------------+----------+--------+------+------------+---------+---------------+
| Table     | Non_unique | Key_name | Seq_in_index | Column_name  | Collation | Cardinality | Sub_part | Packed | Null | Index_type | Comment | Index_comment |
+-----------+------------+----------+--------------+--------------+-----------+-------------+----------+--------+------+------------+---------+---------------+
| tempradio |          1 | idxtrad1 |            1 | device       | A         |      547803 |     NULL | NULL   | YES  | BTREE      |         |               |
| tempradio |          1 | idxtrad2 |            1 | sessionstart | A         |      547803 |     NULL | NULL   | YES  | BTREE      |         |               |
+-----------+------------+----------+--------------+--------------+-----------+-------------+----------+--------+------+------------+---------+---------------+
2 rows in set (0.00 sec)

Query OK, 4092 rows affected (5.61 sec)
Records: 4092  Duplicates: 0  Warnings: 0

Query OK, 0 rows affected (0.01 sec)

Query OK, 7522 rows affected (0.71 sec)
Records: 7522  Duplicates: 0  Warnings: 0

+----------------+
| rep_radiostats |
+----------------+
|           7522 |
+----------------+
1 row in set (0.00 sec)

mysql> mysql \. C:\workspace\cloud\code\sql\_DailyScript\currenttime.sql
+---------------------+
| currenttime         |
+---------------------+
| 2022-01-24 10:39:52 |
+---------------------+
1 row in set (0.00 sec)

mysql> 
mysql> mysql \. C:\workspace\cloud\code\sql\_DailyScript\DAILY_SCRIPT_TELEMETRY_PIVOT_2022.sql
Query OK, 0 rows affected (0.02 sec)

Query OK, 134 rows affected (0.04 sec)
Records: 134  Duplicates: 0  Warnings: 0

Query OK, 0 rows affected (0.01 sec)

Query OK, 12485 rows affected (1.71 sec)
Records: 12485  Duplicates: 0  Warnings: 0

Query OK, 0 rows affected (0.01 sec)

Query OK, 5 rows affected (0.02 sec)
Records: 5  Duplicates: 0  Warnings: 0

Query OK, 0 rows affected (0.01 sec)

Query OK, 45 rows affected (0.04 sec)
Records: 45  Duplicates: 0  Warnings: 0

mysql> mysql \. C:\workspace\cloud\code\sql\_DailyScript\currenttime.sql
+---------------------+
| currenttime         |
+---------------------+
| 2022-01-24 10:39:53 |
+---------------------+
1 row in set (0.00 sec)

mysql> 
mysql> mysql \. C:\workspace\cloud\code\sql\_DailyScript\telemetry_livetv_ranking2022.sql
Query OK, 0 rows affected (0.01 sec)

Query OK, 134 rows affected (0.02 sec)
Records: 134  Duplicates: 0  Warnings: 0

mysql> mysql \. C:\workspace\cloud\code\sql\_DailyScript\currenttime.sql
+---------------------+
| currenttime         |
+---------------------+
| 2022-01-24 10:39:53 |
+---------------------+
1 row in set (0.00 sec)

mysql> 
mysql> mysql \. C:\workspace\cloud\code\sql\_DailyScript\telemetry_radio_ranking2022.sql
Query OK, 0 rows affected (0.01 sec)

Query OK, 5 rows affected (0.02 sec)
Records: 5  Duplicates: 0  Warnings: 0

mysql> mysql \. C:\workspace\cloud\code\sql\_DailyScript\currenttime.sql
+---------------------+
| currenttime         |
+---------------------+
| 2022-01-24 10:39:54 |
+---------------------+
1 row in set (0.00 sec)

mysql> 
mysql> mysql \. C:\workspace\cloud\code\sql\_DailyScript\telemetry_ts_ranking2022.sql
Query OK, 0 rows affected (0.01 sec)

Query OK, 45 rows affected (0.02 sec)
Records: 45  Duplicates: 0  Warnings: 0

mysql> mysql \. C:\workspace\cloud\code\sql\_DailyScript\currenttime.sql
+---------------------+
| currenttime         |
+---------------------+
| 2022-01-24 10:39:54 |
+---------------------+
1 row in set (0.00 sec)

mysql> 
mysql> mysql \. C:\workspace\cloud\code\sql\_DailyScript\telemetry_vod_ranking2022.sql
Query OK, 0 rows affected (0.01 sec)

Query OK, 12485 rows affected (0.65 sec)
Records: 12485  Duplicates: 0  Warnings: 0

mysql> mysql \. C:\workspace\cloud\code\sql\_DailyScript\currenttime.sql
+---------------------+
| currenttime         |
+---------------------+
| 2022-01-24 10:39:54 |
+---------------------+
1 row in set (0.00 sec)

mysql> 
mysql> mysql \. C:\workspace\cloud\code\sql\_DailyScript\telemetry_vod_ranking2022_1.sql
Query OK, 0 rows affected (0.01 sec)

Query OK, 12485 rows affected (0.30 sec)
Records: 12485  Duplicates: 0  Warnings: 0

mysql> mysql \. C:\workspace\cloud\code\sql\_DailyScript\currenttime.sql
+---------------------+
| currenttime         |
+---------------------+
| 2022-01-24 10:39:55 |
+---------------------+
1 row in set (0.00 sec)

mysql> 
mysql> mysql \. C:\workspace\cloud\code\sql\_DailyScript\telemetry_vod_ranking2022_2.sql
Query OK, 0 rows affected (0.01 sec)

Query OK, 12485 rows affected (0.28 sec)
Records: 12485  Duplicates: 0  Warnings: 0

mysql> mysql \. C:\workspace\cloud\code\sql\_DailyScript\currenttime.sql
+---------------------+
| currenttime         |
+---------------------+
| 2022-01-24 10:39:55 |
+---------------------+
1 row in set (0.00 sec)

mysql> 
mysql> 
mysql> 
mysql> 
mysql> mysql \. C:\workspace\cloud\code\sql\_DailyScript\load_DailyCalls.sql
Database changed
Query OK, 286 rows affected (0.16 sec)
Records: 286  Deleted: 0  Skipped: 0  Warnings: 0

Query OK, 0 rows affected, 1 warning (0.00 sec)

Query OK, 286 rows affected (0.11 sec)
Records: 286  Duplicates: 0  Warnings: 0

Query OK, 0 rows affected, 1 warning (0.00 sec)

Query OK, 94022 rows affected (0.89 sec)
Records: 94022  Duplicates: 0  Warnings: 0

+----------------------+
| callingclientsbefore |
+----------------------+
|              1364347 |
+----------------------+
1 row in set (0.87 sec)

Query OK, 397 rows affected (7.97 sec)
Records: 397  Duplicates: 0  Warnings: 0

+---------------------+
| callingclientsafter |
+---------------------+
|             1364744 |
+---------------------+
1 row in set (0.37 sec)

Query OK, 0 rows affected (0.01 sec)

Query OK, 228 rows affected (10.08 sec)
Records: 228  Duplicates: 0  Warnings: 0

Query OK, 0 rows affected (0.01 sec)

Query OK, 26264 rows affected (4.55 sec)
Records: 26264  Duplicates: 0  Warnings: 0

+-----------+
| callstats |
+-----------+
|     26264 |
+-----------+
1 row in set (0.01 sec)

Query OK, 0 rows affected, 1 warning (0.00 sec)

Query OK, 397 rows affected (5.38 sec)
Records: 397  Duplicates: 0  Warnings: 0

+------------------------+
| rep_cccallreportbefore |
+------------------------+
|                1364759 |
+------------------------+
1 row in set (0.36 sec)

Query OK, 397 rows affected (0.16 sec)
Records: 397  Duplicates: 0  Warnings: 0

+-----------------------+
| rep_cccallreportafter |
+-----------------------+
|               1365156 |
+-----------------------+
1 row in set (0.36 sec)

Query OK, 0 rows affected (0.01 sec)

mysql> mysql \. C:\workspace\cloud\code\sql\_DailyScript\currenttime.sql
+---------------------+
| currenttime         |
+---------------------+
| 2022-01-24 10:40:26 |
+---------------------+
1 row in set (0.00 sec)

mysql> 
mysql> mysql \. C:\workspace\cloud\code\sql\_DailyScript\DAILY-SCRIPT-USAGE.sql
Database changed
Query OK, 0 rows affected (0.00 sec)

Query OK, 4498 rows affected, 13103 warnings (2.29 sec)
Records: 4498  Deleted: 0  Skipped: 0  Warnings: 13103

Query OK, 0 rows affected (0.00 sec)

Query OK, 7519 rows affected, 21837 warnings (1.14 sec)
Records: 7519  Deleted: 0  Skipped: 0  Warnings: 21837

Query OK, 0 rows affected (0.00 sec)

Query OK, 372 rows affected, 1334 warnings (0.05 sec)
Records: 372  Deleted: 0  Skipped: 0  Warnings: 1334

Query OK, 0 rows affected (0.00 sec)

Query OK, 152 rows affected, 535 warnings (0.06 sec)
Records: 152  Deleted: 0  Skipped: 0  Warnings: 535

+------------+
| dailyusage |
+------------+
|   20412229 |
+------------+
1 row in set (14.66 sec)

+------------+------------+------------+---------+
| datestart  | dateend    | insertedon | records |
+------------+------------+------------+---------+
| 2022-01-23 | 2022-01-23 | 2022-01-24 |   12541 |
| 2022-01-22 | 2022-01-22 | 2022-01-24 |   12646 |
| 2022-01-21 | 2022-01-21 | 2022-01-24 |   12790 |
| 2022-01-20 | 2022-01-20 | 2022-01-21 |   13671 |
| 2022-01-19 | 2022-01-19 | 2022-01-20 |   12631 |
+------------+------------+------------+---------+
5 rows in set (34.63 sec)

+----------+------------+------------+------------+---------+
| category | datestart  | dateend    | insertedon | records |
+----------+------------+------------+------------+---------+
| UNCAPPED | 2022-01-23 | 2022-01-23 | 2022-01-24 |    7519 |
| PREPAID  | 2022-01-23 | 2022-01-23 | 2022-01-24 |     372 |
| HOTSPOT  | 2022-01-23 | 2022-01-23 | 2022-01-24 |     152 |
| CAPPED   | 2022-01-23 | 2022-01-23 | 2022-01-24 |    4498 |
| UNCAPPED | 2022-01-22 | 2022-01-22 | 2022-01-24 |    7632 |
| PREPAID  | 2022-01-22 | 2022-01-22 | 2022-01-24 |     369 |
| HOTSPOT  | 2022-01-22 | 2022-01-22 | 2022-01-24 |     149 |
| CAPPED   | 2022-01-22 | 2022-01-22 | 2022-01-24 |    4496 |
| UNCAPPED | 2022-01-21 | 2022-01-21 | 2022-01-24 |    7659 |
| PREPAID  | 2022-01-21 | 2022-01-21 | 2022-01-24 |     364 |
| HOTSPOT  | 2022-01-21 | 2022-01-21 | 2022-01-24 |     184 |
| CAPPED   | 2022-01-21 | 2022-01-21 | 2022-01-24 |    4583 |
| UNCAPPED | 2022-01-20 | 2022-01-20 | 2022-01-21 |    8363 |
| PREPAID  | 2022-01-20 | 2022-01-20 | 2022-01-21 |     381 |
| HOTSPOT  | 2022-01-20 | 2022-01-20 | 2022-01-21 |     168 |
| CAPPED   | 2022-01-20 | 2022-01-20 | 2022-01-21 |    4759 |
| UNCAPPED | 2022-01-19 | 2022-01-19 | 2022-01-20 |    7531 |
| PREPAID  | 2022-01-19 | 2022-01-19 | 2022-01-20 |     395 |
| HOTSPOT  | 2022-01-19 | 2022-01-19 | 2022-01-20 |     198 |
| CAPPED   | 2022-01-19 | 2022-01-19 | 2022-01-20 |    4507 |
+----------+------------+------------+------------+---------+
20 rows in set (30.36 sec)

mysql> mysql \. C:\workspace\cloud\code\sql\_DailyScript\currenttime.sql
+---------------------+
| currenttime         |
+---------------------+
| 2022-01-24 10:41:50 |
+---------------------+
1 row in set (0.00 sec)

mysql> 
mysql> mysql \. C:\workspace\cloud\code\sql\_DailyScript\DAILY-SCRIPT-SALES-TELEMETRY.sql
Database changed
Query OK, 3 rows affected (0.03 sec)
Records: 3  Deleted: 0  Skipped: 0  Warnings: 0

+------------+
| dailysales |
+------------+
|     248473 |
+------------+
1 row in set (0.33 sec)

+------------+---------+
| orderdate  | records |
+------------+---------+
| 2022-01-23 |       3 |
| 2022-01-22 |      80 |
| 2022-01-21 |     153 |
| 2022-01-20 |      91 |
| 2022-01-19 |     125 |
| 2022-01-18 |     110 |
| 2022-01-17 |     150 |
| 2022-01-16 |       6 |
| 2022-01-15 |      77 |
| 2022-01-14 |     100 |
| 2022-01-13 |      98 |
| 2022-01-12 |     110 |
| 2022-01-11 |      95 |
| 2022-01-10 |     143 |
| 2022-01-09 |       9 |
+------------+---------+
15 rows in set (1.56 sec)

Query OK, 0 rows affected (0.02 sec)

Query OK, 248473 rows affected (22.15 sec)
Records: 248473  Duplicates: 0  Warnings: 0

+--------+
| sales  |
+--------+
| 248473 |
+--------+
1 row in set (0.09 sec)

Query OK, 0 rows affected (0.01 sec)

Query OK, 6451 rows affected (0.45 sec)
Records: 6451  Duplicates: 0  Warnings: 0

+----------------+
| rep_dailysales |
+----------------+
|           6451 |
+----------------+
1 row in set (0.00 sec)

Query OK, 0 rows affected (0.01 sec)

Query OK, 6451 rows affected (0.83 sec)
Records: 6451  Duplicates: 0  Warnings: 0

+-------------------+
| rep_dailysalesreg |
+-------------------+
|              6451 |
+-------------------+
1 row in set (0.00 sec)

Query OK, 0 rows affected (0.01 sec)

Query OK, 2440 rows affected (0.75 sec)
Records: 2440  Duplicates: 0  Warnings: 0

+-----------+
| saleslist |
+-----------+
|      2440 |
+-----------+
1 row in set (0.00 sec)

Database changed
ERROR 2 (HY000): File 'C:\ProgramData\MySQL\MySQL Server 5.7\Uploads\_csv\PrepaidCardSales-23012022-P1.csv' not found (Errcode: 2 - No such file or directory)
+------------------+
| dailysinglesales |
+------------------+
|             6663 |
+------------------+
1 row in set (0.02 sec)

Database changed
Query OK, 9 rows affected (0.05 sec)
Records: 9  Deleted: 0  Skipped: 0  Warnings: 0

+-----------------+
| dailyaddonsales |
+-----------------+
|           26601 |
+-----------------+
1 row in set (0.10 sec)

Query OK, 244 rows affected (0.10 sec)
Records: 244  Deleted: 0  Skipped: 0  Warnings: 0

+----------------+
| onlinepayments |
+----------------+
|         259745 |
+----------------+
1 row in set (0.12 sec)

+-------------+----------------+---------------------+
| paymentdate | onlinepayments | onlinepaymentamount |
+-------------+----------------+---------------------+
| 2022-01-23  |            244 |        160803.43000 |
| 2022-01-22  |            256 |        170056.45000 |
| 2022-01-21  |            280 |        184102.60000 |
| 2022-01-20  |            295 |        187428.15000 |
| 2022-01-19  |            223 |        156378.46000 |
+-------------+----------------+---------------------+
5 rows in set (2.45 sec)

+-------------+--------------+----------------+---------------------+
| paymentyear | paymentmonth | onlinepayments | onlinepaymentamount |
+-------------+--------------+----------------+---------------------+
|        2022 |            1 |           5979 |       3954521.33000 |
|        2022 |         NULL |           5979 |       3954521.33000 |
|        2021 |           12 |           8988 |       5882874.20000 |
|        2021 |           11 |           8553 |       5661260.44000 |
|        2021 |           10 |           8715 |       5741511.04000 |
+-------------+--------------+----------------+---------------------+
5 rows in set (0.26 sec)

mysql> mysql \. C:\workspace\cloud\code\sql\_DailyScript\currenttime.sql
+---------------------+
| currenttime         |
+---------------------+
| 2022-01-24 10:42:19 |
+---------------------+
1 row in set (0.00 sec)

mysql> 
mysql> mysql \. C:\workspace\cloud\code\sql\_DailyScript\DAILY-SCRIPT-ACTIVENUMBERS.sql
Database changed
Query OK, 1074 rows affected (0.56 sec)
Records: 1074  Deleted: 0  Skipped: 0  Warnings: 0

+------------+----------+
| period     | count(1) |
+------------+----------+
| 2022-01-23 |     1074 |
| 2022-01-22 |     1076 |
| 2022-01-21 |     1076 |
| 2022-01-20 |     1077 |
| 2022-01-19 |     1077 |
+------------+----------+
5 rows in set (0.01 sec)

Query OK, 0 rows affected (0.01 sec)

Query OK, 75 rows affected (1.43 sec)
Records: 75  Duplicates: 0  Warnings: 0

+-------------+
| packagelist |
+-------------+
|          75 |
+-------------+
1 row in set (0.00 sec)

Database changed
Query OK, 0 rows affected (0.00 sec)

Query OK, 0 rows affected (0.00 sec)

Query OK, 0 rows affected (0.00 sec)

Query OK, 0 rows affected (0.00 sec)

Query OK, 28367 rows affected, 178 warnings (13.74 sec)
Records: 28367  Deleted: 0  Skipped: 0  Warnings: 178

+------------+----------+
| period     | count(1) |
+------------+----------+
| 2022-01-23 |    28367 |
| 2022-01-22 |    28659 |
| 2022-01-21 |    28734 |
| 2022-01-20 |    28713 |
| 2022-01-19 |    28779 |
+------------+----------+
5 rows in set (0.13 sec)

Query OK, 0 rows affected (0.03 sec)

Query OK, 27810 rows affected (1 min 35.15 sec)
Records: 27810  Duplicates: 0  Warnings: 0

Query OK, 0 rows affected (0.12 sec)
Records: 0  Duplicates: 0  Warnings: 0

Query OK, 0 rows affected (0.13 sec)
Records: 0  Duplicates: 0  Warnings: 0

Query OK, 0 rows affected (0.12 sec)
Records: 0  Duplicates: 0  Warnings: 0

Query OK, 0 rows affected (0.27 sec)
Records: 0  Duplicates: 0  Warnings: 0

Query OK, 0 rows affected (0.08 sec)
Records: 0  Duplicates: 0  Warnings: 0

Query OK, 0 rows affected (0.08 sec)
Records: 0  Duplicates: 0  Warnings: 0

+-------------+
| countbefore |
+-------------+
|    53009901 |
+-------------+
1 row in set (35.79 sec)

Query OK, 27810 rows affected (5.61 sec)
Records: 27810  Duplicates: 0  Warnings: 0

+------------+
| countafter |
+------------+
|   53037711 |
+------------+
1 row in set (50.63 sec)

+------------+--------------------------+
| period     | customercontractactivity |
+------------+--------------------------+
| 2022-01-23 |                    27810 |
| 2022-01-22 |                    28102 |
| 2022-01-21 |                    28176 |
| 2022-01-20 |                    28155 |
| 2022-01-19 |                    28221 |
+------------+--------------------------+
5 rows in set (0.06 sec)

Query OK, 0 rows affected (0.16 sec)

Query OK, 329701 rows affected, 4 warnings (12 min 3.68 sec)
Records: 329701  Duplicates: 0  Warnings: 4

Query OK, 0 rows affected (1.13 sec)
Records: 0  Duplicates: 0  Warnings: 0

Query OK, 0 rows affected (1.31 sec)
Records: 0  Duplicates: 0  Warnings: 0

Query OK, 0 rows affected (1.34 sec)
Records: 0  Duplicates: 0  Warnings: 0

Query OK, 0 rows affected (0.01 sec)

Query OK, 226 rows affected (0.49 sec)
Records: 226  Duplicates: 0  Warnings: 0

Query OK, 0 rows affected (0.01 sec)

Query OK, 2597 rows affected (0.70 sec)
Records: 2597  Duplicates: 0  Warnings: 0

Query OK, 0 rows affected (0.01 sec)

Query OK, 27787 rows affected (0.69 sec)
Records: 27787  Duplicates: 0  Warnings: 0

Query OK, 0 rows affected (0.01 sec)

Query OK, 16626 rows affected (0.45 sec)
Records: 16626  Duplicates: 0  Warnings: 0

Query OK, 0 rows affected (0.01 sec)

Query OK, 16626 rows affected (0.16 sec)
Records: 16626  Duplicates: 0  Warnings: 0

Query OK, 0 rows affected (0.01 sec)

Query OK, 16626 rows affected (1.50 sec)
Records: 16626  Duplicates: 0  Warnings: 0

Query OK, 0 rows affected (0.07 sec)

Query OK, 16626 rows affected (42.33 sec)
Records: 16626  Duplicates: 0  Warnings: 0

+-------------+
| clientstats |
+-------------+
|       16626 |
+-------------+
1 row in set (0.01 sec)

Query OK, 0 rows affected (0.01 sec)

Query OK, 13 rows affected, 1 warning (0.14 sec)
Records: 13  Duplicates: 0  Warnings: 1

+-----------------------+-------------+-------------+----------------+-----------------+
| services              | activecount | allaccounts | uniqueaccounts | uniquecontracts |
+-----------------------+-------------+-------------+----------------+-----------------+
| All                   |         413 |          68 |             68 |             217 |
| Internet & OTT        |           8 |           4 |              4 |               5 |
| Internet & Voice      |         307 |         134 |            134 |             263 |
| Internet Only         |        4365 |        4266 |           4263 |            4304 |
| OTT Only              |           2 |           2 |              2 |               2 |
| TV & Internet         |        9487 |        4242 |           4235 |            8661 |
| TV & Internet & OTT   |        4708 |        1231 |           1229 |            2564 |
| TV & Internet & Voice |         514 |         144 |            144 |             445 |
| TV & OTT              |         397 |         112 |            110 |             123 |
| TV & Voice            |          87 |          39 |             39 |              80 |
| TV Only               |        8070 |        6278 |           6272 |            6483 |
| Voice Only            |         107 |         106 |            106 |             107 |
| GRAND TOTAL           |       28465 |       16626 |          16564 |           23254 |
+-----------------------+-------------+-------------+----------------+-----------------+
13 rows in set (0.00 sec)

+-------------+-------------+-------------+----------------+-----------------+
| network     | activecount | allaccounts | uniqueaccounts | uniquecontracts |
+-------------+-------------+-------------+----------------+-----------------+
| GPON        |       14232 |        7008 |           7005 |           11095 |
| HFC         |       14233 |        9618 |           9618 |           12159 |
| GRAND TOTAL |       28465 |       16626 |          16564 |           23254 |
+-------------+-------------+-------------+----------------+-----------------+
3 rows in set, 1 warning (0.13 sec)

+-------------+-----------------------+-------------+-------------+----------------+-----------------+
| network     | services              | activecount | allaccounts | uniqueaccounts | uniquecontracts |
+-------------+-----------------------+-------------+-------------+----------------+-----------------+
| GPON        | All                   |         334 |          57 |             57 |             181 |
| GPON        | Internet & OTT        |           2 |           1 |              1 |               1 |
| GPON        | Internet & Voice      |          83 |          34 |             34 |              72 |
| GPON        | Internet Only         |        1741 |        1658 |           1658 |            1681 |
| GPON        | OTT Only              |           1 |           1 |              1 |               1 |
| GPON        | TV & Internet         |        5476 |        2406 |           2406 |            4939 |
| GPON        | TV & Internet & OTT   |        3780 |         979 |            979 |            2052 |
| GPON        | TV & Internet & Voice |         299 |          78 |             78 |             245 |
| GPON        | TV & OTT              |         266 |          88 |             88 |              94 |
| GPON        | TV & Voice            |          61 |          27 |             27 |              56 |
| GPON        | TV Only               |        2177 |        1668 |           1668 |            1761 |
| GPON        | Voice Only            |          12 |          11 |             11 |              12 |
| GPON        | Services Total        |       14232 |        7008 |           7005 |           11095 |
| HFC         | All                   |          79 |          11 |             11 |              36 |
| HFC         | Internet & OTT        |           6 |           3 |              3 |               4 |
| HFC         | Internet & Voice      |         224 |         100 |            100 |             191 |
| HFC         | Internet Only         |        2624 |        2608 |           2608 |            2623 |
| HFC         | OTT Only              |           1 |           1 |              1 |               1 |
| HFC         | TV & Internet         |        4011 |        1836 |           1836 |            3722 |
| HFC         | TV & Internet & OTT   |         928 |         252 |            252 |             512 |
| HFC         | TV & Internet & Voice |         215 |          66 |             66 |             200 |
| HFC         | TV & OTT              |         131 |          24 |             24 |              29 |
| HFC         | TV & Voice            |          26 |          12 |             12 |              24 |
| HFC         | TV Only               |        5893 |        4610 |           4610 |            4722 |
| HFC         | Voice Only            |          95 |          95 |             95 |              95 |
| HFC         | Services Total        |       14233 |        9618 |           9618 |           12159 |
| GRAND TOTAL | Services Total        |       28465 |       16626 |          16564 |           23254 |
+-------------+-----------------------+-------------+-------------+----------------+-----------------+
27 rows in set, 2 warnings (0.14 sec)

Query OK, 0 rows affected (0.01 sec)

Query OK, 44 rows affected, 3 warnings (0.20 sec)
Records: 44  Duplicates: 0  Warnings: 3

+-------------+---------------+-----------------------+-------------+-------------+----------------+-----------------+
| region      | network       | services              | activecount | allaccounts | uniqueaccounts | uniquecontracts |
+-------------+---------------+-----------------------+-------------+-------------+----------------+-----------------+
| Eden Island | GPON          | TV & Internet         |           2 |           1 |              1 |               2 |
| Eden Island | GPON          | Services Total        |           2 |           1 |              1 |               2 |
| Eden Island | Network Total | Services Total        |           2 |           1 |              1 |               2 |
| Mahe        | GPON          | All                   |         300 |          51 |             51 |             163 |
| Mahe        | GPON          | Internet & OTT        |           2 |           1 |              1 |               1 |
| Mahe        | GPON          | Internet & Voice      |          77 |          31 |             31 |              66 |
| Mahe        | GPON          | Internet Only         |        1474 |        1392 |           1392 |            1414 |
| Mahe        | GPON          | TV & Internet         |        4740 |        2079 |           2079 |            4263 |
| Mahe        | GPON          | TV & Internet & OTT   |        3201 |         808 |            808 |            1701 |
| Mahe        | GPON          | TV & Internet & Voice |         282 |          73 |             73 |             228 |
| Mahe        | GPON          | TV & OTT              |         230 |          74 |             74 |              79 |
| Mahe        | GPON          | TV & Voice            |          58 |          26 |             26 |              53 |
| Mahe        | GPON          | TV Only               |        1842 |        1409 |           1409 |            1489 |
| Mahe        | GPON          | Voice Only            |          12 |          11 |             11 |              12 |
| Mahe        | GPON          | Services Total        |       12218 |        5955 |           5955 |            9469 |
| Mahe        | HFC           | All                   |          79 |          11 |             11 |              36 |
| Mahe        | HFC           | Internet & OTT        |           6 |           3 |              3 |               4 |
| Mahe        | HFC           | Internet & Voice      |         224 |         100 |            100 |             191 |
| Mahe        | HFC           | Internet Only         |        2624 |        2608 |           2608 |            2623 |
| Mahe        | HFC           | OTT Only              |           1 |           1 |              1 |               1 |
| Mahe        | HFC           | TV & Internet         |        4011 |        1836 |           1836 |            3722 |
| Mahe        | HFC           | TV & Internet & OTT   |         928 |         252 |            252 |             512 |
| Mahe        | HFC           | TV & Internet & Voice |         215 |          66 |             66 |             200 |
| Mahe        | HFC           | TV & OTT              |         131 |          24 |             24 |              29 |
| Mahe        | HFC           | TV & Voice            |          26 |          12 |             12 |              24 |
| Mahe        | HFC           | TV Only               |        5892 |        4609 |           4609 |            4721 |
| Mahe        | HFC           | Voice Only            |          95 |          95 |             95 |              95 |
| Mahe        | HFC           | Services Total        |       14232 |        9617 |           9617 |           12158 |
| Mahe        | Network Total | Services Total        |       26450 |       15572 |          15513 |           21627 |
| Praslin     | GPON          | All                   |          34 |           6 |              6 |              18 |
| Praslin     | GPON          | Internet & Voice      |           6 |           3 |              3 |               6 |
| Praslin     | GPON          | Internet Only         |         267 |         266 |            266 |             267 |
| Praslin     | GPON          | OTT Only              |           1 |           1 |              1 |               1 |
| Praslin     | GPON          | TV & Internet         |         734 |         326 |            326 |             674 |
| Praslin     | GPON          | TV & Internet & OTT   |         579 |         171 |            171 |             351 |
| Praslin     | GPON          | TV & Internet & Voice |          17 |           5 |              5 |              17 |
| Praslin     | GPON          | TV & OTT              |          36 |          14 |             14 |              15 |
| Praslin     | GPON          | TV & Voice            |           3 |           1 |              1 |               3 |
| Praslin     | GPON          | TV Only               |         335 |         259 |            259 |             272 |
| Praslin     | GPON          | Services Total        |        2012 |        1052 |           1052 |            1624 |
| Praslin     | HFC           | TV Only               |           1 |           1 |              1 |               1 |
| Praslin     | HFC           | Services Total        |           1 |           1 |              1 |               1 |
| Praslin     | Network Total | Services Total        |        2013 |        1053 |           1053 |            1625 |
| GRAND TOTAL | Network Total | Services Total        |       28465 |       16626 |          16564 |           23254 |
+-------------+---------------+-----------------------+-------------+-------------+----------------+-----------------+
44 rows in set (0.00 sec)

Query OK, 0 rows affected (0.01 sec)

Query OK, 27788 rows affected (0.61 sec)
Records: 27788  Duplicates: 0  Warnings: 0

Query OK, 0 rows affected (0.01 sec)

Query OK, 2346 rows affected (1.89 sec)
Records: 2346  Duplicates: 0  Warnings: 0

+--------------------------------------+
| message                              |
+--------------------------------------+
| running rcbill_my.sp_ActiveNumber2() |
+--------------------------------------+
1 row in set (0.00 sec)

Query OK, 365 rows affected (2 min 49.89 sec)

mysql> mysql \. C:\workspace\cloud\code\sql\_DailyScript\currenttime.sql
+---------------------+
| currenttime         |
+---------------------+
| 2022-01-24 11:01:30 |
+---------------------+
1 row in set (0.00 sec)

mysql> 
mysql> mysql \. C:\workspace\cloud\code\sql\_DailyScript\GetActiveNumbers Average -Pivot.sql
Database changed
+-------------------------------------+
| @today := subdate(current_date(),1) |
+-------------------------------------+
| 2022-01-23                          |
+-------------------------------------+
1 row in set (0.00 sec)

+-------------------------------------+
| @lastdayofmonth := last_day(@today) |
+-------------------------------------+
| 2022-01-31                          |
+-------------------------------------+
1 row in set (0.00 sec)

Query OK, 0 rows affected (0.03 sec)

Query OK, 53271 rows affected, 65535 warnings (1 min 9.57 sec)
Records: 53271  Duplicates: 0  Warnings: 109115

Query OK, 0 rows affected (0.13 sec)
Records: 0  Duplicates: 0  Warnings: 0

Query OK, 0 rows affected (0.22 sec)
Records: 0  Duplicates: 0  Warnings: 0

Query OK, 0 rows affected (0.13 sec)
Records: 0  Duplicates: 0  Warnings: 0

+-----------------+
| activenumberavg |
+-----------------+
|           53271 |
+-----------------+
1 row in set (0.02 sec)

Query OK, 0 rows affected (0.01 sec)

Query OK, 2008 rows affected (0.65 sec)
Records: 2008  Duplicates: 0  Warnings: 0

+---------------------+
| rep_activenumberavg |
+---------------------+
|                2008 |
+---------------------+
1 row in set (0.00 sec)

+----------------------+
| rep_activenumberavg1 |
+----------------------+
|                  933 |
+----------------------+
1 row in set (0.00 sec)

Query OK, 0 rows affected (0.01 sec)

Query OK, 2827 rows affected (0.50 sec)
Records: 2827  Duplicates: 0  Warnings: 0

Query OK, 0 rows affected (0.00 sec)

Query OK, 14658 rows affected (0.94 sec)
Records: 14658  Duplicates: 0  Warnings: 0

Query OK, 0 rows affected (0.01 sec)

Query OK, 254 rows affected (0.31 sec)
Records: 254  Duplicates: 0  Warnings: 0

Query OK, 0 rows affected (0.00 sec)

Query OK, 0 rows affected (0.01 sec)

Query OK, 0 rows affected (0.01 sec)

Query OK, 0 rows affected (0.00 sec)

Query OK, 0 rows affected (0.00 sec)
Statement prepared

Query OK, 53 rows affected (0.06 sec)
Records: 53  Duplicates: 0  Warnings: 0

Query OK, 0 rows affected (0.00 sec)

Query OK, 0 rows affected (0.00 sec)

+----------------------+
| rep_activenumberavg2 |
+----------------------+
|                 2827 |
+----------------------+
1 row in set (0.00 sec)

+------------------------+
| rep_activenumberavg_pv |
+------------------------+
|                     53 |
+------------------------+
1 row in set (0.00 sec)

Query OK, 0 rows affected (0.01 sec)

Query OK, 2824 rows affected (0.41 sec)
Records: 2824  Duplicates: 0  Warnings: 0

Query OK, 0 rows affected (0.00 sec)

Query OK, 0 rows affected (0.01 sec)

Query OK, 0 rows affected (0.01 sec)

Query OK, 0 rows affected (0.00 sec)

Query OK, 0 rows affected (0.00 sec)
Statement prepared

Query OK, 53 rows affected (0.06 sec)
Records: 53  Duplicates: 0  Warnings: 0

Query OK, 0 rows affected (0.00 sec)

Query OK, 0 rows affected (0.00 sec)

+-------------------------+
| rep_activenumberavgMahe |
+-------------------------+
|                    2824 |
+-------------------------+
1 row in set (0.00 sec)

+----------------------------+
| rep_activenumberavgMahe_pv |
+----------------------------+
|                         53 |
+----------------------------+
1 row in set (0.00 sec)

Query OK, 0 rows affected (0.01 sec)

Query OK, 1788 rows affected (0.19 sec)
Records: 1788  Duplicates: 0  Warnings: 0

Query OK, 0 rows affected (0.00 sec)

Query OK, 0 rows affected (0.01 sec)

Query OK, 0 rows affected (0.01 sec)

Query OK, 0 rows affected (0.00 sec)

Query OK, 0 rows affected (0.00 sec)
Statement prepared

Query OK, 41 rows affected (0.04 sec)
Records: 41  Duplicates: 0  Warnings: 0

Query OK, 0 rows affected (0.00 sec)

Query OK, 0 rows affected (0.00 sec)

+----------------------------+
| rep_activenumberavgPraslin |
+----------------------------+
|                       1788 |
+----------------------------+
1 row in set (0.00 sec)

+-------------------------------+
| rep_activenumberavgPraslin_pv |
+-------------------------------+
|                            41 |
+-------------------------------+
1 row in set (0.00 sec)

mysql> mysql \. C:\workspace\cloud\code\sql\_DailyScript\currenttime.sql
+---------------------+
| currenttime         |
+---------------------+
| 2022-01-24 11:02:44 |
+---------------------+
1 row in set (0.00 sec)

mysql> 
mysql> mysql \. C:\workspace\cloud\code\sql\Analysis\clients_contracts_creditpolicy_2.sql
Database changed
Query OK, 0 rows affected (0.01 sec)

Query OK, 1931372 rows affected (1 min 5.73 sec)
Records: 1931372  Duplicates: 0  Warnings: 0

Query OK, 0 rows affected (0.01 sec)

Query OK, 27810 rows affected (1.78 sec)
Records: 27810  Duplicates: 0  Warnings: 0

Query OK, 0 rows affected (0.01 sec)

Query OK, 27883 rows affected (29.76 sec)
Records: 27883  Duplicates: 0  Warnings: 0

+-------------------------+
| rep_cust_cont_creditpol |
+-------------------------+
|                   27883 |
+-------------------------+
1 row in set (0.01 sec)

mysql> mysql \. C:\workspace\cloud\code\sql\_DailyScript\currenttime.sql
+---------------------+
| currenttime         |
+---------------------+
| 2022-01-24 11:04:21 |
+---------------------+
1 row in set (0.00 sec)

mysql> 
mysql> mysql \. C:\workspace\cloud\code\sql\_DailyScript\budget_actual_analysis_2022.sql
Query OK, 0 rows affected (0.01 sec)

Query OK, 591 rows affected, 3 warnings (0.08 sec)
Records: 591  Duplicates: 0  Warnings: 3

+--------------------+
| budget_actual_2022 |
+--------------------+
|                591 |
+--------------------+
1 row in set (0.00 sec)

Query OK, 0 rows affected (0.01 sec)

Query OK, 47 rows affected (0.06 sec)
Records: 47  Duplicates: 0  Warnings: 0

+---------------------------+
| rep_budget_actual_2022_pv |
+---------------------------+
|                        47 |
+---------------------------+
1 row in set (0.00 sec)

mysql> mysql \. C:\workspace\cloud\code\sql\_DailyScript\currenttime.sql
+---------------------+
| currenttime         |
+---------------------+
| 2022-01-24 11:04:21 |
+---------------------+
1 row in set (0.00 sec)

mysql> 
mysql> mysql \. C:\workspace\cloud\code\sql\_DailyScript\reports-sales-addons-prepaid-camera.sql
Database changed
Query OK, 0 rows affected (0.01 sec)

Query OK, 4422 rows affected (0.27 sec)
Records: 4422  Duplicates: 0  Warnings: 0

Query OK, 0 rows affected (0.01 sec)

Query OK, 26648 rows affected (24.82 sec)
Records: 26648  Duplicates: 0  Warnings: 0

+--------------------+
| rep_prepaid_camera |
+--------------------+
|               4422 |
+--------------------+
1 row in set (0.01 sec)

+-----------+
| rep_addon |
+-----------+
|     26648 |
+-----------+
1 row in set (0.01 sec)

mysql> mysql \. C:\workspace\cloud\code\sql\_DailyScript\currenttime.sql
+---------------------+
| currenttime         |
+---------------------+
| 2022-01-24 11:04:46 |
+---------------------+
1 row in set (0.00 sec)

mysql> 
mysql> mysql \. C:\workspace\cloud\code\sql\Analysis\addon_package_sales2.sql
Query OK, 0 rows affected (0.00 sec)

Query OK, 0 rows affected (0.00 sec)

Query OK, 0 rows affected (0.00 sec)

+------------+
| @startdate |
+------------+
| 2016-05-01 |
+------------+
1 row in set (0.00 sec)

+------------+
| @enddate   |
+------------+
| 2022-01-23 |
+------------+
1 row in set (0.00 sec)

+------------------------+
| IN ADDON PACKAGE SALES |
+------------------------+
| IN ADDON PACKAGE SALES |
+------------------------+
1 row in set (0.00 sec)

Query OK, 0 rows affected (0.00 sec)

Query OK, 0 rows affected (0.01 sec)

Query OK, 2140 rows affected (3 min 25.99 sec)
Records: 2140  Duplicates: 0  Warnings: 0

+------------------------+
| rep_newfirstactive_vod |
+------------------------+
|                   2140 |
+------------------------+
1 row in set (0.00 sec)

Query OK, 0 rows affected (0.00 sec)

Query OK, 0 rows affected (0.01 sec)

Query OK, 6644 rows affected (12 min 24.88 sec)
Records: 6644  Duplicates: 0  Warnings: 0

+------------------------+
| rep_newfirstactive_int |
+------------------------+
|                   6644 |
+------------------------+
1 row in set (0.01 sec)

Query OK, 0 rows affected (0.00 sec)

Query OK, 0 rows affected (0.01 sec)

Query OK, 406 rows affected (44.43 sec)
Records: 406  Duplicates: 0  Warnings: 0

+-----------------------+
| rep_newfirstactive_dv |
+-----------------------+
|                   406 |
+-----------------------+
1 row in set (0.00 sec)

Query OK, 0 rows affected (0.00 sec)

Query OK, 0 rows affected (0.01 sec)

Query OK, 41 rows affected (2.43 sec)
Records: 41  Duplicates: 0  Warnings: 0

+-----------------------+
| rep_newfirstactive_mv |
+-----------------------+
|                    41 |
+-----------------------+
1 row in set (0.00 sec)

Query OK, 0 rows affected (0.00 sec)

Query OK, 0 rows affected (0.01 sec)

Query OK, 713 rows affected (1 min 19.95 sec)
Records: 713  Duplicates: 0  Warnings: 0

+------------------------+
| rep_newfirstactive_igo |
+------------------------+
|                    713 |
+------------------------+
1 row in set (0.00 sec)

mysql> mysql \. C:\workspace\cloud\code\sql\_DailyScript\currenttime.sql
+---------------------+
| currenttime         |
+---------------------+
| 2022-01-24 11:22:44 |
+---------------------+
1 row in set (0.00 sec)

mysql> 
mysql> mysql \. C:\workspace\cloud\code\sql\_DailyScript\RCB_ClientAnalyticsReport_Script.sql
Database changed
Query OK, 0 rows affected (0.00 sec)

Query OK, 0 rows affected (0.24 sec)

Query OK, 2190402 rows affected (1 min 53.16 sec)
Records: 2190402  Duplicates: 0  Warnings: 0

Query OK, 0 rows affected (27.32 sec)
Records: 0  Duplicates: 0  Warnings: 0

Query OK, 0 rows affected (8.00 sec)
Records: 0  Duplicates: 0  Warnings: 0

Query OK, 0 rows affected (10.82 sec)
Records: 0  Duplicates: 0  Warnings: 0

Query OK, 0 rows affected (12.58 sec)
Records: 0  Duplicates: 0  Warnings: 0

Query OK, 0 rows affected (10.75 sec)
Records: 0  Duplicates: 0  Warnings: 0

Query OK, 0 rows affected (11.45 sec)
Records: 0  Duplicates: 0  Warnings: 0

Query OK, 0 rows affected (0.00 sec)

Query OK, 504835 rows affected, 30422 warnings (21.88 sec)
Rows matched: 2190402  Changed: 504835  Warnings: 30422

Query OK, 0 rows affected (0.07 sec)

Query OK, 28601 rows affected (21.78 sec)
Records: 28601  Duplicates: 0  Warnings: 0

+---------------------+
| clientcontractssubs |
+---------------------+
|               28601 |
+---------------------+
1 row in set (0.01 sec)

Query OK, 0 rows affected (0.02 sec)

Query OK, 45979 rows affected (11 min 26.43 sec)
Records: 45979  Duplicates: 0  Warnings: 0

Query OK, 0 rows affected (0.28 sec)
Records: 0  Duplicates: 0  Warnings: 0

Query OK, 0 rows affected (0.19 sec)
Records: 0  Duplicates: 0  Warnings: 0

Query OK, 0 rows affected (0.11 sec)
Records: 0  Duplicates: 0  Warnings: 0

+-----------------------+
| clientcontracthistory |
+-----------------------+
|                 45979 |
+-----------------------+
1 row in set (0.02 sec)

Query OK, 0 rows affected (0.03 sec)

Query OK, 3007371 rows affected (1 min 50.97 sec)
Records: 3007371  Duplicates: 0  Warnings: 0

Query OK, 0 rows affected (0.10 sec)

Query OK, 500420 rows affected (6 min 22.26 sec)
Records: 500420  Duplicates: 0  Warnings: 0

Query OK, 0 rows affected (1.85 sec)
Records: 0  Duplicates: 0  Warnings: 0

Query OK, 0 rows affected (0.97 sec)
Records: 0  Duplicates: 0  Warnings: 0

Query OK, 0 rows affected (2.10 sec)
Records: 0  Duplicates: 0  Warnings: 0

Query OK, 0 rows affected (1.18 sec)
Records: 0  Duplicates: 0  Warnings: 0

+--------------------------+
| clientcontractinvpmt_stg |
+--------------------------+
|                   500420 |
+--------------------------+
1 row in set (0.14 sec)

Query OK, 0 rows affected (0.03 sec)

Query OK, 500420 rows affected (16.93 sec)
Records: 500420  Duplicates: 0  Warnings: 0

Query OK, 0 rows affected (2.07 sec)
Records: 0  Duplicates: 0  Warnings: 0

Query OK, 0 rows affected (1.07 sec)
Records: 0  Duplicates: 0  Warnings: 0

Query OK, 0 rows affected (2.27 sec)
Records: 0  Duplicates: 0  Warnings: 0

Query OK, 0 rows affected (1.31 sec)
Records: 0  Duplicates: 0  Warnings: 0

+----------------------+
| clientcontractinvpmt |
+----------------------+
|               500420 |
+----------------------+
1 row in set (0.13 sec)

Query OK, 0 rows affected (0.01 sec)

Query OK, 45979 rows affected (1 min 39.29 sec)
Records: 45979  Duplicates: 0  Warnings: 0

+--------------+
| clientreport |
+--------------+
|        45979 |
+--------------+
1 row in set (0.02 sec)

Query OK, 0 rows affected (0.03 sec)

Query OK, 45979 rows affected (29.70 sec)
Records: 45979  Duplicates: 0  Warnings: 0

+----------------------+
| clientextendedreport |
+----------------------+
|                45979 |
+----------------------+
1 row in set (0.02 sec)

Query OK, 0 rows affected (0.02 sec)

Query OK, 45979 rows affected (3 min 6.15 sec)
Records: 45979  Duplicates: 0  Warnings: 0

+---------+
| allcust |
+---------+
|   45979 |
+---------+
1 row in set (0.01 sec)

Query OK, 0 rows affected, 1 warning (0.00 sec)

Query OK, 5000 rows affected (0.20 sec)
Records: 5000  Duplicates: 0  Warnings: 0

Query OK, 0 rows affected (0.01 sec)

Query OK, 6759 rows affected (0.39 sec)
Records: 6759  Duplicates: 0  Warnings: 0

Query OK, 0 rows affected, 1 warning (0.00 sec)

Query OK, 5000 rows affected (0.19 sec)
Records: 5000  Duplicates: 0  Warnings: 0

Query OK, 0 rows affected (0.01 sec)

Query OK, 7163 rows affected (0.27 sec)
Records: 7163  Duplicates: 0  Warnings: 0

mysql> mysql \. C:\workspace\cloud\code\sql\_DailyScript\currenttime.sql
+---------------------+
| currenttime         |
+---------------------+
| 2022-01-24 11:52:09 |
+---------------------+
1 row in set (0.00 sec)

mysql> 
mysql> mysql \. C:\workspace\cloud\code\sql\_DailyScript\REVENUE_PER_NODE_MXK_2022.sql
Query OK, 0 rows affected, 1 warning (0.00 sec)

Query OK, 0 rows affected, 1 warning (0.00 sec)

Query OK, 0 rows affected, 1 warning (0.00 sec)

Query OK, 13044 rows affected (6.48 sec)
Records: 13044  Duplicates: 0  Warnings: 0

+----------------------+
| message              |
+----------------------+
| created temp table a |
+----------------------+
1 row in set (0.00 sec)

Query OK, 9585 rows affected (1.42 sec)
Records: 9585  Duplicates: 0  Warnings: 0

+----------------------+
| message              |
+----------------------+
| created temp table b |
+----------------------+
1 row in set (0.00 sec)

Query OK, 0 rows affected, 1 warning (0.00 sec)

Query OK, 13518 rows affected (51.94 sec)
Records: 13518  Duplicates: 0  Warnings: 0

+--------------------------------+
| message                        |
+--------------------------------+
| created rcbill_my.tempcustmxk1 |
+--------------------------------+
1 row in set (0.00 sec)

Query OK, 0 rows affected (0.01 sec)

Query OK, 0 rows affected (0.01 sec)

Query OK, 0 rows affected, 1 warning (0.00 sec)

Query OK, 13044 rows affected (4.50 sec)
Records: 13044  Duplicates: 0  Warnings: 0

+----------------+
| message        |
+----------------+
| created temp a |
+----------------+
1 row in set (0.00 sec)

Query OK, 9585 rows affected (1.19 sec)
Records: 9585  Duplicates: 0  Warnings: 0

+----------------+
| message        |
+----------------+
| created temp b |
+----------------+
1 row in set (0.00 sec)

Query OK, 0 rows affected, 1 warning (0.00 sec)

Query OK, 9739 rows affected (25.70 sec)
Records: 9739  Duplicates: 0  Warnings: 0

+--------------------------------+
| message                        |
+--------------------------------+
| created rcbill_my.tempcustmxk2 |
+--------------------------------+
1 row in set (0.00 sec)

Query OK, 0 rows affected (0.01 sec)

Query OK, 0 rows affected (0.00 sec)

Query OK, 0 rows affected, 1 warning (0.00 sec)

Query OK, 0 rows affected (0.01 sec)

Query OK, 14368 rows affected (0.84 sec)
Records: 14368  Duplicates: 0  Warnings: 0

+---------------------------------+
| message                         |
+---------------------------------+
| created rcbill_my.customers_mxk |
+---------------------------------+
1 row in set (0.00 sec)

Query OK, 0 rows affected (0.01 sec)

Query OK, 0 rows affected (0.01 sec)

Query OK, 25294 rows affected (7.50 sec)
Records: 25294  Duplicates: 0  Warnings: 0

+----------------+
| message        |
+----------------+
| created temp a |
+----------------+
1 row in set (0.00 sec)

Query OK, 15043 rows affected (2.25 sec)
Records: 15043  Duplicates: 0  Warnings: 0

+----------------+
| message        |
+----------------+
| created temp c |
+----------------+
1 row in set (0.00 sec)

Query OK, 0 rows affected, 1 warning (0.00 sec)

Query OK, 35176 rows affected (0.65 sec)
Records: 35176  Duplicates: 0  Warnings: 0

+---------------------------------+
| message                         |
+---------------------------------+
| created rcbill_my.tempcustcmts1 |
+---------------------------------+
1 row in set (0.00 sec)

Query OK, 0 rows affected (0.01 sec)

Query OK, 0 rows affected, 1 warning (0.00 sec)

Query OK, 0 rows affected (0.01 sec)

Query OK, 25294 rows affected (7.51 sec)
Records: 25294  Duplicates: 0  Warnings: 0

+----------------+
| message        |
+----------------+
| created temp a |
+----------------+
1 row in set (0.00 sec)

Query OK, 15043 rows affected (1.87 sec)
Records: 15043  Duplicates: 0  Warnings: 0

+----------------+
| message        |
+----------------+
| created temp c |
+----------------+
1 row in set (0.00 sec)

Query OK, 0 rows affected, 1 warning (0.00 sec)

Query OK, 15464 rows affected (0.34 sec)
Records: 15464  Duplicates: 0  Warnings: 0

+---------------------------------+
| message                         |
+---------------------------------+
| created rcbill_my.tempcustcmts2 |
+---------------------------------+
1 row in set (0.00 sec)

Query OK, 0 rows affected (0.01 sec)

Query OK, 0 rows affected, 1 warning (0.00 sec)

Query OK, 0 rows affected (0.01 sec)

Query OK, 0 rows affected (0.01 sec)

Query OK, 25355 rows affected (1.50 sec)
Records: 25355  Duplicates: 0  Warnings: 0

+----------------------------------+
| message                          |
+----------------------------------+
| created rcbill_my.customers_cmts |
+----------------------------------+
1 row in set (0.00 sec)

Query OK, 0 rows affected (0.05 sec)

Query OK, 0 rows affected (0.06 sec)

Query OK, 0 rows affected (0.05 sec)

Query OK, 35094 rows affected (1.60 sec)
Records: 35094  Duplicates: 0  Warnings: 0

+--------------------------------------+
| message                              |
+--------------------------------------+
| created rcbill_my.customers_cmts_mxk |
+--------------------------------------+
1 row in set (0.00 sec)

Query OK, 530650 rows affected (1 min 17.87 sec)
Records: 530650  Duplicates: 0  Warnings: 0

+----------------+
| message        |
+----------------+
| created temp a |
+----------------+
1 row in set (0.00 sec)

Query OK, 0 rows affected (0.03 sec)

Query OK, 535156 rows affected (11.67 sec)
Records: 535156  Duplicates: 0  Warnings: 0

+------------------------------------------------+
| message                                        |
+------------------------------------------------+
| created rcbill_my.customers_contracts_cmts_mxk |
+------------------------------------------------+
1 row in set (0.00 sec)

Query OK, 0 rows affected (0.04 sec)

Query OK, 0 rows affected, 1 warning (0.00 sec)

Query OK, 0 rows affected, 1 warning (0.00 sec)

Query OK, 0 rows affected (0.00 sec)

Query OK, 12186 rows affected (2.61 sec)
Rows matched: 12186  Changed: 12186  Warnings: 0

+------------------------------------------------+
| message                                        |
+------------------------------------------------+
| updated rcbill_my.customers_contracts_cmts_mxk |
+------------------------------------------------+
1 row in set (0.00 sec)

Query OK, 0 rows affected (0.41 sec)

Query OK, 2311773 rows affected (4 min 27.07 sec)
Records: 2311773  Duplicates: 0  Warnings: 0

+----------------------------------------+
| message                                |
+----------------------------------------+
| created rcbill_my.customers_collection |
+----------------------------------------+
1 row in set (0.01 sec)

Query OK, 0 rows affected (0.26 sec)

Query OK, 2772711 rows affected (2 min 47.97 sec)
Records: 2772711  Duplicates: 0  Warnings: 0

+------------------------------------------------+
| message                                        |
+------------------------------------------------+
| created rcbill_my.customers_cmts_mxk_cont_coll |
+------------------------------------------------+
1 row in set (0.00 sec)

Query OK, 0 rows affected (0.22 sec)

Query OK, 482471 rows affected (4 min 16.97 sec)
Records: 482471  Duplicates: 0  Warnings: 0

+--------------------------------------------------------+
| message                                                |
+--------------------------------------------------------+
| created rcbill_my.customers_contracts_collection_pivot |
+--------------------------------------------------------+
1 row in set (0.00 sec)

Query OK, 0 rows affected (0.02 sec)

Query OK, 41977 rows affected (3 min 35.30 sec)
Records: 41977  Duplicates: 0  Warnings: 0

+----------------------------------------------+
| message                                      |
+----------------------------------------------+
| created rcbill_my.customers_collection_pivot |
+----------------------------------------------+
1 row in set (0.00 sec)

Query OK, 0 rows affected (0.02 sec)

Query OK, 45979 rows affected (3.06 sec)
Records: 45979  Duplicates: 0  Warnings: 0

+--------------------------------------------+
| message                                    |
+--------------------------------------------+
| created rcbill_my.rep_customers_collection |
+--------------------------------------------+
1 row in set (0.00 sec)

Query OK, 0 rows affected (0.00 sec)

Query OK, 0 rows affected, 1 warning (0.00 sec)

Query OK, 492226 rows affected (16.17 sec)
Records: 492226  Duplicates: 0  Warnings: 0

+-------------------------+
| message                 |
+-------------------------+
| created rcbill_my.tempa |
+-------------------------+
1 row in set (0.00 sec)

Query OK, 0 rows affected, 1 warning (0.00 sec)

Query OK, 482471 rows affected (1 min 17.10 sec)
Records: 482471  Duplicates: 0  Warnings: 0

+-------------------------+
| message                 |
+-------------------------+
| created rcbill_my.tempb |
+-------------------------+
1 row in set (0.00 sec)

Query OK, 492226 rows affected (1 min 21.82 sec)
Records: 492226  Duplicates: 0  Warnings: 0

+-----------+
| message   |
+-----------+
| created a |
+-----------+
1 row in set (0.00 sec)

Query OK, 482924 rows affected (1 min 39.18 sec)
Records: 482924  Duplicates: 0  Warnings: 0

+-----------+
| message   |
+-----------+
| created b |
+-----------+
1 row in set (0.00 sec)

Query OK, 0 rows affected (0.07 sec)

Query OK, 0 rows affected (0.05 sec)

Query OK, 0 rows affected (0.14 sec)

Query OK, 529278 rows affected (2 min 2.33 sec)
Records: 529278  Duplicates: 0  Warnings: 0

+----------------------------------------------+
| message                                      |
+----------------------------------------------+
| created rcbill_my.cust_cont_payment_cmts_mxk |
+----------------------------------------------+
1 row in set (0.00 sec)

Query OK, 0 rows affected (0.04 sec)

Query OK, 0 rows affected (0.03 sec)

Query OK, 0 rows affected, 1 warning (0.00 sec)

Query OK, 0 rows affected (0.04 sec)

Query OK, 45979 rows affected (45.55 sec)
Records: 45979  Duplicates: 0  Warnings: 0

+--------------------------------------------------+
| message                                          |
+--------------------------------------------------+
| created rcbill_my.rep_cust_cont_payment_cmts_mxk |
+--------------------------------------------------+
1 row in set (0.00 sec)

Query OK, 0 rows affected, 1 warning (0.00 sec)

Query OK, 0 rows affected, 1 warning (0.00 sec)

Query OK, 0 rows affected (0.02 sec)

Query OK, 45979 rows affected (12.04 sec)
Records: 45979  Duplicates: 0  Warnings: 0

+----------------------+
| rep_custconsolidated |
+----------------------+
|                45979 |
+----------------------+
1 row in set (0.01 sec)

Query OK, 0 rows affected (0.01 sec)

Query OK, 37 rows affected (0.17 sec)
Records: 37  Duplicates: 0  Warnings: 0

+---------------------------------------+
| rep_activecustomerdistribution_level1 |
+---------------------------------------+
|                                    37 |
+---------------------------------------+
1 row in set (0.00 sec)

Query OK, 0 rows affected (0.01 sec)

Query OK, 223 rows affected (0.15 sec)
Records: 223  Duplicates: 0  Warnings: 0

+---------------------------------------+
| rep_activecustomerdistribution_level2 |
+---------------------------------------+
|                                   223 |
+---------------------------------------+
1 row in set (0.00 sec)

Query OK, 0 rows affected (0.01 sec)

Query OK, 45979 rows affected (16.42 sec)
Records: 45979  Duplicates: 0  Warnings: 0

+------------------------------+
| rep_custaddressparcelsprefix |
+------------------------------+
|                        45979 |
+------------------------------+
1 row in set (0.01 sec)

Query OK, 0 rows affected (0.02 sec)

Query OK, 9053 rows affected (0.87 sec)
Records: 9053  Duplicates: 0  Warnings: 0

+-------------------------------------+
| rep_residentialcustomers_tillasleep |
+-------------------------------------+
|                                9053 |
+-------------------------------------+
1 row in set (0.01 sec)

Query OK, 0 rows affected (0.01 sec)

+------------------------------------+
| message                            |
+------------------------------------+
| creating rcbill_my.rep_custextract |
+------------------------------------+
1 row in set (0.00 sec)

Query OK, 45979 rows affected (2.55 sec)
Records: 45979  Duplicates: 0  Warnings: 0

+-----------------+
| rep_custextract |
+-----------------+
|           45979 |
+-----------------+
1 row in set (0.01 sec)

Query OK, 0 rows affected (0.00 sec)

Query OK, 0 rows affected (0.01 sec)

+----------------------------------------------+
| message                                      |
+----------------------------------------------+
| creating rcbill_my.retentioncustomeractivity |
+----------------------------------------------+
1 row in set (0.00 sec)

Query OK, 1100 rows affected (0.12 sec)
Records: 1100  Duplicates: 0  Warnings: 0

+---------------------------+
| retentioncustomeractivity |
+---------------------------+
|                      1100 |
+---------------------------+
1 row in set (0.00 sec)

+-----------+------------------------------------+------------+-------------+-----------------+------------------+---------------------+-------------------+
| HFC_NODE  | NODENAME                           | CMTS_DATE  | INSERTED_ON | UNIQUE_ACCOUNTS | UNIQUE_CONTRACTS | UNIQUE_MAC_INRCBOSS | UNIQUE_MAC_INCMTS |
+-----------+------------------------------------+------------+-------------+-----------------+------------------+---------------------+-------------------+
| NULL      | NULL                               | NULL       | 2022-01-24  |           13753 |            18042 |                8658 |                 0 |
| C5/0/0/U0 | ANSE-BOILEAU-2                     | 2022-01-06 | 2022-01-24  |             188 |              191 |                 189 |               191 |
| C5/0/0/U1 | 500-C3-ANSE-BOILEAU                | 2022-01-06 | 2022-01-24  |             199 |              204 |                 199 |               202 |
| C5/0/1/U0 | 501-C4-LA-MISIERE-LEFT-I           | 2022-01-06 | 2022-01-24  |             135 |              136 |                 135 |               138 |
| C5/0/1/U1 | 501-C5-LA-MISIERE-RIGHT            | 2022-01-06 | 2022-01-24  |              88 |               90 |                  88 |                89 |
| C5/0/1/U2 | 501-C7-LA-MISIERE-LEFT-II          | 2022-01-06 | 2022-01-24  |             139 |              143 |                 139 |               141 |
| C5/0/2/U0 | 502-C8-LA-LOUISE                   | 2022-01-06 | 2022-01-24  |             112 |              114 |                 112 |               114 |
| C5/0/2/U1 | LA-LOUISE-2                        | 2022-01-06 | 2022-01-24  |             108 |              108 |                 108 |               110 |
| C5/0/3/U0 | 504-C6-PETIT-PARIS                 | 2022-01-06 | 2022-01-24  |             118 |              120 |                 118 |               120 |
| C5/0/3/U1 | PETIT-PARIS-23                     | 2022-01-06 | 2022-01-24  |              60 |               61 |                  59 |                59 |
| C5/0/4/U0 | FOUR-SEASONS                       | 2022-01-06 | 2022-01-24  |               1 |                1 |                   1 |                 1 |
| C5/0/4/U1 | ANCHOR-CAFE-I                      | 2022-01-06 | 2022-01-24  |             152 |              155 |                 152 |               153 |
| C5/0/4/U2 | ANCHOR-CAFE-II                     | 2022-01-06 | 2022-01-24  |             157 |              158 |                 157 |               157 |
| C5/1/0/U0 | POINTE-LARUE-AIRPORT-23            | 2022-01-06 | 2022-01-24  |              96 |               96 |                  97 |                98 |
| C5/1/0/U1 | PPROVIDENCE-23                     | 2022-01-06 | 2022-01-24  |              14 |               14 |                  15 |                15 |
| C5/1/0/U2 | ROSHE-CAIMAN-23                    | 2022-01-06 | 2022-01-24  |              11 |               12 |                  11 |                11 |
| C5/1/0/U3 | HEAD-OFFICE | HO-23                | 2022-01-06 | 2022-01-24  |              11 |               11 |                  11 |                11 |
| C5/1/1/U1 | C5-UNION-VALE                      | 2022-01-06 | 2022-01-24  |             118 |              118 |                 118 |               119 |
| C5/1/3/U0 | POINTE-LARUE-AIRPORT-27            | 2022-01-06 | 2022-01-24  |             131 |              136 |                 131 |               131 |
| C5/1/3/U1 | PPROVIDENCE-27                     | 2022-01-06 | 2022-01-24  |              24 |               24 |                  24 |                24 |
| C5/1/3/U2 | ROSHE-CAIMAN-27                    | 2022-01-06 | 2022-01-24  |              31 |               31 |                  31 |                31 |
| C5/1/3/U3 | HEAD-OFFICE | HO-27                | 2022-01-06 | 2022-01-24  |              25 |               26 |                  25 |                26 |
| C5/1/4/U0 | ANSE-ROYALE-27                     | 2022-01-06 | 2022-01-24  |              97 |               99 |                  98 |               100 |
| C5/1/4/U1 | GLACIS-2-57                        | 2022-01-06 | 2022-01-24  |              46 |               48 |                  46 |                47 |
| C5/1/4/U2 | NULL                               | 2022-01-06 | 2022-01-24  |              91 |               94 |                  91 |                93 |
| C5/1/4/U3 | GLACIS-1                           | 2022-01-06 | 2022-01-24  |              11 |               12 |                  11 |                11 |
| C6/0/1/U0 | SERRET-ROAD-RIGHT/CURIO/PASCAL     | 2022-01-06 | 2022-01-24  |              95 |               95 |                  95 |                95 |
| C6/0/1/U1 | SERRET-ROAD-LEFT/ST.LOUIS/TOWN     | 2022-01-06 | 2022-01-24  |              55 |               56 |                  55 |                55 |
| C6/0/1/U2 | SERRET-ROAD-RIGHT/CURIO/PASCAL-2   | 2022-01-06 | 2022-01-24  |             100 |              103 |                 100 |               101 |
| C6/0/1/U3 | SERRET-ROAD-LEFT/ST.LOUIS/TOWN-2   | 2022-01-06 | 2022-01-24  |              54 |               56 |                  54 |                56 |
| C6/0/2/U0 | SANS-SOUCIS-I                      | 2022-01-06 | 2022-01-24  |              79 |               81 |                  79 |                81 |
| C6/0/2/U1 | SANS-SOUCIS-II                     | 2022-01-06 | 2022-01-24  |              78 |               79 |                  78 |                79 |
| C6/0/2/U2 | BEL-AIR-27                         | 2022-01-06 | 2022-01-24  |              61 |               63 |                  61 |                63 |
| C6/0/2/U3 | BEL-AIR-38                         | 2022-01-06 | 2022-01-24  |              58 |               58 |                  58 |                58 |
| C6/0/3/U0 | LES-MAMELLES-23                    | 2022-01-06 | 2022-01-24  |              55 |               55 |                  55 |                55 |
| C6/0/3/U1 | VICTORIA-23                        | 2022-01-06 | 2022-01-24  |              18 |               18 |                  18 |                19 |
| C6/0/4/U0 | LES-MAMELLES-27                    | 2022-01-06 | 2022-01-24  |              57 |               57 |                  57 |                57 |
| C6/0/4/U1 | VICTORIA-27                        | 2022-01-06 | 2022-01-24  |              12 |               12 |                  12 |                13 |
| C7/1/0/U0 | LA-RETRAITE-23                     | 2022-01-06 | 2022-01-24  |              71 |               73 |                  71 |                73 |
| C7/1/0/U1 | TEA-FACTORY-23                     | 2022-01-06 | 2022-01-24  |              26 |               31 |                  26 |                26 |
| C7/1/0/U2 | PAS-23                             | 2022-01-06 | 2022-01-24  |              81 |               85 |                  81 |                81 |
| C7/1/1/U0 | REEF-ESTATE-23                     | 2022-01-06 | 2022-01-24  |              66 |               66 |                  66 |                66 |
| C7/1/2/U0 | LA-RETRAITE-27                     | 2022-01-06 | 2022-01-24  |              46 |               47 |                  46 |                47 |
| C7/1/2/U1 | TEA-FACTORY-27                     | 2022-01-06 | 2022-01-24  |              17 |               21 |                  17 |                17 |
| C7/1/2/U2 | PAS-27                             | 2022-01-06 | 2022-01-24  |              91 |               92 |                  91 |                92 |
| C7/1/3/U0 | MT-BUXTON-27                       | 2022-01-06 | 2022-01-24  |             122 |              124 |                 123 |               123 |
| C7/1/3/U1 | MT-BUXTON-23                       | 2022-01-06 | 2022-01-24  |              60 |               61 |                  60 |                61 |
| C7/1/4/U0 | REEF-ESTATE-27                     | 2022-01-06 | 2022-01-24  |              74 |               76 |                  74 |                75 |
| C8/0/0/U0 | POLICE-ACADEMY-1-27 - POINTE LARUE | 2022-01-06 | 2022-01-24  |             107 |              108 |                 107 |               109 |
| C8/0/0/U1 | NULL                               | 2022-01-06 | 2022-01-24  |             135 |              137 |                 135 |               136 |
| C8/0/1/U0 | NULL                               | 2022-01-06 | 2022-01-24  |             204 |              205 |                 204 |               206 |
| C8/0/1/U1 | POLICE-ACADEMY-2-27 - TURTLE BAY   | 2022-01-06 | 2022-01-24  |             126 |              131 |                 126 |               127 |
| C8/1/0/U0 | MA-JOIE-NODE-27                    | 2022-01-06 | 2022-01-24  |              62 |               63 |                  64 |                65 |
| C8/1/0/U1 | BELONIE-27                         | 2022-01-06 | 2022-01-24  |             112 |              113 |                 111 |               111 |
| C8/1/0/U3 | MA-JOIE-NODE-23                    | 2022-01-06 | 2022-01-24  |              69 |               70 |                  68 |                69 |
| C8/1/1/U0 | 611-C1-ROJN I                      | 2022-01-06 | 2022-01-24  |              91 |               91 |                  91 |                92 |
| C8/1/1/U1 | 611-C5-ROJN II                     | 2022-01-06 | 2022-01-24  |              93 |               94 |                  93 |                95 |
| C8/1/2/U0 | 612-C2-ANSE-ETOILE                 | 2022-01-06 | 2022-01-24  |              88 |               88 |                  88 |                88 |
| C8/1/2/U1 | ANSE-ETOILE-U2                     | 2022-01-06 | 2022-01-24  |              33 |               33 |                  33 |                34 |
| C8/1/3/U0 | 613-C3-ANSE-GAULETTE I             | 2022-01-06 | 2022-01-24  |              78 |               81 |                  78 |                78 |
| C8/1/3/U1 | 613-C7-ANSE-GAULETTE II            | 2022-01-06 | 2022-01-24  |              76 |               80 |                  77 |                77 |
| C8/1/3/U2 | 613-C3-ANSE-GAULETTE III           | 2022-01-06 | 2022-01-24  |              34 |               36 |                  34 |                35 |
| C8/1/3/U3 | TAKAMAKA I                         | 2022-01-06 | 2022-01-24  |              93 |               94 |                  93 |                94 |
| C8/1/3/U4 | TAKAMAKA II                        | 2022-01-06 | 2022-01-24  |              96 |               97 |                  96 |                96 |
| C8/1/4/U0 | 614-BEOLIERE-NODE-1                | 2022-01-06 | 2022-01-24  |             105 |              105 |                 105 |               107 |
| C8/1/4/U1 | 614-BEOLIERE-NODE-2                | 2022-01-06 | 2022-01-24  |             104 |              107 |                 104 |               107 |
+-----------+------------------------------------+------------+-------------+-----------------+------------------+---------------------+-------------------+
66 rows in set (0.38 sec)

+-----------------------+------------+-------------+-----------------+------------------+----------------------+-------------------+
| MXK_NAME              | MXK_DATE   | INSERTED_ON | UNIQUE_ACCOUNTS | UNIQUE_CONTRACTS | UNIQUE_FSAN_INRCBOSS | UNIQUE_FSAN_INMXK |
+-----------------------+------------+-------------+-----------------+------------------+----------------------+-------------------+
| NULL                  | NULL       | 2022-01-24  |            3152 |             4256 |                 1238 |                 0 |
| MXK-MAHE-ANSEAUXPINS  | 2021-12-20 | 2022-01-24  |             199 |              200 |                  200 |               219 |
| MXK-MAHE-ANSEETOILE   | 2021-12-20 | 2022-01-24  |             895 |              903 |                  896 |               939 |
| MXK-MAHE-ANSEROYALE   | 2021-12-20 | 2022-01-24  |             263 |              266 |                  265 |               300 |
| MXK-MAHE-ANSEROYALE-2 | 2021-12-20 | 2022-01-24  |              14 |               14 |                   14 |                14 |
| MXK-MAHE-BEAUVALLON-1 | 2021-12-20 | 2022-01-24  |            2164 |             2205 |                 2193 |              2305 |
| MXK-MAHE-BEAUVALLON-2 | 2021-12-20 | 2022-01-24  |             311 |              339 |                  349 |               380 |
| MXK-MAHE-GRANDANSE    | 2021-12-20 | 2022-01-24  |             126 |              126 |                  126 |               134 |
| MXK-MAHE-LAB          | 2021-12-20 | 2022-01-24  |               0 |                0 |                    0 |                11 |
| MXK-MAHE-MONTFLEURI   | 2021-12-20 | 2022-01-24  |             505 |              506 |                  506 |               534 |
| MXK-MAHE-PERSEVERANCE | 2021-12-20 | 2022-01-24  |            1219 |             1239 |                 1226 |              1332 |
| MXK-MAHE-PROVIDENCE   | 2021-12-20 | 2022-01-24  |            1367 |             1402 |                 1323 |              1539 |
| MXK-PRASLIN-GRANDANSE | 2021-12-20 | 2022-01-24  |            1388 |             1390 |                 1382 |              1572 |
+-----------------------+------------+-------------+-----------------+------------------+----------------------+-------------------+
13 rows in set (0.16 sec)

mysql> mysql \. C:\workspace\cloud\code\sql\_DailyScript\currenttime.sql
+---------------------+
| currenttime         |
+---------------------+
| 2022-01-24 12:18:44 |
+---------------------+
1 row in set (0.00 sec)

mysql> 
mysql> mysql \. C:\workspace\cloud\code\sql\_DailyScript\housing-estate-analysis.sql
Database changed
Query OK, 0 rows affected (0.01 sec)

Query OK, 3737 rows affected (17.78 sec)
Records: 3737  Duplicates: 0  Warnings: 0

+--------------------+
| rep_housingestates |
+--------------------+
|               3737 |
+--------------------+
1 row in set (0.00 sec)

mysql> mysql \. C:\workspace\cloud\code\sql\_DailyScript\currenttime.sql
+---------------------+
| currenttime         |
+---------------------+
| 2022-01-24 12:19:02 |
+---------------------+
1 row in set (0.00 sec)

mysql> 
mysql> mysql \. C:\workspace\cloud\code\sql\_DailyScript\ticket_analysis.sql
Database changed
Query OK, 0 rows affected (0.05 sec)

Query OK, 936674 rows affected (40.61 sec)
Records: 936674  Duplicates: 0  Warnings: 0

Query OK, 0 rows affected (3.92 sec)
Records: 0  Duplicates: 0  Warnings: 0

Query OK, 0 rows affected (2.09 sec)
Records: 0  Duplicates: 0  Warnings: 0

Query OK, 0 rows affected (2.02 sec)
Records: 0  Duplicates: 0  Warnings: 0

Query OK, 0 rows affected (0.06 sec)

Query OK, 29224 rows affected (16.39 sec)
Records: 29224  Duplicates: 0  Warnings: 0

Query OK, 0 rows affected, 1 warning (0.00 sec)

Query OK, 137748 rows affected (10.54 sec)
Records: 137748  Duplicates: 0  Warnings: 0

Query OK, 0 rows affected, 1 warning (0.00 sec)

Query OK, 692889 rows affected (21.47 sec)
Records: 692889  Duplicates: 0  Warnings: 0

Query OK, 0 rows affected, 1 warning (0.00 sec)

Query OK, 692889 rows affected (25.08 sec)
Records: 692889  Duplicates: 0  Warnings: 0

Query OK, 0 rows affected (0.02 sec)

Query OK, 137893 rows affected (7.80 sec)
Records: 137893  Duplicates: 0  Warnings: 0

Database changed
Query OK, 0 rows affected (0.00 sec)

Query OK, 0 rows affected (0.03 sec)

Query OK, 936674 rows affected (41.62 sec)
Records: 936674  Duplicates: 0  Warnings: 0

Query OK, 0 rows affected (0.04 sec)

Query OK, 488656 rows affected, 753 warnings (27 min 8.81 sec)
Records: 488656  Duplicates: 0  Warnings: 753

+--------------------------+
| clientticket_cmmtjourney |
+--------------------------+
|                   936674 |
+--------------------------+
1 row in set (1.95 sec)

+---------------------------+
| clientticket_assgnjourney |
+---------------------------+
|                    488656 |
+---------------------------+
1 row in set (1.05 sec)

Query OK, 0 rows affected (0.01 sec)

Query OK, 84 rows affected (0.16 sec)
Records: 84  Duplicates: 0  Warnings: 0

mysql> mysql \. C:\workspace\cloud\code\sql\_DailyScript\currenttime.sql
+---------------------+
| currenttime         |
+---------------------+
| 2022-01-24 12:49:06 |
+---------------------+
1 row in set (0.00 sec)

mysql> 
mysql> mysql \. C:\workspace\cloud\code\sql\Analysis\service_tickets_assignments2022.sql
Query OK, 0 rows affected (0.01 sec)

Query OK, 5431 rows affected (2.79 sec)
Records: 5431  Duplicates: 0  Warnings: 0

+-------------------------+
| rep_servicetickets_2022 |
+-------------------------+
|                    5431 |
+-------------------------+
1 row in set (0.01 sec)

Query OK, 0 rows affected (0.01 sec)

Query OK, 16521 rows affected (2.90 sec)
Records: 16521  Duplicates: 0  Warnings: 0

+------------------+
| rep_tkt_f_level1 |
+------------------+
|            16521 |
+------------------+
1 row in set (0.01 sec)

Query OK, 0 rows affected (0.02 sec)

Query OK, 96235 rows affected (4.55 sec)
Records: 96235  Duplicates: 0  Warnings: 0

+------------------+
| rep_tkt_f_level2 |
+------------------+
|            96235 |
+------------------+
1 row in set (0.03 sec)

Query OK, 0 rows affected (0.06 sec)

Query OK, 137893 rows affected (4.71 sec)
Records: 137893  Duplicates: 0  Warnings: 0

+------------------+
| rep_tkt_f_level3 |
+------------------+
|           137893 |
+------------------+
1 row in set (0.05 sec)

Query OK, 0 rows affected (0.01 sec)

Query OK, 3666 rows affected (0.47 sec)
Records: 3666  Duplicates: 0  Warnings: 0

+--------------------+
| rep_tkt_irs_level1 |
+--------------------+
|               3666 |
+--------------------+
1 row in set (0.00 sec)

Query OK, 0 rows affected (0.01 sec)

Query OK, 17661 rows affected (0.78 sec)
Records: 17661  Duplicates: 0  Warnings: 0

+--------------------+
| rep_tkt_irs_level2 |
+--------------------+
|              17661 |
+--------------------+
1 row in set (0.01 sec)

Query OK, 0 rows affected (0.01 sec)

Query OK, 29224 rows affected (1.23 sec)
Records: 29224  Duplicates: 0  Warnings: 0

+--------------------+
| rep_tkt_irs_level3 |
+--------------------+
|              29224 |
+--------------------+
1 row in set (0.01 sec)

mysql> mysql \. C:\workspace\cloud\code\sql\_DailyScript\currenttime.sql
+---------------------+
| currenttime         |
+---------------------+
| 2022-01-24 12:49:24 |
+---------------------+
1 row in set (0.00 sec)

mysql> 
mysql> mysql \. C:\workspace\cloud\code\sql\_DailyScript\DAILY-SCRIPT-USAGESTATS_2022.sql
Database changed
Query OK, 0 rows affected (0.47 sec)

Query OK, 34841166 rows affected, 65535 warnings (15 min 20.65 sec)
Records: 34841166  Duplicates: 0  Warnings: 34829454

Query OK, 0 rows affected (2 min 15.72 sec)
Records: 0  Duplicates: 0  Warnings: 0

Query OK, 0 rows affected (2 min 13.20 sec)
Records: 0  Duplicates: 0  Warnings: 0

Query OK, 0 rows affected (2 min 6.97 sec)
Records: 0  Duplicates: 0  Warnings: 0

Query OK, 0 rows affected (1 min 57.39 sec)
Records: 0  Duplicates: 0  Warnings: 0

Query OK, 0 rows affected (3 min 18.51 sec)
Records: 0  Duplicates: 0  Warnings: 0

Query OK, 0 rows affected (3 min 32.13 sec)
Records: 0  Duplicates: 0  Warnings: 0

Query OK, 0 rows affected (3 min 27.43 sec)
Records: 0  Duplicates: 0  Warnings: 0

Query OK, 0 rows affected (2 min 4.69 sec)
Records: 0  Duplicates: 0  Warnings: 0

+----------+
| ipusage  |
+----------+
| 34841166 |
+----------+
1 row in set (23.50 sec)

Query OK, 0 rows affected (0.10 sec)

Query OK, 10566768 rows affected (10 min 36.25 sec)
Records: 10566768  Duplicates: 0  Warnings: 0

Query OK, 0 rows affected (56.45 sec)
Records: 0  Duplicates: 0  Warnings: 0

Query OK, 0 rows affected (33.60 sec)
Records: 0  Duplicates: 0  Warnings: 0

Query OK, 0 rows affected (49.85 sec)
Records: 0  Duplicates: 0  Warnings: 0

Query OK, 0 rows affected (56.18 sec)
Records: 0  Duplicates: 0  Warnings: 0

Query OK, 0 rows affected (37.73 sec)
Records: 0  Duplicates: 0  Warnings: 0

+------------------+
| clientcontractip |
+------------------+
|         10566768 |
+------------------+
1 row in set (3.03 sec)

Query OK, 0 rows affected (0.13 sec)

Query OK, 17086565 rows affected (7 min 2.02 sec)
Records: 17086565  Duplicates: 0  Warnings: 0

+---------------------------+
| clientcontractipusage_stg |
+---------------------------+
|                  17086565 |
+---------------------------+
1 row in set (10.76 sec)

+------------------------------------+
| clientcontractipusage_beforeinsert |
+------------------------------------+
|                           17086565 |
+------------------------------------+
1 row in set (17.32 sec)

Query OK, 37177 rows affected (46.57 sec)
Records: 37177  Duplicates: 0  Warnings: 0

+-----------------------------------+
| clientcontractipusage_afterinsert |
+-----------------------------------+
|                          17123742 |
+-----------------------------------+
1 row in set (28.92 sec)

Query OK, 0 rows affected (0.00 sec)

+------------------------+
| info                   |
+------------------------+
| updating null packages |
+------------------------+
1 row in set (0.00 sec)

Query OK, 0 rows affected (1 min 5.94 sec)
Rows matched: 210423  Changed: 0  Warnings: 0

+------------+----------+
| usagedate  | count(*) |
+------------+----------+
| 2022-01-23 |    12198 |
| 2022-01-22 |    12331 |
| 2022-01-21 |    12648 |
| 2022-01-20 |    13423 |
| 2022-01-19 |    12429 |
| 2022-01-18 |    14255 |
| 2022-01-17 |    10645 |
| 2022-01-16 |    10469 |
| 2022-01-15 |    10476 |
| 2022-01-14 |    10593 |
| 2022-01-13 |    10589 |
| 2022-01-12 |    10707 |
| 2022-01-11 |    10596 |
| 2022-01-10 |    10589 |
| 2022-01-09 |    10488 |
+------------+----------+
15 rows in set (0.08 sec)

Query OK, 0 rows affected (0.09 sec)

Query OK, 829603 rows affected (1 min 27.31 sec)
Records: 829603  Duplicates: 0  Warnings: 0

Query OK, 0 rows affected (3.04 sec)
Records: 0  Duplicates: 0  Warnings: 0

Query OK, 0 rows affected (2.58 sec)
Records: 0  Duplicates: 0  Warnings: 0

Query OK, 0 rows affected (3.19 sec)
Records: 0  Duplicates: 0  Warnings: 0

Query OK, 0 rows affected (1.73 sec)
Records: 0  Duplicates: 0  Warnings: 0

Query OK, 0 rows affected (1.69 sec)
Records: 0  Duplicates: 0  Warnings: 0

Query OK, 0 rows affected (1.69 sec)
Records: 0  Duplicates: 0  Warnings: 0

Query OK, 0 rows affected (1.80 sec)
Records: 0  Duplicates: 0  Warnings: 0

+-----------------------+
| clientcontractipmonth |
+-----------------------+
|                829603 |
+-----------------------+
1 row in set (0.23 sec)

Query OK, 0 rows affected (0.01 sec)

Query OK, 1116 rows affected (30.05 sec)
Records: 1116  Duplicates: 0  Warnings: 0

+---------------------------+
| rep_dailypackageusage2022 |
+---------------------------+
|                      1116 |
+---------------------------+
1 row in set (0.00 sec)

mysql> mysql \. C:\workspace\cloud\code\sql\_DailyScript\currenttime.sql
+---------------------+
| currenttime         |
+---------------------+
| 2022-01-24 13:52:43 |
+---------------------+
1 row in set (0.00 sec)

mysql> 
mysql> mysql \. C:\workspace\cloud\code\sql\GIS\GetParcelExtract.sql
Database changed
Query OK, 0 rows affected (0.01 sec)

Query OK, 16518 rows affected (5.13 sec)
Records: 16518  Duplicates: 0  Warnings: 0

+-------------------------+
| IV_PARCELEXTRACTStaging |
+-------------------------+
|                   16518 |
+-------------------------+
1 row in set (0.01 sec)

Query OK, 0 rows affected (0.00 sec)

Query OK, 0 rows affected (0.01 sec)

Query OK, 10030 rows affected (0.37 sec)
Records: 10030  Duplicates: 0  Warnings: 0

+-----------------+
| IV_PARCELFORMAP |
+-----------------+
|           10030 |
+-----------------+
1 row in set (0.01 sec)

Query OK, 0 rows affected (0.01 sec)

Query OK, 371 rows affected (0.04 sec)
Records: 371  Duplicates: 0  Warnings: 0

+----------------------------+
| IV_PARCELFORMAP_Inactive_2 |
+----------------------------+
|                        371 |
+----------------------------+
1 row in set (0.00 sec)

Query OK, 0 rows affected (0.01 sec)

Query OK, 457 rows affected (0.04 sec)
Records: 457  Duplicates: 0  Warnings: 0

+----------------------------+
| IV_PARCELFORMAP_Inactive_3 |
+----------------------------+
|                        457 |
+----------------------------+
1 row in set (0.00 sec)

Query OK, 0 rows affected (0.01 sec)

Query OK, 534 rows affected (0.05 sec)
Records: 534  Duplicates: 0  Warnings: 0

+----------------------------+
| IV_PARCELFORMAP_Inactive_4 |
+----------------------------+
|                        534 |
+----------------------------+
1 row in set (0.01 sec)

Query OK, 0 rows affected (0.01 sec)

Query OK, 2817 rows affected (0.11 sec)
Records: 2817  Duplicates: 0  Warnings: 0

+----------------------------+
| IV_PARCELFORMAP_Inactive_5 |
+----------------------------+
|                       2817 |
+----------------------------+
1 row in set (0.00 sec)

Query OK, 0 rows affected (0.01 sec)

Query OK, 4035 rows affected (0.14 sec)
Records: 4035  Duplicates: 0  Warnings: 0

+---------------------+
| IV_PARCELFORMAP_HFC |
+---------------------+
|                4035 |
+---------------------+
1 row in set (0.00 sec)

Query OK, 0 rows affected (0.01 sec)

Query OK, 4519 rows affected (0.16 sec)
Records: 4519  Duplicates: 0  Warnings: 0

+----------------------+
| IV_PARCELFORMAP_GPON |
+----------------------+
|                 4519 |
+----------------------+
1 row in set (0.00 sec)

Query OK, 0 rows affected (0.01 sec)

Query OK, 41 rows affected (0.03 sec)
Records: 41  Duplicates: 0  Warnings: 0

+---------------------+
| IV_PARCELFORMAP_MIX |
+---------------------+
|                  41 |
+---------------------+
1 row in set (0.00 sec)

mysql> mysql \. C:\workspace\cloud\code\sql\_DailyScript\currenttime.sql
+---------------------+
| currenttime         |
+---------------------+
| 2022-01-24 13:52:49 |
+---------------------+
1 row in set (0.00 sec)

mysql> 
mysql> 
mysql> 
mysql> exit
