    -> 
    -> mysql \. C:\workspace\cloud\code\sql\_DailyScript\_setdates.sql
Database changed
Query OK, 0 rows affected (0.00 sec)

Query OK, 0 rows affected (0.00 sec)

Query OK, 0 rows affected (0.00 sec)

Query OK, 0 rows affected (0.00 sec)

Query OK, 0 rows affected (0.00 sec)

Query OK, 0 rows affected (0.00 sec)

Query OK, 0 rows affected (0.00 sec)

Query OK, 0 rows affected (0.00 sec)

Query OK, 0 rows affected (0.00 sec)

Query OK, 0 rows affected (0.00 sec)

Query OK, 0 rows affected (0.00 sec)

Query OK, 0 rows affected (0.00 sec)

Query OK, 0 rows affected (0.00 sec)

Query OK, 0 rows affected (0.00 sec)

Query OK, 0 rows affected (0.00 sec)

Query OK, 0 rows affected (0.00 sec)

Query OK, 0 rows affected (0.00 sec)

Query OK, 0 rows affected (0.00 sec)

Query OK, 0 rows affected (0.00 sec)

Query OK, 0 rows affected (0.00 sec)

Query OK, 0 rows affected (0.00 sec)

mysql> mysql \. C:\workspace\cloud\code\sql\_DailyScript\currenttime.sql
+---------------------+
| currenttime         |
+---------------------+
| 2019-09-15 15:45:16 |
+---------------------+
1 row in set (0.00 sec)

mysql> 
mysql> mysql \. C:\workspace\cloud\code\sql\_DailyScript\load_RCB_VODTITLES.sql
Database changed
Query OK, 0 rows affected (0.00 sec)

Query OK, 7010 rows affected (0.36 sec)

Query OK, 7012 rows affected, 7012 warnings (0.59 sec)
Records: 7012  Deleted: 0  Skipped: 0  Warnings: 7012

Query OK, 0 rows affected (0.00 sec)

Query OK, 2 rows affected (0.01 sec)

+-----------+
| VODTITLES |
+-----------+
|      7470 |
+-----------+
1 row in set (0.00 sec)

+-----------+-----------+
| titletype | typecount |
+-----------+-----------+
| E         |      5582 |
| N         |       213 |
| T         |      1215 |
| NULL      |      7010 |
+-----------+-----------+
4 rows in set (0.04 sec)

mysql> mysql \. C:\workspace\cloud\code\sql\_DailyScript\currenttime.sql
+---------------------+
| currenttime         |
+---------------------+
| 2019-09-15 15:45:17 |
+---------------------+
1 row in set (0.00 sec)

mysql> 
mysql> mysql \. C:\workspace\cloud\code\sql\_DailyScript\DAILY-SCRIPT-LIVETV-STATS.sql
Database changed
Query OK, 0 rows affected (0.35 sec)

Query OK, 77623 rows affected (3.61 sec)
Records: 77623  Duplicates: 0  Warnings: 0

+------------+------------+----------+--------------+--------------+-----------+-------------+----------+--------+------+------------+---------+---------------+
| Table      | Non_unique | Key_name | Seq_in_index | Column_name  | Collation | Cardinality | Sub_part | Packed | Null | Index_type | Comment | Index_comment |
+------------+------------+----------+--------------+--------------+-----------+-------------+----------+--------+------+------------+---------+---------------+
| templivetv |          1 | idxtv1   |            1 | device       | A         |       78075 |     NULL | NULL   | YES  | BTREE      |         |               |
| templivetv |          1 | idxtv2   |            1 | sessionstart | A         |       78075 |     NULL | NULL   | YES  | BTREE      |         |               |
+------------+------------+----------+--------------+--------------+-----------+-------------+----------+--------+------+------------+---------+---------------+
2 rows in set (0.00 sec)

Query OK, 77415 rows affected (37.83 sec)
Records: 77415  Duplicates: 0  Warnings: 0

Query OK, 2731 rows affected (1.02 sec)
Records: 2731  Duplicates: 0  Warnings: 0

Query OK, 0 rows affected (0.00 sec)

Query OK, 0 rows affected (0.02 sec)

Query OK, 143 rows affected (0.13 sec)
Records: 143  Duplicates: 0  Warnings: 0

Query OK, 0 rows affected (0.07 sec)

Query OK, 88107 rows affected (21 min 45.10 sec)
Records: 88107  Duplicates: 0  Warnings: 0

+-----------------+
| rep_livetvstats |
+-----------------+
|           88107 |
+-----------------+
1 row in set (0.04 sec)

mysql> mysql \. C:\workspace\cloud\code\sql\_DailyScript\currenttime.sql
+---------------------+
| currenttime         |
+---------------------+
| 2019-09-15 16:07:45 |
+---------------------+
1 row in set (0.00 sec)

mysql> 
mysql> mysql \. C:\workspace\cloud\code\sql\_DailyScript\DAILY-SCRIPT-VODTS-STATS.sql
Database changed
Query OK, 0 rows affected (0.01 sec)

Query OK, 3755 rows affected (50.02 sec)
Records: 3755  Duplicates: 0  Warnings: 0

+---------+------------+----------+--------------+--------------+-----------+-------------+----------+--------+------+------------+---------+---------------+
| Table   | Non_unique | Key_name | Seq_in_index | Column_name  | Collation | Cardinality | Sub_part | Packed | Null | Index_type | Comment | Index_comment |
+---------+------------+----------+--------------+--------------+-----------+-------------+----------+--------+------+------------+---------+---------------+
| tempvod |          1 | idxtvod1 |            1 | device       | A         |        3865 |     NULL | NULL   | YES  | BTREE      |         |               |
| tempvod |          1 | idxtvod2 |            1 | sessionstart | A         |        3865 |     NULL | NULL   | YES  | BTREE      |         |               |
+---------+------------+----------+--------------+--------------+-----------+-------------+----------+--------+------+------------+---------+---------------+
2 rows in set (0.00 sec)

Query OK, 3751 rows affected (2.35 sec)
Records: 3751  Duplicates: 0  Warnings: 0

Query OK, 0 rows affected (0.02 sec)

Query OK, 330045 rows affected (37.20 sec)
Records: 330045  Duplicates: 0  Warnings: 0

+--------------+
| rep_vodstats |
+--------------+
|       330045 |
+--------------+
1 row in set (0.13 sec)

Database changed
Query OK, 0 rows affected (0.05 sec)

Query OK, 13960 rows affected (4 min 48.06 sec)
Records: 13960  Duplicates: 0  Warnings: 0

+--------+------------+----------+--------------+--------------+-----------+-------------+----------+--------+------+------------+---------+---------------+
| Table  | Non_unique | Key_name | Seq_in_index | Column_name  | Collation | Cardinality | Sub_part | Packed | Null | Index_type | Comment | Index_comment |
+--------+------------+----------+--------------+--------------+-----------+-------------+----------+--------+------+------------+---------+---------------+
| tempts |          1 | idxtts1  |            1 | device       | A         |       14170 |     NULL | NULL   | YES  | BTREE      |         |               |
| tempts |          1 | idxtts2  |            1 | sessionstart | A         |       14170 |     NULL | NULL   | YES  | BTREE      |         |               |
+--------+------------+----------+--------------+--------------+-----------+-------------+----------+--------+------+------------+---------+---------------+
2 rows in set (0.00 sec)

Query OK, 13909 rows affected (13.08 sec)
Records: 13909  Duplicates: 0  Warnings: 0

Query OK, 0 rows affected (0.02 sec)

Query OK, 24153 rows affected (4 min 38.02 sec)
Records: 24153  Duplicates: 0  Warnings: 0

+-------------+
| rep_tsstats |
+-------------+
|       24153 |
+-------------+
1 row in set (0.01 sec)

mysql> mysql \. C:\workspace\cloud\code\sql\_DailyScript\currenttime.sql
+---------------------+
| currenttime         |
+---------------------+
| 2019-09-15 16:18:54 |
+---------------------+
1 row in set (0.00 sec)

mysql> 
mysql> mysql \. C:\workspace\cloud\code\sql\_DailyScript\DAILY-SCRIPT-RADIO-STATS.sql
Database changed
Query OK, 0 rows affected (0.05 sec)

Query OK, 177540 rows affected (5.77 sec)
Records: 177540  Duplicates: 0  Warnings: 0

+-----------+------------+----------+--------------+--------------+-----------+-------------+----------+--------+------+------------+---------+---------------+
| Table     | Non_unique | Key_name | Seq_in_index | Column_name  | Collation | Cardinality | Sub_part | Packed | Null | Index_type | Comment | Index_comment |
+-----------+------------+----------+--------------+--------------+-----------+-------------+----------+--------+------+------------+---------+---------------+
| tempradio |          1 | idxtrad1 |            1 | device       | A         |      177777 |     NULL | NULL   | YES  | BTREE      |         |               |
| tempradio |          1 | idxtrad2 |            1 | sessionstart | A         |      177777 |     NULL | NULL   | YES  | BTREE      |         |               |
+-----------+------------+----------+--------------+--------------+-----------+-------------+----------+--------+------+------------+---------+---------------+
2 rows in set (0.00 sec)

Query OK, 669 rows affected (4.95 sec)
Records: 669  Duplicates: 0  Warnings: 0

Query OK, 0 rows affected (0.01 sec)

Query OK, 3283 rows affected (0.30 sec)
Records: 3283  Duplicates: 0  Warnings: 0

+----------------+
| rep_radiostats |
+----------------+
|           3283 |
+----------------+
1 row in set (0.00 sec)

mysql> mysql \. C:\workspace\cloud\code\sql\_DailyScript\currenttime.sql
+---------------------+
| currenttime         |
+---------------------+
| 2019-09-15 16:19:05 |
+---------------------+
1 row in set (0.00 sec)

mysql> 
mysql> mysql \. C:\workspace\cloud\code\sql\_DailyScript\DAILY_SCRIPT_TELEMETRY_PIVOT.sql
Query OK, 0 rows affected (0.02 sec)

Query OK, 147 rows affected (0.78 sec)
Records: 147  Duplicates: 0  Warnings: 0

Query OK, 0 rows affected (0.04 sec)

Query OK, 5807 rows affected (1.39 sec)
Records: 5807  Duplicates: 0  Warnings: 0

Query OK, 0 rows affected (0.02 sec)

Query OK, 6 rows affected (0.01 sec)
Records: 6  Duplicates: 0  Warnings: 0

Query OK, 0 rows affected (0.00 sec)

Query OK, 55 rows affected (0.14 sec)
Records: 55  Duplicates: 0  Warnings: 0

mysql> mysql \. C:\workspace\cloud\code\sql\_DailyScript\currenttime.sql
+---------------------+
| currenttime         |
+---------------------+
| 2019-09-15 16:19:08 |
+---------------------+
1 row in set (0.00 sec)

mysql> 
mysql> mysql \. C:\workspace\cloud\code\sql\_DailyScript\telemetry_livetv_ranking2019.sql
Query OK, 0 rows affected (0.02 sec)

Query OK, 147 rows affected (0.03 sec)
Records: 147  Duplicates: 0  Warnings: 0

mysql> mysql \. C:\workspace\cloud\code\sql\_DailyScript\currenttime.sql
+---------------------+
| currenttime         |
+---------------------+
| 2019-09-15 16:19:08 |
+---------------------+
1 row in set (0.00 sec)

mysql> 
mysql> mysql \. C:\workspace\cloud\code\sql\_DailyScript\telemetry_radio_ranking2019.sql
Query OK, 0 rows affected (0.01 sec)

Query OK, 6 rows affected (0.01 sec)
Records: 6  Duplicates: 0  Warnings: 0

mysql> mysql \. C:\workspace\cloud\code\sql\_DailyScript\currenttime.sql
+---------------------+
| currenttime         |
+---------------------+
| 2019-09-15 16:19:08 |
+---------------------+
1 row in set (0.00 sec)

mysql> 
mysql> mysql \. C:\workspace\cloud\code\sql\_DailyScript\telemetry_ts_ranking2019.sql
Query OK, 0 rows affected (0.00 sec)

Query OK, 55 rows affected (0.03 sec)
Records: 55  Duplicates: 0  Warnings: 0

mysql> mysql \. C:\workspace\cloud\code\sql\_DailyScript\currenttime.sql
+---------------------+
| currenttime         |
+---------------------+
| 2019-09-15 16:19:08 |
+---------------------+
1 row in set (0.00 sec)

mysql> 
mysql> mysql \. C:\workspace\cloud\code\sql\_DailyScript\telemetry_vod_ranking2019.sql
Query OK, 0 rows affected (0.01 sec)

Query OK, 5807 rows affected (0.58 sec)
Records: 5807  Duplicates: 0  Warnings: 0

mysql> mysql \. C:\workspace\cloud\code\sql\_DailyScript\currenttime.sql
+---------------------+
| currenttime         |
+---------------------+
| 2019-09-15 16:19:08 |
+---------------------+
1 row in set (0.00 sec)

mysql> 
mysql> mysql \. C:\workspace\cloud\code\sql\_DailyScript\telemetry_vod_ranking2019_1.sql
Query OK, 0 rows affected (0.03 sec)

Query OK, 5807 rows affected (0.18 sec)
Records: 5807  Duplicates: 0  Warnings: 0

mysql> mysql \. C:\workspace\cloud\code\sql\_DailyScript\currenttime.sql
+---------------------+
| currenttime         |
+---------------------+
| 2019-09-15 16:19:09 |
+---------------------+
1 row in set (0.00 sec)

mysql> 
mysql> mysql \. C:\workspace\cloud\code\sql\_DailyScript\telemetry_vod_ranking2019_2.sql
Query OK, 0 rows affected (0.03 sec)

Query OK, 5807 rows affected (0.14 sec)
Records: 5807  Duplicates: 0  Warnings: 0

mysql> mysql \. C:\workspace\cloud\code\sql\_DailyScript\currenttime.sql
+---------------------+
| currenttime         |
+---------------------+
| 2019-09-15 16:19:09 |
+---------------------+
1 row in set (0.00 sec)

mysql> 
mysql> mysql \. C:\workspace\cloud\code\sql\_DailyScript\DAILY-SCRIPT-CREATE-LOAD.sql
Database changed
Database changed
Query OK, 0 rows affected (0.05 sec)

Query OK, 0 rows affected (0.01 sec)

Database changed
Query OK, 65664 rows affected (3.19 sec)
Records: 65664  Deleted: 0  Skipped: 0  Warnings: 0

Query OK, 0 rows affected (0.76 sec)
Records: 0  Duplicates: 0  Warnings: 0

Query OK, 0 rows affected (0.36 sec)
Records: 0  Duplicates: 0  Warnings: 0

Query OK, 0 rows affected (0.37 sec)
Records: 0  Duplicates: 0  Warnings: 0

Query OK, 0 rows affected (0.35 sec)
Records: 0  Duplicates: 0  Warnings: 0

+---------+
| clients |
+---------+
|   65664 |
+---------+
1 row in set (0.03 sec)

Query OK, 0 rows affected (0.02 sec)

Query OK, 2281 rows affected (0.55 sec)
Records: 2281  Duplicates: 0  Warnings: 0

+-------------------+
| rcb_clientparcels |
+-------------------+
|              2281 |
+-------------------+
1 row in set (0.00 sec)

Query OK, 0 rows affected (0.01 sec)

Query OK, 85558 rows affected (4.75 sec)
Records: 85558  Duplicates: 0  Warnings: 0

Query OK, 0 rows affected (0.38 sec)
Records: 0  Duplicates: 0  Warnings: 0

Query OK, 0 rows affected (0.14 sec)

Query OK, 65664 rows affected (3.60 sec)
Records: 65664  Duplicates: 0  Warnings: 0

Query OK, 0 rows affected (0.29 sec)
Records: 0  Duplicates: 0  Warnings: 0

Query OK, 0 rows affected (0.32 sec)
Records: 0  Duplicates: 0  Warnings: 0

Query OK, 0 rows affected (0.26 sec)
Records: 0  Duplicates: 0  Warnings: 0

+---------------+
| clientaddress |
+---------------+
|         65664 |
+---------------+
1 row in set (0.02 sec)

Database changed
Query OK, 0 rows affected (0.09 sec)

Query OK, 0 rows affected (0.01 sec)

Database changed
Query OK, 486888 rows affected, 65535 warnings (24.43 sec)
Records: 486888  Deleted: 0  Skipped: 0  Warnings: 190947

Query OK, 0 rows affected (8.68 sec)
Records: 0  Duplicates: 0  Warnings: 0

Query OK, 0 rows affected (3.86 sec)
Records: 0  Duplicates: 0  Warnings: 0

Query OK, 0 rows affected (2.30 sec)
Records: 0  Duplicates: 0  Warnings: 0

Query OK, 0 rows affected (0.06 sec)

Query OK, 486888 rows affected (1 min 7.89 sec)
Records: 486888  Duplicates: 0  Warnings: 0

Query OK, 0 rows affected (2.60 sec)
Records: 0  Duplicates: 0  Warnings: 0

Query OK, 0 rows affected (1.79 sec)
Records: 0  Duplicates: 0  Warnings: 0

+-----------+
| contracts |
+-----------+
|    486888 |
+-----------+
1 row in set (0.23 sec)

+-----------------+
| contractaddress |
+-----------------+
|          486888 |
+-----------------+
1 row in set (0.17 sec)

Database changed
Query OK, 0 rows affected (0.01 sec)

Query OK, 0 rows affected (0.00 sec)

Query OK, 7049 rows affected (0.23 sec)
Records: 7049  Deleted: 0  Skipped: 0  Warnings: 0

Query OK, 0 rows affected (0.01 sec)

Query OK, 7018 rows affected (2.83 sec)
Records: 7018  Duplicates: 0  Warnings: 0

Query OK, 0 rows affected (0.06 sec)
Records: 0  Duplicates: 0  Warnings: 0

Query OK, 0 rows affected (0.11 sec)

Query OK, 5512 rows affected (0.13 sec)
Records: 5512  Duplicates: 0  Warnings: 0

Query OK, 0 rows affected (0.04 sec)
Records: 0  Duplicates: 0  Warnings: 0

+-------------------+
| contractdiscounts |
+-------------------+
|              7049 |
+-------------------+
1 row in set (0.00 sec)

+-------------------------+
| clientcontractdiscounts |
+-------------------------+
|                    7018 |
+-------------------------+
1 row in set (0.00 sec)

+----------------------------+
| clientcontractlastdiscount |
+----------------------------+
|                       5512 |
+----------------------------+
1 row in set (0.00 sec)

Database changed
Query OK, 0 rows affected (0.05 sec)

Query OK, 0 rows affected (0.12 sec)

Database changed
Query OK, 130348 rows affected (4.02 sec)
Records: 130348  Deleted: 0  Skipped: 0  Warnings: 0

Query OK, 0 rows affected (0.61 sec)
Records: 0  Duplicates: 0  Warnings: 0

Query OK, 0 rows affected (0.47 sec)
Records: 0  Duplicates: 0  Warnings: 0

Query OK, 0 rows affected (0.60 sec)
Records: 0  Duplicates: 0  Warnings: 0

Query OK, 0 rows affected (0.49 sec)
Records: 0  Duplicates: 0  Warnings: 0

Query OK, 0 rows affected (0.55 sec)
Records: 0  Duplicates: 0  Warnings: 0

Query OK, 0 rows affected (0.71 sec)
Records: 0  Duplicates: 0  Warnings: 0

Query OK, 0 rows affected (0.12 sec)

Query OK, 1662031 rows affected (3 min 36.20 sec)
Records: 1662031  Duplicates: 0  Warnings: 0

+---------+
| devices |
+---------+
|  130348 |
+---------+
1 row in set (0.06 sec)

+-----------------------+
| clientcontractdevices |
+-----------------------+
|               1662031 |
+-----------------------+
1 row in set (0.75 sec)

Query OK, 0 rows affected (0.08 sec)

Query OK, 130296 rows affected (10.66 sec)
Records: 130296  Duplicates: 0  Warnings: 0

+---------------------------+
| rep_clientcontractdevices |
+---------------------------+
|                    130296 |
+---------------------------+
1 row in set (0.05 sec)

Database changed
Query OK, 0 rows affected (0.04 sec)

Query OK, 0 rows affected (0.01 sec)

Query OK, 255862 rows affected (11.63 sec)
Records: 255862  Deleted: 0  Skipped: 0  Warnings: 0

Query OK, 0 rows affected (1.13 sec)
Records: 0  Duplicates: 0  Warnings: 0

Query OK, 0 rows affected (1.56 sec)
Records: 0  Duplicates: 0  Warnings: 0

Query OK, 0 rows affected (1.17 sec)
Records: 0  Duplicates: 0  Warnings: 0

Query OK, 0 rows affected (0.69 sec)
Records: 0  Duplicates: 0  Warnings: 0

+---------+
| tickets |
+---------+
|  255862 |
+---------+
1 row in set (0.10 sec)

Database changed
Query OK, 0 rows affected (0.07 sec)

Query OK, 0 rows affected (0.01 sec)

Empty set (0.00 sec)

Query OK, 0 rows affected (0.01 sec)
Records: 0  Duplicates: 0  Warnings: 0

Query OK, 315 rows affected, 2 warnings (0.04 sec)
Records: 315  Deleted: 0  Skipped: 0  Warnings: 2

+-----------------+
| tickettechusers |
+-----------------+
|             315 |
+-----------------+
1 row in set (0.00 sec)

Database changed
Query OK, 0 rows affected (0.03 sec)

Query OK, 0 rows affected (0.00 sec)

Query OK, 0 rows affected (0.01 sec)
Records: 0  Duplicates: 0  Warnings: 0

Query OK, 538515 rows affected, 42741 warnings (10.69 sec)
Records: 538515  Deleted: 0  Skipped: 0  Warnings: 42741

+-------------------+
| ticketassignments |
+-------------------+
|            538515 |
+-------------------+
1 row in set (0.19 sec)

Database changed
Query OK, 0 rows affected (0.23 sec)

Query OK, 0 rows affected (0.13 sec)

Query OK, 1118226 rows affected (20.50 sec)
Records: 1118226  Deleted: 0  Skipped: 0  Warnings: 0

Query OK, 0 rows affected (9.73 sec)
Records: 0  Duplicates: 0  Warnings: 0

Query OK, 0 rows affected (3.95 sec)
Records: 0  Duplicates: 0  Warnings: 0

Query OK, 0 rows affected (3.79 sec)
Records: 0  Duplicates: 0  Warnings: 0

Query OK, 0 rows affected (3.67 sec)
Records: 0  Duplicates: 0  Warnings: 0

+----------------+
| ticketcomments |
+----------------+
|        1118226 |
+----------------+
1 row in set (0.56 sec)

Database changed
Query OK, 0 rows affected (0.02 sec)

Query OK, 0 rows affected (0.09 sec)

Query OK, 417102 rows affected (51.94 sec)
Records: 417102  Deleted: 0  Skipped: 0  Warnings: 0

Query OK, 0 rows affected (3.07 sec)
Records: 0  Duplicates: 0  Warnings: 0

+----------+
| comments |
+----------+
|   417102 |
+----------+
1 row in set (0.17 sec)

Database changed
Query OK, 0 rows affected (0.22 sec)

Query OK, 0 rows affected (0.01 sec)

Query OK, 943397 rows affected, 65535 warnings (1 min 4.36 sec)
Records: 943397  Deleted: 0  Skipped: 0  Warnings: 943398

Query OK, 0 rows affected (5.87 sec)
Records: 0  Duplicates: 0  Warnings: 0

Query OK, 0 rows affected (3.44 sec)
Records: 0  Duplicates: 0  Warnings: 0

Query OK, 0 rows affected (3.52 sec)
Records: 0  Duplicates: 0  Warnings: 0

Query OK, 0 rows affected (3.83 sec)
Records: 0  Duplicates: 0  Warnings: 0

Query OK, 0 rows affected (4.73 sec)
Records: 0  Duplicates: 0  Warnings: 0

+------------+
| devicesold |
+------------+
|     943397 |
+------------+
1 row in set (0.37 sec)

Database changed
Query OK, 0 rows affected (0.04 sec)

Query OK, 0 rows affected (0.01 sec)

Query OK, 1655437 rows affected (29.65 sec)
Records: 1655437  Deleted: 0  Skipped: 0  Warnings: 0

Query OK, 0 rows affected (9.32 sec)
Records: 0  Duplicates: 0  Warnings: 0

Query OK, 0 rows affected (5.67 sec)
Records: 0  Duplicates: 0  Warnings: 0

Query OK, 0 rows affected (6.45 sec)
Records: 0  Duplicates: 0  Warnings: 0

+------------------+
| contractservices |
+------------------+
|          1655437 |
+------------------+
1 row in set (0.62 sec)

Database changed
Query OK, 0 rows affected (0.09 sec)

Query OK, 0 rows affected (0.01 sec)

Query OK, 3764085 rows affected (2 min 30.56 sec)
Records: 3764085  Deleted: 0  Skipped: 0  Warnings: 0

Query OK, 0 rows affected (18.19 sec)
Records: 0  Duplicates: 0  Warnings: 0

Query OK, 0 rows affected (17.13 sec)
Records: 0  Duplicates: 0  Warnings: 0

Query OK, 0 rows affected (17.88 sec)
Records: 0  Duplicates: 0  Warnings: 0

Query OK, 0 rows affected (17.23 sec)
Records: 0  Duplicates: 0  Warnings: 0

+------------------+
| invoicescontents |
+------------------+
|          3764085 |
+------------------+
1 row in set (1.41 sec)

Database changed
Query OK, 0 rows affected (0.18 sec)

Query OK, 0 rows affected (0.01 sec)

Query OK, 2608871 rows affected (3 min 51.70 sec)
Records: 2608871  Deleted: 0  Skipped: 0  Warnings: 0

Query OK, 0 rows affected (18.36 sec)
Records: 0  Duplicates: 0  Warnings: 0

Query OK, 0 rows affected (16.76 sec)
Records: 0  Duplicates: 0  Warnings: 0

Query OK, 0 rows affected (15.24 sec)
Records: 0  Duplicates: 0  Warnings: 0

Query OK, 0 rows affected (14.97 sec)
Records: 0  Duplicates: 0  Warnings: 0

Query OK, 0 rows affected (11.94 sec)
Records: 0  Duplicates: 0  Warnings: 0

+----------------+
| invoicesheader |
+----------------+
|        2608871 |
+----------------+
1 row in set (1.03 sec)

Database changed
Query OK, 0 rows affected (0.07 sec)

Query OK, 0 rows affected (0.01 sec)

Query OK, 2720913 rows affected (1 min 36.79 sec)
Records: 2720913  Deleted: 0  Skipped: 0  Warnings: 0

Query OK, 0 rows affected (19.41 sec)
Records: 0  Duplicates: 0  Warnings: 0

Query OK, 0 rows affected (13.67 sec)
Records: 0  Duplicates: 0  Warnings: 0

Query OK, 0 rows affected (9.76 sec)
Records: 0  Duplicates: 0  Warnings: 0

Query OK, 0 rows affected (11.12 sec)
Records: 0  Duplicates: 0  Warnings: 0

+---------+
| casa    |
+---------+
| 2720913 |
+---------+
1 row in set (0.99 sec)

Query OK, 0 rows affected (0.02 sec)

Query OK, 12875 rows affected (1 min 39.34 sec)
Records: 12875  Duplicates: 0  Warnings: 0

+--------------------+
| rep_paycol_channel |
+--------------------+
|              12875 |
+--------------------+
1 row in set (0.01 sec)

Query OK, 0 rows affected (0.03 sec)

Query OK, 8627 rows affected (1 min 51.10 sec)
Records: 8627  Duplicates: 0  Warnings: 0

+----------------+
| rep_paycol_pos |
+----------------+
|           8627 |
+----------------+
1 row in set (0.01 sec)

Database changed
Query OK, 0 rows affected (0.01 sec)

Query OK, 0 rows affected (0.01 sec)

Database changed
Query OK, 38436 rows affected (1.11 sec)
Records: 38436  Deleted: 0  Skipped: 0  Warnings: 0

+-------+
| users |
+-------+
| 38436 |
+-------+
1 row in set (0.02 sec)

Database changed
Query OK, 0 rows affected (0.09 sec)

Query OK, 0 rows affected (0.01 sec)

Database changed
Query OK, 9028512 rows affected (2 min 18.43 sec)
Records: 9028512  Deleted: 0  Skipped: 0  Warnings: 0

Query OK, 0 rows affected (39.22 sec)
Records: 0  Duplicates: 0  Warnings: 0

Query OK, 0 rows affected (38.91 sec)
Records: 0  Duplicates: 0  Warnings: 0

Query OK, 0 rows affected (38.05 sec)
Records: 0  Duplicates: 0  Warnings: 0

Query OK, 0 rows affected (37.15 sec)
Records: 0  Duplicates: 0  Warnings: 0

+----------+
| ipusage1 |
+----------+
|  9028512 |
+----------+
1 row in set (9.68 sec)

Query OK, 0 rows affected (0.23 sec)

Query OK, 9104392 rows affected, 65535 warnings (13 min 27.34 sec)
Records: 9104392  Duplicates: 0  Warnings: 9101821

Query OK, 0 rows affected (31.63 sec)
Records: 0  Duplicates: 0  Warnings: 0

Query OK, 0 rows affected (38.16 sec)
Records: 0  Duplicates: 0  Warnings: 0

Query OK, 0 rows affected (39.40 sec)
Records: 0  Duplicates: 0  Warnings: 0

Query OK, 0 rows affected (39.54 sec)
Records: 0  Duplicates: 0  Warnings: 0

Query OK, 0 rows affected (55.97 sec)
Records: 0  Duplicates: 0  Warnings: 0

Query OK, 0 rows affected (58.93 sec)
Records: 0  Duplicates: 0  Warnings: 0

Query OK, 0 rows affected (55.63 sec)
Records: 0  Duplicates: 0  Warnings: 0

+---------+
| ipusage |
+---------+
| 9104392 |
+---------+
1 row in set (9.66 sec)

Query OK, 0 rows affected (0.16 sec)

Query OK, 2332888 rows affected (3 min 6.56 sec)
Records: 2332888  Duplicates: 0  Warnings: 0

Query OK, 0 rows affected (13.26 sec)
Records: 0  Duplicates: 0  Warnings: 0

Query OK, 0 rows affected (7.41 sec)
Records: 0  Duplicates: 0  Warnings: 0

Query OK, 0 rows affected (12.01 sec)
Records: 0  Duplicates: 0  Warnings: 0

Query OK, 0 rows affected (13.49 sec)
Records: 0  Duplicates: 0  Warnings: 0

Query OK, 0 rows affected (6.48 sec)
Records: 0  Duplicates: 0  Warnings: 0

Query OK, 0 rows affected (0.15 sec)

Query OK, 179195 rows affected (20.86 sec)
Records: 179195  Duplicates: 0  Warnings: 0

Query OK, 0 rows affected (0.73 sec)
Records: 0  Duplicates: 0  Warnings: 0

Query OK, 0 rows affected (0.70 sec)
Records: 0  Duplicates: 0  Warnings: 0

Query OK, 0 rows affected (0.80 sec)
Records: 0  Duplicates: 0  Warnings: 0

Query OK, 0 rows affected (0.45 sec)
Records: 0  Duplicates: 0  Warnings: 0

Query OK, 0 rows affected (0.43 sec)
Records: 0  Duplicates: 0  Warnings: 0

Query OK, 0 rows affected (0.03 sec)

Query OK, 1655259 rows affected (1 min 10.43 sec)
Records: 1655259  Duplicates: 0  Warnings: 0

Query OK, 0 rows affected (10.71 sec)
Records: 0  Duplicates: 0  Warnings: 0

Query OK, 0 rows affected (4.31 sec)
Records: 0  Duplicates: 0  Warnings: 0

Query OK, 0 rows affected (8.29 sec)
Records: 0  Duplicates: 0  Warnings: 0

mysql> mysql \. C:\workspace\cloud\code\sql\_DailyScript\currenttime.sql
+---------------------+
| currenttime         |
+---------------------+
| 2019-09-15 17:14:30 |
+---------------------+
1 row in set (0.00 sec)

mysql> 
mysql> mysql \. C:\workspace\cloud\code\sql\_DailyScript\ticket_analysis.sql
Database changed
Query OK, 0 rows affected (0.41 sec)

Query OK, 479206 rows affected (26.76 sec)
Records: 479206  Duplicates: 0  Warnings: 0

Query OK, 0 rows affected (8.83 sec)
Records: 0  Duplicates: 0  Warnings: 0

Query OK, 0 rows affected (2.00 sec)
Records: 0  Duplicates: 0  Warnings: 0

Query OK, 0 rows affected (1.86 sec)
Records: 0  Duplicates: 0  Warnings: 0

Query OK, 0 rows affected (0.06 sec)

Query OK, 16499 rows affected (11.97 sec)
Records: 16499  Duplicates: 0  Warnings: 0

Query OK, 0 rows affected, 1 warning (0.00 sec)

Query OK, 65859 rows affected (7.91 sec)
Records: 65859  Duplicates: 0  Warnings: 0

Query OK, 0 rows affected, 1 warning (0.00 sec)

Query OK, 342716 rows affected (13.90 sec)
Records: 342716  Duplicates: 0  Warnings: 0

Query OK, 0 rows affected, 1 warning (0.00 sec)

Query OK, 342716 rows affected (14.44 sec)
Records: 342716  Duplicates: 0  Warnings: 0

Query OK, 0 rows affected (0.01 sec)

Query OK, 65905 rows affected (7.43 sec)
Records: 65905  Duplicates: 0  Warnings: 0

Database changed
Query OK, 0 rows affected (0.00 sec)

Query OK, 0 rows affected (0.03 sec)

Query OK, 479206 rows affected (23.84 sec)
Records: 479206  Duplicates: 0  Warnings: 0

Query OK, 0 rows affected (0.02 sec)

Query OK, 231068 rows affected (19.51 sec)
Records: 231068  Duplicates: 0  Warnings: 0

+--------------------------+
| clientticket_cmmtjourney |
+--------------------------+
|                   479206 |
+--------------------------+
1 row in set (5.80 sec)

+---------------------------+
| clientticket_assgnjourney |
+---------------------------+
|                    231068 |
+---------------------------+
1 row in set (0.31 sec)

Query OK, 0 rows affected (0.01 sec)

Query OK, 83 rows affected (0.12 sec)
Records: 83  Duplicates: 0  Warnings: 0

mysql> mysql \. C:\workspace\cloud\code\sql\_DailyScript\currenttime.sql
+---------------------+
| currenttime         |
+---------------------+
| 2019-09-15 17:16:56 |
+---------------------+
1 row in set (0.00 sec)

mysql> 
mysql> mysql \. C:\workspace\cloud\code\sql\_DailyScript\load_DailyCalls.sql
Database changed
Query OK, 326 rows affected (0.34 sec)
Records: 326  Deleted: 0  Skipped: 0  Warnings: 0

Query OK, 0 rows affected, 1 warning (0.00 sec)

Query OK, 318 rows affected (0.12 sec)
Records: 318  Duplicates: 0  Warnings: 0

Query OK, 0 rows affected, 1 warning (0.00 sec)

Query OK, 67436 rows affected (0.42 sec)
Records: 67436  Duplicates: 0  Warnings: 0

+----------------------+
| callingclientsbefore |
+----------------------+
|               752137 |
+----------------------+
1 row in set (1.70 sec)

Query OK, 443 rows affected (9.14 sec)
Records: 443  Duplicates: 0  Warnings: 0

+---------------------+
| callingclientsafter |
+---------------------+
|              752580 |
+---------------------+
1 row in set (0.27 sec)

Query OK, 0 rows affected (0.01 sec)

Query OK, 225 rows affected (15.81 sec)
Records: 225  Duplicates: 0  Warnings: 0

Query OK, 0 rows affected (0.00 sec)

Query OK, 15471 rows affected (2.93 sec)
Records: 15471  Duplicates: 0  Warnings: 0

+-----------+
| callstats |
+-----------+
|     15471 |
+-----------+
1 row in set (0.01 sec)

Query OK, 0 rows affected, 1 warning (0.00 sec)

Query OK, 443 rows affected (8.61 sec)
Records: 443  Duplicates: 0  Warnings: 0

+------------------------+
| rep_cccallreportbefore |
+------------------------+
|                 755974 |
+------------------------+
1 row in set (0.27 sec)

Query OK, 443 rows affected (1.45 sec)
Records: 443  Duplicates: 0  Warnings: 0

+-----------------------+
| rep_cccallreportafter |
+-----------------------+
|                756417 |
+-----------------------+
1 row in set (0.27 sec)

Query OK, 0 rows affected (0.00 sec)

mysql> mysql \. C:\workspace\cloud\code\sql\_DailyScript\currenttime.sql
+---------------------+
| currenttime         |
+---------------------+
| 2019-09-15 17:17:37 |
+---------------------+
1 row in set (0.00 sec)

mysql> 
mysql> mysql \. C:\workspace\cloud\code\sql\_DailyScript\DAILY-SCRIPT-USAGE.sql
Database changed
Query OK, 0 rows affected (0.00 sec)

Query OK, 6531 rows affected, 18916 warnings (4.24 sec)
Records: 6531  Deleted: 0  Skipped: 0  Warnings: 18916

Query OK, 0 rows affected (0.00 sec)

Query OK, 10381 rows affected, 30018 warnings (6.42 sec)
Records: 10381  Deleted: 0  Skipped: 0  Warnings: 30018

Query OK, 0 rows affected (0.00 sec)

Query OK, 49 rows affected, 163 warnings (0.02 sec)
Records: 49  Deleted: 0  Skipped: 0  Warnings: 163

Query OK, 0 rows affected (0.00 sec)

Query OK, 257 rows affected, 897 warnings (0.20 sec)
Records: 257  Deleted: 0  Skipped: 0  Warnings: 897

+------------+
| dailyusage |
+------------+
|    7737933 |
+------------+
1 row in set (26.96 sec)

+------------+------------+------------+---------+
| datestart  | dateend    | insertedon | records |
+------------+------------+------------+---------+
| 2019-09-14 | 2019-09-14 | 2019-09-15 |   17218 |
| 2019-09-13 | 2019-09-13 | 2019-09-14 |   17310 |
| 2019-09-12 | 2019-09-12 | 2019-09-13 |   17387 |
| 2019-09-11 | 2019-09-11 | 2019-09-12 |   17372 |
| 2019-09-10 | 2019-09-10 | 2019-09-11 |   17422 |
+------------+------------+------------+---------+
5 rows in set (3 min 6.22 sec)

mysql> mysql \. C:\workspace\cloud\code\sql\_DailyScript\currenttime.sql
+---------------------+
| currenttime         |
+---------------------+
| 2019-09-15 17:21:21 |
+---------------------+
1 row in set (0.00 sec)

mysql> 
mysql> mysql \. C:\workspace\cloud\code\sql\_DailyScript\DAILY-SCRIPT-SALES-TELEMETRY.sql
Database changed
Query OK, 60 rows affected, 15 warnings (0.08 sec)
Records: 60  Deleted: 0  Skipped: 0  Warnings: 15

+------------+
| dailysales |
+------------+
|     166945 |
+------------+
1 row in set (0.53 sec)

Query OK, 0 rows affected (0.02 sec)

Query OK, 166945 rows affected (21.27 sec)
Records: 166945  Duplicates: 0  Warnings: 0

+--------+
| sales  |
+--------+
| 166945 |
+--------+
1 row in set (0.09 sec)

Query OK, 0 rows affected (0.01 sec)

Query OK, 2671 rows affected (0.37 sec)
Records: 2671  Duplicates: 0  Warnings: 0

+----------------+
| rep_dailysales |
+----------------+
|           2671 |
+----------------+
1 row in set (0.00 sec)

Query OK, 0 rows affected (0.00 sec)

Query OK, 2671 rows affected (0.61 sec)
Records: 2671  Duplicates: 0  Warnings: 0

+-------------------+
| rep_dailysalesreg |
+-------------------+
|              2671 |
+-------------------+
1 row in set (0.00 sec)

Query OK, 0 rows affected (0.01 sec)

Query OK, 2511 rows affected (0.73 sec)
Records: 2511  Duplicates: 0  Warnings: 0

+-----------+
| saleslist |
+-----------+
|      2511 |
+-----------+
1 row in set (0.00 sec)

Database changed
ERROR 2 (HY000): File 'C:\ProgramData\MySQL\MySQL Server 5.7\Uploads\_csv\PrepaidCardSales-14092019-P1.csv' not found (Errcode: 2 - No such file or directory)
+------------------+
| dailysinglesales |
+------------------+
|             5948 |
+------------------+
1 row in set (0.05 sec)

Database changed
Query OK, 7 rows affected (0.15 sec)
Records: 7  Deleted: 0  Skipped: 0  Warnings: 0

+-----------------+
| dailyaddonsales |
+-----------------+
|           16912 |
+-----------------+
1 row in set (0.22 sec)

Query OK, 78 rows affected (0.06 sec)
Records: 78  Deleted: 0  Skipped: 0  Warnings: 0

+----------------+
| onlinepayments |
+----------------+
|          64160 |
+----------------+
1 row in set (0.13 sec)

+-------------+----------------+---------------------+
| paymentdate | onlinepayments | onlinepaymentamount |
+-------------+----------------+---------------------+
| 2019-09-14  |             78 |         47488.59000 |
| 2019-09-13  |             79 |         47164.18000 |
| 2019-09-12  |             86 |         53759.85000 |
| 2019-09-11  |             65 |         40673.29000 |
| 2019-09-10  |             92 |         61721.00000 |
+-------------+----------------+---------------------+
5 rows in set (2.95 sec)

+-------------+--------------+----------------+---------------------+
| paymentyear | paymentmonth | onlinepayments | onlinepaymentamount |
+-------------+--------------+----------------+---------------------+
|        2019 |            9 |           1352 |        888625.42000 |
|        2019 |            8 |           3117 |       1993718.27000 |
|        2019 |            7 |           3028 |       2000847.29000 |
|        2019 |            6 |           2798 |       1782990.54000 |
|        2019 |            5 |           2949 |       1930613.93000 |
+-------------+--------------+----------------+---------------------+
5 rows in set (0.09 sec)

mysql> mysql \. C:\workspace\cloud\code\sql\_DailyScript\currenttime.sql
+---------------------+
| currenttime         |
+---------------------+
| 2019-09-15 17:21:48 |
+---------------------+
1 row in set (0.00 sec)

mysql> 
mysql> mysql \. C:\workspace\cloud\code\sql\_DailyScript\DAILY-SCRIPT-ACTIVENUMBERS.sql
Database changed
Query OK, 1262 rows affected (1.29 sec)
Records: 1262  Deleted: 0  Skipped: 0  Warnings: 0

+------------+----------+
| period     | count(1) |
+------------+----------+
| 2019-09-14 |     1262 |
| 2019-09-13 |     1261 |
| 2019-09-12 |     1261 |
| 2019-09-11 |     1262 |
| 2019-09-10 |     1262 |
| 2019-09-09 |     1262 |
+------------+----------+
6 rows in set (0.01 sec)

Query OK, 0 rows affected (0.01 sec)

Query OK, 80 rows affected (2.02 sec)
Records: 80  Duplicates: 0  Warnings: 0

+-------------+
| packagelist |
+-------------+
|          80 |
+-------------+
1 row in set (0.00 sec)

Database changed
Query OK, 0 rows affected (0.00 sec)

Query OK, 0 rows affected (0.00 sec)

Query OK, 0 rows affected (0.00 sec)

Query OK, 0 rows affected (0.00 sec)

Query OK, 27014 rows affected, 208 warnings (1 min 17.13 sec)
Records: 27014  Deleted: 0  Skipped: 0  Warnings: 208

+------------+----------+
| period     | count(1) |
+------------+----------+
| 2019-09-14 |    27014 |
| 2019-09-13 |    27114 |
| 2019-09-12 |    27065 |
| 2019-09-11 |    27073 |
| 2019-09-10 |    26993 |
+------------+----------+
5 rows in set (0.12 sec)

Query OK, 0 rows affected (0.07 sec)

Query OK, 26386 rows affected (2 min 57.49 sec)
Records: 26386  Duplicates: 0  Warnings: 0

Query OK, 0 rows affected (0.18 sec)
Records: 0  Duplicates: 0  Warnings: 0

Query OK, 0 rows affected (0.12 sec)
Records: 0  Duplicates: 0  Warnings: 0

Query OK, 0 rows affected (0.12 sec)
Records: 0  Duplicates: 0  Warnings: 0

Query OK, 0 rows affected (0.19 sec)
Records: 0  Duplicates: 0  Warnings: 0

Query OK, 0 rows affected (0.09 sec)
Records: 0  Duplicates: 0  Warnings: 0

Query OK, 0 rows affected (0.07 sec)
Records: 0  Duplicates: 0  Warnings: 0

+-------------+
| countbefore |
+-------------+
|    29327539 |
+-------------+
1 row in set (1 min 26.72 sec)

Query OK, 26386 rows affected (41.80 sec)
Records: 26386  Duplicates: 0  Warnings: 0

+------------+
| countafter |
+------------+
|   29353925 |
+------------+
1 row in set (15.40 sec)

+------------+--------------------------+
| period     | customercontractactivity |
+------------+--------------------------+
| 2019-09-14 |                    26386 |
| 2019-09-13 |                    26484 |
| 2019-09-12 |                    26435 |
| 2019-09-11 |                    26443 |
| 2019-09-10 |                    26363 |
+------------+--------------------------+
5 rows in set (0.07 sec)

Query OK, 0 rows affected (0.05 sec)

Query OK, 227745 rows affected (16 min 31.96 sec)
Records: 227745  Duplicates: 0  Warnings: 0

Query OK, 0 rows affected (1.17 sec)
Records: 0  Duplicates: 0  Warnings: 0

Query OK, 0 rows affected (1.18 sec)
Records: 0  Duplicates: 0  Warnings: 0

Query OK, 0 rows affected (1.15 sec)
Records: 0  Duplicates: 0  Warnings: 0

Query OK, 0 rows affected (0.04 sec)

Query OK, 251 rows affected (0.61 sec)
Records: 251  Duplicates: 0  Warnings: 0

Query OK, 0 rows affected (0.01 sec)

Query OK, 2492 rows affected (0.86 sec)
Records: 2492  Duplicates: 0  Warnings: 0

Query OK, 0 rows affected (0.04 sec)

Query OK, 26376 rows affected (0.81 sec)
Records: 26376  Duplicates: 0  Warnings: 0

Query OK, 0 rows affected (0.01 sec)

Query OK, 16843 rows affected (0.47 sec)
Records: 16843  Duplicates: 0  Warnings: 0

Query OK, 0 rows affected (0.03 sec)

Query OK, 16843 rows affected (0.16 sec)
Records: 16843  Duplicates: 0  Warnings: 0

Query OK, 0 rows affected (0.01 sec)

Query OK, 16843 rows affected (2.34 sec)
Records: 16843  Duplicates: 0  Warnings: 0

Query OK, 0 rows affected (0.13 sec)

Query OK, 16843 rows affected (57.36 sec)
Records: 16843  Duplicates: 0  Warnings: 0

+-------------+
| clientstats |
+-------------+
|       16843 |
+-------------+
1 row in set (0.01 sec)

Query OK, 0 rows affected (0.01 sec)

Query OK, 13 rows affected, 1 warning (0.13 sec)
Records: 13  Duplicates: 0  Warnings: 1

+-----------------------+-------------+-------------+----------------+-----------------+
| services              | activecount | allaccounts | uniqueaccounts | uniquecontracts |
+-----------------------+-------------+-------------+----------------+-----------------+
| All                   |         214 |          39 |             39 |             126 |
| Internet & Voice      |         432 |         198 |            198 |             387 |
| Internet Only         |        4190 |        4090 |           4084 |            4134 |
| OTT Only              |           3 |           3 |              3 |               3 |
| TV & Internet         |        8681 |        3802 |           3793 |            7728 |
| TV & Internet & OTT   |        2323 |         620 |            620 |            1276 |
| TV & Internet & Voice |         464 |         132 |            132 |             407 |
| TV & OTT              |         350 |          68 |             68 |              84 |
| TV & Voice            |         110 |          47 |             47 |              97 |
| TV & Voice & OTT      |           3 |           1 |              1 |               2 |
| TV Only               |       10202 |        7670 |           7664 |            7853 |
| Voice Only            |         174 |         173 |            173 |             174 |
| GRAND TOTAL           |       27146 |       16843 |          16770 |           22271 |
+-----------------------+-------------+-------------+----------------+-----------------+
13 rows in set (0.00 sec)

+-------------+-------------+-------------+----------------+-----------------+
| network     | activecount | allaccounts | uniqueaccounts | uniquecontracts |
+-------------+-------------+-------------+----------------+-----------------+
| ADDON       |          14 |          10 |             10 |              10 |
| GPON        |        7205 |        3628 |           3625 |            5505 |
| HFC         |       19926 |       13204 |          13204 |           16755 |
| MOBILE TV   |           1 |           1 |              1 |               1 |
| GRAND TOTAL |       27146 |       16843 |          16770 |           22271 |
+-------------+-------------+-------------+----------------+-----------------+
5 rows in set, 1 warning (0.15 sec)

+-------------+-----------------------+-------------+-------------+----------------+-----------------+
| network     | services              | activecount | allaccounts | uniqueaccounts | uniquecontracts |
+-------------+-----------------------+-------------+-------------+----------------+-----------------+
| ADDON       | OTT Only              |           2 |           2 |              2 |               2 |
| ADDON       | TV & OTT              |           4 |           1 |              1 |               1 |
| ADDON       | TV Only               |           8 |           7 |              7 |               7 |
| ADDON       | Services Total        |          14 |          10 |             10 |              10 |
| GPON        | All                   |          94 |          18 |             18 |              56 |
| GPON        | Internet & Voice      |          63 |          26 |             26 |              53 |
| GPON        | Internet Only         |         951 |         878 |            878 |             898 |
| GPON        | TV & Internet         |        3003 |        1253 |           1253 |            2570 |
| GPON        | TV & Internet & OTT   |        1210 |         318 |            318 |             659 |
| GPON        | TV & Internet & Voice |         125 |          34 |             34 |             105 |
| GPON        | TV & OTT              |          78 |          25 |             25 |              26 |
| GPON        | TV & Voice            |          52 |          21 |             21 |              44 |
| GPON        | TV Only               |        1621 |        1047 |           1047 |            1086 |
| GPON        | Voice Only            |           8 |           8 |              8 |               8 |
| GPON        | Services Total        |        7205 |        3628 |           3625 |            5505 |
| HFC         | All                   |         120 |          21 |             21 |              70 |
| HFC         | Internet & Voice      |         369 |         172 |            172 |             334 |
| HFC         | Internet Only         |        3239 |        3212 |           3212 |            3236 |
| HFC         | TV & Internet         |        5678 |        2549 |           2549 |            5158 |
| HFC         | TV & Internet & OTT   |        1113 |         302 |            302 |             617 |
| HFC         | TV & Internet & Voice |         339 |          98 |             98 |             302 |
| HFC         | TV & OTT              |         268 |          42 |             42 |              57 |
| HFC         | TV & Voice            |          58 |          26 |             26 |              53 |
| HFC         | TV & Voice & OTT      |           3 |           1 |              1 |               2 |
| HFC         | TV Only               |        8573 |        6616 |           6616 |            6760 |
| HFC         | Voice Only            |         166 |         165 |            165 |             166 |
| HFC         | Services Total        |       19926 |       13204 |          13204 |           16755 |
| MOBILE TV   | OTT Only              |           1 |           1 |              1 |               1 |
| MOBILE TV   | Services Total        |           1 |           1 |              1 |               1 |
| GRAND TOTAL | Services Total        |       27146 |       16843 |          16770 |           22271 |
+-------------+-----------------------+-------------+-------------+----------------+-----------------+
30 rows in set, 2 warnings (0.17 sec)

Query OK, 0 rows affected (0.00 sec)

Query OK, 46 rows affected, 3 warnings (0.24 sec)
Records: 46  Duplicates: 0  Warnings: 3

+-------------+---------------+-----------------------+-------------+-------------+----------------+-----------------+
| region      | network       | services              | activecount | allaccounts | uniqueaccounts | uniquecontracts |
+-------------+---------------+-----------------------+-------------+-------------+----------------+-----------------+
| Mahe        | ADDON         | OTT Only              |           2 |           2 |              2 |               2 |
| Mahe        | ADDON         | TV & OTT              |           4 |           1 |              1 |               1 |
| Mahe        | ADDON         | TV Only               |           4 |           3 |              3 |               3 |
| Mahe        | ADDON         | Services Total        |          10 |           6 |              6 |               6 |
| Mahe        | GPON          | All                   |          73 |          14 |             14 |              44 |
| Mahe        | GPON          | Internet & Voice      |          49 |          19 |             19 |              39 |
| Mahe        | GPON          | Internet Only         |         747 |         674 |            674 |             694 |
| Mahe        | GPON          | TV & Internet         |        2158 |         893 |            893 |            1821 |
| Mahe        | GPON          | TV & Internet & OTT   |         808 |         203 |            203 |             420 |
| Mahe        | GPON          | TV & Internet & Voice |         110 |          30 |             30 |              91 |
| Mahe        | GPON          | TV & OTT              |          43 |          12 |             12 |              12 |
| Mahe        | GPON          | TV & Voice            |          49 |          20 |             20 |              41 |
| Mahe        | GPON          | TV Only               |        1209 |         760 |            760 |             782 |
| Mahe        | GPON          | Voice Only            |           8 |           8 |              8 |               8 |
| Mahe        | GPON          | Services Total        |        5254 |        2633 |           2633 |            3952 |
| Mahe        | HFC           | All                   |         120 |          21 |             21 |              70 |
| Mahe        | HFC           | Internet & Voice      |         369 |         172 |            172 |             334 |
| Mahe        | HFC           | Internet Only         |        3239 |        3212 |           3212 |            3236 |
| Mahe        | HFC           | TV & Internet         |        5678 |        2549 |           2549 |            5158 |
| Mahe        | HFC           | TV & Internet & OTT   |        1113 |         302 |            302 |             617 |
| Mahe        | HFC           | TV & Internet & Voice |         339 |          98 |             98 |             302 |
| Mahe        | HFC           | TV & OTT              |         268 |          42 |             42 |              57 |
| Mahe        | HFC           | TV & Voice            |          58 |          26 |             26 |              53 |
| Mahe        | HFC           | TV & Voice & OTT      |           3 |           1 |              1 |               2 |
| Mahe        | HFC           | TV Only               |        8568 |        6613 |           6613 |            6757 |
| Mahe        | HFC           | Voice Only            |         166 |         165 |            165 |             166 |
| Mahe        | HFC           | Services Total        |       19921 |       13201 |          13201 |           16752 |
| Mahe        | MOBILE TV     | OTT Only              |           1 |           1 |              1 |               1 |
| Mahe        | MOBILE TV     | Services Total        |           1 |           1 |              1 |               1 |
| Mahe        | Network Total | Services Total        |       25186 |       15841 |          15774 |           20711 |
| Praslin     | ADDON         | TV Only               |           4 |           4 |              4 |               4 |
| Praslin     | ADDON         | Services Total        |           4 |           4 |              4 |               4 |
| Praslin     | GPON          | All                   |          21 |           4 |              4 |              12 |
| Praslin     | GPON          | Internet & Voice      |          14 |           7 |              7 |              14 |
| Praslin     | GPON          | Internet Only         |         204 |         204 |            204 |             204 |
| Praslin     | GPON          | TV & Internet         |         845 |         360 |            360 |             749 |
| Praslin     | GPON          | TV & Internet & OTT   |         402 |         115 |            115 |             239 |
| Praslin     | GPON          | TV & Internet & Voice |          15 |           4 |              4 |              14 |
| Praslin     | GPON          | TV & OTT              |          35 |          13 |             13 |              14 |
| Praslin     | GPON          | TV & Voice            |           3 |           1 |              1 |               3 |
| Praslin     | GPON          | TV Only               |         412 |         287 |            287 |             304 |
| Praslin     | GPON          | Services Total        |        1951 |         995 |            995 |            1553 |
| Praslin     | HFC           | TV Only               |           5 |           3 |              3 |               3 |
| Praslin     | HFC           | Services Total        |           5 |           3 |              3 |               3 |
| Praslin     | Network Total | Services Total        |        1960 |        1002 |            999 |            1560 |
| GRAND TOTAL | Network Total | Services Total        |       27146 |       16843 |          16770 |           22271 |
+-------------+---------------+-----------------------+-------------+-------------+----------------+-----------------+
46 rows in set (0.00 sec)

Query OK, 0 rows affected (0.00 sec)

Query OK, 26377 rows affected (0.54 sec)
Records: 26377  Duplicates: 0  Warnings: 0

Query OK, 0 rows affected (0.00 sec)

Query OK, 1937 rows affected (11.20 sec)
Records: 1937  Duplicates: 0  Warnings: 0

+--------------------------------------+
| message                              |
+--------------------------------------+
| running rcbill_my.sp_ActiveNumber2() |
+--------------------------------------+
1 row in set (0.00 sec)

Query OK, 257 rows affected (2 min 55.46 sec)

mysql> mysql \. C:\workspace\cloud\code\sql\_DailyScript\currenttime.sql
+---------------------+
| currenttime         |
+---------------------+
| 2019-09-15 17:49:18 |
+---------------------+
1 row in set (0.00 sec)

mysql> 
mysql> mysql \. C:\workspace\cloud\code\sql\_DailyScript\GetActiveNumbers Average -Pivot.sql
Database changed
+-------------------------------------+
| @today := subdate(current_date(),1) |
+-------------------------------------+
| 2019-09-14                          |
+-------------------------------------+
1 row in set (0.00 sec)

+-------------------------------------+
| @lastdayofmonth := last_day(@today) |
+-------------------------------------+
| 2019-09-30                          |
+-------------------------------------+
1 row in set (0.00 sec)

Query OK, 0 rows affected (0.08 sec)

Query OK, 32634 rows affected, 65535 warnings (1 min 1.93 sec)
Records: 32634  Duplicates: 0  Warnings: 67805

Query OK, 0 rows affected (0.11 sec)
Records: 0  Duplicates: 0  Warnings: 0

Query OK, 0 rows affected (0.12 sec)
Records: 0  Duplicates: 0  Warnings: 0

Query OK, 0 rows affected (0.10 sec)
Records: 0  Duplicates: 0  Warnings: 0

+-----------------+
| activenumberavg |
+-----------------+
|           32634 |
+-----------------+
1 row in set (0.01 sec)

Query OK, 0 rows affected (0.01 sec)

Query OK, 1776 rows affected (0.54 sec)
Records: 1776  Duplicates: 0  Warnings: 0

+---------------------+
| rep_activenumberavg |
+---------------------+
|                1776 |
+---------------------+
1 row in set (0.00 sec)

+----------------------+
| rep_activenumberavg1 |
+----------------------+
|                  842 |
+----------------------+
1 row in set (0.00 sec)

Query OK, 0 rows affected (0.00 sec)

Query OK, 1669 rows affected (0.41 sec)
Records: 1669  Duplicates: 0  Warnings: 0

Query OK, 0 rows affected (0.01 sec)

Query OK, 8446 rows affected (0.69 sec)
Records: 8446  Duplicates: 0  Warnings: 0

Query OK, 0 rows affected (0.00 sec)

Query OK, 0 rows affected (0.00 sec)

Query OK, 0 rows affected (0.01 sec)

Query OK, 0 rows affected (0.00 sec)

Query OK, 0 rows affected (0.00 sec)
Statement prepared

Query OK, 53 rows affected (0.03 sec)
Records: 53  Duplicates: 0  Warnings: 0

Query OK, 0 rows affected (0.00 sec)

Query OK, 0 rows affected (0.00 sec)

+----------------------+
| rep_activenumberavg2 |
+----------------------+
|                 1669 |
+----------------------+
1 row in set (0.00 sec)

+------------------------+
| rep_activenumberavg_pv |
+------------------------+
|                     53 |
+------------------------+
1 row in set (0.00 sec)

Query OK, 0 rows affected (0.03 sec)

Query OK, 1669 rows affected (0.36 sec)
Records: 1669  Duplicates: 0  Warnings: 0

Query OK, 0 rows affected (0.00 sec)

Query OK, 0 rows affected (0.00 sec)

Query OK, 0 rows affected (0.05 sec)

Query OK, 0 rows affected (0.00 sec)

Query OK, 0 rows affected (0.00 sec)
Statement prepared

Query OK, 53 rows affected (0.03 sec)
Records: 53  Duplicates: 0  Warnings: 0

Query OK, 0 rows affected (0.00 sec)

Query OK, 0 rows affected (0.00 sec)

+-------------------------+
| rep_activenumberavgMahe |
+-------------------------+
|                    1669 |
+-------------------------+
1 row in set (0.00 sec)

+----------------------------+
| rep_activenumberavgMahe_pv |
+----------------------------+
|                         53 |
+----------------------------+
1 row in set (0.00 sec)

Query OK, 0 rows affected (0.00 sec)

Query OK, 1068 rows affected (0.16 sec)
Records: 1068  Duplicates: 0  Warnings: 0

Query OK, 0 rows affected (0.00 sec)

Query OK, 0 rows affected (0.00 sec)

Query OK, 0 rows affected (0.01 sec)

Query OK, 0 rows affected (0.00 sec)

Query OK, 0 rows affected (0.00 sec)
Statement prepared

Query OK, 39 rows affected (0.02 sec)
Records: 39  Duplicates: 0  Warnings: 0

Query OK, 0 rows affected (0.00 sec)

Query OK, 0 rows affected (0.00 sec)

+----------------------------+
| rep_activenumberavgPraslin |
+----------------------------+
|                       1068 |
+----------------------------+
1 row in set (0.00 sec)

+-------------------------------+
| rep_activenumberavgPraslin_pv |
+-------------------------------+
|                            39 |
+-------------------------------+
1 row in set (0.00 sec)

mysql> mysql \. C:\workspace\cloud\code\sql\_DailyScript\currenttime.sql
+---------------------+
| currenttime         |
+---------------------+
| 2019-09-15 17:50:23 |
+---------------------+
1 row in set (0.00 sec)

mysql> 
mysql> mysql \. C:\workspace\cloud\code\sql\_DailyScript\budget_actual_analysis_2019.sql
Query OK, 0 rows affected (0.02 sec)

Query OK, 564 rows affected, 3 warnings (0.48 sec)
Records: 564  Duplicates: 0  Warnings: 3

+--------------------+
| budget_actual_2019 |
+--------------------+
|                564 |
+--------------------+
1 row in set (0.00 sec)

Query OK, 0 rows affected (0.00 sec)

Query OK, 48 rows affected (0.04 sec)
Records: 48  Duplicates: 0  Warnings: 0

+---------------------------+
| rep_budget_actual_2019_pv |
+---------------------------+
|                        48 |
+---------------------------+
1 row in set (0.00 sec)

mysql> mysql \. C:\workspace\cloud\code\sql\_DailyScript\currenttime.sql
+---------------------+
| currenttime         |
+---------------------+
| 2019-09-15 17:50:23 |
+---------------------+
1 row in set (0.00 sec)

mysql> 
mysql> mysql \. C:\workspace\cloud\code\sql\_DailyScript\reports-sales-addons-prepaid-camera.sql
Database changed
Query OK, 0 rows affected (0.00 sec)

Query OK, 3789 rows affected (0.45 sec)
Records: 3789  Duplicates: 0  Warnings: 0

Query OK, 0 rows affected (0.10 sec)

Query OK, 16933 rows affected (44.56 sec)
Records: 16933  Duplicates: 0  Warnings: 0

+--------------------+
| rep_prepaid_camera |
+--------------------+
|               3789 |
+--------------------+
1 row in set (0.01 sec)

+-----------+
| rep_addon |
+-----------+
|     16933 |
+-----------+
1 row in set (0.01 sec)

mysql> mysql \. C:\workspace\cloud\code\sql\_DailyScript\currenttime.sql
+---------------------+
| currenttime         |
+---------------------+
| 2019-09-15 17:51:08 |
+---------------------+
1 row in set (0.00 sec)

mysql> 
mysql> mysql \. C:\workspace\cloud\code\sql\_DailyScript\housing-estate-analysis.sql
Database changed
Query OK, 0 rows affected (0.01 sec)

Query OK, 2876 rows affected (35.24 sec)
Records: 2876  Duplicates: 0  Warnings: 0

+--------------------+
| rep_housingestates |
+--------------------+
|               2876 |
+--------------------+
1 row in set (0.00 sec)

mysql> mysql \. C:\workspace\cloud\code\sql\_DailyScript\currenttime.sql
+---------------------+
| currenttime         |
+---------------------+
| 2019-09-15 17:51:44 |
+---------------------+
1 row in set (0.00 sec)

mysql> 
mysql> mysql \. C:\workspace\cloud\code\sql\_DailyScript\RCB_ClientAnalyticsReport_Script.sql
Database changed
Query OK, 0 rows affected (0.00 sec)

Query OK, 0 rows affected (0.08 sec)

Query OK, 1733976 rows affected (1 min 41.87 sec)
Records: 1733976  Duplicates: 0  Warnings: 0

Query OK, 0 rows affected (9.49 sec)
Records: 0  Duplicates: 0  Warnings: 0

Query OK, 0 rows affected (6.37 sec)
Records: 0  Duplicates: 0  Warnings: 0

Query OK, 0 rows affected (11.44 sec)
Records: 0  Duplicates: 0  Warnings: 0

Query OK, 0 rows affected (12.98 sec)
Records: 0  Duplicates: 0  Warnings: 0

Query OK, 0 rows affected (11.14 sec)
Records: 0  Duplicates: 0  Warnings: 0

Query OK, 0 rows affected (9.57 sec)
Records: 0  Duplicates: 0  Warnings: 0

Query OK, 0 rows affected (0.00 sec)

Query OK, 451357 rows affected (18.45 sec)
Rows matched: 1733976  Changed: 451357  Warnings: 0

Query OK, 0 rows affected (0.01 sec)

Query OK, 27265 rows affected (5.19 sec)
Records: 27265  Duplicates: 0  Warnings: 0

Query OK, 0 rows affected (0.03 sec)

Query OK, 42634 rows affected (12 min 42.89 sec)
Records: 42634  Duplicates: 0  Warnings: 0

Query OK, 0 rows affected (0.25 sec)
Records: 0  Duplicates: 0  Warnings: 0

Query OK, 0 rows affected (0.17 sec)
Records: 0  Duplicates: 0  Warnings: 0

Query OK, 0 rows affected (0.11 sec)
Records: 0  Duplicates: 0  Warnings: 0

Query OK, 0 rows affected (0.09 sec)

Query OK, 423786 rows affected (14 min 53.24 sec)
Records: 423786  Duplicates: 0  Warnings: 0

Query OK, 0 rows affected (2.18 sec)
Records: 0  Duplicates: 0  Warnings: 0

Query OK, 0 rows affected (1.90 sec)
Records: 0  Duplicates: 0  Warnings: 0

Query OK, 0 rows affected (0.97 sec)
Records: 0  Duplicates: 0  Warnings: 0

Query OK, 0 rows affected (2.15 sec)
Records: 0  Duplicates: 0  Warnings: 0

Query OK, 0 rows affected (1.48 sec)
Records: 0  Duplicates: 0  Warnings: 0

Query OK, 0 rows affected (0.44 sec)

Query OK, 42634 rows affected (1 min 49.56 sec)
Records: 42634  Duplicates: 0  Warnings: 0

+--------------+
| clientreport |
+--------------+
|        42634 |
+--------------+
1 row in set (0.02 sec)

Query OK, 0 rows affected (0.01 sec)

Query OK, 42634 rows affected (7.55 sec)
Records: 42634  Duplicates: 0  Warnings: 0

+----------------------+
| clientextendedreport |
+----------------------+
|                42634 |
+----------------------+
1 row in set (0.01 sec)

Query OK, 0 rows affected (0.04 sec)

Query OK, 42634 rows affected (1 min 51.69 sec)
Records: 42634  Duplicates: 0  Warnings: 0

+---------+
| allcust |
+---------+
|   42634 |
+---------+
1 row in set (0.02 sec)

Query OK, 0 rows affected, 1 warning (0.00 sec)

Query OK, 5000 rows affected (0.28 sec)
Records: 5000  Duplicates: 0  Warnings: 0

Query OK, 0 rows affected (0.01 sec)

Query OK, 6911 rows affected (0.41 sec)
Records: 6911  Duplicates: 0  Warnings: 0

Query OK, 0 rows affected, 1 warning (0.00 sec)

Query OK, 5000 rows affected (0.17 sec)
Records: 5000  Duplicates: 0  Warnings: 0

Query OK, 0 rows affected (0.02 sec)

Query OK, 7322 rows affected (0.23 sec)
Records: 7322  Duplicates: 0  Warnings: 0

mysql> mysql \. C:\workspace\cloud\code\sql\_DailyScript\currenttime.sql
+---------------------+
| currenttime         |
+---------------------+
| 2019-09-15 18:26:26 |
+---------------------+
1 row in set (0.00 sec)

mysql> 
mysql> mysql \. C:\workspace\cloud\code\sql\_DailyScript\REVENUE_PER_NODE_MXK.sql
Query OK, 0 rows affected (0.01 sec)

Query OK, 0 rows affected (0.01 sec)

Query OK, 0 rows affected (0.01 sec)

Query OK, 4879 rows affected (3.10 sec)
Records: 4879  Duplicates: 0  Warnings: 0

+----------------------+
| message              |
+----------------------+
| created temp table a |
+----------------------+
1 row in set (0.00 sec)

Query OK, 5311 rows affected (1.93 sec)
Records: 5311  Duplicates: 0  Warnings: 0

+----------------------+
| message              |
+----------------------+
| created temp table b |
+----------------------+
1 row in set (0.00 sec)

Query OK, 0 rows affected, 1 warning (0.00 sec)

Query OK, 5166 rows affected (10.67 sec)
Records: 5166  Duplicates: 0  Warnings: 0

+--------------------------------+
| message                        |
+--------------------------------+
| created rcbill_my.tempcustmxk1 |
+--------------------------------+
1 row in set (0.00 sec)

Query OK, 0 rows affected (0.00 sec)

Query OK, 0 rows affected (0.00 sec)

Query OK, 0 rows affected, 1 warning (0.00 sec)

Query OK, 4879 rows affected (1.19 sec)
Records: 4879  Duplicates: 0  Warnings: 0

+----------------+
| message        |
+----------------+
| created temp a |
+----------------+
1 row in set (0.00 sec)

Query OK, 5311 rows affected (0.45 sec)
Records: 5311  Duplicates: 0  Warnings: 0

+----------------+
| message        |
+----------------+
| created temp b |
+----------------+
1 row in set (0.00 sec)

Query OK, 0 rows affected, 1 warning (0.00 sec)

Query OK, 5404 rows affected (7.25 sec)
Records: 5404  Duplicates: 0  Warnings: 0

+--------------------------------+
| message                        |
+--------------------------------+
| created rcbill_my.tempcustmxk2 |
+--------------------------------+
1 row in set (0.00 sec)

Query OK, 0 rows affected (0.00 sec)

Query OK, 0 rows affected (0.00 sec)

Query OK, 0 rows affected, 1 warning (0.00 sec)

Query OK, 0 rows affected (0.01 sec)

Query OK, 5814 rows affected (0.33 sec)
Records: 5814  Duplicates: 0  Warnings: 0

+---------------------------------+
| message                         |
+---------------------------------+
| created rcbill_my.customers_mxk |
+---------------------------------+
1 row in set (0.00 sec)

Query OK, 0 rows affected (0.00 sec)

Query OK, 0 rows affected (0.00 sec)

Query OK, 13295 rows affected (6.34 sec)
Records: 13295  Duplicates: 0  Warnings: 0

+----------------+
| message        |
+----------------+
| created temp a |
+----------------+
1 row in set (0.00 sec)

Query OK, 20750 rows affected (2.36 sec)
Records: 20750  Duplicates: 0  Warnings: 0

+----------------+
| message        |
+----------------+
| created temp c |
+----------------+
1 row in set (0.00 sec)

Query OK, 0 rows affected, 1 warning (0.00 sec)

Query OK, 27407 rows affected (0.39 sec)
Records: 27407  Duplicates: 0  Warnings: 0

+---------------------------------+
| message                         |
+---------------------------------+
| created rcbill_my.tempcustcmts1 |
+---------------------------------+
1 row in set (0.00 sec)

Query OK, 0 rows affected (0.00 sec)

Query OK, 0 rows affected, 1 warning (0.00 sec)

Query OK, 0 rows affected (0.01 sec)

Query OK, 13295 rows affected (6.72 sec)
Records: 13295  Duplicates: 0  Warnings: 0

+----------------+
| message        |
+----------------+
| created temp a |
+----------------+
1 row in set (0.00 sec)

Query OK, 20750 rows affected (1.44 sec)
Records: 20750  Duplicates: 0  Warnings: 0

+----------------+
| message        |
+----------------+
| created temp c |
+----------------+
1 row in set (0.00 sec)

Query OK, 0 rows affected, 1 warning (0.00 sec)

Query OK, 21663 rows affected (0.34 sec)
Records: 21663  Duplicates: 0  Warnings: 0

+---------------------------------+
| message                         |
+---------------------------------+
| created rcbill_my.tempcustcmts2 |
+---------------------------------+
1 row in set (0.00 sec)

Query OK, 0 rows affected (0.01 sec)

Query OK, 0 rows affected, 1 warning (0.00 sec)

Query OK, 0 rows affected (0.01 sec)

Query OK, 0 rows affected (0.01 sec)

Query OK, 13411 rows affected (1.48 sec)
Records: 13411  Duplicates: 0  Warnings: 0

+----------------------------------+
| message                          |
+----------------------------------+
| created rcbill_my.customers_cmts |
+----------------------------------+
1 row in set (0.00 sec)

Query OK, 0 rows affected (0.01 sec)

Query OK, 0 rows affected (0.01 sec)

Query OK, 0 rows affected (0.01 sec)

Query OK, 16783 rows affected (0.97 sec)
Records: 16783  Duplicates: 0  Warnings: 0

+--------------------------------------+
| message                              |
+--------------------------------------+
| created rcbill_my.customers_cmts_mxk |
+--------------------------------------+
1 row in set (0.00 sec)

Query OK, 447594 rows affected (1 min 25.99 sec)
Records: 447594  Duplicates: 0  Warnings: 0

+----------------+
| message        |
+----------------+
| created temp a |
+----------------+
1 row in set (0.00 sec)

Query OK, 0 rows affected (0.23 sec)

Query OK, 448271 rows affected (15.36 sec)
Records: 448271  Duplicates: 0  Warnings: 0

+------------------------------------------------+
| message                                        |
+------------------------------------------------+
| created rcbill_my.customers_contracts_cmts_mxk |
+------------------------------------------------+
1 row in set (0.00 sec)

Query OK, 0 rows affected (0.01 sec)

Query OK, 0 rows affected, 1 warning (0.00 sec)

Query OK, 0 rows affected, 1 warning (0.00 sec)

Query OK, 0 rows affected (0.00 sec)

Query OK, 7768 rows affected (3.95 sec)
Rows matched: 7768  Changed: 7768  Warnings: 0

+------------------------------------------------+
| message                                        |
+------------------------------------------------+
| updated rcbill_my.customers_contracts_cmts_mxk |
+------------------------------------------------+
1 row in set (0.00 sec)

Query OK, 0 rows affected (0.10 sec)

Query OK, 1701429 rows affected (5 min 15.74 sec)
Records: 1701429  Duplicates: 0  Warnings: 0

+----------------------------------------+
| message                                |
+----------------------------------------+
| created rcbill_my.customers_collection |
+----------------------------------------+
1 row in set (0.00 sec)

Query OK, 0 rows affected (0.05 sec)

Query OK, 1959571 rows affected (2 min 40.05 sec)
Records: 1959571  Duplicates: 0  Warnings: 0

+------------------------------------------------+
| message                                        |
+------------------------------------------------+
| created rcbill_my.customers_cmts_mxk_cont_coll |
+------------------------------------------------+
1 row in set (0.00 sec)

Query OK, 0 rows affected (0.01 sec)

Query OK, 45641 rows affected (14.10 sec)
Records: 45641  Duplicates: 0  Warnings: 0

+------------------------------------------------------------+
| message                                                    |
+------------------------------------------------------------+
| created rcbill_my.customers_contracts_collection_pivot2019 |
+------------------------------------------------------------+
1 row in set (0.00 sec)

Query OK, 0 rows affected (0.01 sec)

Query OK, 19821 rows affected (11.61 sec)
Records: 19821  Duplicates: 0  Warnings: 0

+--------------------------------------------------+
| message                                          |
+--------------------------------------------------+
| created rcbill_my.customers_collection_pivot2019 |
+--------------------------------------------------+
1 row in set (0.00 sec)

Query OK, 0 rows affected (0.01 sec)

Query OK, 42634 rows affected (1.59 sec)
Records: 42634  Duplicates: 0  Warnings: 0

+------------------------------------------------+
| message                                        |
+------------------------------------------------+
| created rcbill_my.rep_customers_collection2019 |
+------------------------------------------------+
1 row in set (0.00 sec)

Query OK, 0 rows affected (0.00 sec)

Query OK, 0 rows affected, 1 warning (0.00 sec)

Query OK, 417571 rows affected (27.44 sec)
Records: 417571  Duplicates: 0  Warnings: 0

+-------------------------+
| message                 |
+-------------------------+
| created rcbill_my.tempa |
+-------------------------+
1 row in set (0.00 sec)

Query OK, 0 rows affected, 1 warning (0.00 sec)

Query OK, 94833 rows affected (14.66 sec)
Records: 94833  Duplicates: 0  Warnings: 0

+-------------------------+
| message                 |
+-------------------------+
| created rcbill_my.tempb |
+-------------------------+
1 row in set (0.00 sec)

Query OK, 417571 rows affected (12.53 sec)
Records: 417571  Duplicates: 0  Warnings: 0

+-----------+
| message   |
+-----------+
| created a |
+-----------+
1 row in set (0.00 sec)

Query OK, 94841 rows affected (9.05 sec)
Records: 94841  Duplicates: 0  Warnings: 0

+-----------+
| message   |
+-----------+
| created b |
+-----------+
1 row in set (0.00 sec)

Query OK, 0 rows affected (0.11 sec)

Query OK, 0 rows affected (0.01 sec)

Query OK, 0 rows affected (0.02 sec)

Query OK, 420480 rows affected (35.34 sec)
Records: 420480  Duplicates: 0  Warnings: 0

+----------------------------------------------+
| message                                      |
+----------------------------------------------+
| created rcbill_my.cust_cont_payment_cmts_mxk |
+----------------------------------------------+
1 row in set (0.00 sec)

Query OK, 0 rows affected (0.01 sec)

Query OK, 0 rows affected (0.02 sec)

Query OK, 0 rows affected, 1 warning (0.00 sec)

Query OK, 0 rows affected (0.01 sec)

Query OK, 42634 rows affected (15.29 sec)
Records: 42634  Duplicates: 0  Warnings: 0

+--------------------------------------------------+
| message                                          |
+--------------------------------------------------+
| created rcbill_my.rep_cust_cont_payment_cmts_mxk |
+--------------------------------------------------+
1 row in set (0.00 sec)

Query OK, 0 rows affected, 1 warning (0.00 sec)

Query OK, 0 rows affected, 1 warning (0.00 sec)

Query OK, 0 rows affected (0.01 sec)

Query OK, 42634 rows affected, 5 warnings (10.17 sec)
Records: 42634  Duplicates: 0  Warnings: 5

+----------------------+
| rep_custconsolidated |
+----------------------+
|                42634 |
+----------------------+
1 row in set (0.04 sec)

Query OK, 0 rows affected (0.00 sec)

Query OK, 0 rows affected (0.01 sec)

+----------------------------------------------+
| message                                      |
+----------------------------------------------+
| creating rcbill_my.retentioncustomeractivity |
+----------------------------------------------+
1 row in set (0.00 sec)

Query OK, 796 rows affected (0.10 sec)
Records: 796  Duplicates: 0  Warnings: 0

+---------------------------+
| retentioncustomeractivity |
+---------------------------+
|                       796 |
+---------------------------+
1 row in set (0.00 sec)

+-----------+------------------------------------+------------+-------------+-----------------+------------------+---------------------+-------------------+
| HFC_NODE  | NODENAME                           | CMTS_DATE  | INSERTED_ON | UNIQUE_ACCOUNTS | UNIQUE_CONTRACTS | UNIQUE_MAC_INRCBOSS | UNIQUE_MAC_INCMTS |
+-----------+------------------------------------+------------+-------------+-----------------+------------------+---------------------+-------------------+
| NULL      | NULL                               | NULL       | 2019-09-15  |            5621 |             5893 |                5938 |                 0 |
| C5/0/0/U0 | ANSE-BOILEAU-2                     | 2019-09-06 | 2019-09-15  |             179 |              184 |                 179 |               181 |
| C5/0/0/U1 | 500-C3-ANSE-BOILEAU                | 2019-09-06 | 2019-09-15  |             172 |              178 |                 172 |               172 |
| C5/0/1/U0 | 501-C4-LA-MISIERE-LEFT-I           | 2019-09-06 | 2019-09-15  |             150 |              152 |                 150 |               152 |
| C5/0/1/U1 | 501-C5-LA-MISIERE-RIGHT            | 2019-09-06 | 2019-09-15  |             112 |              115 |                 112 |               113 |
| C5/0/1/U2 | 501-C7-LA-MISIERE-LEFT-II          | 2019-09-06 | 2019-09-15  |             154 |              163 |                 154 |               156 |
| C5/0/2/U0 | 502-C8-LA-LOUISE                   | 2019-09-06 | 2019-09-15  |             139 |              142 |                 139 |               144 |
| C5/0/2/U1 | LA-LOUISE-2                        | 2019-09-06 | 2019-09-15  |             134 |              136 |                 134 |               136 |
| C5/0/3/U0 | 504-C6-PETIT-PARIS                 | 2019-09-06 | 2019-09-15  |             153 |              156 |                 153 |               155 |
| C5/0/3/U1 | PETIT-PARIS-23                     | 2019-09-06 | 2019-09-15  |              78 |               80 |                  78 |                81 |
| C5/0/4/U0 | FOUR-SEASONS                       | 2019-09-06 | 2019-09-15  |               6 |               17 |                  17 |                17 |
| C5/0/4/U1 | ANCHOR-CAFE-I                      | 2019-09-06 | 2019-09-15  |             141 |              142 |                 142 |               143 |
| C5/0/4/U2 | ANCHOR-CAFE-II                     | 2019-09-06 | 2019-09-15  |             149 |              154 |                 149 |               152 |
| C5/1/0/U0 | POINTE-LARUE-AIRPORT-23            | 2019-09-06 | 2019-09-15  |              99 |              104 |                 101 |               103 |
| C5/1/0/U1 | PPROVIDENCE-23                     | 2019-09-06 | 2019-09-15  |              27 |               30 |                  27 |                27 |
| C5/1/0/U2 | ROSHE-CAIMAN-23                    | 2019-09-06 | 2019-09-15  |               8 |                9 |                   8 |                 8 |
| C5/1/0/U3 | HEAD-OFFICE | HO-23                | 2019-09-06 | 2019-09-15  |              28 |               28 |                  28 |                31 |
| C5/1/1/U1 | C5-UNION-VALE                      | 2019-09-06 | 2019-09-15  |             187 |              193 |                 187 |               187 |
| C5/1/3/U0 | POINTE-LARUE-AIRPORT-27            | 2019-09-06 | 2019-09-15  |             132 |              136 |                 132 |               134 |
| C5/1/3/U1 | PPROVIDENCE-27                     | 2019-09-06 | 2019-09-15  |              37 |               37 |                  37 |                37 |
| C5/1/3/U2 | ROSHE-CAIMAN-27                    | 2019-09-06 | 2019-09-15  |              26 |               26 |                  26 |                26 |
| C5/1/3/U3 | HEAD-OFFICE | HO-27                | 2019-09-06 | 2019-09-15  |              14 |               15 |                  14 |                14 |
| C5/1/4/U0 | ANSE-ROYALE-27                     | 2019-09-06 | 2019-09-15  |              95 |               97 |                  95 |                96 |
| C5/1/4/U1 | GLACIS-2-57                        | 2019-09-06 | 2019-09-15  |             119 |              123 |                 119 |               119 |
| C5/1/4/U2 | NULL                               | 2019-09-06 | 2019-09-15  |              94 |               97 |                  94 |                95 |
| C5/1/4/U3 | GLACIS-1                           | 2019-09-06 | 2019-09-15  |              54 |               56 |                  54 |                55 |
| C6/0/1/U0 | SERRET-ROAD-RIGHT/CURIO/PASCAL     | 2019-09-06 | 2019-09-15  |             117 |              119 |                 117 |               119 |
| C6/0/1/U1 | SERRET-ROAD-LEFT/ST.LOUIS/TOWN     | 2019-09-06 | 2019-09-15  |             142 |              146 |                 142 |               143 |
| C6/0/1/U2 | SERRET-ROAD-RIGHT/CURIO/PASCAL-2   | 2019-09-06 | 2019-09-15  |             125 |              126 |                 125 |               126 |
| C6/0/1/U3 | SERRET-ROAD-LEFT/ST.LOUIS/TOWN-2   | 2019-09-06 | 2019-09-15  |             140 |              145 |                 140 |               143 |
| C6/0/2/U0 | SANS-SOUCIS-I                      | 2019-09-06 | 2019-09-15  |              75 |               77 |                  74 |                76 |
| C6/0/2/U1 | SANS-SOUCIS-II                     | 2019-09-06 | 2019-09-15  |             145 |              147 |                 145 |               149 |
| C6/0/2/U2 | BEL-AIR-27                         | 2019-09-06 | 2019-09-15  |             119 |              125 |                 119 |               120 |
| C6/0/2/U3 | BEL-AIR-38                         | 2019-09-06 | 2019-09-15  |              80 |               81 |                  80 |                83 |
| C6/0/3/U0 | LES-MAMELLES-23                    | 2019-09-06 | 2019-09-15  |              90 |               90 |                  90 |                92 |
| C6/0/3/U1 | VICTORIA-23                        | 2019-09-06 | 2019-09-15  |              34 |               39 |                  37 |                42 |
| C6/0/4/U0 | LES-MAMELLES-27                    | 2019-09-06 | 2019-09-15  |              62 |               62 |                  62 |                63 |
| C6/0/4/U1 | VICTORIA-27                        | 2019-09-06 | 2019-09-15  |              14 |               15 |                  14 |                14 |
| C7/1/0/U0 | LA-RETRAITE-23                     | 2019-09-06 | 2019-09-15  |              84 |               89 |                  84 |                86 |
| C7/1/0/U1 | TEA-FACTORY-23                     | 2019-09-06 | 2019-09-15  |              23 |               28 |                  24 |                25 |
| C7/1/0/U2 | PAS-23                             | 2019-09-06 | 2019-09-15  |              87 |               91 |                  87 |                89 |
| C7/1/1/U0 | REEF-ESTATE-23                     | 2019-09-06 | 2019-09-15  |              90 |               91 |                  90 |                92 |
| C7/1/1/U1 | BEL-OMBRE-NEW-23                   | 2019-09-06 | 2019-09-15  |              12 |               12 |                  12 |                16 |
| C7/1/2/U0 | LA-RETRAITE-27                     | 2019-09-06 | 2019-09-15  |             125 |              130 |                 126 |               128 |
| C7/1/2/U1 | TEA-FACTORY-27                     | 2019-09-06 | 2019-09-15  |              27 |               31 |                  28 |                29 |
| C7/1/2/U2 | PAS-27                             | 2019-09-06 | 2019-09-15  |             110 |              110 |                 110 |               112 |
| C7/1/3/U0 | MT-BUXTON-27                       | 2019-09-06 | 2019-09-15  |             144 |              146 |                 144 |               147 |
| C7/1/3/U1 | MT-BUXTON-23                       | 2019-09-06 | 2019-09-15  |              75 |               77 |                  75 |                79 |
| C7/1/4/U0 | REEF-ESTATE-27                     | 2019-09-06 | 2019-09-15  |              66 |               66 |                  66 |                66 |
| C7/1/4/U1 | BEL-OMBRE-NEW-27                   | 2019-09-06 | 2019-09-15  |              25 |               25 |                  25 |                28 |
| C8/0/0/U0 | POLICE-ACADEMY-1-27 - POINTE LARUE | 2019-09-06 | 2019-09-15  |             197 |              197 |                 196 |               198 |
| C8/0/0/U1 | NULL                               | 2019-09-06 | 2019-09-15  |             138 |              144 |                 139 |               139 |
| C8/0/1/U0 | NULL                               | 2019-09-06 | 2019-09-15  |             180 |              184 |                 180 |               181 |
| C8/0/1/U1 | POLICE-ACADEMY-2-27 - TURTLE BAY   | 2019-09-06 | 2019-09-15  |             121 |              122 |                 121 |               125 |
| C8/0/2/U0 | BEAU-VALLON-LEFT-1-57              | 2019-09-06 | 2019-09-15  |              89 |               93 |                  90 |                92 |
| C8/0/3/U1 | BEAU-VALLON-RIGHT-2-57             | 2019-09-06 | 2019-09-15  |             180 |              189 |                 180 |               182 |
| C8/1/0/U0 | MA-JOIE-NODE-27                    | 2019-09-06 | 2019-09-15  |             115 |              115 |                 115 |               115 |
| C8/1/0/U1 | BELONIE-27                         | 2019-09-06 | 2019-09-15  |             152 |              154 |                 151 |               151 |
| C8/1/0/U3 | MA-JOIE-NODE-23                    | 2019-09-06 | 2019-09-15  |             112 |              117 |                 112 |               113 |
| C8/1/1/U0 | 611-C1-ROJN I                      | 2019-09-06 | 2019-09-15  |             178 |              179 |                 178 |               180 |
| C8/1/1/U1 | 611-C5-ROJN II                     | 2019-09-06 | 2019-09-15  |              68 |               69 |                  68 |                72 |
| C8/1/2/U0 | 612-C2-ANSE-ETOILE                 | 2019-09-06 | 2019-09-15  |             178 |              181 |                 178 |               181 |
| C8/1/2/U1 | ANSE-ETOILE-U2                     | 2019-09-06 | 2019-09-15  |              72 |               73 |                  72 |                72 |
| C8/1/3/U0 | 613-C3-ANSE-GAULETTE I             | 2019-09-06 | 2019-09-15  |              63 |               68 |                  63 |                65 |
| C8/1/3/U1 | 613-C7-ANSE-GAULETTE II            | 2019-09-06 | 2019-09-15  |              74 |               79 |                  74 |                75 |
| C8/1/3/U2 | 613-C3-ANSE-GAULETTE III           | 2019-09-06 | 2019-09-15  |              35 |               39 |                  35 |                36 |
| C8/1/3/U3 | TAKAMAKA I                         | 2019-09-06 | 2019-09-15  |             101 |              104 |                 101 |               101 |
| C8/1/3/U4 | TAKAMAKA II                        | 2019-09-06 | 2019-09-15  |              95 |               96 |                  95 |                96 |
| C8/1/4/U0 | 614-BEOLIERE-NODE-1                | 2019-09-06 | 2019-09-15  |              98 |              100 |                  98 |               100 |
| C8/1/4/U1 | 614-BEOLIERE-NODE-2                | 2019-09-06 | 2019-09-15  |             124 |              130 |                 124 |               128 |
+-----------+------------------------------------+------------+-------------+-----------------+------------------+---------------------+-------------------+
70 rows in set (0.24 sec)

+------------------+------------+-------------+-----------------+------------------+----------------------+-------------------+
| MXK_NAME         | MXK_DATE   | INSERTED_ON | UNIQUE_ACCOUNTS | UNIQUE_CONTRACTS | UNIQUE_FSAN_INRCBOSS | UNIQUE_FSAN_INMXK |
+------------------+------------+-------------+-----------------+------------------+----------------------+-------------------+
| NULL             | NULL       | 2019-09-15  |             402 |              407 |                  394 |                 0 |
| MXK-ANSEETOILE   | 2019-09-06 | 2019-09-15  |             137 |              139 |                  139 |               146 |
| MXK-ANSEROYALE   | 2019-09-06 | 2019-09-15  |             136 |              136 |                  136 |               153 |
| MXK-BEAUVALLON   | 2019-09-06 | 2019-09-15  |            1172 |             1190 |                 1182 |              1247 |
| MXK-MAHE         | 2019-09-06 | 2019-09-15  |             886 |              908 |                  846 |              1079 |
| MXK-PERSEVERANCE | 2019-09-06 | 2019-09-15  |             998 |             1003 |                  998 |              1143 |
| MXK-PRASLIN      | 2019-09-06 | 2019-09-15  |            1161 |             1164 |                 1157 |              1273 |
+------------------+------------+-------------+-----------------+------------------+----------------------+-------------------+
7 rows in set (0.07 sec)

mysql> mysql \. C:\workspace\cloud\code\sql\_DailyScript\currenttime.sql
+---------------------+
| currenttime         |
+---------------------+
| 2019-09-15 18:39:26 |
+---------------------+
1 row in set (0.00 sec)

mysql> 
mysql> mysql \. C:\workspace\cloud\code\sql\Analysis\service_tickets_assignments.sql
Query OK, 0 rows affected (0.01 sec)

Query OK, 68011 rows affected (14.48 sec)
Records: 68011  Duplicates: 0  Warnings: 0

+-------------------------+
| rep_servicetickets_2019 |
+-------------------------+
|                   68011 |
+-------------------------+
1 row in set (2.33 sec)

mysql> mysql \. C:\workspace\cloud\code\sql\_DailyScript\currenttime.sql
+---------------------+
| currenttime         |
+---------------------+
| 2019-09-15 18:39:42 |
+---------------------+
1 row in set (0.00 sec)

mysql> 
mysql> 
mysql> exit
