    -> 
    -> mysql \. C:\workspace\cloud\code\sql\_DailyScript\_setdates.sql
Query OK, 0 rows affected (0.01 sec)

Query OK, 0 rows affected (1.72 sec)

Database changed
Query OK, 0 rows affected (0.00 sec)

Query OK, 0 rows affected (0.00 sec)

Query OK, 0 rows affected (0.00 sec)

Query OK, 0 rows affected (0.00 sec)

Query OK, 0 rows affected (0.00 sec)

Query OK, 0 rows affected (0.00 sec)

Query OK, 0 rows affected (0.00 sec)

Query OK, 0 rows affected (0.00 sec)

Query OK, 0 rows affected (0.00 sec)

Query OK, 0 rows affected (0.00 sec)

Query OK, 0 rows affected (0.00 sec)

Query OK, 0 rows affected (0.00 sec)

Query OK, 0 rows affected (0.00 sec)

Query OK, 0 rows affected (0.00 sec)

Query OK, 0 rows affected (0.00 sec)

Query OK, 0 rows affected (0.00 sec)

Query OK, 0 rows affected (0.00 sec)

Query OK, 0 rows affected (0.00 sec)

Query OK, 0 rows affected (0.00 sec)

Query OK, 0 rows affected (0.00 sec)

Query OK, 0 rows affected (0.00 sec)

Query OK, 0 rows affected (0.00 sec)

mysql> mysql \. C:\workspace\cloud\code\sql\_DailyScript\currenttime.sql
+---------------------+
| currenttime         |
+---------------------+
| 2021-11-15 10:34:57 |
+---------------------+
1 row in set (0.00 sec)

mysql> 
mysql> mysql \. C:\workspace\cloud\code\sql\_DailyScript\load_RCB_VODTITLES.sql
Database changed
Query OK, 0 rows affected (0.00 sec)

Query OK, 16756 rows affected (0.19 sec)

Query OK, 16758 rows affected, 16758 warnings (0.46 sec)
Records: 16758  Deleted: 0  Skipped: 0  Warnings: 16758

Query OK, 0 rows affected (0.00 sec)

Query OK, 2 rows affected (0.01 sec)

+-----------+
| VODTITLES |
+-----------+
|     17216 |
+-----------+
1 row in set (0.01 sec)

+-----------+-----------+
| titletype | typecount |
+-----------+-----------+
| E         |     14272 |
| N         |       245 |
| T         |      2239 |
| NULL      |     16756 |
+-----------+-----------+
4 rows in set (0.06 sec)

mysql> mysql \. C:\workspace\cloud\code\sql\_DailyScript\currenttime.sql
+---------------------+
| currenttime         |
+---------------------+
| 2021-11-15 10:34:58 |
+---------------------+
1 row in set (0.00 sec)

mysql> 
mysql> 
mysql> 
mysql> 
mysql> 
mysql> 
mysql> 
mysql> 
mysql> 
mysql> 
mysql> 
mysql> 
mysql> 
mysql> 
mysql> 
mysql> 
mysql> 
mysql> 
mysql> 
mysql> 
mysql> 
mysql> 
mysql> 
mysql> 
mysql> 
mysql> 
mysql> 
mysql> 
mysql> 
mysql> 
mysql> 
mysql> 
mysql> 
mysql> 
mysql> 
mysql> 
mysql> 
mysql> mysql \. C:\workspace\cloud\code\sql\_DailyScript\load_DailyCalls.sql
Database changed
Query OK, 344 rows affected (0.12 sec)
Records: 344  Deleted: 0  Skipped: 0  Warnings: 0

Query OK, 0 rows affected, 1 warning (0.00 sec)

Query OK, 342 rows affected (0.04 sec)
Records: 342  Duplicates: 0  Warnings: 0

Query OK, 0 rows affected, 1 warning (0.00 sec)

Query OK, 93690 rows affected (0.41 sec)
Records: 93690  Duplicates: 0  Warnings: 0

+----------------------+
| callingclientsbefore |
+----------------------+
|              1310107 |
+----------------------+
1 row in set (0.51 sec)

Query OK, 413 rows affected (9.11 sec)
Records: 413  Duplicates: 0  Warnings: 0

+---------------------+
| callingclientsafter |
+---------------------+
|             1310520 |
+---------------------+
1 row in set (0.35 sec)

Query OK, 0 rows affected (0.00 sec)

Query OK, 210 rows affected (4.04 sec)
Records: 210  Duplicates: 0  Warnings: 0

Query OK, 0 rows affected (0.00 sec)

Query OK, 25493 rows affected (4.32 sec)
Records: 25493  Duplicates: 0  Warnings: 0

+-----------+
| callstats |
+-----------+
|     25493 |
+-----------+
1 row in set (0.01 sec)

Query OK, 0 rows affected, 1 warning (0.00 sec)

Query OK, 413 rows affected (2.70 sec)
Records: 413  Duplicates: 0  Warnings: 0

+------------------------+
| rep_cccallreportbefore |
+------------------------+
|                1310195 |
+------------------------+
1 row in set (0.36 sec)

Query OK, 413 rows affected (0.12 sec)
Records: 413  Duplicates: 0  Warnings: 0

+-----------------------+
| rep_cccallreportafter |
+-----------------------+
|               1310608 |
+-----------------------+
1 row in set (0.35 sec)

Query OK, 0 rows affected (0.00 sec)

mysql> mysql \. C:\workspace\cloud\code\sql\_DailyScript\currenttime.sql
+---------------------+
| currenttime         |
+---------------------+
| 2021-11-15 10:35:21 |
+---------------------+
1 row in set (0.00 sec)

mysql> 
mysql> mysql \. C:\workspace\cloud\code\sql\_DailyScript\DAILY-SCRIPT-USAGE.sql
Database changed
Query OK, 0 rows affected (0.00 sec)

Query OK, 4000 rows affected, 11609 warnings (0.98 sec)
Records: 4000  Deleted: 0  Skipped: 0  Warnings: 11609

Query OK, 0 rows affected (0.00 sec)

Query OK, 6295 rows affected, 18124 warnings (0.78 sec)
Records: 6295  Deleted: 0  Skipped: 0  Warnings: 18124

Query OK, 0 rows affected (0.00 sec)

Query OK, 307 rows affected, 1116 warnings (0.04 sec)
Records: 307  Deleted: 0  Skipped: 0  Warnings: 1116

Query OK, 0 rows affected (0.00 sec)

Query OK, 145 rows affected, 496 warnings (0.04 sec)
Records: 145  Deleted: 0  Skipped: 0  Warnings: 496

+------------+
| dailyusage |
+------------+
|   19598752 |
+------------+
1 row in set (7.72 sec)

+------------+------------+------------+---------+
| datestart  | dateend    | insertedon | records |
+------------+------------+------------+---------+
| 2021-11-13 | 2021-11-13 | 2021-11-15 |   10747 |
| 2021-11-12 | 2021-11-12 | 2021-11-15 |   10849 |
| 2021-11-11 | 2021-11-11 | 2021-11-12 |   10846 |
| 2021-11-10 | 2021-11-10 | 2021-11-11 |   11820 |
| 2021-11-09 | 2021-11-09 | 2021-11-10 |   12448 |
+------------+------------+------------+---------+
5 rows in set (24.24 sec)

+----------+------------+------------+------------+---------+
| category | datestart  | dateend    | insertedon | records |
+----------+------------+------------+------------+---------+
| UNCAPPED | 2021-11-13 | 2021-11-13 | 2021-11-15 |    6295 |
| PREPAID  | 2021-11-13 | 2021-11-13 | 2021-11-15 |     307 |
| HOTSPOT  | 2021-11-13 | 2021-11-13 | 2021-11-15 |     145 |
| CAPPED   | 2021-11-13 | 2021-11-13 | 2021-11-15 |    4000 |
| UNCAPPED | 2021-11-12 | 2021-11-12 | 2021-11-15 |    6332 |
| PREPAID  | 2021-11-12 | 2021-11-12 | 2021-11-15 |     303 |
| HOTSPOT  | 2021-11-12 | 2021-11-12 | 2021-11-15 |     178 |
| CAPPED   | 2021-11-12 | 2021-11-12 | 2021-11-15 |    4036 |
| UNCAPPED | 2021-11-11 | 2021-11-11 | 2021-11-12 |    6343 |
| PREPAID  | 2021-11-11 | 2021-11-11 | 2021-11-12 |     314 |
| HOTSPOT  | 2021-11-11 | 2021-11-11 | 2021-11-12 |     185 |
| CAPPED   | 2021-11-11 | 2021-11-11 | 2021-11-12 |    4004 |
| UNCAPPED | 2021-11-10 | 2021-11-10 | 2021-11-11 |    7026 |
| PREPAID  | 2021-11-10 | 2021-11-10 | 2021-11-11 |     299 |
| HOTSPOT  | 2021-11-10 | 2021-11-10 | 2021-11-11 |     179 |
| CAPPED   | 2021-11-10 | 2021-11-10 | 2021-11-11 |    4316 |
| UNCAPPED | 2021-11-09 | 2021-11-09 | 2021-11-10 |    7455 |
| PREPAID  | 2021-11-09 | 2021-11-09 | 2021-11-10 |     314 |
| HOTSPOT  | 2021-11-09 | 2021-11-09 | 2021-11-10 |     178 |
| CAPPED   | 2021-11-09 | 2021-11-09 | 2021-11-10 |    4501 |
+----------+------------+------------+------------+---------+
20 rows in set (28.81 sec)

mysql> mysql \. C:\workspace\cloud\code\sql\_DailyScript\currenttime.sql
+---------------------+
| currenttime         |
+---------------------+
| 2021-11-15 10:36:23 |
+---------------------+
1 row in set (0.00 sec)

mysql> 
mysql> mysql \. C:\workspace\cloud\code\sql\_DailyScript\DAILY-SCRIPT-SALES-TELEMETRY.sql
Database changed
Query OK, 24 rows affected, 8 warnings (0.03 sec)
Records: 24  Deleted: 0  Skipped: 0  Warnings: 8

+------------+
| dailysales |
+------------+
|     252945 |
+------------+
1 row in set (0.21 sec)

Query OK, 0 rows affected (0.01 sec)

Query OK, 252945 rows affected (17.25 sec)
Records: 252945  Duplicates: 0  Warnings: 0

+--------+
| sales  |
+--------+
| 252945 |
+--------+
1 row in set (0.11 sec)

Query OK, 0 rows affected (0.00 sec)

Query OK, 4217 rows affected (0.41 sec)
Records: 4217  Duplicates: 0  Warnings: 0

+----------------+
| rep_dailysales |
+----------------+
|           4217 |
+----------------+
1 row in set (0.00 sec)

Query OK, 0 rows affected (0.03 sec)

Query OK, 4217 rows affected (0.68 sec)
Records: 4217  Duplicates: 0  Warnings: 0

+-------------------+
| rep_dailysalesreg |
+-------------------+
|              4217 |
+-------------------+
1 row in set (0.00 sec)

Query OK, 0 rows affected (0.01 sec)

Query OK, 3002 rows affected (0.82 sec)
Records: 3002  Duplicates: 0  Warnings: 0

+-----------+
| saleslist |
+-----------+
|      3002 |
+-----------+
1 row in set (0.00 sec)

Database changed
ERROR 2 (HY000): File 'C:\ProgramData\MySQL\MySQL Server 5.7\Uploads\_csv\PrepaidCardSales-13112021-P1.csv' not found (Errcode: 2 - No such file or directory)
+------------------+
| dailysinglesales |
+------------------+
|             6635 |
+------------------+
1 row in set (0.01 sec)

Database changed
Query OK, 13 rows affected (0.02 sec)
Records: 13  Deleted: 0  Skipped: 0  Warnings: 0

+-----------------+
| dailyaddonsales |
+-----------------+
|           25777 |
+-----------------+
1 row in set (0.03 sec)

Query OK, 201 rows affected (0.05 sec)
Records: 201  Deleted: 0  Skipped: 0  Warnings: 0

+----------------+
| onlinepayments |
+----------------+
|         239526 |
+----------------+
1 row in set (0.16 sec)

+-------------+----------------+---------------------+
| paymentdate | onlinepayments | onlinepaymentamount |
+-------------+----------------+---------------------+
| 2021-11-13  |            201 |        118063.16000 |
| 2021-11-12  |            177 |        127264.23000 |
| 2021-11-11  |            201 |        132757.84000 |
| 2021-11-10  |            204 |        125518.80000 |
| 2021-11-09  |            224 |        149379.43000 |
+-------------+----------------+---------------------+
5 rows in set (0.73 sec)

+-------------+--------------+----------------+---------------------+
| paymentyear | paymentmonth | onlinepayments | onlinepaymentamount |
+-------------+--------------+----------------+---------------------+
|        2021 |           11 |           3301 |       2179549.99000 |
|        2021 |           10 |           8715 |       5741511.04000 |
|        2021 |            9 |           8803 |       5663928.71000 |
|        2021 |            8 |           8864 |       5714008.87000 |
|        2021 |            7 |           8972 |       5795292.15000 |
+-------------+--------------+----------------+---------------------+
5 rows in set (0.25 sec)

mysql> mysql \. C:\workspace\cloud\code\sql\_DailyScript\currenttime.sql
+---------------------+
| currenttime         |
+---------------------+
| 2021-11-15 10:36:44 |
+---------------------+
1 row in set (0.00 sec)

mysql> 
mysql> mysql \. C:\workspace\cloud\code\sql\_DailyScript\DAILY-SCRIPT-ACTIVENUMBERS.sql
Database changed
Query OK, 1087 rows affected (0.43 sec)
Records: 1087  Deleted: 0  Skipped: 0  Warnings: 0

+------------+----------+
| period     | count(1) |
+------------+----------+
| 2021-11-13 |     1087 |
| 2021-11-12 |     1087 |
| 2021-11-11 |     1088 |
| 2021-11-10 |     1088 |
| 2021-11-09 |     1087 |
+------------+----------+
5 rows in set (0.01 sec)

Query OK, 0 rows affected (0.01 sec)

Query OK, 75 rows affected (1.47 sec)
Records: 75  Duplicates: 0  Warnings: 0

+-------------+
| packagelist |
+-------------+
|          75 |
+-------------+
1 row in set (0.00 sec)

Database changed
Query OK, 0 rows affected (0.00 sec)

Query OK, 0 rows affected (0.00 sec)

Query OK, 0 rows affected (0.00 sec)

Query OK, 0 rows affected (0.00 sec)

Query OK, 29014 rows affected, 197 warnings (13.11 sec)
Records: 29014  Deleted: 0  Skipped: 0  Warnings: 197

+------------+----------+
| period     | count(1) |
+------------+----------+
| 2021-11-13 |    29014 |
| 2021-11-12 |    29075 |
| 2021-11-11 |    29026 |
| 2021-11-10 |    28971 |
| 2021-11-09 |    28929 |
+------------+----------+
5 rows in set (0.22 sec)

Query OK, 0 rows affected (0.04 sec)

Query OK, 28456 rows affected (51.41 sec)
Records: 28456  Duplicates: 0  Warnings: 0

Query OK, 0 rows affected (0.13 sec)
Records: 0  Duplicates: 0  Warnings: 0

Query OK, 0 rows affected (0.12 sec)
Records: 0  Duplicates: 0  Warnings: 0

Query OK, 0 rows affected (0.11 sec)
Records: 0  Duplicates: 0  Warnings: 0

Query OK, 0 rows affected (0.09 sec)
Records: 0  Duplicates: 0  Warnings: 0

Query OK, 0 rows affected (0.07 sec)
Records: 0  Duplicates: 0  Warnings: 0

Query OK, 0 rows affected (0.08 sec)
Records: 0  Duplicates: 0  Warnings: 0

+-------------+
| countbefore |
+-------------+
|    50996870 |
+-------------+
1 row in set (16.69 sec)

Query OK, 28456 rows affected (1.99 sec)
Records: 28456  Duplicates: 0  Warnings: 0

+------------+
| countafter |
+------------+
|   51025326 |
+------------+
1 row in set (16.28 sec)

+------------+--------------------------+
| period     | customercontractactivity |
+------------+--------------------------+
| 2021-11-13 |                    28456 |
| 2021-11-12 |                    28517 |
| 2021-11-11 |                    28468 |
| 2021-11-10 |                    28413 |
| 2021-11-09 |                    28371 |
+------------+--------------------------+
5 rows in set (0.07 sec)

Query OK, 0 rows affected (0.01 sec)

Query OK, 323071 rows affected, 4 warnings (10 min 7.76 sec)
Records: 323071  Duplicates: 0  Warnings: 4

Query OK, 0 rows affected (1.15 sec)
Records: 0  Duplicates: 0  Warnings: 0

Query OK, 0 rows affected (1.31 sec)
Records: 0  Duplicates: 0  Warnings: 0

Query OK, 0 rows affected (1.26 sec)
Records: 0  Duplicates: 0  Warnings: 0

Query OK, 0 rows affected (0.01 sec)

Query OK, 231 rows affected (0.52 sec)
Records: 231  Duplicates: 0  Warnings: 0

Query OK, 0 rows affected (0.01 sec)

Query OK, 2605 rows affected (0.73 sec)
Records: 2605  Duplicates: 0  Warnings: 0

Query OK, 0 rows affected (0.01 sec)

Query OK, 28432 rows affected (0.64 sec)
Records: 28432  Duplicates: 0  Warnings: 0

Query OK, 0 rows affected (0.01 sec)

Query OK, 17069 rows affected (0.39 sec)
Records: 17069  Duplicates: 0  Warnings: 0

Query OK, 0 rows affected (0.01 sec)

Query OK, 17069 rows affected (0.14 sec)
Records: 17069  Duplicates: 0  Warnings: 0

Query OK, 0 rows affected (0.01 sec)

Query OK, 17069 rows affected (1.22 sec)
Records: 17069  Duplicates: 0  Warnings: 0

Query OK, 0 rows affected (0.01 sec)

Query OK, 17069 rows affected (44.36 sec)
Records: 17069  Duplicates: 0  Warnings: 0

+-------------+
| clientstats |
+-------------+
|       17069 |
+-------------+
1 row in set (0.01 sec)

Query OK, 0 rows affected (0.01 sec)

Query OK, 13 rows affected, 1 warning (0.13 sec)
Records: 13  Duplicates: 0  Warnings: 1

+-----------------------+-------------+-------------+----------------+-----------------+
| services              | activecount | allaccounts | uniqueaccounts | uniquecontracts |
+-----------------------+-------------+-------------+----------------+-----------------+
| All                   |         437 |          71 |             71 |             228 |
| Internet & OTT        |           6 |           3 |              3 |               3 |
| Internet & Voice      |         300 |         130 |            130 |             255 |
| Internet Only         |        4376 |        4278 |           4273 |            4317 |
| OTT Only              |           1 |           1 |              1 |               1 |
| TV & Internet         |        9933 |        4433 |           4421 |            9034 |
| TV & Internet & OTT   |        4523 |        1180 |           1176 |            2462 |
| TV & Internet & Voice |         556 |         161 |            161 |             495 |
| TV & OTT              |         363 |          89 |             85 |             100 |
| TV & Voice            |          84 |          37 |             37 |              76 |
| TV Only               |        8378 |        6564 |           6556 |            6772 |
| Voice Only            |         124 |         122 |            122 |             124 |
| GRAND TOTAL           |       29081 |       17069 |          16985 |           23867 |
+-----------------------+-------------+-------------+----------------+-----------------+
13 rows in set (0.00 sec)

+-------------+-------------+-------------+----------------+-----------------+
| network     | activecount | allaccounts | uniqueaccounts | uniquecontracts |
+-------------+-------------+-------------+----------------+-----------------+
| GPON        |       13802 |        6806 |           6803 |           10838 |
| HFC         |       15279 |       10263 |          10263 |           13029 |
| GRAND TOTAL |       29081 |       17069 |          16985 |           23867 |
+-------------+-------------+-------------+----------------+-----------------+
3 rows in set, 1 warning (0.14 sec)

+-------------+-----------------------+-------------+-------------+----------------+-----------------+
| network     | services              | activecount | allaccounts | uniqueaccounts | uniquecontracts |
+-------------+-----------------------+-------------+-------------+----------------+-----------------+
| GPON        | All                   |         329 |          58 |             58 |             183 |
| GPON        | Internet & OTT        |           2 |           1 |              1 |               1 |
| GPON        | Internet & Voice      |          81 |          33 |             33 |              70 |
| GPON        | Internet Only         |        1633 |        1552 |           1552 |            1575 |
| GPON        | TV & Internet         |        5563 |        2433 |           2433 |            4986 |
| GPON        | TV & Internet & OTT   |        3481 |         902 |            902 |            1890 |
| GPON        | TV & Internet & Voice |         315 |          87 |             87 |             270 |
| GPON        | TV & OTT              |         202 |          62 |             62 |              66 |
| GPON        | TV & Voice            |          55 |          24 |             24 |              50 |
| GPON        | TV Only               |        2123 |        1637 |           1637 |            1729 |
| GPON        | Voice Only            |          18 |          17 |             17 |              18 |
| GPON        | Services Total        |       13802 |        6806 |           6803 |           10838 |
| HFC         | All                   |         108 |          13 |             13 |              45 |
| HFC         | Internet & OTT        |           4 |           2 |              2 |               2 |
| HFC         | Internet & Voice      |         219 |          97 |             97 |             185 |
| HFC         | Internet Only         |        2743 |        2726 |           2726 |            2742 |
| HFC         | OTT Only              |           1 |           1 |              1 |               1 |
| HFC         | TV & Internet         |        4370 |        2000 |           2000 |            4048 |
| HFC         | TV & Internet & OTT   |        1042 |         278 |            278 |             572 |
| HFC         | TV & Internet & Voice |         241 |          74 |             74 |             225 |
| HFC         | TV & OTT              |         161 |          27 |             27 |              34 |
| HFC         | TV & Voice            |          29 |          13 |             13 |              26 |
| HFC         | TV Only               |        6255 |        4927 |           4927 |            5043 |
| HFC         | Voice Only            |         106 |         105 |            105 |             106 |
| HFC         | Services Total        |       15279 |       10263 |          10263 |           13029 |
| GRAND TOTAL | Services Total        |       29081 |       17069 |          16985 |           23867 |
+-------------+-----------------------+-------------+-------------+----------------+-----------------+
26 rows in set, 2 warnings (0.14 sec)

Query OK, 0 rows affected (0.01 sec)

Query OK, 43 rows affected, 3 warnings (0.20 sec)
Records: 43  Duplicates: 0  Warnings: 3

+-------------+---------------+-----------------------+-------------+-------------+----------------+-----------------+
| region      | network       | services              | activecount | allaccounts | uniqueaccounts | uniquecontracts |
+-------------+---------------+-----------------------+-------------+-------------+----------------+-----------------+
| Eden Island | GPON          | TV & Internet         |           2 |           1 |              1 |               2 |
| Eden Island | GPON          | Services Total        |           2 |           1 |              1 |               2 |
| Eden Island | Network Total | Services Total        |           2 |           1 |              1 |               2 |
| Mahe        | GPON          | All                   |         288 |          51 |             51 |             161 |
| Mahe        | GPON          | Internet & OTT        |           2 |           1 |              1 |               1 |
| Mahe        | GPON          | Internet & Voice      |          73 |          29 |             29 |              62 |
| Mahe        | GPON          | Internet Only         |        1379 |        1298 |           1298 |            1321 |
| Mahe        | GPON          | TV & Internet         |        4773 |        2083 |           2083 |            4263 |
| Mahe        | GPON          | TV & Internet & OTT   |        2905 |         735 |            735 |            1547 |
| Mahe        | GPON          | TV & Internet & Voice |         300 |          82 |             82 |             255 |
| Mahe        | GPON          | TV & OTT              |         182 |          54 |             54 |              58 |
| Mahe        | GPON          | TV & Voice            |          52 |          23 |             23 |              47 |
| Mahe        | GPON          | TV Only               |        1774 |        1366 |           1366 |            1444 |
| Mahe        | GPON          | Voice Only            |          18 |          17 |             17 |              18 |
| Mahe        | GPON          | Services Total        |       11746 |        5739 |           5739 |            9177 |
| Mahe        | HFC           | All                   |         108 |          13 |             13 |              45 |
| Mahe        | HFC           | Internet & OTT        |           4 |           2 |              2 |               2 |
| Mahe        | HFC           | Internet & Voice      |         219 |          97 |             97 |             185 |
| Mahe        | HFC           | Internet Only         |        2743 |        2726 |           2726 |            2742 |
| Mahe        | HFC           | OTT Only              |           1 |           1 |              1 |               1 |
| Mahe        | HFC           | TV & Internet         |        4370 |        2000 |           2000 |            4048 |
| Mahe        | HFC           | TV & Internet & OTT   |        1042 |         278 |            278 |             572 |
| Mahe        | HFC           | TV & Internet & Voice |         241 |          74 |             74 |             225 |
| Mahe        | HFC           | TV & OTT              |         161 |          27 |             27 |              34 |
| Mahe        | HFC           | TV & Voice            |          29 |          13 |             13 |              26 |
| Mahe        | HFC           | TV Only               |        6254 |        4926 |           4926 |            5042 |
| Mahe        | HFC           | Voice Only            |         106 |         105 |            105 |             106 |
| Mahe        | HFC           | Services Total        |       15278 |       10262 |          10262 |           13028 |
| Mahe        | Network Total | Services Total        |       27024 |       16001 |          15920 |           22205 |
| Praslin     | GPON          | All                   |          41 |           7 |              7 |              22 |
| Praslin     | GPON          | Internet & Voice      |           8 |           4 |              4 |               8 |
| Praslin     | GPON          | Internet Only         |         254 |         254 |            254 |             254 |
| Praslin     | GPON          | TV & Internet         |         788 |         349 |            349 |             721 |
| Praslin     | GPON          | TV & Internet & OTT   |         576 |         167 |            167 |             343 |
| Praslin     | GPON          | TV & Internet & Voice |          15 |           5 |              5 |              15 |
| Praslin     | GPON          | TV & OTT              |          20 |           8 |              8 |               8 |
| Praslin     | GPON          | TV & Voice            |           3 |           1 |              1 |               3 |
| Praslin     | GPON          | TV Only               |         349 |         271 |            271 |             285 |
| Praslin     | GPON          | Services Total        |        2054 |        1066 |           1066 |            1659 |
| Praslin     | HFC           | TV Only               |           1 |           1 |              1 |               1 |
| Praslin     | HFC           | Services Total        |           1 |           1 |              1 |               1 |
| Praslin     | Network Total | Services Total        |        2055 |        1067 |           1067 |            1660 |
| GRAND TOTAL | Network Total | Services Total        |       29081 |       17069 |          16985 |           23867 |
+-------------+---------------+-----------------------+-------------+-------------+----------------+-----------------+
43 rows in set (0.00 sec)

Query OK, 0 rows affected (0.01 sec)

Query OK, 28433 rows affected (0.49 sec)
Records: 28433  Duplicates: 0  Warnings: 0

Query OK, 0 rows affected (0.01 sec)

Query OK, 2400 rows affected (1.44 sec)
Records: 2400  Duplicates: 0  Warnings: 0

+--------------------------------------+
| message                              |
+--------------------------------------+
| running rcbill_my.sp_ActiveNumber2() |
+--------------------------------------+
1 row in set (0.00 sec)

Query OK, 365 rows affected (2 min 20.80 sec)

mysql> mysql \. C:\workspace\cloud\code\sql\_DailyScript\currenttime.sql
+---------------------+
| currenttime         |
+---------------------+
| 2021-11-15 10:51:50 |
+---------------------+
1 row in set (0.00 sec)

mysql> 
mysql> mysql \. C:\workspace\cloud\code\sql\_DailyScript\GetActiveNumbers Average -Pivot.sql
Database changed
+-------------------------------------+
| @today := subdate(current_date(),1) |
+-------------------------------------+
| 2021-11-14                          |
+-------------------------------------+
1 row in set (0.00 sec)

+-------------------------------------+
| @lastdayofmonth := last_day(@today) |
+-------------------------------------+
| 2021-11-30                          |
+-------------------------------------+
1 row in set (0.00 sec)

Query OK, 0 rows affected (0.01 sec)

Query OK, 51894 rows affected, 65535 warnings (1 min 7.47 sec)
Records: 51894  Duplicates: 0  Warnings: 106522

Query OK, 0 rows affected (0.12 sec)
Records: 0  Duplicates: 0  Warnings: 0

Query OK, 0 rows affected (0.15 sec)
Records: 0  Duplicates: 0  Warnings: 0

Query OK, 0 rows affected (0.12 sec)
Records: 0  Duplicates: 0  Warnings: 0

+-----------------+
| activenumberavg |
+-----------------+
|           51894 |
+-----------------+
1 row in set (0.01 sec)

Query OK, 0 rows affected (0.01 sec)

Query OK, 1996 rows affected (0.63 sec)
Records: 1996  Duplicates: 0  Warnings: 0

+---------------------+
| rep_activenumberavg |
+---------------------+
|                1996 |
+---------------------+
1 row in set (0.01 sec)

+----------------------+
| rep_activenumberavg1 |
+----------------------+
|                  928 |
+----------------------+
1 row in set (0.00 sec)

Query OK, 0 rows affected (0.01 sec)

Query OK, 2748 rows affected (0.52 sec)
Records: 2748  Duplicates: 0  Warnings: 0

Query OK, 0 rows affected (0.01 sec)

Query OK, 14214 rows affected (0.94 sec)
Records: 14214  Duplicates: 0  Warnings: 0

Query OK, 0 rows affected (0.01 sec)

Query OK, 246 rows affected (0.29 sec)
Records: 246  Duplicates: 0  Warnings: 0

Query OK, 0 rows affected (0.00 sec)

Query OK, 0 rows affected (0.01 sec)

Query OK, 0 rows affected (0.01 sec)

Query OK, 0 rows affected (0.00 sec)

Query OK, 0 rows affected (0.00 sec)
Statement prepared

Query OK, 53 rows affected (0.06 sec)
Records: 53  Duplicates: 0  Warnings: 0

Query OK, 0 rows affected (0.00 sec)

Query OK, 0 rows affected (0.00 sec)

+----------------------+
| rep_activenumberavg2 |
+----------------------+
|                 2748 |
+----------------------+
1 row in set (0.00 sec)

+------------------------+
| rep_activenumberavg_pv |
+------------------------+
|                     53 |
+------------------------+
1 row in set (0.00 sec)

Query OK, 0 rows affected (0.01 sec)

Query OK, 2744 rows affected (0.41 sec)
Records: 2744  Duplicates: 0  Warnings: 0

Query OK, 0 rows affected (0.00 sec)

Query OK, 0 rows affected (0.01 sec)

Query OK, 0 rows affected (0.00 sec)

Query OK, 0 rows affected (0.00 sec)

Query OK, 0 rows affected (0.00 sec)
Statement prepared

Query OK, 53 rows affected (0.06 sec)
Records: 53  Duplicates: 0  Warnings: 0

Query OK, 0 rows affected (0.00 sec)

Query OK, 0 rows affected (0.00 sec)

+-------------------------+
| rep_activenumberavgMahe |
+-------------------------+
|                    2744 |
+-------------------------+
1 row in set (0.00 sec)

+----------------------------+
| rep_activenumberavgMahe_pv |
+----------------------------+
|                         53 |
+----------------------------+
1 row in set (0.00 sec)

Query OK, 0 rows affected (0.00 sec)

Query OK, 1737 rows affected (0.18 sec)
Records: 1737  Duplicates: 0  Warnings: 0

Query OK, 0 rows affected (0.00 sec)

Query OK, 0 rows affected (0.00 sec)

Query OK, 0 rows affected (0.00 sec)

Query OK, 0 rows affected (0.00 sec)

Query OK, 0 rows affected (0.00 sec)
Statement prepared

Query OK, 40 rows affected (0.04 sec)
Records: 40  Duplicates: 0  Warnings: 0

Query OK, 0 rows affected (0.00 sec)

Query OK, 0 rows affected (0.00 sec)

+----------------------------+
| rep_activenumberavgPraslin |
+----------------------------+
|                       1737 |
+----------------------------+
1 row in set (0.00 sec)

+-------------------------------+
| rep_activenumberavgPraslin_pv |
+-------------------------------+
|                            40 |
+-------------------------------+
1 row in set (0.00 sec)

mysql> mysql \. C:\workspace\cloud\code\sql\_DailyScript\currenttime.sql
+---------------------+
| currenttime         |
+---------------------+
| 2021-11-15 10:53:01 |
+---------------------+
1 row in set (0.00 sec)

mysql> 
mysql> mysql \. C:\workspace\cloud\code\sql\Analysis\clients_contracts_creditpolicy_2.sql
Database changed
Query OK, 0 rows affected (0.01 sec)

Query OK, 1911753 rows affected (48.60 sec)
Records: 1911753  Duplicates: 0  Warnings: 0

Query OK, 0 rows affected (0.01 sec)

Query OK, 28456 rows affected (1.11 sec)
Records: 28456  Duplicates: 0  Warnings: 0

Query OK, 0 rows affected (0.01 sec)

Query OK, 28530 rows affected (15.36 sec)
Records: 28530  Duplicates: 0  Warnings: 0

+-------------------------+
| rep_cust_cont_creditpol |
+-------------------------+
|                   28530 |
+-------------------------+
1 row in set (0.01 sec)

mysql> mysql \. C:\workspace\cloud\code\sql\_DailyScript\currenttime.sql
+---------------------+
| currenttime         |
+---------------------+
| 2021-11-15 10:54:06 |
+---------------------+
1 row in set (0.00 sec)

mysql> 
mysql> 
mysql> 
mysql> 
mysql> 
mysql> 
mysql> 
mysql> 
mysql> 
mysql> 
mysql> 
mysql> 
mysql> 
mysql> 
mysql> 
mysql> 
mysql> 
mysql> 
mysql> 
mysql> 
mysql> 
mysql> 
mysql> 
mysql> 
mysql> 
mysql> 
mysql> exit
