    -> 
    -> mysql \. C:\workspace\cloud\code\sql\_DailyScript\load_RCB_VODTITLES.sql
Database changed
Query OK, 0 rows affected (0.00 sec)

Query OK, 1231 rows affected (0.51 sec)

Query OK, 1233 rows affected, 1233 warnings (0.05 sec)
Records: 1233  Deleted: 0  Skipped: 0  Warnings: 1233

Query OK, 0 rows affected (0.00 sec)

Query OK, 2 rows affected (0.00 sec)

+-----------+
| VODTITLES |
+-----------+
|      1692 |
+-----------+
1 row in set (0.00 sec)

mysql> 
mysql> mysql \. C:\workspace\cloud\code\sql\_DailyScript\DAILY-SCRIPT-LIVETV-STATS.sql
Database changed
Query OK, 0 rows affected (0.09 sec)

Query OK, 57548 rows affected (9 min 23.06 sec)
Records: 57548  Duplicates: 0  Warnings: 0

+------------+------------+----------+--------------+--------------+-----------+-------------+----------+--------+------+------------+---------+---------------+
| Table      | Non_unique | Key_name | Seq_in_index | Column_name  | Collation | Cardinality | Sub_part | Packed | Null | Index_type | Comment | Index_comment |
+------------+------------+----------+--------------+--------------+-----------+-------------+----------+--------+------+------------+---------+---------------+
| templivetv |          1 | idxtv1   |            1 | device       | A         |       57609 |     NULL | NULL   | YES  | BTREE      |         |               |
| templivetv |          1 | idxtv2   |            1 | sessionstart | A         |       57609 |     NULL | NULL   | YES  | BTREE      |         |               |
+------------+------------+----------+--------------+--------------+-----------+-------------+----------+--------+------+------------+---------+---------------+
2 rows in set (0.25 sec)

Query OK, 57332 rows affected (1 min 9.81 sec)
Records: 57332  Duplicates: 0  Warnings: 0

Query OK, 2688 rows affected (2.12 sec)
Records: 2688  Duplicates: 0  Warnings: 0

Query OK, 0 rows affected (0.00 sec)

Query OK, 0 rows affected (0.01 sec)

Query OK, 140 rows affected (0.20 sec)
Records: 140  Duplicates: 0  Warnings: 0

Query OK, 0 rows affected (0.08 sec)

Query OK, 37466 rows affected (6 min 31.60 sec)
Records: 37466  Duplicates: 0  Warnings: 0

+-----------------+
| rep_livetvstats |
+-----------------+
|           37466 |
+-----------------+
1 row in set (0.03 sec)

mysql> mysql \. C:\workspace\cloud\code\sql\_DailyScript\DAILY-SCRIPT-VODTS-STATS.sql
Database changed
Query OK, 0 rows affected (0.01 sec)

Query OK, 0 rows affected (0.20 sec)

Query OK, 462 rows affected (33.21 sec)
Records: 462  Duplicates: 0  Warnings: 0

+---------+------------+----------+--------------+--------------+-----------+-------------+----------+--------+------+------------+---------+---------------+
| Table   | Non_unique | Key_name | Seq_in_index | Column_name  | Collation | Cardinality | Sub_part | Packed | Null | Index_type | Comment | Index_comment |
+---------+------------+----------+--------------+--------------+-----------+-------------+----------+--------+------+------------+---------+---------------+
| tempvod |          1 | idxtvod1 |            1 | device       | A         |         450 |     NULL | NULL   | YES  | BTREE      |         |               |
| tempvod |          1 | idxtvod2 |            1 | sessionstart | A         |         450 |     NULL | NULL   | YES  | BTREE      |         |               |
+---------+------------+----------+--------------+--------------+-----------+-------------+----------+--------+------+------------+---------+---------------+
2 rows in set (0.00 sec)

Query OK, 462 rows affected (0.61 sec)
Records: 462  Duplicates: 0  Warnings: 0

Query OK, 0 rows affected (0.15 sec)

Query OK, 81827 rows affected (14.21 sec)
Records: 81827  Duplicates: 0  Warnings: 0

+--------------+
| rep_vodstats |
+--------------+
|        81827 |
+--------------+
1 row in set (0.03 sec)

Database changed
Query OK, 0 rows affected (0.06 sec)

Query OK, 12786 rows affected (2 min 58.66 sec)
Records: 12786  Duplicates: 0  Warnings: 0

+--------+------------+----------+--------------+--------------+-----------+-------------+----------+--------+------+------------+---------+---------------+
| Table  | Non_unique | Key_name | Seq_in_index | Column_name  | Collation | Cardinality | Sub_part | Packed | Null | Index_type | Comment | Index_comment |
+--------+------------+----------+--------------+--------------+-----------+-------------+----------+--------+------+------------+---------+---------------+
| tempts |          1 | idxtts1  |            1 | device       | A         |       12882 |     NULL | NULL   | YES  | BTREE      |         |               |
| tempts |          1 | idxtts2  |            1 | sessionstart | A         |       12882 |     NULL | NULL   | YES  | BTREE      |         |               |
+--------+------------+----------+--------------+--------------+-----------+-------------+----------+--------+------+------------+---------+---------------+
2 rows in set (0.00 sec)

Query OK, 12713 rows affected (12.58 sec)
Records: 12713  Duplicates: 0  Warnings: 0

Query OK, 0 rows affected (0.09 sec)

Query OK, 11344 rows affected (2 min 56.16 sec)
Records: 11344  Duplicates: 0  Warnings: 0

+-------------+
| rep_tsstats |
+-------------+
|       11344 |
+-------------+
1 row in set (0.01 sec)

mysql> mysql \. C:\workspace\cloud\code\sql\_DailyScript\DAILY-SCRIPT-RADIO-STATS.sql
Database changed
Query OK, 0 rows affected (0.04 sec)

Query OK, 84574 rows affected (2.54 sec)
Records: 84574  Duplicates: 0  Warnings: 0

+-----------+------------+----------+--------------+--------------+-----------+-------------+----------+--------+------+------------+---------+---------------+
| Table     | Non_unique | Key_name | Seq_in_index | Column_name  | Collation | Cardinality | Sub_part | Packed | Null | Index_type | Comment | Index_comment |
+-----------+------------+----------+--------------+--------------+-----------+-------------+----------+--------+------+------------+---------+---------------+
| tempradio |          1 | idxtrad1 |            1 | device       | A         |       84699 |     NULL | NULL   | YES  | BTREE      |         |               |
| tempradio |          1 | idxtrad2 |            1 | sessionstart | A         |       84699 |     NULL | NULL   | YES  | BTREE      |         |               |
+-----------+------------+----------+--------------+--------------+-----------+-------------+----------+--------+------+------------+---------+---------------+
2 rows in set (0.00 sec)

Query OK, 366 rows affected (2.78 sec)
Records: 366  Duplicates: 0  Warnings: 0

Query OK, 0 rows affected (0.01 sec)

Query OK, 1472 rows affected (0.16 sec)
Records: 1472  Duplicates: 0  Warnings: 0

+----------------+
| rep_radiostats |
+----------------+
|           1472 |
+----------------+
1 row in set (0.00 sec)

mysql> mysql \. C:\workspace\cloud\code\sql\_DailyScript\DAILY_SCRIPT_TELEMETRY_PIVOT.sql
Query OK, 0 rows affected (0.00 sec)

Query OK, 169 rows affected (0.18 sec)
Records: 169  Duplicates: 0  Warnings: 0

Query OK, 0 rows affected (0.00 sec)

Query OK, 976 rows affected (0.75 sec)
Records: 976  Duplicates: 0  Warnings: 0

Query OK, 0 rows affected (0.01 sec)

Query OK, 12 rows affected (0.05 sec)
Records: 12  Duplicates: 0  Warnings: 0

Query OK, 0 rows affected (0.00 sec)

Query OK, 47 rows affected (0.06 sec)
Records: 47  Duplicates: 0  Warnings: 0

mysql> 
mysql> mysql \. C:\workspace\cloud\code\sql\_DailyScript\telemetry_livetv_ranking2018.sql
Query OK, 0 rows affected (0.01 sec)

Query OK, 169 rows affected (0.05 sec)
Records: 169  Duplicates: 0  Warnings: 0

mysql> mysql \. C:\workspace\cloud\code\sql\_DailyScript\telemetry_radio_ranking2018.sql
Query OK, 0 rows affected (0.00 sec)

Query OK, 12 rows affected (0.01 sec)
Records: 12  Duplicates: 0  Warnings: 0

mysql> mysql \. C:\workspace\cloud\code\sql\_DailyScript\telemetry_ts_ranking2018.sql
Query OK, 0 rows affected (0.03 sec)

Query OK, 47 rows affected (0.01 sec)
Records: 47  Duplicates: 0  Warnings: 0

mysql> mysql \. C:\workspace\cloud\code\sql\_DailyScript\telemetry_vod_ranking2018.sql
Query OK, 0 rows affected (0.00 sec)

Query OK, 976 rows affected (0.04 sec)
Records: 976  Duplicates: 0  Warnings: 0

mysql> mysql \. C:\workspace\cloud\code\sql\_DailyScript\telemetry_vod_ranking2018_1.sql
Query OK, 0 rows affected (0.01 sec)

Query OK, 976 rows affected (0.03 sec)
Records: 976  Duplicates: 0  Warnings: 0

mysql> mysql \. C:\workspace\cloud\code\sql\_DailyScript\telemetry_vod_ranking2018_2.sql
Query OK, 0 rows affected (0.00 sec)

Query OK, 976 rows affected (0.05 sec)
Records: 976  Duplicates: 0  Warnings: 0

mysql> 
mysql> mysql \. C:\workspace\cloud\code\sql\_DailyScript\DAILY-SCRIPT-CREATE-LOAD.sql
Database changed
Query OK, 0 rows affected (0.01 sec)

Query OK, 0 rows affected (0.00 sec)

Query OK, 0 rows affected (0.00 sec)

Database changed
Query OK, 0 rows affected (0.06 sec)

Query OK, 0 rows affected (0.02 sec)

Database changed
Query OK, 64035 rows affected (5.90 sec)
Records: 64035  Deleted: 0  Skipped: 0  Warnings: 0

Query OK, 0 rows affected (0.89 sec)
Records: 0  Duplicates: 0  Warnings: 0

Query OK, 0 rows affected (0.71 sec)
Records: 0  Duplicates: 0  Warnings: 0

Query OK, 0 rows affected (0.44 sec)
Records: 0  Duplicates: 0  Warnings: 0

Query OK, 0 rows affected (0.28 sec)
Records: 0  Duplicates: 0  Warnings: 0

Query OK, 0 rows affected (0.05 sec)

Query OK, 81746 rows affected (4.98 sec)
Records: 81746  Duplicates: 0  Warnings: 0

Query OK, 0 rows affected (0.35 sec)
Records: 0  Duplicates: 0  Warnings: 0

Query OK, 0 rows affected (0.05 sec)

Query OK, 64035 rows affected (3.63 sec)
Records: 64035  Duplicates: 0  Warnings: 0

Query OK, 0 rows affected (0.78 sec)
Records: 0  Duplicates: 0  Warnings: 0

Query OK, 0 rows affected (0.85 sec)
Records: 0  Duplicates: 0  Warnings: 0

Query OK, 0 rows affected (0.21 sec)
Records: 0  Duplicates: 0  Warnings: 0

+---------+
| clients |
+---------+
|   64035 |
+---------+
1 row in set (0.02 sec)

+---------------+
| clientaddress |
+---------------+
|         64035 |
+---------------+
1 row in set (0.02 sec)

Database changed
Query OK, 0 rows affected (0.10 sec)

Query OK, 0 rows affected (0.03 sec)

Database changed
Query OK, 447621 rows affected, 65535 warnings (29.19 sec)
Records: 447621  Deleted: 0  Skipped: 0  Warnings: 168350

Query OK, 0 rows affected (2.27 sec)
Records: 0  Duplicates: 0  Warnings: 0

Query OK, 0 rows affected (3.41 sec)
Records: 0  Duplicates: 0  Warnings: 0

Query OK, 0 rows affected (2.17 sec)
Records: 0  Duplicates: 0  Warnings: 0

Query OK, 0 rows affected (0.01 sec)

Query OK, 447621 rows affected (1 min 29.80 sec)
Records: 447621  Duplicates: 0  Warnings: 0

Query OK, 0 rows affected (2.76 sec)
Records: 0  Duplicates: 0  Warnings: 0

Query OK, 0 rows affected (2.66 sec)
Records: 0  Duplicates: 0  Warnings: 0

+-----------+
| contracts |
+-----------+
|    447621 |
+-----------+
1 row in set (0.17 sec)

+-----------------+
| contractaddress |
+-----------------+
|          447621 |
+-----------------+
1 row in set (0.16 sec)

Database changed
Query OK, 0 rows affected (0.01 sec)

Query OK, 0 rows affected (0.01 sec)

Query OK, 6221 rows affected (0.96 sec)
Records: 6221  Deleted: 0  Skipped: 0  Warnings: 0

Query OK, 0 rows affected (0.01 sec)

Query OK, 6191 rows affected (0.60 sec)
Records: 6191  Duplicates: 0  Warnings: 0

Query OK, 0 rows affected (0.14 sec)
Records: 0  Duplicates: 0  Warnings: 0

Query OK, 0 rows affected (0.01 sec)

Query OK, 5099 rows affected (0.06 sec)
Records: 5099  Duplicates: 0  Warnings: 0

Query OK, 0 rows affected (0.03 sec)
Records: 0  Duplicates: 0  Warnings: 0

+-------------------+
| contractdiscounts |
+-------------------+
|              6221 |
+-------------------+
1 row in set (0.00 sec)

+-------------------------+
| clientcontractdiscounts |
+-------------------------+
|                    6191 |
+-------------------------+
1 row in set (0.00 sec)

+----------------------------+
| clientcontractlastdiscount |
+----------------------------+
|                       5099 |
+----------------------------+
1 row in set (0.00 sec)

Database changed
Query OK, 0 rows affected (0.09 sec)

Query OK, 0 rows affected (0.01 sec)

Database changed
Query OK, 122805 rows affected (5.19 sec)
Records: 122805  Deleted: 0  Skipped: 0  Warnings: 0

Query OK, 0 rows affected (0.42 sec)
Records: 0  Duplicates: 0  Warnings: 0

Query OK, 0 rows affected (0.53 sec)
Records: 0  Duplicates: 0  Warnings: 0

Query OK, 0 rows affected (0.89 sec)
Records: 0  Duplicates: 0  Warnings: 0

Query OK, 0 rows affected (0.31 sec)
Records: 0  Duplicates: 0  Warnings: 0

Query OK, 0 rows affected (0.41 sec)
Records: 0  Duplicates: 0  Warnings: 0

Query OK, 0 rows affected (1.20 sec)
Records: 0  Duplicates: 0  Warnings: 0

Query OK, 0 rows affected (0.10 sec)

Query OK, 1523762 rows affected (3 min 50.11 sec)
Records: 1523762  Duplicates: 0  Warnings: 0

+---------+
| devices |
+---------+
|  122805 |
+---------+
1 row in set (0.19 sec)

+-----------------------+
| clientcontractdevices |
+-----------------------+
|               1523762 |
+-----------------------+
1 row in set (0.60 sec)

Query OK, 0 rows affected (0.01 sec)

Query OK, 122690 rows affected (10.42 sec)
Records: 122690  Duplicates: 0  Warnings: 0

+---------------------------+
| rep_clientcontractdevices |
+---------------------------+
|                    122690 |
+---------------------------+
1 row in set (0.04 sec)

Database changed
Query OK, 0 rows affected (0.02 sec)

Query OK, 0 rows affected (0.01 sec)

Query OK, 219930 rows affected (11.29 sec)
Records: 219930  Deleted: 0  Skipped: 0  Warnings: 0

Query OK, 0 rows affected (0.95 sec)
Records: 0  Duplicates: 0  Warnings: 0

Query OK, 0 rows affected (0.80 sec)
Records: 0  Duplicates: 0  Warnings: 0

Query OK, 0 rows affected (1.31 sec)
Records: 0  Duplicates: 0  Warnings: 0

Query OK, 0 rows affected (1.22 sec)
Records: 0  Duplicates: 0  Warnings: 0

+---------+
| tickets |
+---------+
|  219930 |
+---------+
1 row in set (0.07 sec)

Database changed
Query OK, 0 rows affected (0.14 sec)

Query OK, 0 rows affected (0.01 sec)

Empty set (0.00 sec)

Query OK, 0 rows affected (0.02 sec)
Records: 0  Duplicates: 0  Warnings: 0

Query OK, 299 rows affected, 2 warnings (0.19 sec)
Records: 299  Deleted: 0  Skipped: 0  Warnings: 2

+-----------------+
| tickettechusers |
+-----------------+
|             299 |
+-----------------+
1 row in set (0.00 sec)

Database changed
Query OK, 0 rows affected (0.00 sec)

Query OK, 0 rows affected (0.02 sec)

Query OK, 0 rows affected (0.01 sec)
Records: 0  Duplicates: 0  Warnings: 0

Query OK, 444236 rows affected, 38594 warnings (17.04 sec)
Records: 444236  Deleted: 0  Skipped: 0  Warnings: 38594

+-------------------+
| ticketassignments |
+-------------------+
|            444236 |
+-------------------+
1 row in set (0.14 sec)

Database changed
Query OK, 0 rows affected (0.06 sec)

Query OK, 0 rows affected (0.04 sec)

Query OK, 936482 rows affected (25.59 sec)
Records: 936482  Deleted: 0  Skipped: 0  Warnings: 0

Query OK, 0 rows affected (4.77 sec)
Records: 0  Duplicates: 0  Warnings: 0

Query OK, 0 rows affected (2.95 sec)
Records: 0  Duplicates: 0  Warnings: 0

Query OK, 0 rows affected (4.06 sec)
Records: 0  Duplicates: 0  Warnings: 0

Query OK, 0 rows affected (3.93 sec)
Records: 0  Duplicates: 0  Warnings: 0

+----------------+
| ticketcomments |
+----------------+
|         936482 |
+----------------+
1 row in set (0.31 sec)

Database changed
Query OK, 0 rows affected (0.02 sec)

Query OK, 0 rows affected (0.00 sec)

Query OK, 377720 rows affected (40.36 sec)
Records: 377720  Deleted: 0  Skipped: 0  Warnings: 0

Query OK, 0 rows affected (3.18 sec)
Records: 0  Duplicates: 0  Warnings: 0

+----------+
| comments |
+----------+
|   377720 |
+----------+
1 row in set (0.14 sec)

Database changed
Query OK, 0 rows affected (0.31 sec)

Query OK, 0 rows affected (0.03 sec)

Query OK, 446634 rows affected, 65535 warnings (1 min 1.51 sec)
Records: 446634  Deleted: 0  Skipped: 0  Warnings: 446635

Query OK, 0 rows affected (1.58 sec)
Records: 0  Duplicates: 0  Warnings: 0

Query OK, 0 rows affected (1.95 sec)
Records: 0  Duplicates: 0  Warnings: 0

Query OK, 0 rows affected (1.40 sec)
Records: 0  Duplicates: 0  Warnings: 0

Query OK, 0 rows affected (1.81 sec)
Records: 0  Duplicates: 0  Warnings: 0

Query OK, 0 rows affected (2.25 sec)
Records: 0  Duplicates: 0  Warnings: 0

+------------+
| devicesold |
+------------+
|     446634 |
+------------+
1 row in set (0.14 sec)

Database changed
Query OK, 0 rows affected (0.12 sec)

Query OK, 0 rows affected (0.14 sec)

Query OK, 1517412 rows affected (37.50 sec)
Records: 1517412  Deleted: 0  Skipped: 0  Warnings: 0

Query OK, 0 rows affected (4.91 sec)
Records: 0  Duplicates: 0  Warnings: 0

Query OK, 0 rows affected (4.96 sec)
Records: 0  Duplicates: 0  Warnings: 0

Query OK, 0 rows affected (5.22 sec)
Records: 0  Duplicates: 0  Warnings: 0

+------------------+
| contractservices |
+------------------+
|          1517412 |
+------------------+
1 row in set (0.51 sec)

Database changed
Query OK, 0 rows affected (0.41 sec)

Query OK, 0 rows affected (0.01 sec)

Query OK, 3277403 rows affected (3 min 9.50 sec)
Records: 3277403  Deleted: 0  Skipped: 0  Warnings: 0

Query OK, 0 rows affected (16.72 sec)
Records: 0  Duplicates: 0  Warnings: 0

Query OK, 0 rows affected (14.57 sec)
Records: 0  Duplicates: 0  Warnings: 0

Query OK, 0 rows affected (16.65 sec)
Records: 0  Duplicates: 0  Warnings: 0

Query OK, 0 rows affected (17.78 sec)
Records: 0  Duplicates: 0  Warnings: 0

+------------------+
| invoicescontents |
+------------------+
|          3277403 |
+------------------+
1 row in set (1.11 sec)

Database changed
Query OK, 0 rows affected (0.32 sec)

Query OK, 0 rows affected (0.25 sec)

Query OK, 2228378 rows affected (4 min 45.00 sec)
Records: 2228378  Deleted: 0  Skipped: 0  Warnings: 0

Query OK, 0 rows affected (1 min 29.94 sec)
Records: 0  Duplicates: 0  Warnings: 0

Query OK, 0 rows affected (27.13 sec)
Records: 0  Duplicates: 0  Warnings: 0

Query OK, 0 rows affected (26.16 sec)
Records: 0  Duplicates: 0  Warnings: 0

Query OK, 0 rows affected (25.95 sec)
Records: 0  Duplicates: 0  Warnings: 0

Query OK, 0 rows affected (24.43 sec)
Records: 0  Duplicates: 0  Warnings: 0

+----------------+
| invoicesheader |
+----------------+
|        2228378 |
+----------------+
1 row in set (2.77 sec)

Database changed
Query OK, 0 rows affected (0.72 sec)

Query OK, 0 rows affected (0.01 sec)

Query OK, 2398095 rows affected (1 min 46.06 sec)
Records: 2398095  Deleted: 0  Skipped: 0  Warnings: 0

Query OK, 0 rows affected (12.08 sec)
Records: 0  Duplicates: 0  Warnings: 0

Query OK, 0 rows affected (11.10 sec)
Records: 0  Duplicates: 0  Warnings: 0

Query OK, 0 rows affected (10.29 sec)
Records: 0  Duplicates: 0  Warnings: 0

Query OK, 0 rows affected (10.97 sec)
Records: 0  Duplicates: 0  Warnings: 0

+---------+
| casa    |
+---------+
| 2398095 |
+---------+
1 row in set (0.82 sec)

Database changed
Query OK, 0 rows affected (0.01 sec)

Query OK, 0 rows affected (0.01 sec)

Database changed
Query OK, 36735 rows affected (0.90 sec)
Records: 36735  Deleted: 0  Skipped: 0  Warnings: 0

+-------+
| users |
+-------+
| 36735 |
+-------+
1 row in set (0.02 sec)

Database changed
Query OK, 0 rows affected (0.21 sec)

Query OK, 0 rows affected (0.03 sec)

Database changed
Query OK, 4415976 rows affected (1 min 40.22 sec)
Records: 4415976  Deleted: 0  Skipped: 0  Warnings: 0

+---------+
| ipusage |
+---------+
| 4415976 |
+---------+
1 row in set (2.45 sec)

mysql> mysql \. C:\workspace\cloud\code\sql\_DailyScript\ticket_analysis.sql
Database changed
Query OK, 0 rows affected (0.07 sec)

Query OK, 297473 rows affected (28.65 sec)
Records: 297473  Duplicates: 0  Warnings: 0

Query OK, 0 rows affected (2.05 sec)
Records: 0  Duplicates: 0  Warnings: 0

Query OK, 0 rows affected (1.92 sec)
Records: 0  Duplicates: 0  Warnings: 0

Query OK, 0 rows affected (0.95 sec)
Records: 0  Duplicates: 0  Warnings: 0

Query OK, 0 rows affected (0.12 sec)

Query OK, 11524 rows affected (7.48 sec)
Records: 11524  Duplicates: 0  Warnings: 0

Query OK, 0 rows affected, 1 warning (0.00 sec)

Query OK, 40574 rows affected (14.32 sec)
Records: 40574  Duplicates: 0  Warnings: 0

Query OK, 0 rows affected, 1 warning (0.00 sec)

Query OK, 209297 rows affected (35.51 sec)
Records: 209297  Duplicates: 0  Warnings: 0

Query OK, 0 rows affected, 1 warning (0.00 sec)

Query OK, 209297 rows affected (9.96 sec)
Records: 209297  Duplicates: 0  Warnings: 0

Query OK, 0 rows affected (0.05 sec)

Query OK, 40611 rows affected (3.30 sec)
Records: 40611  Duplicates: 0  Warnings: 0

Database changed
Query OK, 0 rows affected (0.00 sec)

Query OK, 0 rows affected (0.15 sec)

Query OK, 124897 rows affected (9.70 sec)
Records: 124897  Duplicates: 0  Warnings: 0

Query OK, 0 rows affected (0.01 sec)

Query OK, 58922 rows affected (5.50 sec)
Records: 58922  Duplicates: 0  Warnings: 0

+--------------------------+
| clientticket_cmmtjourney |
+--------------------------+
|                   124897 |
+--------------------------+
1 row in set (0.27 sec)

+---------------------------+
| clientticket_assgnjourney |
+---------------------------+
|                     58922 |
+---------------------------+
1 row in set (0.03 sec)

Query OK, 0 rows affected (0.29 sec)

Query OK, 69 rows affected (0.35 sec)
Records: 69  Duplicates: 0  Warnings: 0

mysql> mysql \. C:\workspace\cloud\code\sql\_DailyScript\load_DailyCalls.sql
Database changed
Query OK, 0 rows affected (0.00 sec)

Query OK, 0 rows affected (0.00 sec)

Query OK, 414 rows affected (1.09 sec)
Records: 414  Deleted: 0  Skipped: 0  Warnings: 0

Query OK, 0 rows affected, 1 warning (0.00 sec)

Query OK, 397 rows affected (0.11 sec)
Records: 397  Duplicates: 0  Warnings: 0

Query OK, 0 rows affected, 1 warning (0.00 sec)

Query OK, 64874 rows affected (1.23 sec)
Records: 64874  Duplicates: 0  Warnings: 0

Query OK, 565 rows affected (9.78 sec)
Records: 565  Duplicates: 0  Warnings: 0

Query OK, 0 rows affected (0.01 sec)

Query OK, 265 rows affected (15.38 sec)
Records: 265  Duplicates: 0  Warnings: 0

Query OK, 0 rows affected (0.00 sec)

Query OK, 11031 rows affected (1.68 sec)
Records: 11031  Duplicates: 0  Warnings: 0

+-----------+
| callstats |
+-----------+
|     11031 |
+-----------+
1 row in set (0.01 sec)

mysql> 
mysql> mysql \. C:\workspace\cloud\code\sql\_DailyScript\DAILY-SCRIPT-USAGE.sql
Database changed
Query OK, 0 rows affected (0.00 sec)

Query OK, 0 rows affected (0.00 sec)

Query OK, 0 rows affected (0.00 sec)

Query OK, 2742 rows affected, 7947 warnings (0.88 sec)
Records: 2742  Deleted: 0  Skipped: 0  Warnings: 7947

Query OK, 0 rows affected (0.00 sec)

Query OK, 5902 rows affected, 17015 warnings (1.80 sec)
Records: 5902  Deleted: 0  Skipped: 0  Warnings: 17015

Query OK, 0 rows affected (0.00 sec)

Query OK, 72 rows affected, 260 warnings (0.16 sec)
Records: 72  Deleted: 0  Skipped: 0  Warnings: 260

Query OK, 0 rows affected (0.00 sec)

Query OK, 538 rows affected, 1832 warnings (0.18 sec)
Records: 538  Deleted: 0  Skipped: 0  Warnings: 1832

+------------+
| dailyusage |
+------------+
|    2661068 |
+------------+
1 row in set (8.22 sec)

+------------+------------+------------+---------+
| datestart  | dateend    | insertedon | records |
+------------+------------+------------+---------+
| 2018-09-18 | 2018-09-18 | 2018-09-19 |    9254 |
| 2018-09-17 | 2018-09-17 | 2018-09-18 |    9135 |
| 2018-09-16 | 2018-09-16 | 2018-09-17 |    8850 |
| 2018-09-15 | 2018-09-15 | 2018-09-16 |    8953 |
| 2018-09-14 | 2018-09-14 | 2018-09-15 |    9283 |
+------------+------------+------------+---------+
5 rows in set (1 min 36.94 sec)

mysql> mysql \. C:\workspace\cloud\code\sql\_DailyScript\DAILY-SCRIPT-SALES-TELEMETRY.sql
Database changed
Query OK, 143 rows affected, 97 warnings (0.35 sec)
Records: 143  Deleted: 0  Skipped: 0  Warnings: 97

+------------+
| dailysales |
+------------+
|     121143 |
+------------+
1 row in set (2.04 sec)

Query OK, 0 rows affected (0.03 sec)

Query OK, 121143 rows affected (13.82 sec)
Records: 121143  Duplicates: 0  Warnings: 0

+--------+
| sales  |
+--------+
| 121143 |
+--------+
1 row in set (0.06 sec)

Query OK, 0 rows affected (0.01 sec)

Query OK, 2084 rows affected (0.55 sec)
Records: 2084  Duplicates: 0  Warnings: 0

+-----------+
| saleslist |
+-----------+
|      2084 |
+-----------+
1 row in set (0.00 sec)

Database changed
Query OK, 6 rows affected (0.11 sec)
Records: 6  Deleted: 0  Skipped: 0  Warnings: 0

+------------------+
| dailysinglesales |
+------------------+
|             4735 |
+------------------+
1 row in set (0.05 sec)

Database changed
Query OK, 29 rows affected (0.08 sec)
Records: 29  Deleted: 0  Skipped: 0  Warnings: 0

+-----------------+
| dailyaddonsales |
+-----------------+
|           12581 |
+-----------------+
1 row in set (1.07 sec)

Query OK, 95 rows affected (1.82 sec)
Records: 95  Deleted: 0  Skipped: 0  Warnings: 0

+----------------+
| onlinepayments |
+----------------+
|          31255 |
+----------------+
1 row in set (0.03 sec)

+-------------+----------------+---------------------+
| paymentdate | onlinepayments | onlinepaymentamount |
+-------------+----------------+---------------------+
| 2018-09-18  |             95 |         51741.94000 |
| 2018-09-17  |             62 |         31777.25000 |
| 2018-09-16  |             76 |         40314.02000 |
| 2018-09-15  |             68 |         36369.94000 |
| 2018-09-14  |             60 |         32553.24000 |
+-------------+----------------+---------------------+
5 rows in set (3.57 sec)

+-------------+--------------+----------------+---------------------+
| paymentyear | paymentmonth | onlinepayments | onlinepaymentamount |
+-------------+--------------+----------------+---------------------+
|        2018 |            9 |           1359 |        789046.17000 |
|        2018 |            8 |           2677 |       1480347.51000 |
|        2018 |            7 |           2521 |       1406138.40000 |
|        2018 |            6 |           2465 |       1394365.47000 |
|        2018 |            5 |           2330 |       1252012.49000 |
+-------------+--------------+----------------+---------------------+
5 rows in set (0.04 sec)

mysql> 
mysql> mysql \. C:\workspace\cloud\code\sql\_DailyScript\DAILY-SCRIPT-ACTIVENUMBERS.sql
Database changed
Query OK, 0 rows affected (0.00 sec)

Query OK, 1305 rows affected (1.25 sec)
Records: 1305  Deleted: 0  Skipped: 0  Warnings: 0

Query OK, 0 rows affected (0.03 sec)

Query OK, 87 rows affected (2.24 sec)
Records: 87  Duplicates: 0  Warnings: 0

+------------+----------+
| period     | count(1) |
+------------+----------+
| 2018-09-18 |     1305 |
| 2018-09-17 |     1304 |
| 2018-09-16 |     1307 |
| 2018-09-15 |     1309 |
| 2018-09-14 |     1309 |
+------------+----------+
5 rows in set (0.01 sec)

Database changed
Query OK, 0 rows affected (0.00 sec)

Query OK, 0 rows affected (0.00 sec)

Query OK, 0 rows affected (0.00 sec)

Query OK, 0 rows affected (0.00 sec)

ERROR 2 (HY000): File 'C:\ProgramData\MySQL\MySQL Server 5.7\Uploads\ActiveContractsList\201809\2018-09-18;2018-09-18.csv' not found (Errcode: 2 - No such file or directory)
+------------+----------+
| period     | count(1) |
+------------+----------+
| 2018-09-17 |    26418 |
| 2018-09-16 |    26377 |
| 2018-09-15 |    26588 |
| 2018-09-14 |    26499 |
| 2018-09-13 |    26577 |
+------------+----------+
5 rows in set (0.26 sec)

Query OK, 0 rows affected (0.07 sec)

Query OK, 0 rows affected (0.04 sec)
Records: 0  Duplicates: 0  Warnings: 0

Query OK, 0 rows affected (0.03 sec)
Records: 0  Duplicates: 0  Warnings: 0

Query OK, 0 rows affected (0.02 sec)
Records: 0  Duplicates: 0  Warnings: 0

Query OK, 0 rows affected (0.03 sec)
Records: 0  Duplicates: 0  Warnings: 0

Query OK, 0 rows affected (0.20 sec)
Records: 0  Duplicates: 0  Warnings: 0

Query OK, 0 rows affected (0.01 sec)
Records: 0  Duplicates: 0  Warnings: 0

Query OK, 0 rows affected (0.12 sec)
Records: 0  Duplicates: 0  Warnings: 0

+----------+
| count(1) |
+----------+
| 19875310 |
+----------+
1 row in set (54.87 sec)

Query OK, 0 rows affected (0.00 sec)
Records: 0  Duplicates: 0  Warnings: 0

+----------+
| count(1) |
+----------+
| 19875310 |
+----------+
1 row in set (6.63 sec)

+------------+--------------------------+
| period     | customercontractactivity |
+------------+--------------------------+
| 2018-09-17 |                    25764 |
| 2018-09-16 |                    25725 |
| 2018-09-15 |                    25936 |
| 2018-09-14 |                    25844 |
| 2018-09-13 |                    25913 |
+------------+--------------------------+
5 rows in set (0.07 sec)

Query OK, 0 rows affected (0.03 sec)

Query OK, 183896 rows affected (9 min 14.76 sec)
Records: 183896  Duplicates: 0  Warnings: 0

Query OK, 0 rows affected (0.01 sec)

Query OK, 0 rows affected (0.07 sec)
Records: 0  Duplicates: 0  Warnings: 0

Query OK, 0 rows affected (0.01 sec)

Query OK, 0 rows affected (0.03 sec)
Records: 0  Duplicates: 0  Warnings: 0

Query OK, 0 rows affected (0.08 sec)

Query OK, 0 rows affected (0.03 sec)
Records: 0  Duplicates: 0  Warnings: 0

Query OK, 0 rows affected (0.13 sec)

Query OK, 0 rows affected (0.03 sec)
Records: 0  Duplicates: 0  Warnings: 0

Query OK, 0 rows affected (0.18 sec)

Query OK, 0 rows affected (0.28 sec)
Records: 0  Duplicates: 0  Warnings: 0

Query OK, 0 rows affected (0.03 sec)

Query OK, 0 rows affected (0.01 sec)
Records: 0  Duplicates: 0  Warnings: 0

Query OK, 0 rows affected (0.01 sec)

Query OK, 0 rows affected (0.02 sec)
Records: 0  Duplicates: 0  Warnings: 0

+-------------+
| clientstats |
+-------------+
|           0 |
+-------------+
1 row in set (0.00 sec)

Query OK, 0 rows affected (0.05 sec)

Query OK, 0 rows affected, 1 warning (0.04 sec)
Records: 0  Duplicates: 0  Warnings: 1

Empty set (0.00 sec)

Empty set, 1 warning (0.00 sec)

Empty set, 2 warnings (0.00 sec)

Query OK, 0 rows affected (0.03 sec)

Query OK, 0 rows affected, 3 warnings (0.04 sec)
Records: 0  Duplicates: 0  Warnings: 3

Empty set (0.00 sec)

Query OK, 0 rows affected (0.01 sec)

Query OK, 0 rows affected (0.02 sec)
Records: 0  Duplicates: 0  Warnings: 0

Query OK, 0 rows affected (0.01 sec)

Query OK, 0 rows affected (0.01 sec)
Records: 0  Duplicates: 0  Warnings: 0

Query OK, 18 rows affected (2 min 9.63 sec)

Query OK, 0 rows affected (0.00 sec)

Query OK, 413 rows affected (20 min 19.22 sec)
Records: 413  Duplicates: 0  Warnings: 0

+---------------------------+
| retentioncustomeractivity |
+---------------------------+
|                       413 |
+---------------------------+
1 row in set (0.00 sec)

mysql> 
mysql> 
mysql> mysql \. C:\workspace\cloud\code\sql\_DailyScript\reports-sales-addons-prepaid-camera.sql
Database changed
Query OK, 0 rows affected (0.06 sec)

Query OK, 2869 rows affected (0.20 sec)
Records: 2869  Duplicates: 0  Warnings: 0

Query OK, 0 rows affected (0.03 sec)

Query OK, 12590 rows affected (33.23 sec)
Records: 12590  Duplicates: 0  Warnings: 0

+--------------------+
| rep_prepaid_camera |
+--------------------+
|               2869 |
+--------------------+
1 row in set (0.01 sec)

+-----------+
| rep_addon |
+-----------+
|     12590 |
+-----------+
1 row in set (0.01 sec)

mysql> mysql \. C:\workspace\cloud\code\sql\_DailyScript\housing-estate-analysis.sql
Database changed
Query OK, 0 rows affected (0.03 sec)

Query OK, 2631 rows affected (29.91 sec)
Records: 2631  Duplicates: 0  Warnings: 0

+--------------------+
| rep_housingestates |
+--------------------+
|               2631 |
+--------------------+
1 row in set (0.00 sec)

mysql> 
mysql> mysql \. C:\workspace\cloud\code\sql\_DailyScript\sales-to-activenumber.sql
Database changed
Query OK, 0 rows affected (0.01 sec)

Query OK, 10466 rows affected (20 min 44.47 sec)
Records: 10466  Duplicates: 0  Warnings: 0

Query OK, 0 rows affected (0.08 sec)

Query OK, 31861 rows affected (21 min 45.04 sec)
Records: 31861  Duplicates: 0  Warnings: 0

mysql> mysql \. C:\workspace\cloud\code\sql\_DailyScript\RCB_ClientAnalyticsReport_Script.sql
Database changed
Query OK, 0 rows affected (0.00 sec)

Query OK, 0 rows affected (0.22 sec)

Query OK, 1523325 rows affected (2 min 58.24 sec)
Records: 1523325  Duplicates: 0  Warnings: 0

Query OK, 0 rows affected (7.40 sec)
Records: 0  Duplicates: 0  Warnings: 0

Query OK, 0 rows affected (7.09 sec)
Records: 0  Duplicates: 0  Warnings: 0

Query OK, 0 rows affected (10.36 sec)
Records: 0  Duplicates: 0  Warnings: 0

Query OK, 0 rows affected (11.67 sec)
Records: 0  Duplicates: 0  Warnings: 0

Query OK, 0 rows affected (11.78 sec)
Records: 0  Duplicates: 0  Warnings: 0

Query OK, 0 rows affected (11.56 sec)
Records: 0  Duplicates: 0  Warnings: 0

Query OK, 0 rows affected (0.00 sec)

Query OK, 407924 rows affected (23.83 sec)
Rows matched: 1523325  Changed: 407924  Warnings: 0

Query OK, 0 rows affected (0.02 sec)

Query OK, 26742 rows affected (2.44 sec)
Records: 26742  Duplicates: 0  Warnings: 0

Query OK, 0 rows affected (0.00 sec)

Query OK, 41007 rows affected (11 min 16.32 sec)
Records: 41007  Duplicates: 0  Warnings: 0

Query OK, 0 rows affected (0.52 sec)
Records: 0  Duplicates: 0  Warnings: 0

Query OK, 0 rows affected (0.20 sec)
Records: 0  Duplicates: 0  Warnings: 0

Query OK, 0 rows affected (0.12 sec)
Records: 0  Duplicates: 0  Warnings: 0

Query OK, 0 rows affected (0.10 sec)

Query OK, 386233 rows affected (12 min 38.07 sec)
Records: 386233  Duplicates: 0  Warnings: 0

Query OK, 0 rows affected (1.93 sec)
Records: 0  Duplicates: 0  Warnings: 0

Query OK, 0 rows affected (1.74 sec)
Records: 0  Duplicates: 0  Warnings: 0

Query OK, 0 rows affected (1.16 sec)
Records: 0  Duplicates: 0  Warnings: 0

Query OK, 0 rows affected (1.92 sec)
Records: 0  Duplicates: 0  Warnings: 0

Query OK, 0 rows affected (1.29 sec)
Records: 0  Duplicates: 0  Warnings: 0

Query OK, 0 rows affected (0.03 sec)

Query OK, 41007 rows affected (1 min 32.38 sec)
Records: 41007  Duplicates: 0  Warnings: 0

+--------------+
| clientreport |
+--------------+
|        41007 |
+--------------+
1 row in set (0.01 sec)

Query OK, 0 rows affected (0.03 sec)

Query OK, 41007 rows affected (11.96 sec)
Records: 41007  Duplicates: 0  Warnings: 0

+----------------------+
| clientextendedreport |
+----------------------+
|                41007 |
+----------------------+
1 row in set (0.01 sec)

Query OK, 0 rows affected (0.28 sec)

Query OK, 41007 rows affected (52.25 sec)
Records: 41007  Duplicates: 0  Warnings: 0

+---------+
| allcust |
+---------+
|   41007 |
+---------+
1 row in set (0.03 sec)

Query OK, 0 rows affected, 1 warning (0.01 sec)

Query OK, 5000 rows affected (1.54 sec)
Records: 5000  Duplicates: 0  Warnings: 0

Query OK, 0 rows affected (0.01 sec)

Query OK, 7095 rows affected (1.13 sec)
Records: 7095  Duplicates: 0  Warnings: 0

Query OK, 0 rows affected, 1 warning (0.00 sec)

Query OK, 5000 rows affected (0.62 sec)
Records: 5000  Duplicates: 0  Warnings: 0

Query OK, 0 rows affected (0.02 sec)

Query OK, 7393 rows affected (1.38 sec)
Records: 7393  Duplicates: 0  Warnings: 0

mysql> mysql \. C:\workspace\cloud\code\sql\_DailyScript\REVENUE_PER_NODE_MXK.sql
Query OK, 0 rows affected, 1 warning (0.00 sec)

Query OK, 4492 rows affected (3 min 7.83 sec)
Records: 4492  Duplicates: 0  Warnings: 0

Query OK, 0 rows affected, 1 warning (0.00 sec)

Query OK, 4403 rows affected (5 min 23.02 sec)
Records: 4403  Duplicates: 0  Warnings: 0

Query OK, 0 rows affected (0.06 sec)

Query OK, 4672 rows affected (0.34 sec)
Records: 4672  Duplicates: 0  Warnings: 0

Query OK, 0 rows affected (0.00 sec)

Query OK, 0 rows affected (0.00 sec)

Query OK, 0 rows affected, 1 warning (0.00 sec)

Query OK, 37749 rows affected (2 min 53.11 sec)
Records: 37749  Duplicates: 0  Warnings: 0

Query OK, 0 rows affected, 1 warning (0.00 sec)

Query OK, 27227 rows affected (1 min 49.97 sec)
Records: 27227  Duplicates: 0  Warnings: 0

Query OK, 0 rows affected (0.02 sec)

Query OK, 18549 rows affected (2.14 sec)
Records: 18549  Duplicates: 0  Warnings: 0

Query OK, 0 rows affected (0.12 sec)

Query OK, 0 rows affected (0.00 sec)

Query OK, 0 rows affected (0.02 sec)

Query OK, 23221 rows affected (1.39 sec)
Records: 23221  Duplicates: 0  Warnings: 0

Query OK, 0 rows affected (0.03 sec)

Query OK, 406800 rows affected (1 min 6.71 sec)
Records: 406800  Duplicates: 0  Warnings: 0

Query OK, 0 rows affected (0.14 sec)

Query OK, 1449481 rows affected (5 min 33.30 sec)
Records: 1449481  Duplicates: 0  Warnings: 0

Query OK, 0 rows affected (0.44 sec)

Query OK, 1670013 rows affected (4 min 24.51 sec)
Records: 1670013  Duplicates: 0  Warnings: 0

Query OK, 0 rows affected (0.22 sec)

Query OK, 57404 rows affected (12.08 sec)
Records: 57404  Duplicates: 0  Warnings: 0

Query OK, 0 rows affected (0.12 sec)

Query OK, 20525 rows affected (9.33 sec)
Records: 20525  Duplicates: 0  Warnings: 0

Query OK, 0 rows affected (0.03 sec)

Query OK, 41007 rows affected (3.31 sec)
Records: 41007  Duplicates: 0  Warnings: 0

Query OK, 0 rows affected, 1 warning (0.00 sec)

Query OK, 380563 rows affected (47.77 sec)
Records: 380563  Duplicates: 0  Warnings: 0

Query OK, 0 rows affected, 1 warning (0.02 sec)

Query OK, 57404 rows affected (5.27 sec)
Records: 57404  Duplicates: 0  Warnings: 0

Query OK, 0 rows affected (0.06 sec)

Query OK, 382342 rows affected (31.29 sec)
Records: 382342  Duplicates: 0  Warnings: 0

Query OK, 0 rows affected (0.04 sec)

Query OK, 41039 rows affected (12.91 sec)
Records: 41039  Duplicates: 0  Warnings: 0

Query OK, 0 rows affected (0.02 sec)

Query OK, 0 rows affected (0.00 sec)

+-----------+------------------------------------+------------+-------------+-----------------+------------------+---------------------+-------------------+
| HFC_NODE  | NODENAME                           | CMTS_DATE  | REPORT_DATE | UNIQUE_ACCOUNTS | UNIQUE_CONTRACTS | UNIQUE_MAC_INRCBOSS | UNIQUE_MAC_INCMTS |
+-----------+------------------------------------+------------+-------------+-----------------+------------------+---------------------+-------------------+
| NULL      | NULL                               | NULL       | 2018-09-19  |            9413 |             9994 |               10131 |                 0 |
| C5/0/0/U0 | ANSE-BOILEAU-2                     | 2018-09-15 | 2018-09-19  |              95 |              102 |                  95 |                96 |
| C5/0/0/U1 | 500-C3-ANSE-BOILEAU                | 2018-09-15 | 2018-09-19  |             217 |              222 |                 216 |               218 |
| C5/0/1/U0 | 501-C4-LA-MISIERE-LEFT-I           | 2018-09-15 | 2018-09-19  |             182 |              193 |                 182 |               182 |
| C5/0/1/U1 | 501-C5-LA-MISIERE-RIGHT            | 2018-09-15 | 2018-09-19  |              99 |              104 |                  99 |                99 |
| C5/0/1/U2 | 501-C7-LA-MISIERE-LEFT-II          | 2018-09-15 | 2018-09-19  |             114 |              116 |                 113 |               113 |
| C5/0/2/U0 | 502-C8-LA-LOUISE                   | 2018-09-15 | 2018-09-19  |             133 |              134 |                 133 |               134 |
| C5/0/2/U1 | LA-LOUISE-2                        | 2018-09-15 | 2018-09-19  |             155 |              161 |                 155 |               156 |
| C5/0/3/U0 | 504-C6-PETIT-PARIS                 | 2018-09-15 | 2018-09-19  |             122 |              124 |                 122 |               123 |
| C5/0/3/U1 | PETIT-PARIS-23                     | 2018-09-15 | 2018-09-19  |              98 |              100 |                  98 |               101 |
| C5/1/0/U0 | POINTE-LARUE-AIRPORT-23            | 2018-09-15 | 2018-09-19  |             105 |              115 |                 107 |               108 |
| C5/1/0/U1 | PPROVIDENCE-23                     | 2018-09-15 | 2018-09-19  |              28 |               32 |                  29 |                29 |
| C5/1/0/U2 | ROSHE-CAIMAN-23                    | 2018-09-15 | 2018-09-19  |               8 |                9 |                   8 |                 9 |
| C5/1/0/U3 | HEAD-OFFICE | HO-23                | 2018-09-15 | 2018-09-19  |              22 |               23 |                  23 |                25 |
| C5/1/1/U1 | C5-UNION-VALE                      | 2018-09-15 | 2018-09-19  |             189 |              196 |                 189 |               190 |
| C5/1/2/U0 | FOUR-SEASONS                       | 2018-09-15 | 2018-09-19  |               6 |               23 |                  23 |                23 |
| C5/1/2/U1 | C10-ANCHOR CAFE                    | 2018-09-15 | 2018-09-19  |             202 |              211 |                 201 |               202 |
| C5/1/2/U2 | ANCHOR-CAFE-23                     | 2018-09-15 | 2018-09-19  |             101 |              102 |                 101 |               101 |
| C5/1/3/U0 | POINTE-LARUE-AIRPORT-27            | 2018-09-15 | 2018-09-19  |             149 |              151 |                 149 |               149 |
| C5/1/3/U1 | PPROVIDENCE-27                     | 2018-09-15 | 2018-09-19  |              36 |               37 |                  36 |                36 |
| C5/1/3/U2 | ROSHE-CAIMAN-27                    | 2018-09-15 | 2018-09-19  |              21 |               21 |                  21 |                21 |
| C5/1/3/U3 | HEAD-OFFICE | HO-27                | 2018-09-15 | 2018-09-19  |              19 |               20 |                  19 |                22 |
| C5/1/4/U0 | ANSE-ROYALE-27                     | 2018-09-15 | 2018-09-19  |             186 |              195 |                 187 |               191 |
| C5/1/4/U1 | GLACIS-2-57                        | 2018-09-15 | 2018-09-19  |             132 |              139 |                 132 |               133 |
| C5/1/4/U3 | GLACIS-1                           | 2018-09-15 | 2018-09-19  |              82 |               86 |                  82 |                83 |
| C6/0/1/U0 | SERRET-ROAD-RIGHT/CURIO/PASCAL     | 2018-09-15 | 2018-09-19  |             123 |              128 |                 123 |               124 |
| C6/0/1/U1 | SERRET-ROAD-LEFT/ST.LOUIS/TOWN     | 2018-09-15 | 2018-09-19  |             135 |              144 |                 135 |               137 |
| C6/0/1/U2 | SERRET-ROAD-RIGHT/CURIO/PASCAL-2   | 2018-09-15 | 2018-09-19  |             138 |              142 |                 138 |               141 |
| C6/0/1/U3 | SERRET-ROAD-LEFT/ST.LOUIS/TOWN-2   | 2018-09-15 | 2018-09-19  |             163 |              170 |                 163 |               164 |
| C6/0/2/U0 | SANS-SOUCIS-I                      | 2018-09-15 | 2018-09-19  |             119 |              123 |                 119 |               119 |
| C6/0/2/U1 | SANS-SOUCIS-II                     | 2018-09-15 | 2018-09-19  |             115 |              121 |                 114 |               115 |
| C6/0/2/U2 | BEL-AIR-27                         | 2018-09-15 | 2018-09-19  |             122 |              128 |                 122 |               122 |
| C6/0/2/U3 | BEL-AIR-38                         | 2018-09-15 | 2018-09-19  |              92 |               96 |                  92 |                92 |
| C6/0/3/U0 | LES-MAMELLES-23                    | 2018-09-15 | 2018-09-19  |              62 |               64 |                  62 |                62 |
| C6/0/3/U1 | VICTORIA-23                        | 2018-09-15 | 2018-09-19  |              52 |               56 |                  53 |                56 |
| C6/0/4/U0 | LES-MAMELLES-27                    | 2018-09-15 | 2018-09-19  |              84 |               85 |                  84 |                86 |
| C6/0/4/U1 | VICTORIA-27                        | 2018-09-15 | 2018-09-19  |              21 |               26 |                  23 |                24 |
| C7/1/0/U0 | LA-RETRAITE-23                     | 2018-09-15 | 2018-09-19  |             138 |              148 |                 139 |               140 |
| C7/1/0/U1 | TEA-FACTORY-23                     | 2018-09-15 | 2018-09-19  |              21 |               28 |                  23 |                23 |
| C7/1/0/U2 | PAS-23                             | 2018-09-15 | 2018-09-19  |             110 |              120 |                 113 |               116 |
| C7/1/1/U0 | REEF-ESTATE-23                     | 2018-09-15 | 2018-09-19  |              77 |               79 |                  77 |                78 |
| C7/1/1/U1 | BEL-OMBRE-NEW-23                   | 2018-09-15 | 2018-09-19  |              66 |               72 |                  69 |                70 |
| C7/1/2/U0 | LA-RETRAITE-27                     | 2018-09-15 | 2018-09-19  |             105 |              113 |                 105 |               107 |
| C7/1/2/U1 | TEA-FACTORY-27                     | 2018-09-15 | 2018-09-19  |              22 |               25 |                  23 |                24 |
| C7/1/2/U2 | PAS-27                             | 2018-09-15 | 2018-09-19  |              90 |               94 |                  90 |                91 |
| C7/1/3/U0 | MT-BUXTON-27                       | 2018-09-15 | 2018-09-19  |             160 |              164 |                 159 |               160 |
| C7/1/3/U1 | MT-BUXTON-23                       | 2018-09-15 | 2018-09-19  |              59 |               63 |                  59 |                62 |
| C7/1/4/U0 | REEF-ESTATE-27                     | 2018-09-15 | 2018-09-19  |              85 |               86 |                  85 |                87 |
| C7/1/4/U1 | BEL-OMBRE-NEW-27                   | 2018-09-15 | 2018-09-19  |              49 |               54 |                  50 |                50 |
| C8/0/0/U0 | POLICE-ACADEMY-1-27 - POINTE LARUE | 2018-09-15 | 2018-09-19  |             361 |              371 |                 361 |               365 |
| C8/0/1/U1 | POLICE-ACADEMY-2-27 - TURTLE BAY   | 2018-09-15 | 2018-09-19  |             260 |              274 |                 262 |               264 |
| C8/0/2/U0 | BEAU-VALLON-LEFT-1-57              | 2018-09-15 | 2018-09-19  |             163 |              171 |                 162 |               162 |
| C8/0/3/U1 | BEAU-VALLON-RIGHT-2-57             | 2018-09-15 | 2018-09-19  |             223 |              233 |                 222 |               224 |
| C8/1/0/U0 | MA-JOIE-NODE-27                    | 2018-09-15 | 2018-09-19  |             141 |              147 |                 141 |               143 |
| C8/1/0/U1 | BELONIE-27                         | 2018-09-15 | 2018-09-19  |             138 |              142 |                 136 |               136 |
| C8/1/0/U3 | MA-JOIE-NODE-23                    | 2018-09-15 | 2018-09-19  |              99 |              101 |                  99 |               101 |
| C8/1/1/U0 | 611-C1-ROJN I                      | 2018-09-15 | 2018-09-19  |             167 |              175 |                 167 |               172 |
| C8/1/1/U1 | 611-C5-ROJN II                     | 2018-09-15 | 2018-09-19  |              73 |               76 |                  73 |                73 |
| C8/1/2/U0 | 612-C2-ANSE-ETOILE                 | 2018-09-15 | 2018-09-19  |             176 |              182 |                 175 |               177 |
| C8/1/2/U1 | ANSE-ETOILE-U2                     | 2018-09-15 | 2018-09-19  |             109 |              113 |                 108 |               109 |
| C8/1/3/U0 | 613-C3-ANSE-GAULETTE I             | 2018-09-15 | 2018-09-19  |             244 |              256 |                 244 |               244 |
| C8/1/3/U1 | 613-C7-ANSE-GAULETTE II            | 2018-09-15 | 2018-09-19  |             124 |              133 |                 124 |               124 |
| C8/1/4/U0 | 614-BEOLIERE-NODE-1                | 2018-09-15 | 2018-09-19  |             128 |              136 |                 128 |               128 |
| C8/1/4/U1 | 614-BEOLIERE-NODE-2                | 2018-09-15 | 2018-09-19  |              86 |               93 |                  86 |                87 |
+-----------+------------------------------------+------------+-------------+-----------------+------------------+---------------------+-------------------+
64 rows in set (0.30 sec)

+------------------+------------+-------------+-----------------+------------------+----------------------+-------------------+
| MXK_NAME         | MXK_DATE   | REPORT_DATE | UNIQUE_ACCOUNTS | UNIQUE_CONTRACTS | UNIQUE_FSAN_INRCBOSS | UNIQUE_FSAN_INMXK |
+------------------+------------+-------------+-----------------+------------------+----------------------+-------------------+
| NULL             | NULL       | 2018-09-19  |             248 |              254 |                  247 |                 0 |
| MXK-ANSEETOILE   | 2018-09-15 | 2018-09-19  |              49 |               50 |                   50 |                50 |
| MXK-ANSEROYALE   | 2018-09-15 | 2018-09-19  |              76 |               77 |                   77 |                80 |
| MXK-BEAUVALLON   | 2018-09-15 | 2018-09-19  |             638 |              649 |                  646 |               656 |
| MXK-MAHE         | 2018-09-15 | 2018-09-19  |             801 |              830 |                  798 |               882 |
| MXK-PERSEVERANCE | 2018-09-15 | 2018-09-19  |             965 |              979 |                  976 |               997 |
| MXK-PRASLIN      | 2018-09-15 | 2018-09-19  |            1320 |             1340 |                 1333 |              1361 |
+------------------+------------+-------------+-----------------+------------------+----------------------+-------------------+
7 rows in set (0.17 sec)

mysql> 
mysql> 
mysql> exit
