    -> 
    -> mysql \. C:\workspace\cloud\code\sql\_DailyScript\_setdates.sql
Query OK, 0 rows affected (0.01 sec)

Query OK, 0 rows affected (1.70 sec)

Database changed
Query OK, 0 rows affected (0.00 sec)

Query OK, 0 rows affected (0.00 sec)

Query OK, 0 rows affected (0.00 sec)

Query OK, 0 rows affected (0.00 sec)

Query OK, 0 rows affected (0.00 sec)

Query OK, 0 rows affected (0.00 sec)

Query OK, 0 rows affected (0.00 sec)

Query OK, 0 rows affected (0.00 sec)

Query OK, 0 rows affected (0.00 sec)

Query OK, 0 rows affected (0.00 sec)

Query OK, 0 rows affected (0.00 sec)

Query OK, 0 rows affected (0.00 sec)

Query OK, 0 rows affected (0.00 sec)

Query OK, 0 rows affected (0.00 sec)

Query OK, 0 rows affected (0.00 sec)

Query OK, 0 rows affected (0.00 sec)

Query OK, 0 rows affected (0.00 sec)

Query OK, 0 rows affected (0.00 sec)

Query OK, 0 rows affected (0.00 sec)

Query OK, 0 rows affected (0.00 sec)

Query OK, 0 rows affected (0.00 sec)

Query OK, 0 rows affected (0.00 sec)

mysql> mysql \. C:\workspace\cloud\code\sql\_DailyScript\currenttime.sql
+---------------------+
| currenttime         |
+---------------------+
| 2021-11-12 08:41:36 |
+---------------------+
1 row in set (0.00 sec)

mysql> 
mysql> mysql \. C:\workspace\cloud\code\sql\_DailyScript\load_RCB_VODTITLES.sql
Database changed
Query OK, 0 rows affected (0.00 sec)

Query OK, 16627 rows affected (0.23 sec)

Query OK, 16767 rows affected, 16767 warnings (0.41 sec)
Records: 16767  Deleted: 0  Skipped: 0  Warnings: 16767

Query OK, 0 rows affected (0.00 sec)

Query OK, 2 rows affected (0.02 sec)

+-----------+
| VODTITLES |
+-----------+
|     17225 |
+-----------+
1 row in set (0.01 sec)

+-----------+-----------+
| titletype | typecount |
+-----------+-----------+
| E         |     14281 |
| N         |       245 |
| T         |      2239 |
| NULL      |     16765 |
+-----------+-----------+
4 rows in set (0.06 sec)

mysql> mysql \. C:\workspace\cloud\code\sql\_DailyScript\currenttime.sql
+---------------------+
| currenttime         |
+---------------------+
| 2021-11-12 08:41:37 |
+---------------------+
1 row in set (0.00 sec)

mysql> 
mysql> mysql \. C:\workspace\cloud\code\sql\_DailyScript\DAILY-SCRIPT-LIVETV-STATS.sql
Database changed
Query OK, 0 rows affected (0.01 sec)

Query OK, 118877 rows affected (5 min 46.29 sec)
Records: 118877  Duplicates: 0  Warnings: 0

+------------+------------+----------+--------------+--------------+-----------+-------------+----------+--------+------+------------+---------+---------------+
| Table      | Non_unique | Key_name | Seq_in_index | Column_name  | Collation | Cardinality | Sub_part | Packed | Null | Index_type | Comment | Index_comment |
+------------+------------+----------+--------------+--------------+-----------+-------------+----------+--------+------+------------+---------+---------------+
| templivetv |          1 | idxtv1   |            1 | device       | A         |      118999 |     NULL | NULL   | YES  | BTREE      |         |               |
| templivetv |          1 | idxtv2   |            1 | sessionstart | A         |      118999 |     NULL | NULL   | YES  | BTREE      |         |               |
+------------+------------+----------+--------------+--------------+-----------+-------------+----------+--------+------+------------+---------+---------------+
2 rows in set (0.00 sec)

Query OK, 119036 rows affected (2 min 59.30 sec)
Records: 119036  Duplicates: 0  Warnings: 0

Query OK, 2454 rows affected (0.86 sec)
Records: 2454  Duplicates: 0  Warnings: 0

Query OK, 0 rows affected (0.00 sec)

Query OK, 0 rows affected (0.00 sec)

Query OK, 121 rows affected (0.04 sec)
Records: 121  Duplicates: 0  Warnings: 0

Query OK, 0 rows affected (0.01 sec)

Query OK, 88716 rows affected (21 min 6.74 sec)
Records: 88716  Duplicates: 0  Warnings: 0

+-----------------+
| rep_livetvstats |
+-----------------+
|           88716 |
+-----------------+
1 row in set (0.03 sec)

mysql> mysql \. C:\workspace\cloud\code\sql\_DailyScript\currenttime.sql
+---------------------+
| currenttime         |
+---------------------+
| 2021-11-12 09:11:30 |
+---------------------+
1 row in set (0.00 sec)

mysql> 
mysql> mysql \. C:\workspace\cloud\code\sql\_DailyScript\DAILY-SCRIPT-VODTS-STATS.sql
Database changed
Query OK, 0 rows affected (0.05 sec)

Query OK, 9083 rows affected (35.30 sec)
Records: 9083  Duplicates: 0  Warnings: 0

+---------+------------+----------+--------------+--------------+-----------+-------------+----------+--------+------+------------+---------+---------------+
| Table   | Non_unique | Key_name | Seq_in_index | Column_name  | Collation | Cardinality | Sub_part | Packed | Null | Index_type | Comment | Index_comment |
+---------+------------+----------+--------------+--------------+-----------+-------------+----------+--------+------+------------+---------+---------------+
| tempvod |          1 | idxtvod1 |            1 | device       | A         |        9178 |     NULL | NULL   | YES  | BTREE      |         |               |
| tempvod |          1 | idxtvod2 |            1 | sessionstart | A         |        9178 |     NULL | NULL   | YES  | BTREE      |         |               |
+---------+------------+----------+--------------+--------------+-----------+-------------+----------+--------+------+------------+---------+---------------+
2 rows in set (0.00 sec)

Query OK, 9184 rows affected (6.09 sec)
Records: 9184  Duplicates: 0  Warnings: 0

Query OK, 0 rows affected (0.10 sec)

Query OK, 1573699 rows affected (2 min 23.39 sec)
Records: 1573699  Duplicates: 0  Warnings: 0

+--------------+
| rep_vodstats |
+--------------+
|      1573699 |
+--------------+
1 row in set (0.46 sec)

Database changed
Query OK, 0 rows affected (0.01 sec)

Query OK, 18955 rows affected (58.98 sec)
Records: 18955  Duplicates: 0  Warnings: 0

+--------+------------+----------+--------------+--------------+-----------+-------------+----------+--------+------+------------+---------+---------------+
| Table  | Non_unique | Key_name | Seq_in_index | Column_name  | Collation | Cardinality | Sub_part | Packed | Null | Index_type | Comment | Index_comment |
+--------+------------+----------+--------------+--------------+-----------+-------------+----------+--------+------+------------+---------+---------------+
| tempts |          1 | idxtts1  |            1 | device       | A         |       19161 |     NULL | NULL   | YES  | BTREE      |         |               |
| tempts |          1 | idxtts2  |            1 | sessionstart | A         |       19161 |     NULL | NULL   | YES  | BTREE      |         |               |
+--------+------------+----------+--------------+--------------+-----------+-------------+----------+--------+------+------------+---------+---------------+
2 rows in set (0.00 sec)

Query OK, 18973 rows affected (17.84 sec)
Records: 18973  Duplicates: 0  Warnings: 0

Query OK, 0 rows affected (0.01 sec)

Query OK, 54693 rows affected (1 min 6.21 sec)
Records: 54693  Duplicates: 0  Warnings: 0

+-------------+
| rep_tsstats |
+-------------+
|       54693 |
+-------------+
1 row in set (0.02 sec)

mysql> mysql \. C:\workspace\cloud\code\sql\_DailyScript\currenttime.sql
+---------------------+
| currenttime         |
+---------------------+
| 2021-11-12 09:16:58 |
+---------------------+
1 row in set (0.00 sec)

mysql> 
mysql> mysql \. C:\workspace\cloud\code\sql\_DailyScript\DAILY-SCRIPT-RADIO-STATS.sql
Database changed
Query OK, 0 rows affected (0.03 sec)

Query OK, 484402 rows affected (6.12 sec)
Records: 484402  Duplicates: 0  Warnings: 0

+-----------+------------+----------+--------------+--------------+-----------+-------------+----------+--------+------+------------+---------+---------------+
| Table     | Non_unique | Key_name | Seq_in_index | Column_name  | Collation | Cardinality | Sub_part | Packed | Null | Index_type | Comment | Index_comment |
+-----------+------------+----------+--------------+--------------+-----------+-------------+----------+--------+------+------------+---------+---------------+
| tempradio |          1 | idxtrad1 |            1 | device       | A         |      485582 |     NULL | NULL   | YES  | BTREE      |         |               |
| tempradio |          1 | idxtrad2 |            1 | sessionstart | A         |      485582 |     NULL | NULL   | YES  | BTREE      |         |               |
+-----------+------------+----------+--------------+--------------+-----------+-------------+----------+--------+------+------------+---------+---------------+
2 rows in set (0.00 sec)

Query OK, 627 rows affected (1.23 sec)
Records: 627  Duplicates: 0  Warnings: 0

Query OK, 0 rows affected (0.01 sec)

Query OK, 7160 rows affected (0.65 sec)
Records: 7160  Duplicates: 0  Warnings: 0

+----------------+
| rep_radiostats |
+----------------+
|           7160 |
+----------------+
1 row in set (0.00 sec)

mysql> mysql \. C:\workspace\cloud\code\sql\_DailyScript\currenttime.sql
+---------------------+
| currenttime         |
+---------------------+
| 2021-11-12 09:17:07 |
+---------------------+
1 row in set (0.00 sec)

mysql> 
mysql> mysql \. C:\workspace\cloud\code\sql\_DailyScript\DAILY_SCRIPT_TELEMETRY_PIVOT_2021.sql
Query OK, 0 rows affected (0.01 sec)

Query OK, 140 rows affected (0.20 sec)
Records: 140  Duplicates: 0  Warnings: 0

Query OK, 0 rows affected (0.01 sec)

Query OK, 15293 rows affected (3.34 sec)
Records: 15293  Duplicates: 0  Warnings: 0

Query OK, 0 rows affected (0.01 sec)

Query OK, 6 rows affected (0.03 sec)
Records: 6  Duplicates: 0  Warnings: 0

Query OK, 0 rows affected (0.01 sec)

Query OK, 44 rows affected (0.07 sec)
Records: 44  Duplicates: 0  Warnings: 0

mysql> mysql \. C:\workspace\cloud\code\sql\_DailyScript\currenttime.sql
+---------------------+
| currenttime         |
+---------------------+
| 2021-11-12 09:17:10 |
+---------------------+
1 row in set (0.00 sec)

mysql> 
mysql> mysql \. C:\workspace\cloud\code\sql\_DailyScript\telemetry_livetv_ranking2021.sql
Query OK, 0 rows affected (0.01 sec)

Query OK, 140 rows affected (0.04 sec)
Records: 140  Duplicates: 0  Warnings: 0

mysql> mysql \. C:\workspace\cloud\code\sql\_DailyScript\currenttime.sql
+---------------------+
| currenttime         |
+---------------------+
| 2021-11-12 09:17:10 |
+---------------------+
1 row in set (0.00 sec)

mysql> 
mysql> mysql \. C:\workspace\cloud\code\sql\_DailyScript\telemetry_radio_ranking2021.sql
Query OK, 0 rows affected (0.01 sec)

Query OK, 6 rows affected (0.02 sec)
Records: 6  Duplicates: 0  Warnings: 0

mysql> mysql \. C:\workspace\cloud\code\sql\_DailyScript\currenttime.sql
+---------------------+
| currenttime         |
+---------------------+
| 2021-11-12 09:17:10 |
+---------------------+
1 row in set (0.00 sec)

mysql> 
mysql> mysql \. C:\workspace\cloud\code\sql\_DailyScript\telemetry_ts_ranking2021.sql
Query OK, 0 rows affected (0.01 sec)

Query OK, 44 rows affected (0.02 sec)
Records: 44  Duplicates: 0  Warnings: 0

mysql> mysql \. C:\workspace\cloud\code\sql\_DailyScript\currenttime.sql
+---------------------+
| currenttime         |
+---------------------+
| 2021-11-12 09:17:10 |
+---------------------+
1 row in set (0.00 sec)

mysql> 
mysql> mysql \. C:\workspace\cloud\code\sql\_DailyScript\telemetry_vod_ranking2021.sql
Query OK, 0 rows affected (0.01 sec)

Query OK, 15293 rows affected (0.81 sec)
Records: 15293  Duplicates: 0  Warnings: 0

mysql> mysql \. C:\workspace\cloud\code\sql\_DailyScript\currenttime.sql
+---------------------+
| currenttime         |
+---------------------+
| 2021-11-12 09:17:11 |
+---------------------+
1 row in set (0.00 sec)

mysql> 
mysql> mysql \. C:\workspace\cloud\code\sql\_DailyScript\telemetry_vod_ranking2021_1.sql
Query OK, 0 rows affected (0.01 sec)

Query OK, 15293 rows affected (0.35 sec)
Records: 15293  Duplicates: 0  Warnings: 0

mysql> mysql \. C:\workspace\cloud\code\sql\_DailyScript\currenttime.sql
+---------------------+
| currenttime         |
+---------------------+
| 2021-11-12 09:17:12 |
+---------------------+
1 row in set (0.00 sec)

mysql> 
mysql> mysql \. C:\workspace\cloud\code\sql\_DailyScript\telemetry_vod_ranking2021_2.sql
Query OK, 0 rows affected (0.01 sec)

Query OK, 15293 rows affected (0.38 sec)
Records: 15293  Duplicates: 0  Warnings: 0

mysql> mysql \. C:\workspace\cloud\code\sql\_DailyScript\currenttime.sql
+---------------------+
| currenttime         |
+---------------------+
| 2021-11-12 09:17:12 |
+---------------------+
1 row in set (0.00 sec)

mysql> 
mysql> mysql \. C:\workspace\cloud\code\sql\_DailyScript\DAILY-SCRIPT-CREATE-LOAD.sql
Database changed
Database changed
Query OK, 0 rows affected (0.02 sec)

Query OK, 0 rows affected (0.01 sec)

Database changed
Query OK, 68813 rows affected, 65535 warnings (2.71 sec)
Records: 68813  Deleted: 0  Skipped: 0  Warnings: 206083

Query OK, 0 rows affected (0.21 sec)
Records: 0  Duplicates: 0  Warnings: 0

Query OK, 0 rows affected (0.26 sec)
Records: 0  Duplicates: 0  Warnings: 0

Query OK, 0 rows affected (0.28 sec)
Records: 0  Duplicates: 0  Warnings: 0

Query OK, 0 rows affected (0.24 sec)
Records: 0  Duplicates: 0  Warnings: 0

+---------+
| clients |
+---------+
|   68813 |
+---------+
1 row in set (0.02 sec)

Query OK, 0 rows affected (0.01 sec)

Query OK, 16858 rows affected (7.36 sec)
Records: 16858  Duplicates: 0  Warnings: 0

Query OK, 0 rows affected (0.07 sec)
Records: 0  Duplicates: 0  Warnings: 0

+-------------------+
| rcb_clientparcels |
+-------------------+
|             16858 |
+-------------------+
1 row in set (0.01 sec)

Query OK, 0 rows affected (0.01 sec)

Query OK, 108743 rows affected (3.99 sec)
Records: 108743  Duplicates: 0  Warnings: 0

Query OK, 0 rows affected (0.35 sec)
Records: 0  Duplicates: 0  Warnings: 0

Query OK, 0 rows affected (0.03 sec)

Query OK, 68813 rows affected (1 min 17.29 sec)
Records: 68813  Duplicates: 0  Warnings: 0

Query OK, 0 rows affected (0.23 sec)
Records: 0  Duplicates: 0  Warnings: 0

Query OK, 0 rows affected (0.25 sec)
Records: 0  Duplicates: 0  Warnings: 0

Query OK, 0 rows affected (0.19 sec)
Records: 0  Duplicates: 0  Warnings: 0

+---------------+
| clientaddress |
+---------------+
|         68813 |
+---------------+
1 row in set (0.02 sec)

Database changed
Query OK, 0 rows affected (0.08 sec)

Query OK, 0 rows affected (0.02 sec)

Database changed
Query OK, 564779 rows affected, 65535 warnings (18.03 sec)
Records: 564779  Deleted: 0  Skipped: 0  Warnings: 3314696

Query OK, 0 rows affected (1.30 sec)
Records: 0  Duplicates: 0  Warnings: 0

Query OK, 0 rows affected (2.46 sec)
Records: 0  Duplicates: 0  Warnings: 0

Query OK, 0 rows affected (1.29 sec)
Records: 0  Duplicates: 0  Warnings: 0

Query OK, 0 rows affected (0.04 sec)

Query OK, 564779 rows affected (44.68 sec)
Records: 564779  Duplicates: 0  Warnings: 0

Query OK, 0 rows affected (1.97 sec)
Records: 0  Duplicates: 0  Warnings: 0

Query OK, 0 rows affected (1.48 sec)
Records: 0  Duplicates: 0  Warnings: 0

+-----------+
| contracts |
+-----------+
|    564779 |
+-----------+
1 row in set (0.15 sec)

+-----------------+
| contractaddress |
+-----------------+
|          564779 |
+-----------------+
1 row in set (0.15 sec)

Database changed
Query OK, 0 rows affected (0.01 sec)

Query OK, 0 rows affected (0.01 sec)

Query OK, 8351 rows affected, 33301 warnings (0.15 sec)
Records: 8351  Deleted: 0  Skipped: 0  Warnings: 33301

Query OK, 0 rows affected (0.01 sec)

Query OK, 8318 rows affected (0.16 sec)
Records: 8318  Duplicates: 0  Warnings: 0

Query OK, 0 rows affected (0.05 sec)
Records: 0  Duplicates: 0  Warnings: 0

Query OK, 0 rows affected (0.03 sec)
Records: 0  Duplicates: 0  Warnings: 0

Query OK, 0 rows affected (0.03 sec)
Records: 0  Duplicates: 0  Warnings: 0

Query OK, 0 rows affected (0.01 sec)

Query OK, 6182 rows affected (0.05 sec)
Records: 6182  Duplicates: 0  Warnings: 0

Query OK, 0 rows affected (0.03 sec)
Records: 0  Duplicates: 0  Warnings: 0

+-------------------+
| contractdiscounts |
+-------------------+
|              8351 |
+-------------------+
1 row in set (0.01 sec)

+-------------------------+
| clientcontractdiscounts |
+-------------------------+
|                    8318 |
+-------------------------+
1 row in set (0.00 sec)

+----------------------------+
| clientcontractlastdiscount |
+----------------------------+
|                       6182 |
+----------------------------+
1 row in set (0.00 sec)

Database changed
Query OK, 0 rows affected (0.02 sec)

Query OK, 0 rows affected (0.01 sec)

Database changed
Query OK, 151931 rows affected, 65535 warnings (2.63 sec)
Records: 151931  Deleted: 0  Skipped: 0  Warnings: 247693

Query OK, 0 rows affected (0.29 sec)
Records: 0  Duplicates: 0  Warnings: 0

Query OK, 0 rows affected (0.30 sec)
Records: 0  Duplicates: 0  Warnings: 0

Query OK, 0 rows affected (0.37 sec)
Records: 0  Duplicates: 0  Warnings: 0

Query OK, 0 rows affected (0.30 sec)
Records: 0  Duplicates: 0  Warnings: 0

Query OK, 0 rows affected (0.44 sec)
Records: 0  Duplicates: 0  Warnings: 0

Query OK, 0 rows affected (0.58 sec)
Records: 0  Duplicates: 0  Warnings: 0

Query OK, 0 rows affected (0.15 sec)

Query OK, 1918272 rows affected (1 min 47.01 sec)
Records: 1918272  Duplicates: 0  Warnings: 0

Query OK, 0 rows affected (9.42 sec)
Records: 0  Duplicates: 0  Warnings: 0

+---------+
| devices |
+---------+
|  151931 |
+---------+
1 row in set (0.06 sec)

+-----------------------+
| clientcontractdevices |
+-----------------------+
|               1918272 |
+-----------------------+
1 row in set (0.77 sec)

Query OK, 0 rows affected (0.02 sec)

Query OK, 151828 rows affected (7.02 sec)
Records: 151828  Duplicates: 0  Warnings: 0

+---------------------------+
| rep_clientcontractdevices |
+---------------------------+
|                    151828 |
+---------------------------+
1 row in set (0.04 sec)

Database changed
Query OK, 0 rows affected (0.03 sec)

Query OK, 0 rows affected (0.01 sec)

Query OK, 344424 rows affected (7.78 sec)
Records: 344424  Deleted: 0  Skipped: 0  Warnings: 0

Query OK, 0 rows affected (0.85 sec)
Records: 0  Duplicates: 0  Warnings: 0

Query OK, 0 rows affected (0.74 sec)
Records: 0  Duplicates: 0  Warnings: 0

Query OK, 0 rows affected (0.71 sec)
Records: 0  Duplicates: 0  Warnings: 0

Query OK, 0 rows affected (0.64 sec)
Records: 0  Duplicates: 0  Warnings: 0

+---------+
| tickets |
+---------+
|  344424 |
+---------+
1 row in set (0.09 sec)

Database changed
Query OK, 0 rows affected (0.01 sec)

Query OK, 0 rows affected (0.01 sec)

Empty set (0.00 sec)

Query OK, 0 rows affected (0.02 sec)
Records: 0  Duplicates: 0  Warnings: 0

Query OK, 389 rows affected, 2 warnings (0.05 sec)
Records: 389  Deleted: 0  Skipped: 0  Warnings: 2

+-----------------+
| tickettechusers |
+-----------------+
|             389 |
+-----------------+
1 row in set (0.00 sec)

Database changed
Query OK, 0 rows affected (0.04 sec)

Query OK, 0 rows affected (0.01 sec)

Query OK, 0 rows affected (0.02 sec)
Records: 0  Duplicates: 0  Warnings: 0

Query OK, 775944 rows affected, 52930 warnings (12.08 sec)
Records: 775944  Deleted: 0  Skipped: 0  Warnings: 52930

+-------------------+
| ticketassignments |
+-------------------+
|            775944 |
+-------------------+
1 row in set (0.21 sec)

Database changed
Query OK, 0 rows affected (0.04 sec)

Query OK, 0 rows affected (0.01 sec)

Query OK, 1541577 rows affected, 65535 warnings (18.43 sec)
Records: 1541577  Deleted: 0  Skipped: 0  Warnings: 1541592

Query OK, 0 rows affected (2.94 sec)
Records: 0  Duplicates: 0  Warnings: 0

Query OK, 0 rows affected (2.85 sec)
Records: 0  Duplicates: 0  Warnings: 0

Query OK, 0 rows affected (2.56 sec)
Records: 0  Duplicates: 0  Warnings: 0

Query OK, 0 rows affected (3.21 sec)
Records: 0  Duplicates: 0  Warnings: 0

+----------------+
| ticketcomments |
+----------------+
|        1541577 |
+----------------+
1 row in set (0.40 sec)

Database changed
Query OK, 0 rows affected (0.03 sec)

Query OK, 0 rows affected (0.01 sec)

Query OK, 498061 rows affected (37.13 sec)
Records: 498061  Deleted: 0  Skipped: 0  Warnings: 0

Query OK, 0 rows affected (2.49 sec)
Records: 0  Duplicates: 0  Warnings: 0

+----------+
| comments |
+----------+
|   498061 |
+----------+
1 row in set (0.14 sec)

Database changed
Query OK, 0 rows affected (0.12 sec)

Query OK, 0 rows affected (0.01 sec)

Query OK, 1953909 rows affected, 65535 warnings (1 min 23.58 sec)
Records: 1953909  Deleted: 0  Skipped: 0  Warnings: 1954004

Query OK, 0 rows affected (3.74 sec)
Records: 0  Duplicates: 0  Warnings: 0

Query OK, 0 rows affected (4.27 sec)
Records: 0  Duplicates: 0  Warnings: 0

Query OK, 0 rows affected (4.21 sec)
Records: 0  Duplicates: 0  Warnings: 0

Query OK, 0 rows affected (4.28 sec)
Records: 0  Duplicates: 0  Warnings: 0

Query OK, 0 rows affected (6.96 sec)
Records: 0  Duplicates: 0  Warnings: 0

+------------+
| devicesold |
+------------+
|    1953909 |
+------------+
1 row in set (0.51 sec)

Database changed
Query OK, 0 rows affected (0.02 sec)

Query OK, 0 rows affected (0.01 sec)

Query OK, 1911611 rows affected, 1 warning (24.05 sec)
Records: 1911611  Deleted: 0  Skipped: 0  Warnings: 1

Query OK, 0 rows affected (3.72 sec)
Records: 0  Duplicates: 0  Warnings: 0

Query OK, 0 rows affected (4.11 sec)
Records: 0  Duplicates: 0  Warnings: 0

Query OK, 0 rows affected (3.91 sec)
Records: 0  Duplicates: 0  Warnings: 0

+------------------+
| contractservices |
+------------------+
|          1911611 |
+------------------+
1 row in set (0.51 sec)

Database changed
Query OK, 0 rows affected (0.11 sec)

Query OK, 0 rows affected (0.01 sec)

Query OK, 4903089 rows affected (2 min 8.32 sec)
Records: 4903089  Deleted: 0  Skipped: 0  Warnings: 0

Query OK, 0 rows affected (22.05 sec)
Records: 0  Duplicates: 0  Warnings: 0

Query OK, 0 rows affected (15.58 sec)
Records: 0  Duplicates: 0  Warnings: 0

Query OK, 0 rows affected (15.67 sec)
Records: 0  Duplicates: 0  Warnings: 0

Query OK, 0 rows affected (19.57 sec)
Records: 0  Duplicates: 0  Warnings: 0

Query OK, 0 rows affected (12.30 sec)
Records: 0  Duplicates: 0  Warnings: 0

+------------------+
| invoicescontents |
+------------------+
|          4903089 |
+------------------+
1 row in set (1.41 sec)

Database changed
Query OK, 0 rows affected (0.10 sec)

Query OK, 0 rows affected (0.01 sec)

Query OK, 3493977 rows affected (3 min 18.63 sec)
Records: 3493977  Deleted: 0  Skipped: 0  Warnings: 0

Query OK, 0 rows affected (21.48 sec)
Records: 0  Duplicates: 0  Warnings: 0

Query OK, 0 rows affected (13.78 sec)
Records: 0  Duplicates: 0  Warnings: 0

Query OK, 0 rows affected (14.29 sec)
Records: 0  Duplicates: 0  Warnings: 0

Query OK, 0 rows affected (12.33 sec)
Records: 0  Duplicates: 0  Warnings: 0

Query OK, 0 rows affected (13.10 sec)
Records: 0  Duplicates: 0  Warnings: 0

Query OK, 0 rows affected (12.26 sec)
Records: 0  Duplicates: 0  Warnings: 0

+----------------+
| invoicesheader |
+----------------+
|        3493977 |
+----------------+
1 row in set (0.97 sec)

Database changed
Query OK, 0 rows affected (0.05 sec)

Query OK, 0 rows affected (0.01 sec)

Query OK, 3435567 rows affected (1 min 27.87 sec)
Records: 3435567  Deleted: 0  Skipped: 0  Warnings: 0

Query OK, 0 rows affected (16.21 sec)
Records: 0  Duplicates: 0  Warnings: 0

Query OK, 0 rows affected (9.95 sec)
Records: 0  Duplicates: 0  Warnings: 0

Query OK, 0 rows affected (9.31 sec)
Records: 0  Duplicates: 0  Warnings: 0

Query OK, 0 rows affected (8.77 sec)
Records: 0  Duplicates: 0  Warnings: 0

Query OK, 0 rows affected (11.34 sec)
Records: 0  Duplicates: 0  Warnings: 0

+---------+
| casa    |
+---------+
| 3435567 |
+---------+
1 row in set (0.97 sec)

Query OK, 0 rows affected (0.00 sec)

Query OK, 1631 rows affected (5.42 sec)
Rows matched: 1631  Changed: 1631  Warnings: 0

Query OK, 0 rows affected (0.01 sec)

Query OK, 17125 rows affected (1 min 34.59 sec)
Records: 17125  Duplicates: 0  Warnings: 0

+--------------------+
| rep_paycol_channel |
+--------------------+
|              17125 |
+--------------------+
1 row in set (0.01 sec)

Query OK, 0 rows affected (0.01 sec)

Query OK, 13432 rows affected (1 min 55.17 sec)
Records: 13432  Duplicates: 0  Warnings: 0

+----------------+
| rep_paycol_pos |
+----------------+
|          13432 |
+----------------+
1 row in set (0.01 sec)

Database changed
Query OK, 0 rows affected (0.01 sec)

Query OK, 0 rows affected (0.01 sec)

Database changed
Query OK, 41019 rows affected (0.84 sec)
Records: 41019  Deleted: 0  Skipped: 0  Warnings: 0

+-------+
| users |
+-------+
| 41019 |
+-------+
1 row in set (0.02 sec)

Query OK, 0 rows affected (0.09 sec)
Records: 0  Duplicates: 0  Warnings: 0

Database changed
Query OK, 0 rows affected (0.03 sec)

Query OK, 0 rows affected (0.01 sec)

Query OK, 1872898 rows affected, 2 warnings (27.81 sec)
Records: 1872898  Deleted: 0  Skipped: 0  Warnings: 2

Query OK, 0 rows affected (3.58 sec)
Records: 0  Duplicates: 0  Warnings: 0

Query OK, 0 rows affected (3.94 sec)
Records: 0  Duplicates: 0  Warnings: 0

Query OK, 0 rows affected (3.88 sec)
Records: 0  Duplicates: 0  Warnings: 0

Query OK, 0 rows affected (3.38 sec)
Records: 0  Duplicates: 0  Warnings: 0

Query OK, 0 rows affected (3.33 sec)
Records: 0  Duplicates: 0  Warnings: 0

+-------------+
| useractions |
+-------------+
|     1872898 |
+-------------+
1 row in set (0.48 sec)

Database changed
Query OK, 0 rows affected (0.11 sec)

Query OK, 0 rows affected (0.01 sec)

Database changed
Query OK, 32777090 rows affected (5 min 55.80 sec)
Records: 32777090  Deleted: 0  Skipped: 0  Warnings: 0

Query OK, 0 rows affected (1 min 33.41 sec)
Records: 0  Duplicates: 0  Warnings: 0

Query OK, 0 rows affected (1 min 28.15 sec)
Records: 0  Duplicates: 0  Warnings: 0

Query OK, 0 rows affected (1 min 28.60 sec)
Records: 0  Duplicates: 0  Warnings: 0

Query OK, 0 rows affected (1 min 21.52 sec)
Records: 0  Duplicates: 0  Warnings: 0

Query OK, 0 rows affected (1 min 41.92 sec)
Records: 0  Duplicates: 0  Warnings: 0

+----------+
| ipusage1 |
+----------+
| 32777090 |
+----------+
1 row in set (11.53 sec)

Query OK, 0 rows affected (0.04 sec)

Query OK, 1911436 rows affected (27.31 sec)
Records: 1911436  Duplicates: 0  Warnings: 0

Query OK, 0 rows affected (9.07 sec)
Records: 0  Duplicates: 0  Warnings: 0

Query OK, 0 rows affected (3.75 sec)
Records: 0  Duplicates: 0  Warnings: 0

Query OK, 0 rows affected (5.22 sec)
Records: 0  Duplicates: 0  Warnings: 0

+------------------------------+
| contractsservicepackageprice |
+------------------------------+
|                      1911436 |
+------------------------------+
1 row in set (0.53 sec)

Query OK, 0 rows affected (0.07 sec)

Query OK, 1911832 rows affected (2 min 26.18 sec)
Records: 1911832  Duplicates: 0  Warnings: 0

Query OK, 0 rows affected (11.37 sec)
Records: 0  Duplicates: 0  Warnings: 0

Query OK, 0 rows affected (9.88 sec)
Records: 0  Duplicates: 0  Warnings: 0

Query OK, 0 rows affected (5.51 sec)
Records: 0  Duplicates: 0  Warnings: 0

Query OK, 0 rows affected (7.80 sec)
Records: 0  Duplicates: 0  Warnings: 0

+------------------------------------+
| clientcontractsservicepackageprice |
+------------------------------------+
|                            1911832 |
+------------------------------------+
1 row in set (0.55 sec)

mysql> mysql \. C:\workspace\cloud\code\sql\_DailyScript\currenttime.sql
+---------------------+
| currenttime         |
+---------------------+
| 2021-11-12 09:58:42 |
+---------------------+
1 row in set (0.00 sec)

mysql> 
mysql> mysql \. C:\workspace\cloud\code\sql\_DailyScript\ticket_analysis.sql
Database changed
Query OK, 0 rows affected (0.03 sec)

Query OK, 902534 rows affected (28.23 sec)
Records: 902534  Duplicates: 0  Warnings: 0

Query OK, 0 rows affected (3.56 sec)
Records: 0  Duplicates: 0  Warnings: 0

Query OK, 0 rows affected (1.85 sec)
Records: 0  Duplicates: 0  Warnings: 0

Query OK, 0 rows affected (1.65 sec)
Records: 0  Duplicates: 0  Warnings: 0

Query OK, 0 rows affected (0.02 sec)

Query OK, 28321 rows affected (15.18 sec)
Records: 28321  Duplicates: 0  Warnings: 0

Query OK, 0 rows affected, 1 warning (0.00 sec)

Query OK, 131868 rows affected (10.03 sec)
Records: 131868  Duplicates: 0  Warnings: 0

Query OK, 0 rows affected, 1 warning (0.00 sec)

Query OK, 665832 rows affected (19.00 sec)
Records: 665832  Duplicates: 0  Warnings: 0

Query OK, 0 rows affected, 1 warning (0.00 sec)

Query OK, 665832 rows affected (19.39 sec)
Records: 665832  Duplicates: 0  Warnings: 0

Query OK, 0 rows affected (0.02 sec)

Query OK, 132005 rows affected (5.39 sec)
Records: 132005  Duplicates: 0  Warnings: 0

Database changed
Query OK, 0 rows affected (0.00 sec)

Query OK, 0 rows affected (0.02 sec)

Query OK, 902534 rows affected (33.61 sec)
Records: 902534  Duplicates: 0  Warnings: 0

Query OK, 0 rows affected (0.03 sec)

Query OK, 468493 rows affected (19.39 sec)
Records: 468493  Duplicates: 0  Warnings: 0

+--------------------------+
| clientticket_cmmtjourney |
+--------------------------+
|                   902534 |
+--------------------------+
1 row in set (2.44 sec)

+---------------------------+
| clientticket_assgnjourney |
+---------------------------+
|                    468493 |
+---------------------------+
1 row in set (3.27 sec)

Query OK, 0 rows affected (0.01 sec)

Query OK, 85 rows affected (0.12 sec)
Records: 85  Duplicates: 0  Warnings: 0

mysql> mysql \. C:\workspace\cloud\code\sql\_DailyScript\currenttime.sql
+---------------------+
| currenttime         |
+---------------------+
| 2021-11-12 10:01:26 |
+---------------------+
1 row in set (0.00 sec)

mysql> 
mysql> mysql \. C:\workspace\cloud\code\sql\_DailyScript\load_DailyCalls.sql
Database changed
Query OK, 376 rows affected (0.20 sec)
Records: 376  Deleted: 0  Skipped: 0  Warnings: 0

Query OK, 0 rows affected, 1 warning (0.00 sec)

Query OK, 376 rows affected (0.03 sec)
Records: 376  Duplicates: 0  Warnings: 0

Query OK, 0 rows affected, 1 warning (0.00 sec)

Query OK, 93679 rows affected (0.45 sec)
Records: 93679  Duplicates: 0  Warnings: 0

+----------------------+
| callingclientsbefore |
+----------------------+
|              1308958 |
+----------------------+
1 row in set (0.59 sec)

Query OK, 555 rows affected (10.19 sec)
Records: 555  Duplicates: 0  Warnings: 0

+---------------------+
| callingclientsafter |
+---------------------+
|             1309513 |
+---------------------+
1 row in set (0.35 sec)

Query OK, 0 rows affected (0.01 sec)

Query OK, 270 rows affected (4.50 sec)
Records: 270  Duplicates: 0  Warnings: 0

Query OK, 0 rows affected (0.00 sec)

Query OK, 25474 rows affected (4.20 sec)
Records: 25474  Duplicates: 0  Warnings: 0

+-----------+
| callstats |
+-----------+
|     25474 |
+-----------+
1 row in set (0.01 sec)

Query OK, 0 rows affected, 1 warning (0.00 sec)

Query OK, 555 rows affected (2.87 sec)
Records: 555  Duplicates: 0  Warnings: 0

+------------------------+
| rep_cccallreportbefore |
+------------------------+
|                1309023 |
+------------------------+
1 row in set (0.35 sec)

Query OK, 578 rows affected (0.17 sec)
Records: 578  Duplicates: 0  Warnings: 0

+-----------------------+
| rep_cccallreportafter |
+-----------------------+
|               1309601 |
+-----------------------+
1 row in set (0.35 sec)

Query OK, 0 rows affected (0.00 sec)

mysql> mysql \. C:\workspace\cloud\code\sql\_DailyScript\currenttime.sql
+---------------------+
| currenttime         |
+---------------------+
| 2021-11-12 10:01:50 |
+---------------------+
1 row in set (0.00 sec)

mysql> 
mysql> mysql \. C:\workspace\cloud\code\sql\_DailyScript\DAILY-SCRIPT-USAGE.sql
Database changed
Query OK, 0 rows affected (0.00 sec)

Query OK, 4004 rows affected, 11651 warnings (0.84 sec)
Records: 4004  Deleted: 0  Skipped: 0  Warnings: 11651

Query OK, 0 rows affected (0.00 sec)

Query OK, 6343 rows affected, 18316 warnings (1.03 sec)
Records: 6343  Deleted: 0  Skipped: 0  Warnings: 18316

Query OK, 0 rows affected (0.00 sec)

Query OK, 314 rows affected, 1138 warnings (0.05 sec)
Records: 314  Deleted: 0  Skipped: 0  Warnings: 1138

Query OK, 0 rows affected (0.00 sec)

Query OK, 185 rows affected, 628 warnings (0.03 sec)
Records: 185  Deleted: 0  Skipped: 0  Warnings: 628

+------------+
| dailyusage |
+------------+
|   19577156 |
+------------+
1 row in set (7.93 sec)

+------------+------------+------------+---------+
| datestart  | dateend    | insertedon | records |
+------------+------------+------------+---------+
| 2021-11-11 | 2021-11-11 | 2021-11-12 |   10846 |
| 2021-11-10 | 2021-11-10 | 2021-11-11 |   11820 |
| 2021-11-09 | 2021-11-09 | 2021-11-10 |   12448 |
| 2021-11-08 | 2021-11-08 | 2021-11-09 |   12585 |
| 2021-11-07 | 2021-11-07 | 2021-11-08 |   12486 |
+------------+------------+------------+---------+
5 rows in set (44.53 sec)

+----------+------------+------------+------------+---------+
| category | datestart  | dateend    | insertedon | records |
+----------+------------+------------+------------+---------+
| UNCAPPED | 2021-11-11 | 2021-11-11 | 2021-11-12 |    6343 |
| PREPAID  | 2021-11-11 | 2021-11-11 | 2021-11-12 |     314 |
| HOTSPOT  | 2021-11-11 | 2021-11-11 | 2021-11-12 |     185 |
| CAPPED   | 2021-11-11 | 2021-11-11 | 2021-11-12 |    4004 |
| UNCAPPED | 2021-11-10 | 2021-11-10 | 2021-11-11 |    7026 |
| PREPAID  | 2021-11-10 | 2021-11-10 | 2021-11-11 |     299 |
| HOTSPOT  | 2021-11-10 | 2021-11-10 | 2021-11-11 |     179 |
| CAPPED   | 2021-11-10 | 2021-11-10 | 2021-11-11 |    4316 |
| UNCAPPED | 2021-11-09 | 2021-11-09 | 2021-11-10 |    7455 |
| PREPAID  | 2021-11-09 | 2021-11-09 | 2021-11-10 |     314 |
| HOTSPOT  | 2021-11-09 | 2021-11-09 | 2021-11-10 |     178 |
| CAPPED   | 2021-11-09 | 2021-11-09 | 2021-11-10 |    4501 |
| UNCAPPED | 2021-11-08 | 2021-11-08 | 2021-11-09 |    7461 |
| PREPAID  | 2021-11-08 | 2021-11-08 | 2021-11-09 |     335 |
| HOTSPOT  | 2021-11-08 | 2021-11-08 | 2021-11-09 |     184 |
| CAPPED   | 2021-11-08 | 2021-11-08 | 2021-11-09 |    4605 |
| UNCAPPED | 2021-11-07 | 2021-11-07 | 2021-11-08 |    7394 |
| PREPAID  | 2021-11-07 | 2021-11-07 | 2021-11-08 |     342 |
| HOTSPOT  | 2021-11-07 | 2021-11-07 | 2021-11-08 |     138 |
| CAPPED   | 2021-11-07 | 2021-11-07 | 2021-11-08 |    4612 |
+----------+------------+------------+------------+---------+
20 rows in set (30.39 sec)

mysql> mysql \. C:\workspace\cloud\code\sql\_DailyScript\currenttime.sql
+---------------------+
| currenttime         |
+---------------------+
| 2021-11-12 10:03:15 |
+---------------------+
1 row in set (0.00 sec)

mysql> 
mysql> mysql \. C:\workspace\cloud\code\sql\_DailyScript\DAILY-SCRIPT-SALES-TELEMETRY.sql
Database changed
Query OK, 155 rows affected, 30 warnings (0.04 sec)
Records: 155  Deleted: 0  Skipped: 0  Warnings: 30

+------------+
| dailysales |
+------------+
|     252833 |
+------------+
1 row in set (0.26 sec)

Query OK, 0 rows affected (0.01 sec)

Query OK, 252833 rows affected (21.45 sec)
Records: 252833  Duplicates: 0  Warnings: 0

+--------+
| sales  |
+--------+
| 252833 |
+--------+
1 row in set (0.10 sec)

Query OK, 0 rows affected (0.01 sec)

Query OK, 4212 rows affected (0.42 sec)
Records: 4212  Duplicates: 0  Warnings: 0

+----------------+
| rep_dailysales |
+----------------+
|           4212 |
+----------------+
1 row in set (0.00 sec)

Query OK, 0 rows affected (0.01 sec)

Query OK, 4212 rows affected (0.66 sec)
Records: 4212  Duplicates: 0  Warnings: 0

+-------------------+
| rep_dailysalesreg |
+-------------------+
|              4212 |
+-------------------+
1 row in set (0.00 sec)

Query OK, 0 rows affected (0.01 sec)

Query OK, 2998 rows affected (0.80 sec)
Records: 2998  Duplicates: 0  Warnings: 0

+-----------+
| saleslist |
+-----------+
|      2998 |
+-----------+
1 row in set (0.00 sec)

Database changed
ERROR 2 (HY000): File 'C:\ProgramData\MySQL\MySQL Server 5.7\Uploads\_csv\PrepaidCardSales-11112021-P1.csv' not found (Errcode: 2 - No such file or directory)
+------------------+
| dailysinglesales |
+------------------+
|             6635 |
+------------------+
1 row in set (0.02 sec)

Database changed
Query OK, 2 rows affected (0.02 sec)
Records: 2  Deleted: 0  Skipped: 0  Warnings: 0

+-----------------+
| dailyaddonsales |
+-----------------+
|           25757 |
+-----------------+
1 row in set (0.05 sec)

Query OK, 201 rows affected (0.07 sec)
Records: 201  Deleted: 0  Skipped: 0  Warnings: 0

+----------------+
| onlinepayments |
+----------------+
|         239148 |
+----------------+
1 row in set (0.18 sec)

+-------------+----------------+---------------------+
| paymentdate | onlinepayments | onlinepaymentamount |
+-------------+----------------+---------------------+
| 2021-11-11  |            201 |        132757.84000 |
| 2021-11-10  |            204 |        125518.80000 |
| 2021-11-09  |            224 |        149379.43000 |
| 2021-11-08  |            215 |        134465.85000 |
| 2021-11-07  |            237 |        150119.77000 |
+-------------+----------------+---------------------+
5 rows in set (0.83 sec)

+-------------+--------------+----------------+---------------------+
| paymentyear | paymentmonth | onlinepayments | onlinepaymentamount |
+-------------+--------------+----------------+---------------------+
|        2021 |           11 |           2923 |       1934222.60000 |
|        2021 |           10 |           8715 |       5741511.04000 |
|        2021 |            9 |           8803 |       5663928.71000 |
|        2021 |            8 |           8864 |       5714008.87000 |
|        2021 |            7 |           8972 |       5795292.15000 |
+-------------+--------------+----------------+---------------------+
5 rows in set (0.25 sec)

mysql> mysql \. C:\workspace\cloud\code\sql\_DailyScript\currenttime.sql
+---------------------+
| currenttime         |
+---------------------+
| 2021-11-12 10:03:40 |
+---------------------+
1 row in set (0.00 sec)

mysql> 
mysql> mysql \. C:\workspace\cloud\code\sql\_DailyScript\DAILY-SCRIPT-ACTIVENUMBERS.sql
Database changed
Query OK, 1088 rows affected (0.52 sec)
Records: 1088  Deleted: 0  Skipped: 0  Warnings: 0

+------------+----------+
| period     | count(1) |
+------------+----------+
| 2021-11-11 |     1088 |
| 2021-11-10 |     1088 |
| 2021-11-09 |     1087 |
| 2021-11-08 |     1087 |
| 2021-11-07 |     1085 |
+------------+----------+
5 rows in set (0.01 sec)

Query OK, 0 rows affected (0.01 sec)

Query OK, 75 rows affected (1.40 sec)
Records: 75  Duplicates: 0  Warnings: 0

+-------------+
| packagelist |
+-------------+
|          75 |
+-------------+
1 row in set (0.00 sec)

Database changed
Query OK, 0 rows affected (0.00 sec)

Query OK, 0 rows affected (0.00 sec)

Query OK, 0 rows affected (0.00 sec)

Query OK, 0 rows affected (0.00 sec)

Query OK, 29026 rows affected, 192 warnings (18.95 sec)
Records: 29026  Deleted: 0  Skipped: 0  Warnings: 192

+------------+----------+
| period     | count(1) |
+------------+----------+
| 2021-11-11 |    29026 |
| 2021-11-10 |    28971 |
| 2021-11-09 |    28929 |
| 2021-11-08 |    28855 |
| 2021-11-07 |    28810 |
+------------+----------+
5 rows in set (0.16 sec)

Query OK, 0 rows affected (0.05 sec)

Query OK, 28468 rows affected (54.74 sec)
Records: 28468  Duplicates: 0  Warnings: 0

Query OK, 0 rows affected (0.11 sec)
Records: 0  Duplicates: 0  Warnings: 0

Query OK, 0 rows affected (0.11 sec)
Records: 0  Duplicates: 0  Warnings: 0

Query OK, 0 rows affected (0.11 sec)
Records: 0  Duplicates: 0  Warnings: 0

Query OK, 0 rows affected (0.08 sec)
Records: 0  Duplicates: 0  Warnings: 0

Query OK, 0 rows affected (0.07 sec)
Records: 0  Duplicates: 0  Warnings: 0

Query OK, 0 rows affected (0.07 sec)
Records: 0  Duplicates: 0  Warnings: 0

+-------------+
| countbefore |
+-------------+
|    50939885 |
+-------------+
1 row in set (21.00 sec)

Query OK, 28468 rows affected (5.86 sec)
Records: 28468  Duplicates: 0  Warnings: 0

+------------+
| countafter |
+------------+
|   50968353 |
+------------+
1 row in set (17.75 sec)

+------------+--------------------------+
| period     | customercontractactivity |
+------------+--------------------------+
| 2021-11-11 |                    28468 |
| 2021-11-10 |                    28413 |
| 2021-11-09 |                    28371 |
| 2021-11-08 |                    28297 |
| 2021-11-07 |                    28252 |
+------------+--------------------------+
5 rows in set (0.06 sec)

Query OK, 0 rows affected (0.02 sec)

Query OK, 322908 rows affected, 4 warnings (10 min 10.31 sec)
Records: 322908  Duplicates: 0  Warnings: 4

Query OK, 0 rows affected (1.14 sec)
Records: 0  Duplicates: 0  Warnings: 0

Query OK, 0 rows affected (1.25 sec)
Records: 0  Duplicates: 0  Warnings: 0

Query OK, 0 rows affected (1.27 sec)
Records: 0  Duplicates: 0  Warnings: 0

Query OK, 0 rows affected (0.01 sec)

Query OK, 231 rows affected (0.55 sec)
Records: 231  Duplicates: 0  Warnings: 0

Query OK, 0 rows affected (0.01 sec)

Query OK, 2609 rows affected (0.66 sec)
Records: 2609  Duplicates: 0  Warnings: 0

Query OK, 0 rows affected (0.01 sec)

Query OK, 28443 rows affected (0.62 sec)
Records: 28443  Duplicates: 0  Warnings: 0

Query OK, 0 rows affected (0.01 sec)

Query OK, 17075 rows affected (0.44 sec)
Records: 17075  Duplicates: 0  Warnings: 0

Query OK, 0 rows affected (0.01 sec)

Query OK, 17075 rows affected (0.14 sec)
Records: 17075  Duplicates: 0  Warnings: 0

Query OK, 0 rows affected (0.01 sec)

Query OK, 17075 rows affected (1.30 sec)
Records: 17075  Duplicates: 0  Warnings: 0

Query OK, 0 rows affected (0.01 sec)

Query OK, 17075 rows affected (44.45 sec)
Records: 17075  Duplicates: 0  Warnings: 0

+-------------+
| clientstats |
+-------------+
|       17075 |
+-------------+
1 row in set (0.01 sec)

Query OK, 0 rows affected (0.01 sec)

Query OK, 13 rows affected, 1 warning (0.16 sec)
Records: 13  Duplicates: 0  Warnings: 1

+-----------------------+-------------+-------------+----------------+-----------------+
| services              | activecount | allaccounts | uniqueaccounts | uniquecontracts |
+-----------------------+-------------+-------------+----------------+-----------------+
| All                   |         441 |          72 |             72 |             231 |
| Internet & OTT        |           6 |           3 |              3 |               3 |
| Internet & Voice      |         306 |         133 |            133 |             261 |
| Internet Only         |        4395 |        4277 |           4273 |            4317 |
| OTT Only              |           1 |           1 |              1 |               1 |
| TV & Internet         |        9953 |        4447 |           4437 |            9063 |
| TV & Internet & OTT   |        4483 |        1172 |           1167 |            2443 |
| TV & Internet & Voice |         562 |         160 |            160 |             493 |
| TV & OTT              |         386 |          95 |             91 |             107 |
| TV & Voice            |          84 |          37 |             37 |              76 |
| TV Only               |        8380 |        6560 |           6549 |            6770 |
| Voice Only            |         120 |         118 |            118 |             120 |
| GRAND TOTAL           |       29117 |       17075 |          16987 |           23885 |
+-----------------------+-------------+-------------+----------------+-----------------+
13 rows in set (0.00 sec)

+-------------+-------------+-------------+----------------+-----------------+
| network     | activecount | allaccounts | uniqueaccounts | uniquecontracts |
+-------------+-------------+-------------+----------------+-----------------+
| GPON        |       13762 |        6785 |           6782 |           10810 |
| HFC         |       15355 |       10290 |          10290 |           13075 |
| GRAND TOTAL |       29117 |       17075 |          16987 |           23885 |
+-------------+-------------+-------------+----------------+-----------------+
3 rows in set, 1 warning (0.16 sec)

+-------------+-----------------------+-------------+-------------+----------------+-----------------+
| network     | services              | activecount | allaccounts | uniqueaccounts | uniquecontracts |
+-------------+-----------------------+-------------+-------------+----------------+-----------------+
| GPON        | All                   |         321 |          57 |             57 |             180 |
| GPON        | Internet & OTT        |           2 |           1 |              1 |               1 |
| GPON        | Internet & Voice      |          85 |          35 |             35 |              74 |
| GPON        | Internet Only         |        1644 |        1543 |           1543 |            1567 |
| GPON        | TV & Internet         |        5564 |        2439 |           2439 |            4998 |
| GPON        | TV & Internet & OTT   |        3416 |         891 |            891 |            1864 |
| GPON        | TV & Internet & Voice |         321 |          86 |             86 |             268 |
| GPON        | TV & OTT              |         220 |          67 |             67 |              71 |
| GPON        | TV & Voice            |          55 |          24 |             24 |              50 |
| GPON        | TV Only               |        2118 |        1627 |           1627 |            1721 |
| GPON        | Voice Only            |          16 |          15 |             15 |              16 |
| GPON        | Services Total        |       13762 |        6785 |           6782 |           10810 |
| HFC         | All                   |         120 |          15 |             15 |              51 |
| HFC         | Internet & OTT        |           4 |           2 |              2 |               2 |
| HFC         | Internet & Voice      |         221 |          98 |             98 |             187 |
| HFC         | Internet Only         |        2751 |        2734 |           2734 |            2750 |
| HFC         | OTT Only              |           1 |           1 |              1 |               1 |
| HFC         | TV & Internet         |        4389 |        2008 |           2008 |            4065 |
| HFC         | TV & Internet & OTT   |        1067 |         281 |            281 |             579 |
| HFC         | TV & Internet & Voice |         241 |          74 |             74 |             225 |
| HFC         | TV & OTT              |         166 |          28 |             28 |              36 |
| HFC         | TV & Voice            |          29 |          13 |             13 |              26 |
| HFC         | TV Only               |        6262 |        4933 |           4933 |            5049 |
| HFC         | Voice Only            |         104 |         103 |            103 |             104 |
| HFC         | Services Total        |       15355 |       10290 |          10290 |           13075 |
| GRAND TOTAL | Services Total        |       29117 |       17075 |          16987 |           23885 |
+-------------+-----------------------+-------------+-------------+----------------+-----------------+
26 rows in set, 2 warnings (0.14 sec)

Query OK, 0 rows affected (0.01 sec)

Query OK, 43 rows affected, 3 warnings (0.20 sec)
Records: 43  Duplicates: 0  Warnings: 3

+-------------+---------------+-----------------------+-------------+-------------+----------------+-----------------+
| region      | network       | services              | activecount | allaccounts | uniqueaccounts | uniquecontracts |
+-------------+---------------+-----------------------+-------------+-------------+----------------+-----------------+
| Eden Island | GPON          | TV & Internet         |           2 |           1 |              1 |               2 |
| Eden Island | GPON          | Services Total        |           2 |           1 |              1 |               2 |
| Eden Island | Network Total | Services Total        |           2 |           1 |              1 |               2 |
| Mahe        | GPON          | All                   |         280 |          50 |             50 |             158 |
| Mahe        | GPON          | Internet & OTT        |           2 |           1 |              1 |               1 |
| Mahe        | GPON          | Internet & Voice      |          77 |          31 |             31 |              66 |
| Mahe        | GPON          | Internet Only         |        1390 |        1290 |           1290 |            1313 |
| Mahe        | GPON          | TV & Internet         |        4771 |        2088 |           2088 |            4272 |
| Mahe        | GPON          | TV & Internet & OTT   |        2856 |         729 |            729 |            1531 |
| Mahe        | GPON          | TV & Internet & Voice |         306 |          81 |             81 |             253 |
| Mahe        | GPON          | TV & OTT              |         200 |          59 |             59 |              63 |
| Mahe        | GPON          | TV & Voice            |          52 |          23 |             23 |              47 |
| Mahe        | GPON          | TV Only               |        1767 |        1357 |           1357 |            1436 |
| Mahe        | GPON          | Voice Only            |          16 |          15 |             15 |              16 |
| Mahe        | GPON          | Services Total        |       11717 |        5724 |           5724 |            9156 |
| Mahe        | HFC           | All                   |         120 |          15 |             15 |              51 |
| Mahe        | HFC           | Internet & OTT        |           4 |           2 |              2 |               2 |
| Mahe        | HFC           | Internet & Voice      |         221 |          98 |             98 |             187 |
| Mahe        | HFC           | Internet Only         |        2751 |        2734 |           2734 |            2750 |
| Mahe        | HFC           | OTT Only              |           1 |           1 |              1 |               1 |
| Mahe        | HFC           | TV & Internet         |        4389 |        2008 |           2008 |            4065 |
| Mahe        | HFC           | TV & Internet & OTT   |        1067 |         281 |            281 |             579 |
| Mahe        | HFC           | TV & Internet & Voice |         241 |          74 |             74 |             225 |
| Mahe        | HFC           | TV & OTT              |         166 |          28 |             28 |              36 |
| Mahe        | HFC           | TV & Voice            |          29 |          13 |             13 |              26 |
| Mahe        | HFC           | TV Only               |        6261 |        4932 |           4932 |            5048 |
| Mahe        | HFC           | Voice Only            |         104 |         103 |            103 |             104 |
| Mahe        | HFC           | Services Total        |       15354 |       10289 |          10289 |           13074 |
| Mahe        | Network Total | Services Total        |       27071 |       16013 |          15928 |           22230 |
| Praslin     | GPON          | All                   |          41 |           7 |              7 |              22 |
| Praslin     | GPON          | Internet & Voice      |           8 |           4 |              4 |               8 |
| Praslin     | GPON          | Internet Only         |         254 |         253 |            253 |             254 |
| Praslin     | GPON          | TV & Internet         |         791 |         350 |            350 |             724 |
| Praslin     | GPON          | TV & Internet & OTT   |         560 |         162 |            162 |             333 |
| Praslin     | GPON          | TV & Internet & Voice |          15 |           5 |              5 |              15 |
| Praslin     | GPON          | TV & OTT              |          20 |           8 |              8 |               8 |
| Praslin     | GPON          | TV & Voice            |           3 |           1 |              1 |               3 |
| Praslin     | GPON          | TV Only               |         351 |         270 |            270 |             285 |
| Praslin     | GPON          | Services Total        |        2043 |        1060 |           1060 |            1652 |
| Praslin     | HFC           | TV Only               |           1 |           1 |              1 |               1 |
| Praslin     | HFC           | Services Total        |           1 |           1 |              1 |               1 |
| Praslin     | Network Total | Services Total        |        2044 |        1061 |           1061 |            1653 |
| GRAND TOTAL | Network Total | Services Total        |       29117 |       17075 |          16987 |           23885 |
+-------------+---------------+-----------------------+-------------+-------------+----------------+-----------------+
43 rows in set (0.00 sec)

Query OK, 0 rows affected (0.01 sec)

Query OK, 28444 rows affected (0.50 sec)
Records: 28444  Duplicates: 0  Warnings: 0

Query OK, 0 rows affected (0.01 sec)

Query OK, 2395 rows affected (2.00 sec)
Records: 2395  Duplicates: 0  Warnings: 0

+--------------------------------------+
| message                              |
+--------------------------------------+
| running rcbill_my.sp_ActiveNumber2() |
+--------------------------------------+
1 row in set (0.00 sec)

Query OK, 365 rows affected (2 min 27.58 sec)

mysql> mysql \. C:\workspace\cloud\code\sql\_DailyScript\currenttime.sql
+---------------------+
| currenttime         |
+---------------------+
| 2021-11-12 10:19:14 |
+---------------------+
1 row in set (0.00 sec)

mysql> 
mysql> mysql \. C:\workspace\cloud\code\sql\_DailyScript\GetActiveNumbers Average -Pivot.sql
Database changed
+-------------------------------------+
| @today := subdate(current_date(),1) |
+-------------------------------------+
| 2021-11-11                          |
+-------------------------------------+
1 row in set (0.00 sec)

+-------------------------------------+
| @lastdayofmonth := last_day(@today) |
+-------------------------------------+
| 2021-11-30                          |
+-------------------------------------+
1 row in set (0.00 sec)

Query OK, 0 rows affected (0.01 sec)

Query OK, 51891 rows affected, 65535 warnings (1 min 8.52 sec)
Records: 51891  Duplicates: 0  Warnings: 106202

Query OK, 0 rows affected (0.12 sec)
Records: 0  Duplicates: 0  Warnings: 0

Query OK, 0 rows affected (0.14 sec)
Records: 0  Duplicates: 0  Warnings: 0

Query OK, 0 rows affected (0.12 sec)
Records: 0  Duplicates: 0  Warnings: 0

+-----------------+
| activenumberavg |
+-----------------+
|           51891 |
+-----------------+
1 row in set (0.02 sec)

Query OK, 0 rows affected (0.01 sec)

Query OK, 1996 rows affected (0.61 sec)
Records: 1996  Duplicates: 0  Warnings: 0

+---------------------+
| rep_activenumberavg |
+---------------------+
|                1996 |
+---------------------+
1 row in set (0.00 sec)

+----------------------+
| rep_activenumberavg1 |
+----------------------+
|                  928 |
+----------------------+
1 row in set (0.00 sec)

Query OK, 0 rows affected (0.01 sec)

Query OK, 2748 rows affected (0.50 sec)
Records: 2748  Duplicates: 0  Warnings: 0

Query OK, 0 rows affected (0.01 sec)

Query OK, 14214 rows affected (0.92 sec)
Records: 14214  Duplicates: 0  Warnings: 0

Query OK, 0 rows affected (0.01 sec)

Query OK, 246 rows affected (0.30 sec)
Records: 246  Duplicates: 0  Warnings: 0

Query OK, 0 rows affected (0.00 sec)

Query OK, 0 rows affected (0.01 sec)

Query OK, 0 rows affected (0.00 sec)

Query OK, 0 rows affected (0.00 sec)

Query OK, 0 rows affected (0.00 sec)
Statement prepared

Query OK, 53 rows affected (0.08 sec)
Records: 53  Duplicates: 0  Warnings: 0

Query OK, 0 rows affected (0.00 sec)

Query OK, 0 rows affected (0.00 sec)

+----------------------+
| rep_activenumberavg2 |
+----------------------+
|                 2748 |
+----------------------+
1 row in set (0.00 sec)

+------------------------+
| rep_activenumberavg_pv |
+------------------------+
|                     53 |
+------------------------+
1 row in set (0.00 sec)

Query OK, 0 rows affected (0.00 sec)

Query OK, 2744 rows affected (0.40 sec)
Records: 2744  Duplicates: 0  Warnings: 0

Query OK, 0 rows affected (0.00 sec)

Query OK, 0 rows affected (0.00 sec)

Query OK, 0 rows affected (0.00 sec)

Query OK, 0 rows affected (0.00 sec)

Query OK, 0 rows affected (0.00 sec)
Statement prepared

Query OK, 53 rows affected (0.06 sec)
Records: 53  Duplicates: 0  Warnings: 0

Query OK, 0 rows affected (0.00 sec)

Query OK, 0 rows affected (0.00 sec)

+-------------------------+
| rep_activenumberavgMahe |
+-------------------------+
|                    2744 |
+-------------------------+
1 row in set (0.00 sec)

+----------------------------+
| rep_activenumberavgMahe_pv |
+----------------------------+
|                         53 |
+----------------------------+
1 row in set (0.00 sec)

Query OK, 0 rows affected (0.02 sec)

Query OK, 1737 rows affected (0.19 sec)
Records: 1737  Duplicates: 0  Warnings: 0

Query OK, 0 rows affected (0.00 sec)

Query OK, 0 rows affected (0.00 sec)

Query OK, 0 rows affected (0.01 sec)

Query OK, 0 rows affected (0.00 sec)

Query OK, 0 rows affected (0.00 sec)
Statement prepared

Query OK, 40 rows affected (0.04 sec)
Records: 40  Duplicates: 0  Warnings: 0

Query OK, 0 rows affected (0.00 sec)

Query OK, 0 rows affected (0.00 sec)

+----------------------------+
| rep_activenumberavgPraslin |
+----------------------------+
|                       1737 |
+----------------------------+
1 row in set (0.00 sec)

+-------------------------------+
| rep_activenumberavgPraslin_pv |
+-------------------------------+
|                            40 |
+-------------------------------+
1 row in set (0.00 sec)

mysql> mysql \. C:\workspace\cloud\code\sql\_DailyScript\currenttime.sql
+---------------------+
| currenttime         |
+---------------------+
| 2021-11-12 10:20:27 |
+---------------------+
1 row in set (0.00 sec)

mysql> 
mysql> mysql \. C:\workspace\cloud\code\sql\Analysis\clients_contracts_creditpolicy_2.sql
Database changed
Query OK, 0 rows affected (0.01 sec)

Query OK, 1911832 rows affected (42.92 sec)
Records: 1911832  Duplicates: 0  Warnings: 0

Query OK, 0 rows affected (0.01 sec)

Query OK, 28468 rows affected (1.08 sec)
Records: 28468  Duplicates: 0  Warnings: 0

Query OK, 0 rows affected (0.01 sec)

Query OK, 28543 rows affected (8.64 sec)
Records: 28543  Duplicates: 0  Warnings: 0

+-------------------------+
| rep_cust_cont_creditpol |
+-------------------------+
|                   28543 |
+-------------------------+
1 row in set (0.01 sec)

mysql> mysql \. C:\workspace\cloud\code\sql\_DailyScript\currenttime.sql
+---------------------+
| currenttime         |
+---------------------+
| 2021-11-12 10:21:19 |
+---------------------+
1 row in set (0.00 sec)

mysql> 
mysql> mysql \. C:\workspace\cloud\code\sql\_DailyScript\budget_actual_analysis_2021.sql
Query OK, 0 rows affected (0.01 sec)

Query OK, 988 rows affected, 3 warnings (0.26 sec)
Records: 988  Duplicates: 0  Warnings: 3

+--------------------+
| budget_actual_2021 |
+--------------------+
|                988 |
+--------------------+
1 row in set (0.00 sec)

Query OK, 0 rows affected (0.01 sec)

Query OK, 47 rows affected (0.05 sec)
Records: 47  Duplicates: 0  Warnings: 0

+---------------------------+
| rep_budget_actual_2021_pv |
+---------------------------+
|                        47 |
+---------------------------+
1 row in set (0.00 sec)

mysql> mysql \. C:\workspace\cloud\code\sql\_DailyScript\currenttime.sql
+---------------------+
| currenttime         |
+---------------------+
| 2021-11-12 10:21:20 |
+---------------------+
1 row in set (0.00 sec)

mysql> 
mysql> mysql \. C:\workspace\cloud\code\sql\_DailyScript\reports-sales-addons-prepaid-camera.sql
Database changed
Query OK, 0 rows affected (0.01 sec)

Query OK, 4395 rows affected (0.29 sec)
Records: 4395  Duplicates: 0  Warnings: 0

Query OK, 0 rows affected (0.01 sec)

Query OK, 25802 rows affected (21.29 sec)
Records: 25802  Duplicates: 0  Warnings: 0

+--------------------+
| rep_prepaid_camera |
+--------------------+
|               4395 |
+--------------------+
1 row in set (0.01 sec)

+-----------+
| rep_addon |
+-----------+
|     25802 |
+-----------+
1 row in set (0.01 sec)

mysql> mysql \. C:\workspace\cloud\code\sql\_DailyScript\currenttime.sql
+---------------------+
| currenttime         |
+---------------------+
| 2021-11-12 10:21:41 |
+---------------------+
1 row in set (0.00 sec)

mysql> 
mysql> mysql \. C:\workspace\cloud\code\sql\_DailyScript\RCB_ClientAnalyticsReport_Script.sql
Database changed
Query OK, 0 rows affected (0.00 sec)

Query OK, 0 rows affected (0.06 sec)

Query OK, 2162191 rows affected (1 min 24.24 sec)
Records: 2162191  Duplicates: 0  Warnings: 0

Query OK, 0 rows affected (12.31 sec)
Records: 0  Duplicates: 0  Warnings: 0

Query OK, 0 rows affected (5.79 sec)
Records: 0  Duplicates: 0  Warnings: 0

Query OK, 0 rows affected (9.50 sec)
Records: 0  Duplicates: 0  Warnings: 0

Query OK, 0 rows affected (10.12 sec)
Records: 0  Duplicates: 0  Warnings: 0

Query OK, 0 rows affected (9.65 sec)
Records: 0  Duplicates: 0  Warnings: 0

Query OK, 0 rows affected (8.99 sec)
Records: 0  Duplicates: 0  Warnings: 0

Query OK, 0 rows affected (0.00 sec)

Query OK, 498978 rows affected, 30878 warnings (15.23 sec)
Rows matched: 2162191  Changed: 498978  Warnings: 30878

Query OK, 0 rows affected (0.01 sec)

Query OK, 29159 rows affected (11.12 sec)
Records: 29159  Duplicates: 0  Warnings: 0

+---------------------+
| clientcontractssubs |
+---------------------+
|               29159 |
+---------------------+
1 row in set (0.01 sec)

Query OK, 0 rows affected (0.01 sec)

Query OK, 45783 rows affected (11 min 43.72 sec)
Records: 45783  Duplicates: 0  Warnings: 0

Query OK, 0 rows affected (0.21 sec)
Records: 0  Duplicates: 0  Warnings: 0

Query OK, 0 rows affected (0.17 sec)
Records: 0  Duplicates: 0  Warnings: 0

Query OK, 0 rows affected (0.11 sec)
Records: 0  Duplicates: 0  Warnings: 0

+-----------------------+
| clientcontracthistory |
+-----------------------+
|                 45783 |
+-----------------------+
1 row in set (0.01 sec)

Query OK, 0 rows affected (0.03 sec)

Query OK, 2953394 rows affected (1 min 36.36 sec)
Records: 2953394  Duplicates: 0  Warnings: 0

Query OK, 0 rows affected (0.02 sec)

Query OK, 495223 rows affected (5 min 23.57 sec)
Records: 495223  Duplicates: 0  Warnings: 0

Query OK, 0 rows affected (1.67 sec)
Records: 0  Duplicates: 0  Warnings: 0

Query OK, 0 rows affected (0.85 sec)
Records: 0  Duplicates: 0  Warnings: 0

Query OK, 0 rows affected (1.91 sec)
Records: 0  Duplicates: 0  Warnings: 0

Query OK, 0 rows affected (0.93 sec)
Records: 0  Duplicates: 0  Warnings: 0

+--------------------------+
| clientcontractinvpmt_stg |
+--------------------------+
|                   495223 |
+--------------------------+
1 row in set (0.13 sec)

Query OK, 0 rows affected (0.02 sec)

Query OK, 495223 rows affected (13.44 sec)
Records: 495223  Duplicates: 0  Warnings: 0

Query OK, 0 rows affected (1.80 sec)
Records: 0  Duplicates: 0  Warnings: 0

Query OK, 0 rows affected (1.04 sec)
Records: 0  Duplicates: 0  Warnings: 0

Query OK, 0 rows affected (2.10 sec)
Records: 0  Duplicates: 0  Warnings: 0

Query OK, 0 rows affected (1.10 sec)
Records: 0  Duplicates: 0  Warnings: 0

+----------------------+
| clientcontractinvpmt |
+----------------------+
|               495223 |
+----------------------+
1 row in set (0.14 sec)

Query OK, 0 rows affected (0.01 sec)

Query OK, 45783 rows affected (1 min 36.85 sec)
Records: 45783  Duplicates: 0  Warnings: 0

+--------------+
| clientreport |
+--------------+
|        45783 |
+--------------+
1 row in set (0.02 sec)

Query OK, 0 rows affected (0.01 sec)

Query OK, 45783 rows affected (16.80 sec)
Records: 45783  Duplicates: 0  Warnings: 0

+----------------------+
| clientextendedreport |
+----------------------+
|                45783 |
+----------------------+
1 row in set (0.01 sec)

Query OK, 0 rows affected (0.01 sec)

Query OK, 45783 rows affected (1 min 22.65 sec)
Records: 45783  Duplicates: 0  Warnings: 0

+---------+
| allcust |
+---------+
|   45783 |
+---------+
1 row in set (0.01 sec)

Query OK, 0 rows affected, 1 warning (0.00 sec)

Query OK, 5000 rows affected (0.14 sec)
Records: 5000  Duplicates: 0  Warnings: 0

Query OK, 0 rows affected (0.01 sec)

Query OK, 6772 rows affected (0.34 sec)
Records: 6772  Duplicates: 0  Warnings: 0

Query OK, 0 rows affected, 1 warning (0.00 sec)

Query OK, 5000 rows affected (0.15 sec)
Records: 5000  Duplicates: 0  Warnings: 0

Query OK, 0 rows affected (0.01 sec)

Query OK, 7160 rows affected (0.19 sec)
Records: 7160  Duplicates: 0  Warnings: 0

mysql> mysql \. C:\workspace\cloud\code\sql\_DailyScript\currenttime.sql
+---------------------+
| currenttime         |
+---------------------+
| 2021-11-12 10:46:55 |
+---------------------+
1 row in set (0.00 sec)

mysql> 
mysql> mysql \. C:\workspace\cloud\code\sql\_DailyScript\REVENUE_PER_NODE_MXK.sql
Query OK, 0 rows affected (0.01 sec)

Query OK, 0 rows affected (0.01 sec)

Query OK, 0 rows affected (0.01 sec)

Query OK, 12441 rows affected (4.08 sec)
Records: 12441  Duplicates: 0  Warnings: 0

+----------------------+
| message              |
+----------------------+
| created temp table a |
+----------------------+
1 row in set (0.00 sec)

Query OK, 6786 rows affected (1.00 sec)
Records: 6786  Duplicates: 0  Warnings: 0

+----------------------+
| message              |
+----------------------+
| created temp table b |
+----------------------+
1 row in set (0.00 sec)

Query OK, 0 rows affected, 1 warning (0.00 sec)

Query OK, 12750 rows affected (34.96 sec)
Records: 12750  Duplicates: 0  Warnings: 0

+--------------------------------+
| message                        |
+--------------------------------+
| created rcbill_my.tempcustmxk1 |
+--------------------------------+
1 row in set (0.00 sec)

Query OK, 0 rows affected (0.01 sec)

Query OK, 0 rows affected (0.00 sec)

Query OK, 0 rows affected, 1 warning (0.00 sec)

Query OK, 12441 rows affected (3.68 sec)
Records: 12441  Duplicates: 0  Warnings: 0

+----------------+
| message        |
+----------------+
| created temp a |
+----------------+
1 row in set (0.00 sec)

Query OK, 6786 rows affected (0.89 sec)
Records: 6786  Duplicates: 0  Warnings: 0

+----------------+
| message        |
+----------------+
| created temp b |
+----------------+
1 row in set (0.00 sec)

Query OK, 0 rows affected, 1 warning (0.00 sec)

Query OK, 6918 rows affected (17.90 sec)
Records: 6918  Duplicates: 0  Warnings: 0

+--------------------------------+
| message                        |
+--------------------------------+
| created rcbill_my.tempcustmxk2 |
+--------------------------------+
1 row in set (0.00 sec)

Query OK, 0 rows affected (0.01 sec)

Query OK, 0 rows affected (0.00 sec)

Query OK, 0 rows affected, 1 warning (0.00 sec)

Query OK, 0 rows affected (0.01 sec)

Query OK, 13670 rows affected (0.64 sec)
Records: 13670  Duplicates: 0  Warnings: 0

+---------------------------------+
| message                         |
+---------------------------------+
| created rcbill_my.customers_mxk |
+---------------------------------+
1 row in set (0.00 sec)

Query OK, 0 rows affected (0.01 sec)

Query OK, 0 rows affected (0.00 sec)

Query OK, 25365 rows affected (7.04 sec)
Records: 25365  Duplicates: 0  Warnings: 0

+----------------+
| message        |
+----------------+
| created temp a |
+----------------+
1 row in set (0.00 sec)

Query OK, 17831 rows affected (1.90 sec)
Records: 17831  Duplicates: 0  Warnings: 0

+----------------+
| message        |
+----------------+
| created temp c |
+----------------+
1 row in set (0.00 sec)

Query OK, 0 rows affected, 1 warning (0.00 sec)

Query OK, 25365 rows affected (0.35 sec)
Records: 25365  Duplicates: 0  Warnings: 0

+---------------------------------+
| message                         |
+---------------------------------+
| created rcbill_my.tempcustcmts1 |
+---------------------------------+
1 row in set (0.00 sec)

Query OK, 0 rows affected (0.01 sec)

Query OK, 0 rows affected, 1 warning (0.00 sec)

Query OK, 0 rows affected (0.01 sec)

Query OK, 25365 rows affected (7.31 sec)
Records: 25365  Duplicates: 0  Warnings: 0

+----------------+
| message        |
+----------------+
| created temp a |
+----------------+
1 row in set (0.00 sec)

Query OK, 17831 rows affected (1.68 sec)
Records: 17831  Duplicates: 0  Warnings: 0

+----------------+
| message        |
+----------------+
| created temp c |
+----------------+
1 row in set (0.00 sec)

Query OK, 0 rows affected, 1 warning (0.00 sec)

Query OK, 17831 rows affected (0.18 sec)
Records: 17831  Duplicates: 0  Warnings: 0

+---------------------------------+
| message                         |
+---------------------------------+
| created rcbill_my.tempcustcmts2 |
+---------------------------------+
1 row in set (0.00 sec)

Query OK, 0 rows affected (0.01 sec)

Query OK, 0 rows affected, 1 warning (0.00 sec)

Query OK, 0 rows affected (0.01 sec)

Query OK, 0 rows affected (0.01 sec)

Query OK, 31748 rows affected (1.25 sec)
Records: 31748  Duplicates: 0  Warnings: 0

+----------------------------------+
| message                          |
+----------------------------------+
| created rcbill_my.customers_cmts |
+----------------------------------+
1 row in set (0.00 sec)

Query OK, 0 rows affected (0.01 sec)

Query OK, 0 rows affected (0.00 sec)

Query OK, 0 rows affected (0.01 sec)

Query OK, 36112 rows affected (1.50 sec)
Records: 36112  Duplicates: 0  Warnings: 0

+--------------------------------------+
| message                              |
+--------------------------------------+
| created rcbill_my.customers_cmts_mxk |
+--------------------------------------+
1 row in set (0.00 sec)

Query OK, 524870 rows affected (1 min 9.76 sec)
Records: 524870  Duplicates: 0  Warnings: 0

+----------------+
| message        |
+----------------+
| created temp a |
+----------------+
1 row in set (0.00 sec)

Query OK, 0 rows affected (0.02 sec)

Query OK, 529014 rows affected (10.81 sec)
Records: 529014  Duplicates: 0  Warnings: 0

+------------------------------------------------+
| message                                        |
+------------------------------------------------+
| created rcbill_my.customers_contracts_cmts_mxk |
+------------------------------------------------+
1 row in set (0.00 sec)

Query OK, 0 rows affected (0.04 sec)

Query OK, 0 rows affected, 1 warning (0.00 sec)

Query OK, 0 rows affected, 1 warning (0.00 sec)

Query OK, 0 rows affected (0.00 sec)

Query OK, 4129 rows affected (2.29 sec)
Rows matched: 4129  Changed: 4129  Warnings: 0

+------------------------------------------------+
| message                                        |
+------------------------------------------------+
| updated rcbill_my.customers_contracts_cmts_mxk |
+------------------------------------------------+
1 row in set (0.00 sec)

Query OK, 0 rows affected (0.03 sec)

Query OK, 2262156 rows affected (4 min 10.25 sec)
Records: 2262156  Duplicates: 0  Warnings: 0

+----------------------------------------+
| message                                |
+----------------------------------------+
| created rcbill_my.customers_collection |
+----------------------------------------+
1 row in set (0.00 sec)

Query OK, 0 rows affected (0.05 sec)

Query OK, 2709514 rows affected (2 min 7.42 sec)
Records: 2709514  Duplicates: 0  Warnings: 0

+------------------------------------------------+
| message                                        |
+------------------------------------------------+
| created rcbill_my.customers_cmts_mxk_cont_coll |
+------------------------------------------------+
1 row in set (0.00 sec)

Query OK, 0 rows affected (0.11 sec)

Query OK, 477416 rows affected (3 min 16.70 sec)
Records: 477416  Duplicates: 0  Warnings: 0

+--------------------------------------------------------+
| message                                                |
+--------------------------------------------------------+
| created rcbill_my.customers_contracts_collection_pivot |
+--------------------------------------------------------+
1 row in set (0.00 sec)

Query OK, 0 rows affected (0.02 sec)

Query OK, 41777 rows affected (3 min 16.12 sec)
Records: 41777  Duplicates: 0  Warnings: 0

+----------------------------------------------+
| message                                      |
+----------------------------------------------+
| created rcbill_my.customers_collection_pivot |
+----------------------------------------------+
1 row in set (0.01 sec)

Query OK, 0 rows affected (0.03 sec)

Query OK, 45783 rows affected (2.33 sec)
Records: 45783  Duplicates: 0  Warnings: 0

+--------------------------------------------+
| message                                    |
+--------------------------------------------+
| created rcbill_my.rep_customers_collection |
+--------------------------------------------+
1 row in set (0.00 sec)

Query OK, 0 rows affected (0.00 sec)

Query OK, 0 rows affected, 1 warning (0.00 sec)

Query OK, 486587 rows affected (18.01 sec)
Records: 486587  Duplicates: 0  Warnings: 0

+-------------------------+
| message                 |
+-------------------------+
| created rcbill_my.tempa |
+-------------------------+
1 row in set (0.00 sec)

Query OK, 0 rows affected, 1 warning (0.00 sec)

Query OK, 477416 rows affected (33.65 sec)
Records: 477416  Duplicates: 0  Warnings: 0

+-------------------------+
| message                 |
+-------------------------+
| created rcbill_my.tempb |
+-------------------------+
1 row in set (0.00 sec)

Query OK, 486587 rows affected (36.10 sec)
Records: 486587  Duplicates: 0  Warnings: 0

+-----------+
| message   |
+-----------+
| created a |
+-----------+
1 row in set (0.00 sec)

Query OK, 477417 rows affected (35.62 sec)
Records: 477417  Duplicates: 0  Warnings: 0

+-----------+
| message   |
+-----------+
| created b |
+-----------+
1 row in set (0.00 sec)

Query OK, 0 rows affected (0.05 sec)

Query OK, 0 rows affected (0.03 sec)

Query OK, 0 rows affected (0.03 sec)

Query OK, 523423 rows affected (1 min 5.54 sec)
Records: 523423  Duplicates: 0  Warnings: 0

+----------------------------------------------+
| message                                      |
+----------------------------------------------+
| created rcbill_my.cust_cont_payment_cmts_mxk |
+----------------------------------------------+
1 row in set (0.00 sec)

Query OK, 0 rows affected (0.03 sec)

Query OK, 0 rows affected (0.02 sec)

Query OK, 0 rows affected, 1 warning (0.00 sec)

Query OK, 0 rows affected (0.01 sec)

Query OK, 45783 rows affected (29.60 sec)
Records: 45783  Duplicates: 0  Warnings: 0

+--------------------------------------------------+
| message                                          |
+--------------------------------------------------+
| created rcbill_my.rep_cust_cont_payment_cmts_mxk |
+--------------------------------------------------+
1 row in set (0.00 sec)

Query OK, 0 rows affected, 1 warning (0.00 sec)

Query OK, 0 rows affected, 1 warning (0.00 sec)

Query OK, 0 rows affected (0.01 sec)

Query OK, 45783 rows affected (10.53 sec)
Records: 45783  Duplicates: 0  Warnings: 0

+----------------------+
| rep_custconsolidated |
+----------------------+
|                45783 |
+----------------------+
1 row in set (0.01 sec)

Query OK, 0 rows affected (0.01 sec)

Query OK, 37 rows affected (0.13 sec)
Records: 37  Duplicates: 0  Warnings: 0

+---------------------------------------+
| rep_activecustomerdistribution_level1 |
+---------------------------------------+
|                                    37 |
+---------------------------------------+
1 row in set (0.00 sec)

Query OK, 0 rows affected (0.01 sec)

Query OK, 226 rows affected (0.14 sec)
Records: 226  Duplicates: 0  Warnings: 0

+---------------------------------------+
| rep_activecustomerdistribution_level2 |
+---------------------------------------+
|                                   226 |
+---------------------------------------+
1 row in set (0.00 sec)

Query OK, 0 rows affected (0.01 sec)

Query OK, 45783 rows affected (9.12 sec)
Records: 45783  Duplicates: 0  Warnings: 0

+------------------------------+
| rep_custaddressparcelsprefix |
+------------------------------+
|                        45783 |
+------------------------------+
1 row in set (0.01 sec)

Query OK, 0 rows affected (0.01 sec)

Query OK, 15949 rows affected (0.91 sec)
Records: 15949  Duplicates: 0  Warnings: 0

+-------------------------------------+
| rep_residentialcustomers_tillasleep |
+-------------------------------------+
|                               15949 |
+-------------------------------------+
1 row in set (0.01 sec)

Query OK, 0 rows affected (0.01 sec)

+------------------------------------+
| message                            |
+------------------------------------+
| creating rcbill_my.rep_custextract |
+------------------------------------+
1 row in set (0.00 sec)

Query OK, 45783 rows affected (1.52 sec)
Records: 45783  Duplicates: 0  Warnings: 0

+-----------------+
| rep_custextract |
+-----------------+
|           45783 |
+-----------------+
1 row in set (0.01 sec)

Query OK, 0 rows affected (0.00 sec)

Query OK, 0 rows affected (0.01 sec)

+----------------------------------------------+
| message                                      |
+----------------------------------------------+
| creating rcbill_my.retentioncustomeractivity |
+----------------------------------------------+
1 row in set (0.00 sec)

Query OK, 1089 rows affected (0.11 sec)
Records: 1089  Duplicates: 0  Warnings: 0

+---------------------------+
| retentioncustomeractivity |
+---------------------------+
|                      1089 |
+---------------------------+
1 row in set (0.00 sec)

+-----------+------------------------------------+------------+-------------+-----------------+------------------+---------------------+-------------------+
| HFC_NODE  | NODENAME                           | CMTS_DATE  | INSERTED_ON | UNIQUE_ACCOUNTS | UNIQUE_CONTRACTS | UNIQUE_MAC_INRCBOSS | UNIQUE_MAC_INCMTS |
+-----------+------------------------------------+------------+-------------+-----------------+------------------+---------------------+-------------------+
| NULL      | NULL                               | NULL       | 2021-11-12  |           16586 |            22882 |               13989 |                 0 |
| C5/0/0/U0 | ANSE-BOILEAU-2                     | 2021-03-10 | 2021-11-12  |               0 |                0 |                   0 |               204 |
| C5/0/0/U1 | 500-C3-ANSE-BOILEAU                | 2021-03-10 | 2021-11-12  |               0 |                0 |                   0 |               202 |
| C5/0/1/U0 | 501-C4-LA-MISIERE-LEFT-I           | 2021-03-10 | 2021-11-12  |               0 |                0 |                   0 |               164 |
| C5/0/1/U1 | 501-C5-LA-MISIERE-RIGHT            | 2021-03-10 | 2021-11-12  |               0 |                0 |                   0 |               115 |
| C5/0/1/U2 | 501-C7-LA-MISIERE-LEFT-II          | 2021-03-10 | 2021-11-12  |               0 |                0 |                   0 |               161 |
| C5/0/2/U0 | 502-C8-LA-LOUISE                   | 2021-03-10 | 2021-11-12  |               0 |                0 |                   0 |               139 |
| C5/0/2/U1 | LA-LOUISE-2                        | 2021-03-10 | 2021-11-12  |               0 |                0 |                   0 |               142 |
| C5/0/3/U0 | 504-C6-PETIT-PARIS                 | 2021-03-10 | 2021-11-12  |               0 |                0 |                   0 |               150 |
| C5/0/3/U1 | PETIT-PARIS-23                     | 2021-03-10 | 2021-11-12  |               0 |                0 |                   0 |                73 |
| C5/0/4/U0 | FOUR-SEASONS                       | 2021-03-10 | 2021-11-12  |               0 |                0 |                   0 |                 2 |
| C5/0/4/U1 | ANCHOR-CAFE-I                      | 2021-03-10 | 2021-11-12  |               0 |                0 |                   0 |               168 |
| C5/0/4/U2 | ANCHOR-CAFE-II                     | 2021-03-10 | 2021-11-12  |               0 |                0 |                   0 |               160 |
| C5/1/0/U0 | POINTE-LARUE-AIRPORT-23            | 2021-03-10 | 2021-11-12  |               0 |                0 |                   0 |               114 |
| C5/1/0/U1 | PPROVIDENCE-23                     | 2021-03-10 | 2021-11-12  |               0 |                0 |                   0 |                21 |
| C5/1/0/U2 | ROSHE-CAIMAN-23                    | 2021-03-10 | 2021-11-12  |               0 |                0 |                   0 |                11 |
| C5/1/0/U3 | HEAD-OFFICE | HO-23                | 2021-03-10 | 2021-11-12  |               0 |                0 |                   0 |                22 |
| C5/1/1/U1 | C5-UNION-VALE                      | 2021-03-10 | 2021-11-12  |               0 |                0 |                   0 |               187 |
| C5/1/3/U0 | POINTE-LARUE-AIRPORT-27            | 2021-03-10 | 2021-11-12  |               0 |                0 |                   0 |               149 |
| C5/1/3/U1 | PPROVIDENCE-27                     | 2021-03-10 | 2021-11-12  |               0 |                0 |                   0 |                23 |
| C5/1/3/U2 | ROSHE-CAIMAN-27                    | 2021-03-10 | 2021-11-12  |               0 |                0 |                   0 |                29 |
| C5/1/3/U3 | HEAD-OFFICE | HO-27                | 2021-03-10 | 2021-11-12  |               0 |                0 |                   0 |                21 |
| C5/1/4/U0 | ANSE-ROYALE-27                     | 2021-03-10 | 2021-11-12  |               0 |                0 |                   0 |                99 |
| C5/1/4/U1 | GLACIS-2-57                        | 2021-03-10 | 2021-11-12  |               0 |                0 |                   0 |                64 |
| C5/1/4/U2 | NULL                               | 2021-03-10 | 2021-11-12  |               0 |                0 |                   0 |               115 |
| C5/1/4/U3 | GLACIS-1                           | 2021-03-10 | 2021-11-12  |               0 |                0 |                   0 |                26 |
| C6/0/1/U0 | SERRET-ROAD-RIGHT/CURIO/PASCAL     | 2021-03-10 | 2021-11-12  |               0 |                0 |                   0 |               129 |
| C6/0/1/U1 | SERRET-ROAD-LEFT/ST.LOUIS/TOWN     | 2021-03-10 | 2021-11-12  |               0 |                0 |                   0 |                74 |
| C6/0/1/U2 | SERRET-ROAD-RIGHT/CURIO/PASCAL-2   | 2021-03-10 | 2021-11-12  |               0 |                0 |                   0 |               130 |
| C6/0/1/U3 | SERRET-ROAD-LEFT/ST.LOUIS/TOWN-2   | 2021-03-10 | 2021-11-12  |               0 |                0 |                   0 |                75 |
| C6/0/2/U0 | SANS-SOUCIS-I                      | 2021-03-10 | 2021-11-12  |               0 |                0 |                   0 |               134 |
| C6/0/2/U1 | SANS-SOUCIS-II                     | 2021-03-10 | 2021-11-12  |               0 |                0 |                   0 |                78 |
| C6/0/2/U2 | BEL-AIR-27                         | 2021-03-10 | 2021-11-12  |               0 |                0 |                   0 |                91 |
| C6/0/2/U3 | BEL-AIR-38                         | 2021-03-10 | 2021-11-12  |               0 |                0 |                   0 |                84 |
| C6/0/3/U0 | LES-MAMELLES-23                    | 2021-03-10 | 2021-11-12  |               0 |                0 |                   0 |                56 |
| C6/0/3/U1 | VICTORIA-23                        | 2021-03-10 | 2021-11-12  |               0 |                0 |                   0 |                22 |
| C6/0/4/U0 | LES-MAMELLES-27                    | 2021-03-10 | 2021-11-12  |               0 |                0 |                   0 |               100 |
| C6/0/4/U1 | VICTORIA-27                        | 2021-03-10 | 2021-11-12  |               0 |                0 |                   0 |                20 |
| C7/1/0/U0 | LA-RETRAITE-23                     | 2021-03-10 | 2021-11-12  |               0 |                0 |                   0 |                75 |
| C7/1/0/U1 | TEA-FACTORY-23                     | 2021-03-10 | 2021-11-12  |               0 |                0 |                   0 |                34 |
| C7/1/0/U2 | PAS-23                             | 2021-03-10 | 2021-11-12  |               0 |                0 |                   0 |                88 |
| C7/1/1/U0 | REEF-ESTATE-23                     | 2021-03-10 | 2021-11-12  |               0 |                0 |                   0 |                77 |
| C7/1/2/U0 | LA-RETRAITE-27                     | 2021-03-10 | 2021-11-12  |               0 |                0 |                   0 |                72 |
| C7/1/2/U1 | TEA-FACTORY-27                     | 2021-03-10 | 2021-11-12  |               0 |                0 |                   0 |                22 |
| C7/1/2/U2 | PAS-27                             | 2021-03-10 | 2021-11-12  |               0 |                0 |                   0 |               100 |
| C7/1/3/U0 | MT-BUXTON-27                       | 2021-03-10 | 2021-11-12  |               0 |                0 |                   0 |               156 |
| C7/1/3/U1 | MT-BUXTON-23                       | 2021-03-10 | 2021-11-12  |               0 |                0 |                   0 |                76 |
| C7/1/4/U0 | REEF-ESTATE-27                     | 2021-03-10 | 2021-11-12  |               0 |                0 |                   0 |                94 |
| C8/0/0/U0 | POLICE-ACADEMY-1-27 - POINTE LARUE | 2021-03-10 | 2021-11-12  |               0 |                0 |                   0 |                85 |
| C8/0/0/U1 | NULL                               | 2021-03-10 | 2021-11-12  |               0 |                0 |                   0 |               109 |
| C8/0/1/U0 | NULL                               | 2021-03-10 | 2021-11-12  |               0 |                0 |                   0 |               310 |
| C8/0/1/U1 | POLICE-ACADEMY-2-27 - TURTLE BAY   | 2021-03-10 | 2021-11-12  |               0 |                0 |                   0 |               165 |
| C8/1/0/U0 | MA-JOIE-NODE-27                    | 2021-03-10 | 2021-11-12  |               0 |                0 |                   0 |                92 |
| C8/1/0/U1 | BELONIE-27                         | 2021-03-10 | 2021-11-12  |               0 |                0 |                   0 |               146 |
| C8/1/0/U3 | MA-JOIE-NODE-23                    | 2021-03-10 | 2021-11-12  |               0 |                0 |                   0 |                91 |
| C8/1/1/U0 | 611-C1-ROJN I                      | 2021-03-10 | 2021-11-12  |               0 |                0 |                   0 |               116 |
| C8/1/1/U1 | 611-C5-ROJN II                     | 2021-03-10 | 2021-11-12  |               0 |                0 |                   0 |               118 |
| C8/1/2/U0 | 612-C2-ANSE-ETOILE                 | 2021-03-10 | 2021-11-12  |               0 |                0 |                   0 |               112 |
| C8/1/2/U1 | ANSE-ETOILE-U2                     | 2021-03-10 | 2021-11-12  |               0 |                0 |                   0 |                49 |
| C8/1/3/U0 | 613-C3-ANSE-GAULETTE I             | 2021-03-10 | 2021-11-12  |               0 |                0 |                   0 |                77 |
| C8/1/3/U1 | 613-C7-ANSE-GAULETTE II            | 2021-03-10 | 2021-11-12  |               0 |                0 |                   0 |                80 |
| C8/1/3/U2 | 613-C3-ANSE-GAULETTE III           | 2021-03-10 | 2021-11-12  |               0 |                0 |                   0 |                41 |
| C8/1/3/U3 | TAKAMAKA I                         | 2021-03-10 | 2021-11-12  |               0 |                0 |                   0 |               100 |
| C8/1/3/U4 | TAKAMAKA II                        | 2021-03-10 | 2021-11-12  |               0 |                0 |                   0 |               103 |
| C8/1/4/U0 | 614-BEOLIERE-NODE-1                | 2021-03-10 | 2021-11-12  |               0 |                0 |                   0 |               135 |
| C8/1/4/U1 | 614-BEOLIERE-NODE-2                | 2021-03-10 | 2021-11-12  |               0 |                0 |                   0 |               106 |
+-----------+------------------------------------+------------+-------------+-----------------+------------------+---------------------+-------------------+
66 rows in set (0.61 sec)

+-----------------------+------------+-------------+-----------------+------------------+----------------------+-------------------+
| MXK_NAME              | MXK_DATE   | INSERTED_ON | UNIQUE_ACCOUNTS | UNIQUE_CONTRACTS | UNIQUE_FSAN_INRCBOSS | UNIQUE_FSAN_INMXK |
+-----------------------+------------+-------------+-----------------+------------------+----------------------+-------------------+
| NULL                  | NULL       | 2021-11-12  |            4990 |             6294 |                 3543 |                 0 |
| MXK-MAHE-ANSEETOILE   | 2020-07-27 | 2021-11-12  |             375 |              379 |                  378 |               398 |
| MXK-MAHE-ANSEROYALE   | 2020-07-27 | 2021-11-12  |             171 |              173 |                  172 |               198 |
| MXK-MAHE-BEAUVALLON-1 | 2020-07-27 | 2021-11-12  |            1784 |             1812 |                 1799 |              1919 |
| MXK-MAHE-BEAUVALLON-2 | 2020-07-27 | 2021-11-12  |              23 |               23 |                   23 |                30 |
| MXK-MAHE-PERSEVERANCE | 2020-07-27 | 2021-11-12  |            1052 |             1077 |                 1063 |              1241 |
| MXK-MAHE-PROVIDENCE   | 2020-07-27 | 2021-11-12  |             991 |             1022 |                  938 |              1192 |
| MXK-PRASLIN-GRANDANSE | 2020-07-27 | 2021-11-12  |            1273 |             1277 |                 1269 |              1514 |
+-----------------------+------------+-------------+-----------------+------------------+----------------------+-------------------+
8 rows in set (0.24 sec)

mysql> mysql \. C:\workspace\cloud\code\sql\_DailyScript\currenttime.sql
+---------------------+
| currenttime         |
+---------------------+
| 2021-11-12 11:06:38 |
+---------------------+
1 row in set (0.00 sec)

mysql> 
mysql> mysql \. C:\workspace\cloud\code\sql\_DailyScript\housing-estate-analysis.sql
Database changed
Query OK, 0 rows affected (0.01 sec)

Query OK, 3722 rows affected (13.81 sec)
Records: 3722  Duplicates: 0  Warnings: 0

+--------------------+
| rep_housingestates |
+--------------------+
|               3722 |
+--------------------+
1 row in set (0.00 sec)

mysql> mysql \. C:\workspace\cloud\code\sql\_DailyScript\currenttime.sql
+---------------------+
| currenttime         |
+---------------------+
| 2021-11-12 11:06:52 |
+---------------------+
1 row in set (0.00 sec)

mysql> 
mysql> 
mysql> mysql \. C:\workspace\cloud\code\sql\Analysis\service_tickets_assignments.sql
Query OK, 0 rows affected (0.02 sec)

Query OK, 92855 rows affected (14.89 sec)
Records: 92855  Duplicates: 0  Warnings: 0

+-------------------------+
| rep_servicetickets_2021 |
+-------------------------+
|                   92855 |
+-------------------------+
1 row in set (0.10 sec)

Query OK, 0 rows affected (0.01 sec)

Query OK, 15936 rows affected (2.38 sec)
Records: 15936  Duplicates: 0  Warnings: 0

+------------------+
| rep_tkt_f_level1 |
+------------------+
|            15936 |
+------------------+
1 row in set (0.01 sec)

Query OK, 0 rows affected (0.01 sec)

Query OK, 92453 rows affected (3.61 sec)
Records: 92453  Duplicates: 0  Warnings: 0

+------------------+
| rep_tkt_f_level2 |
+------------------+
|            92453 |
+------------------+
1 row in set (0.03 sec)

Query OK, 0 rows affected (0.01 sec)

Query OK, 132005 rows affected (5.12 sec)
Records: 132005  Duplicates: 0  Warnings: 0

+------------------+
| rep_tkt_f_level3 |
+------------------+
|           132005 |
+------------------+
1 row in set (0.03 sec)

Query OK, 0 rows affected (0.01 sec)

Query OK, 3543 rows affected (0.80 sec)
Records: 3543  Duplicates: 0  Warnings: 0

+--------------------+
| rep_tkt_irs_level1 |
+--------------------+
|               3543 |
+--------------------+
1 row in set (0.00 sec)

Query OK, 0 rows affected (0.01 sec)

Query OK, 17150 rows affected (0.80 sec)
Records: 17150  Duplicates: 0  Warnings: 0

+--------------------+
| rep_tkt_irs_level2 |
+--------------------+
|              17150 |
+--------------------+
1 row in set (0.01 sec)

Query OK, 0 rows affected (0.01 sec)

Query OK, 28321 rows affected (1.23 sec)
Records: 28321  Duplicates: 0  Warnings: 0

+--------------------+
| rep_tkt_irs_level3 |
+--------------------+
|              28321 |
+--------------------+
1 row in set (0.01 sec)

mysql> mysql \. C:\workspace\cloud\code\sql\_DailyScript\currenttime.sql
+---------------------+
| currenttime         |
+---------------------+
| 2021-11-12 11:07:21 |
+---------------------+
1 row in set (0.00 sec)

mysql> 
mysql> mysql \. C:\workspace\cloud\code\sql\_DailyScript\DAILY-SCRIPT-USAGESTATS.sql
Database changed
Query OK, 0 rows affected (0.18 sec)

Query OK, 33152994 rows affected, 65535 warnings (9 min 2.52 sec)
Records: 33152994  Duplicates: 0  Warnings: 33142063

Query OK, 0 rows affected (1 min 38.84 sec)
Records: 0  Duplicates: 0  Warnings: 0

Query OK, 0 rows affected (1 min 37.10 sec)
Records: 0  Duplicates: 0  Warnings: 0

Query OK, 0 rows affected (1 min 36.83 sec)
Records: 0  Duplicates: 0  Warnings: 0

Query OK, 0 rows affected (1 min 26.88 sec)
Records: 0  Duplicates: 0  Warnings: 0

Query OK, 0 rows affected (2 min 29.31 sec)
Records: 0  Duplicates: 0  Warnings: 0

Query OK, 0 rows affected (2 min 22.89 sec)
Records: 0  Duplicates: 0  Warnings: 0

Query OK, 0 rows affected (2 min 18.00 sec)
Records: 0  Duplicates: 0  Warnings: 0

Query OK, 0 rows affected (1 min 34.30 sec)
Records: 0  Duplicates: 0  Warnings: 0

+----------+
| ipusage  |
+----------+
| 33152994 |
+----------+
1 row in set (12.94 sec)

Query OK, 0 rows affected (0.09 sec)

Query OK, 9805878 rows affected (9 min 22.47 sec)
Records: 9805878  Duplicates: 0  Warnings: 0

Query OK, 0 rows affected (36.97 sec)
Records: 0  Duplicates: 0  Warnings: 0

Query OK, 0 rows affected (22.08 sec)
Records: 0  Duplicates: 0  Warnings: 0

Query OK, 0 rows affected (36.96 sec)
Records: 0  Duplicates: 0  Warnings: 0

Query OK, 0 rows affected (42.94 sec)
Records: 0  Duplicates: 0  Warnings: 0

Query OK, 0 rows affected (26.92 sec)
Records: 0  Duplicates: 0  Warnings: 0

+------------------+
| clientcontractip |
+------------------+
|          9805878 |
+------------------+
1 row in set (2.80 sec)

Query OK, 0 rows affected (0.09 sec)

Query OK, 16290085 rows affected (3 min 33.46 sec)
Records: 16290085  Duplicates: 0  Warnings: 0

+---------------------------+
| clientcontractipusage_stg |
+---------------------------+
|                  16290085 |
+---------------------------+
1 row in set (6.22 sec)

+------------------------------------+
| clientcontractipusage_beforeinsert |
+------------------------------------+
|                           16290085 |
+------------------------------------+
1 row in set (8.11 sec)

Query OK, 10954 rows affected (13.61 sec)
Records: 10954  Duplicates: 0  Warnings: 0

+-----------------------------------+
| clientcontractipusage_afterinsert |
+-----------------------------------+
|                          16301039 |
+-----------------------------------+
1 row in set (7.40 sec)

Query OK, 0 rows affected (0.00 sec)

+------------------------+
| info                   |
+------------------------+
| updating null packages |
+------------------------+
1 row in set (0.00 sec)

Query OK, 0 rows affected (37.06 sec)
Rows matched: 187849  Changed: 0  Warnings: 0

+------------+----------+
| usagedate  | count(*) |
+------------+----------+
| 2021-11-11 |    10954 |
| 2021-11-10 |    11825 |
| 2021-11-09 |    12371 |
| 2021-11-08 |    12480 |
| 2021-11-07 |    12177 |
| 2021-11-06 |    12369 |
| 2021-11-05 |    12680 |
| 2021-11-04 |    12494 |
| 2021-11-03 |    11569 |
| 2021-11-02 |    10604 |
| 2021-11-01 |    10301 |
| 2021-10-31 |    10283 |
| 2021-10-30 |    10463 |
| 2021-10-29 |    10790 |
| 2021-10-28 |    10687 |
+------------+----------+
15 rows in set (0.07 sec)

Query OK, 0 rows affected (0.03 sec)

Query OK, 774967 rows affected (1 min 17.39 sec)
Records: 774967  Duplicates: 0  Warnings: 0

Query OK, 0 rows affected (2.65 sec)
Records: 0  Duplicates: 0  Warnings: 0

Query OK, 0 rows affected (2.35 sec)
Records: 0  Duplicates: 0  Warnings: 0

Query OK, 0 rows affected (2.85 sec)
Records: 0  Duplicates: 0  Warnings: 0

Query OK, 0 rows affected (1.49 sec)
Records: 0  Duplicates: 0  Warnings: 0

Query OK, 0 rows affected (1.49 sec)
Records: 0  Duplicates: 0  Warnings: 0

Query OK, 0 rows affected (1.51 sec)
Records: 0  Duplicates: 0  Warnings: 0

Query OK, 0 rows affected (1.49 sec)
Records: 0  Duplicates: 0  Warnings: 0

+-----------------------+
| clientcontractipmonth |
+-----------------------+
|                774967 |
+-----------------------+
1 row in set (0.22 sec)

Query OK, 0 rows affected (0.01 sec)

Query OK, 15895 rows affected (1 min 4.38 sec)
Records: 15895  Duplicates: 0  Warnings: 0

+-----------------------+
| rep_dailypackageusage |
+-----------------------+
|                 15895 |
+-----------------------+
1 row in set (0.01 sec)

mysql> mysql \. C:\workspace\cloud\code\sql\_DailyScript\currenttime.sql
+---------------------+
| currenttime         |
+---------------------+
| 2021-11-12 11:51:14 |
+---------------------+
1 row in set (0.00 sec)

mysql> 
mysql> mysql \. C:\workspace\cloud\code\sql\GIS\GetParcelExtract.sql
Database changed
Query OK, 0 rows affected (0.01 sec)

Query OK, 16031 rows affected (5.14 sec)
Records: 16031  Duplicates: 0  Warnings: 0

+-------------------------+
| IV_PARCELEXTRACTStaging |
+-------------------------+
|                   16031 |
+-------------------------+
1 row in set (0.01 sec)

Query OK, 0 rows affected (0.00 sec)

Query OK, 0 rows affected (0.01 sec)

Query OK, 9776 rows affected (0.28 sec)
Records: 9776  Duplicates: 0  Warnings: 0

+-----------------+
| IV_PARCELFORMAP |
+-----------------+
|            9776 |
+-----------------+
1 row in set (0.01 sec)

Query OK, 0 rows affected (0.01 sec)

Query OK, 216 rows affected (0.03 sec)
Records: 216  Duplicates: 0  Warnings: 0

+----------------------------+
| IV_PARCELFORMAP_Inactive_2 |
+----------------------------+
|                        216 |
+----------------------------+
1 row in set (0.00 sec)

Query OK, 0 rows affected (0.01 sec)

Query OK, 333 rows affected (0.03 sec)
Records: 333  Duplicates: 0  Warnings: 0

+----------------------------+
| IV_PARCELFORMAP_Inactive_3 |
+----------------------------+
|                        333 |
+----------------------------+
1 row in set (0.00 sec)

Query OK, 0 rows affected (0.01 sec)

Query OK, 540 rows affected (0.03 sec)
Records: 540  Duplicates: 0  Warnings: 0

+----------------------------+
| IV_PARCELFORMAP_Inactive_4 |
+----------------------------+
|                        540 |
+----------------------------+
1 row in set (0.00 sec)

Query OK, 0 rows affected (0.01 sec)

Query OK, 2630 rows affected (0.08 sec)
Records: 2630  Duplicates: 0  Warnings: 0

+----------------------------+
| IV_PARCELFORMAP_Inactive_5 |
+----------------------------+
|                       2630 |
+----------------------------+
1 row in set (0.00 sec)

Query OK, 0 rows affected (0.01 sec)

Query OK, 4222 rows affected (0.11 sec)
Records: 4222  Duplicates: 0  Warnings: 0

+---------------------+
| IV_PARCELFORMAP_HFC |
+---------------------+
|                4222 |
+---------------------+
1 row in set (0.00 sec)

Query OK, 0 rows affected (0.01 sec)

Query OK, 4274 rows affected (0.12 sec)
Records: 4274  Duplicates: 0  Warnings: 0

+----------------------+
| IV_PARCELFORMAP_GPON |
+----------------------+
|                 4274 |
+----------------------+
1 row in set (0.00 sec)

Query OK, 0 rows affected (0.01 sec)

Query OK, 59 rows affected (0.02 sec)
Records: 59  Duplicates: 0  Warnings: 0

+---------------------+
| IV_PARCELFORMAP_MIX |
+---------------------+
|                  59 |
+---------------------+
1 row in set (0.00 sec)

mysql> mysql \. C:\workspace\cloud\code\sql\_DailyScript\currenttime.sql
+---------------------+
| currenttime         |
+---------------------+
| 2021-11-12 11:51:20 |
+---------------------+
1 row in set (0.00 sec)

mysql> 
mysql> exit
