    -> 
    -> mysql \. C:\workspace\cloud\code\sql\_DailyScript\_setdates.sql
Database changed
Query OK, 0 rows affected (0.00 sec)

Query OK, 0 rows affected (0.00 sec)

Query OK, 0 rows affected (0.00 sec)

Query OK, 0 rows affected (0.00 sec)

Query OK, 0 rows affected (0.00 sec)

Query OK, 0 rows affected (0.00 sec)

Query OK, 0 rows affected (0.00 sec)

Query OK, 0 rows affected (0.00 sec)

Query OK, 0 rows affected (0.00 sec)

Query OK, 0 rows affected (0.00 sec)

Query OK, 0 rows affected (0.00 sec)

Query OK, 0 rows affected (0.00 sec)

Query OK, 0 rows affected (0.00 sec)

Query OK, 0 rows affected (0.00 sec)

Query OK, 0 rows affected (0.00 sec)

Query OK, 0 rows affected (0.00 sec)

Query OK, 0 rows affected (0.00 sec)

Query OK, 0 rows affected (0.00 sec)

Query OK, 0 rows affected (0.00 sec)

Query OK, 0 rows affected (0.00 sec)

Query OK, 0 rows affected (0.00 sec)

mysql> mysql \. C:\workspace\cloud\code\sql\_DailyScript\currenttime.sql
+---------------------+
| currenttime         |
+---------------------+
| 2020-02-03 05:24:47 |
+---------------------+
1 row in set (0.00 sec)

mysql> 
mysql> mysql \. C:\workspace\cloud\code\sql\_DailyScript\load_RCB_VODTITLES.sql
Database changed
Query OK, 0 rows affected (0.00 sec)

Query OK, 9349 rows affected (0.56 sec)

Query OK, 9351 rows affected, 9351 warnings (0.22 sec)
Records: 9351  Deleted: 0  Skipped: 0  Warnings: 9351

Query OK, 0 rows affected (0.00 sec)

Query OK, 2 rows affected (0.01 sec)

+-----------+
| VODTITLES |
+-----------+
|      9809 |
+-----------+
1 row in set (0.00 sec)

+-----------+-----------+
| titletype | typecount |
+-----------+-----------+
| E         |      7675 |
| N         |       213 |
| T         |      1461 |
| NULL      |      9349 |
+-----------+-----------+
4 rows in set (0.03 sec)

mysql> mysql \. C:\workspace\cloud\code\sql\_DailyScript\currenttime.sql
+---------------------+
| currenttime         |
+---------------------+
| 2020-02-03 05:24:48 |
+---------------------+
1 row in set (0.00 sec)

mysql> 
mysql> mysql \. C:\workspace\cloud\code\sql\_DailyScript\DAILY-SCRIPT-LIVETV-STATS.sql
Database changed
Query OK, 0 rows affected (0.01 sec)

Query OK, 95445 rows affected (1.61 sec)
Records: 95445  Duplicates: 0  Warnings: 0

+------------+------------+----------+--------------+--------------+-----------+-------------+----------+--------+------+------------+---------+---------------+
| Table      | Non_unique | Key_name | Seq_in_index | Column_name  | Collation | Cardinality | Sub_part | Packed | Null | Index_type | Comment | Index_comment |
+------------+------------+----------+--------------+--------------+-----------+-------------+----------+--------+------+------------+---------+---------------+
| templivetv |          1 | idxtv1   |            1 | device       | A         |       95545 |     NULL | NULL   | YES  | BTREE      |         |               |
| templivetv |          1 | idxtv2   |            1 | sessionstart | A         |       95545 |     NULL | NULL   | YES  | BTREE      |         |               |
+------------+------------+----------+--------------+--------------+-----------+-------------+----------+--------+------+------------+---------+---------------+
2 rows in set (0.00 sec)

Query OK, 95319 rows affected (52.57 sec)
Records: 95319  Duplicates: 0  Warnings: 0

Query OK, 2741 rows affected (0.93 sec)
Records: 2741  Duplicates: 0  Warnings: 0

Query OK, 0 rows affected (0.00 sec)

Query OK, 0 rows affected (0.01 sec)

Query OK, 134 rows affected (0.10 sec)
Records: 134  Duplicates: 0  Warnings: 0

Query OK, 0 rows affected (0.01 sec)

Query OK, 107232 rows affected (24 min 13.24 sec)
Records: 107232  Duplicates: 0  Warnings: 0

+-----------------+
| rep_livetvstats |
+-----------------+
|          107232 |
+-----------------+
1 row in set (0.03 sec)

mysql> mysql \. C:\workspace\cloud\code\sql\_DailyScript\currenttime.sql
+---------------------+
| currenttime         |
+---------------------+
| 2020-02-03 05:49:56 |
+---------------------+
1 row in set (0.00 sec)

mysql> 
mysql> mysql \. C:\workspace\cloud\code\sql\_DailyScript\DAILY-SCRIPT-VODTS-STATS.sql
Database changed
Query OK, 0 rows affected (0.20 sec)

Query OK, 5731 rows affected (1 min 21.39 sec)
Records: 5731  Duplicates: 0  Warnings: 0

+---------+------------+----------+--------------+--------------+-----------+-------------+----------+--------+------+------------+---------+---------------+
| Table   | Non_unique | Key_name | Seq_in_index | Column_name  | Collation | Cardinality | Sub_part | Packed | Null | Index_type | Comment | Index_comment |
+---------+------------+----------+--------------+--------------+-----------+-------------+----------+--------+------+------------+---------+---------------+
| tempvod |          1 | idxtvod1 |            1 | device       | A         |        5958 |     NULL | NULL   | YES  | BTREE      |         |               |
| tempvod |          1 | idxtvod2 |            1 | sessionstart | A         |        5958 |     NULL | NULL   | YES  | BTREE      |         |               |
+---------+------------+----------+--------------+--------------+-----------+-------------+----------+--------+------+------------+---------+---------------+
2 rows in set (0.00 sec)

Query OK, 5731 rows affected (3.14 sec)
Records: 5731  Duplicates: 0  Warnings: 0

Query OK, 0 rows affected (0.02 sec)

Query OK, 488473 rows affected (42.59 sec)
Records: 488473  Duplicates: 0  Warnings: 0

+--------------+
| rep_vodstats |
+--------------+
|       488473 |
+--------------+
1 row in set (0.15 sec)

Database changed
Query OK, 0 rows affected (0.01 sec)

Query OK, 6878 rows affected (4 min 34.35 sec)
Records: 6878  Duplicates: 0  Warnings: 0

+--------+------------+----------+--------------+--------------+-----------+-------------+----------+--------+------+------------+---------+---------------+
| Table  | Non_unique | Key_name | Seq_in_index | Column_name  | Collation | Cardinality | Sub_part | Packed | Null | Index_type | Comment | Index_comment |
+--------+------------+----------+--------------+--------------+-----------+-------------+----------+--------+------+------------+---------+---------------+
| tempts |          1 | idxtts1  |            1 | device       | A         |        6194 |     NULL | NULL   | YES  | BTREE      |         |               |
| tempts |          1 | idxtts2  |            1 | sessionstart | A         |        6194 |     NULL | NULL   | YES  | BTREE      |         |               |
+--------+------------+----------+--------------+--------------+-----------+-------------+----------+--------+------+------------+---------+---------------+
2 rows in set (0.00 sec)

Query OK, 6861 rows affected (10.74 sec)
Records: 6861  Duplicates: 0  Warnings: 0

Query OK, 0 rows affected (0.02 sec)

Query OK, 29794 rows affected (4 min 30.16 sec)
Records: 29794  Duplicates: 0  Warnings: 0

+-------------+
| rep_tsstats |
+-------------+
|       29794 |
+-------------+
1 row in set (0.01 sec)

mysql> mysql \. C:\workspace\cloud\code\sql\_DailyScript\currenttime.sql
+---------------------+
| currenttime         |
+---------------------+
| 2020-02-03 06:01:19 |
+---------------------+
1 row in set (0.00 sec)

mysql> 
mysql> mysql \. C:\workspace\cloud\code\sql\_DailyScript\DAILY-SCRIPT-RADIO-STATS.sql
Database changed
Query OK, 0 rows affected (0.01 sec)

Query OK, 221338 rows affected (6.02 sec)
Records: 221338  Duplicates: 0  Warnings: 0

+-----------+------------+----------+--------------+--------------+-----------+-------------+----------+--------+------+------------+---------+---------------+
| Table     | Non_unique | Key_name | Seq_in_index | Column_name  | Collation | Cardinality | Sub_part | Packed | Null | Index_type | Comment | Index_comment |
+-----------+------------+----------+--------------+--------------+-----------+-------------+----------+--------+------+------------+---------+---------------+
| tempradio |          1 | idxtrad1 |            1 | device       | A         |      221604 |     NULL | NULL   | YES  | BTREE      |         |               |
| tempradio |          1 | idxtrad2 |            1 | sessionstart | A         |      221604 |     NULL | NULL   | YES  | BTREE      |         |               |
+-----------+------------+----------+--------------+--------------+-----------+-------------+----------+--------+------+------------+---------+---------------+
2 rows in set (0.00 sec)

Query OK, 384 rows affected (4.68 sec)
Records: 384  Duplicates: 0  Warnings: 0

Query OK, 0 rows affected (0.01 sec)

Query OK, 4096 rows affected (0.31 sec)
Records: 4096  Duplicates: 0  Warnings: 0

+----------------+
| rep_radiostats |
+----------------+
|           4096 |
+----------------+
1 row in set (0.00 sec)

mysql> mysql \. C:\workspace\cloud\code\sql\_DailyScript\currenttime.sql
+---------------------+
| currenttime         |
+---------------------+
| 2020-02-03 06:01:30 |
+---------------------+
1 row in set (0.00 sec)

mysql> 
mysql> mysql \. C:\workspace\cloud\code\sql\_DailyScript\DAILY_SCRIPT_TELEMETRY_PIVOT_2020.sql
Query OK, 0 rows affected (0.00 sec)

Query OK, 139 rows affected (0.12 sec)
Records: 139  Duplicates: 0  Warnings: 0

Query OK, 0 rows affected (0.01 sec)

Query OK, 6942 rows affected (1.72 sec)
Records: 6942  Duplicates: 0  Warnings: 0

Query OK, 0 rows affected (0.02 sec)

Query OK, 8 rows affected (0.03 sec)
Records: 8  Duplicates: 0  Warnings: 0

Query OK, 0 rows affected (0.00 sec)

Query OK, 47 rows affected (0.10 sec)
Records: 47  Duplicates: 0  Warnings: 0

mysql> mysql \. C:\workspace\cloud\code\sql\_DailyScript\currenttime.sql
+---------------------+
| currenttime         |
+---------------------+
| 2020-02-03 06:01:32 |
+---------------------+
1 row in set (0.00 sec)

mysql> 
mysql> mysql \. C:\workspace\cloud\code\sql\_DailyScript\telemetry_livetv_ranking2020.sql
Query OK, 0 rows affected (0.00 sec)

Query OK, 139 rows affected (0.01 sec)
Records: 139  Duplicates: 0  Warnings: 0

mysql> mysql \. C:\workspace\cloud\code\sql\_DailyScript\currenttime.sql
+---------------------+
| currenttime         |
+---------------------+
| 2020-02-03 06:01:32 |
+---------------------+
1 row in set (0.00 sec)

mysql> 
mysql> mysql \. C:\workspace\cloud\code\sql\_DailyScript\telemetry_radio_ranking2020.sql
Query OK, 0 rows affected (0.00 sec)

Query OK, 8 rows affected (0.07 sec)
Records: 8  Duplicates: 0  Warnings: 0

mysql> mysql \. C:\workspace\cloud\code\sql\_DailyScript\currenttime.sql
+---------------------+
| currenttime         |
+---------------------+
| 2020-02-03 06:01:32 |
+---------------------+
1 row in set (0.00 sec)

mysql> 
mysql> mysql \. C:\workspace\cloud\code\sql\_DailyScript\telemetry_ts_ranking2020.sql
Query OK, 0 rows affected (0.01 sec)

Query OK, 47 rows affected (0.01 sec)
Records: 47  Duplicates: 0  Warnings: 0

mysql> mysql \. C:\workspace\cloud\code\sql\_DailyScript\currenttime.sql
+---------------------+
| currenttime         |
+---------------------+
| 2020-02-03 06:01:32 |
+---------------------+
1 row in set (0.00 sec)

mysql> 
mysql> mysql \. C:\workspace\cloud\code\sql\_DailyScript\telemetry_vod_ranking2020.sql
Query OK, 0 rows affected (0.00 sec)

Query OK, 6942 rows affected (0.29 sec)
Records: 6942  Duplicates: 0  Warnings: 0

mysql> mysql \. C:\workspace\cloud\code\sql\_DailyScript\currenttime.sql
+---------------------+
| currenttime         |
+---------------------+
| 2020-02-03 06:01:33 |
+---------------------+
1 row in set (0.00 sec)

mysql> 
mysql> mysql \. C:\workspace\cloud\code\sql\_DailyScript\telemetry_vod_ranking2020_1.sql
Query OK, 0 rows affected (0.00 sec)

Query OK, 6942 rows affected (0.16 sec)
Records: 6942  Duplicates: 0  Warnings: 0

mysql> mysql \. C:\workspace\cloud\code\sql\_DailyScript\currenttime.sql
+---------------------+
| currenttime         |
+---------------------+
| 2020-02-03 06:01:33 |
+---------------------+
1 row in set (0.00 sec)

mysql> 
mysql> mysql \. C:\workspace\cloud\code\sql\_DailyScript\telemetry_vod_ranking2020_2.sql
Query OK, 0 rows affected (0.01 sec)

Query OK, 6942 rows affected (0.14 sec)
Records: 6942  Duplicates: 0  Warnings: 0

mysql> mysql \. C:\workspace\cloud\code\sql\_DailyScript\currenttime.sql
+---------------------+
| currenttime         |
+---------------------+
| 2020-02-03 06:01:33 |
+---------------------+
1 row in set (0.00 sec)

mysql> 
mysql> mysql \. C:\workspace\cloud\code\sql\_DailyScript\DAILY-SCRIPT-CREATE-LOAD.sql
Database changed
Database changed
Query OK, 0 rows affected (0.03 sec)

Query OK, 0 rows affected (0.01 sec)

Database changed
Query OK, 66160 rows affected (2.93 sec)
Records: 66160  Deleted: 0  Skipped: 0  Warnings: 0

Query OK, 0 rows affected (0.16 sec)
Records: 0  Duplicates: 0  Warnings: 0

Query OK, 0 rows affected (0.25 sec)
Records: 0  Duplicates: 0  Warnings: 0

Query OK, 0 rows affected (0.28 sec)
Records: 0  Duplicates: 0  Warnings: 0

Query OK, 0 rows affected (0.32 sec)
Records: 0  Duplicates: 0  Warnings: 0

+---------+
| clients |
+---------+
|   66160 |
+---------+
1 row in set (0.02 sec)

Query OK, 0 rows affected (0.01 sec)

Query OK, 7331 rows affected (1.41 sec)
Records: 7331  Duplicates: 0  Warnings: 0

+-------------------+
| rcb_clientparcels |
+-------------------+
|              7331 |
+-------------------+
1 row in set (0.00 sec)

Query OK, 0 rows affected (0.01 sec)

Query OK, 79236 rows affected (3.49 sec)
Records: 79236  Duplicates: 0  Warnings: 0

Query OK, 0 rows affected (0.28 sec)
Records: 0  Duplicates: 0  Warnings: 0

Query OK, 0 rows affected (0.06 sec)

Query OK, 66160 rows affected (2.79 sec)
Records: 66160  Duplicates: 0  Warnings: 0

Query OK, 0 rows affected (0.27 sec)
Records: 0  Duplicates: 0  Warnings: 0

Query OK, 0 rows affected (0.21 sec)
Records: 0  Duplicates: 0  Warnings: 0

Query OK, 0 rows affected (0.18 sec)
Records: 0  Duplicates: 0  Warnings: 0

+---------------+
| clientaddress |
+---------------+
|         66160 |
+---------------+
1 row in set (0.02 sec)

Database changed
Query OK, 0 rows affected (0.03 sec)

Query OK, 0 rows affected (0.01 sec)

Database changed
Query OK, 500813 rows affected, 65535 warnings (17.59 sec)
Records: 500813  Deleted: 0  Skipped: 0  Warnings: 199030

Query OK, 0 rows affected (5.48 sec)
Records: 0  Duplicates: 0  Warnings: 0

Query OK, 0 rows affected (2.68 sec)
Records: 0  Duplicates: 0  Warnings: 0

Query OK, 0 rows affected (2.27 sec)
Records: 0  Duplicates: 0  Warnings: 0

Query OK, 0 rows affected (0.27 sec)

Query OK, 500813 rows affected (49.89 sec)
Records: 500813  Duplicates: 0  Warnings: 0

Query OK, 0 rows affected (1.77 sec)
Records: 0  Duplicates: 0  Warnings: 0

Query OK, 0 rows affected (1.40 sec)
Records: 0  Duplicates: 0  Warnings: 0

+-----------+
| contracts |
+-----------+
|    500813 |
+-----------+
1 row in set (0.16 sec)

+-----------------+
| contractaddress |
+-----------------+
|          500813 |
+-----------------+
1 row in set (0.14 sec)

Database changed
Query OK, 0 rows affected (0.01 sec)

Query OK, 0 rows affected (0.00 sec)

Query OK, 7237 rows affected (0.18 sec)
Records: 7237  Deleted: 0  Skipped: 0  Warnings: 0

Query OK, 0 rows affected (0.03 sec)

Query OK, 7206 rows affected (2.38 sec)
Records: 7206  Duplicates: 0  Warnings: 0

Query OK, 0 rows affected (0.05 sec)
Records: 0  Duplicates: 0  Warnings: 0

Query OK, 0 rows affected (0.01 sec)

Query OK, 5616 rows affected (0.04 sec)
Records: 5616  Duplicates: 0  Warnings: 0

Query OK, 0 rows affected (0.03 sec)
Records: 0  Duplicates: 0  Warnings: 0

+-------------------+
| contractdiscounts |
+-------------------+
|              7237 |
+-------------------+
1 row in set (0.00 sec)

+-------------------------+
| clientcontractdiscounts |
+-------------------------+
|                    7206 |
+-------------------------+
1 row in set (0.00 sec)

+----------------------------+
| clientcontractlastdiscount |
+----------------------------+
|                       5616 |
+----------------------------+
1 row in set (0.00 sec)

Database changed
Query OK, 0 rows affected (0.10 sec)

Query OK, 0 rows affected (0.07 sec)

Database changed
Query OK, 133106 rows affected (3.44 sec)
Records: 133106  Deleted: 0  Skipped: 0  Warnings: 0

Query OK, 0 rows affected (0.35 sec)
Records: 0  Duplicates: 0  Warnings: 0

Query OK, 0 rows affected (0.39 sec)
Records: 0  Duplicates: 0  Warnings: 0

Query OK, 0 rows affected (0.54 sec)
Records: 0  Duplicates: 0  Warnings: 0

Query OK, 0 rows affected (0.32 sec)
Records: 0  Duplicates: 0  Warnings: 0

Query OK, 0 rows affected (0.51 sec)
Records: 0  Duplicates: 0  Warnings: 0

Query OK, 0 rows affected (0.61 sec)
Records: 0  Duplicates: 0  Warnings: 0

Query OK, 0 rows affected (0.08 sec)

Query OK, 1709833 rows affected (3 min 3.47 sec)
Records: 1709833  Duplicates: 0  Warnings: 0

+---------+
| devices |
+---------+
|  133106 |
+---------+
1 row in set (0.06 sec)

+-----------------------+
| clientcontractdevices |
+-----------------------+
|               1709833 |
+-----------------------+
1 row in set (0.78 sec)

Query OK, 0 rows affected (0.03 sec)

Query OK, 133082 rows affected (7.02 sec)
Records: 133082  Duplicates: 0  Warnings: 0

+---------------------------+
| rep_clientcontractdevices |
+---------------------------+
|                    133082 |
+---------------------------+
1 row in set (0.04 sec)

Database changed
Query OK, 0 rows affected (0.03 sec)

Query OK, 0 rows affected (0.01 sec)

Query OK, 271309 rows affected (7.64 sec)
Records: 271309  Deleted: 0  Skipped: 0  Warnings: 0

Query OK, 0 rows affected (0.74 sec)
Records: 0  Duplicates: 0  Warnings: 0

Query OK, 0 rows affected (0.63 sec)
Records: 0  Duplicates: 0  Warnings: 0

Query OK, 0 rows affected (0.62 sec)
Records: 0  Duplicates: 0  Warnings: 0

Query OK, 0 rows affected (0.58 sec)
Records: 0  Duplicates: 0  Warnings: 0

+---------+
| tickets |
+---------+
|  271309 |
+---------+
1 row in set (0.08 sec)

Database changed
Query OK, 0 rows affected (0.01 sec)

Query OK, 0 rows affected (0.01 sec)

Empty set (0.00 sec)

Query OK, 0 rows affected (0.02 sec)
Records: 0  Duplicates: 0  Warnings: 0

Query OK, 348 rows affected, 2 warnings (0.04 sec)
Records: 348  Deleted: 0  Skipped: 0  Warnings: 2

+-----------------+
| tickettechusers |
+-----------------+
|             348 |
+-----------------+
1 row in set (0.00 sec)

Database changed
Query OK, 0 rows affected (0.01 sec)

Query OK, 0 rows affected (0.01 sec)

Query OK, 0 rows affected (0.01 sec)
Records: 0  Duplicates: 0  Warnings: 0

Query OK, 579375 rows affected, 44475 warnings (11.04 sec)
Records: 579375  Deleted: 0  Skipped: 0  Warnings: 44475

+-------------------+
| ticketassignments |
+-------------------+
|            579375 |
+-------------------+
1 row in set (0.17 sec)

Database changed
Query OK, 0 rows affected (0.03 sec)

Query OK, 0 rows affected (0.00 sec)

Query OK, 1191998 rows affected (15.87 sec)
Records: 1191998  Deleted: 0  Skipped: 0  Warnings: 0

Query OK, 0 rows affected (6.29 sec)
Records: 0  Duplicates: 0  Warnings: 0

Query OK, 0 rows affected (2.36 sec)
Records: 0  Duplicates: 0  Warnings: 0

Query OK, 0 rows affected (2.89 sec)
Records: 0  Duplicates: 0  Warnings: 0

Query OK, 0 rows affected (3.18 sec)
Records: 0  Duplicates: 0  Warnings: 0

+----------------+
| ticketcomments |
+----------------+
|        1191998 |
+----------------+
1 row in set (0.36 sec)

Database changed
Query OK, 0 rows affected (0.03 sec)

Query OK, 0 rows affected (0.01 sec)

Query OK, 433302 rows affected (40.83 sec)
Records: 433302  Deleted: 0  Skipped: 0  Warnings: 0

Query OK, 0 rows affected (2.31 sec)
Records: 0  Duplicates: 0  Warnings: 0

+----------+
| comments |
+----------+
|   433302 |
+----------+
1 row in set (0.13 sec)

Database changed
Query OK, 0 rows affected (0.05 sec)

Query OK, 0 rows affected (0.01 sec)

Query OK, 1128924 rows affected, 65535 warnings (1 min 6.13 sec)
Records: 1128924  Deleted: 0  Skipped: 0  Warnings: 1128940

Query OK, 0 rows affected (6.01 sec)
Records: 0  Duplicates: 0  Warnings: 0

Query OK, 0 rows affected (3.28 sec)
Records: 0  Duplicates: 0  Warnings: 0

Query OK, 0 rows affected (3.32 sec)
Records: 0  Duplicates: 0  Warnings: 0

Query OK, 0 rows affected (3.44 sec)
Records: 0  Duplicates: 0  Warnings: 0

Query OK, 0 rows affected (4.62 sec)
Records: 0  Duplicates: 0  Warnings: 0

+------------+
| devicesold |
+------------+
|    1128924 |
+------------+
1 row in set (0.34 sec)

Database changed
Query OK, 0 rows affected (0.03 sec)

Query OK, 0 rows affected (0.01 sec)

Query OK, 1703133 rows affected (27.57 sec)
Records: 1703133  Deleted: 0  Skipped: 0  Warnings: 0

Query OK, 0 rows affected (10.28 sec)
Records: 0  Duplicates: 0  Warnings: 0

Query OK, 0 rows affected (5.78 sec)
Records: 0  Duplicates: 0  Warnings: 0

Query OK, 0 rows affected (6.04 sec)
Records: 0  Duplicates: 0  Warnings: 0

+------------------+
| contractservices |
+------------------+
|          1703133 |
+------------------+
1 row in set (0.51 sec)

Database changed
Query OK, 0 rows affected (0.11 sec)

Query OK, 0 rows affected (0.01 sec)

Query OK, 3960087 rows affected (2 min 10.42 sec)
Records: 3960087  Deleted: 0  Skipped: 0  Warnings: 0

Query OK, 0 rows affected (14.35 sec)
Records: 0  Duplicates: 0  Warnings: 0

Query OK, 0 rows affected (13.65 sec)
Records: 0  Duplicates: 0  Warnings: 0

Query OK, 0 rows affected (12.26 sec)
Records: 0  Duplicates: 0  Warnings: 0

Query OK, 0 rows affected (17.56 sec)
Records: 0  Duplicates: 0  Warnings: 0

+------------------+
| invoicescontents |
+------------------+
|          3960087 |
+------------------+
1 row in set (1.15 sec)

Database changed
Query OK, 0 rows affected (0.18 sec)

Query OK, 0 rows affected (0.01 sec)

Query OK, 2760946 rows affected (3 min 15.35 sec)
Records: 2760946  Deleted: 0  Skipped: 0  Warnings: 0

Query OK, 0 rows affected (12.97 sec)
Records: 0  Duplicates: 0  Warnings: 0

Query OK, 0 rows affected (14.35 sec)
Records: 0  Duplicates: 0  Warnings: 0

Query OK, 0 rows affected (13.82 sec)
Records: 0  Duplicates: 0  Warnings: 0

Query OK, 0 rows affected (10.37 sec)
Records: 0  Duplicates: 0  Warnings: 0

Query OK, 0 rows affected (13.16 sec)
Records: 0  Duplicates: 0  Warnings: 0

+----------------+
| invoicesheader |
+----------------+
|        2760946 |
+----------------+
1 row in set (0.92 sec)

Database changed
Query OK, 0 rows affected (0.16 sec)

Query OK, 0 rows affected (0.01 sec)

Query OK, 2846173 rows affected (1 min 27.87 sec)
Records: 2846173  Deleted: 0  Skipped: 0  Warnings: 0

Query OK, 0 rows affected (11.52 sec)
Records: 0  Duplicates: 0  Warnings: 0

Query OK, 0 rows affected (10.03 sec)
Records: 0  Duplicates: 0  Warnings: 0

Query OK, 0 rows affected (11.29 sec)
Records: 0  Duplicates: 0  Warnings: 0

Query OK, 0 rows affected (9.99 sec)
Records: 0  Duplicates: 0  Warnings: 0

+---------+
| casa    |
+---------+
| 2846173 |
+---------+
1 row in set (0.97 sec)

Query OK, 0 rows affected (0.01 sec)

Query OK, 13603 rows affected (1 min 17.27 sec)
Records: 13603  Duplicates: 0  Warnings: 0

+--------------------+
| rep_paycol_channel |
+--------------------+
|              13603 |
+--------------------+
1 row in set (0.01 sec)

Query OK, 0 rows affected (0.01 sec)

Query OK, 9657 rows affected (1 min 29.39 sec)
Records: 9657  Duplicates: 0  Warnings: 0

+----------------+
| rep_paycol_pos |
+----------------+
|           9657 |
+----------------+
1 row in set (0.01 sec)

Database changed
Query OK, 0 rows affected (0.01 sec)

Query OK, 0 rows affected (0.00 sec)

Database changed
Query OK, 38950 rows affected (0.83 sec)
Records: 38950  Deleted: 0  Skipped: 0  Warnings: 0

+-------+
| users |
+-------+
| 38950 |
+-------+
1 row in set (0.02 sec)

Database changed
Query OK, 0 rows affected (0.05 sec)

Query OK, 0 rows affected (0.00 sec)

Query OK, 1872898 rows affected, 2 warnings (33.58 sec)
Records: 1872898  Deleted: 0  Skipped: 0  Warnings: 2

Query OK, 0 rows affected (9.09 sec)
Records: 0  Duplicates: 0  Warnings: 0

Query OK, 0 rows affected (4.86 sec)
Records: 0  Duplicates: 0  Warnings: 0

Query OK, 0 rows affected (5.54 sec)
Records: 0  Duplicates: 0  Warnings: 0

Query OK, 0 rows affected (5.31 sec)
Records: 0  Duplicates: 0  Warnings: 0

Query OK, 0 rows affected (3.68 sec)
Records: 0  Duplicates: 0  Warnings: 0

+-------------+
| useractions |
+-------------+
|     1872898 |
+-------------+
1 row in set (0.57 sec)

Database changed
Query OK, 0 rows affected (0.12 sec)

Query OK, 0 rows affected (0.01 sec)

Database changed
Query OK, 14078020 rows affected (3 min 22.29 sec)
Records: 14078020  Deleted: 0  Skipped: 0  Warnings: 0

Query OK, 0 rows affected (46.14 sec)
Records: 0  Duplicates: 0  Warnings: 0

Query OK, 0 rows affected (44.98 sec)
Records: 0  Duplicates: 0  Warnings: 0

Query OK, 0 rows affected (45.40 sec)
Records: 0  Duplicates: 0  Warnings: 0

Query OK, 0 rows affected (41.58 sec)
Records: 0  Duplicates: 0  Warnings: 0

+----------+
| ipusage1 |
+----------+
| 14078020 |
+----------+
1 row in set (11.19 sec)

Query OK, 0 rows affected (0.16 sec)

Query OK, 14200925 rows affected, 65535 warnings (15 min 30.48 sec)
Records: 14200925  Duplicates: 0  Warnings: 14197080

Query OK, 0 rows affected (40.70 sec)
Records: 0  Duplicates: 0  Warnings: 0

Query OK, 0 rows affected (44.44 sec)
Records: 0  Duplicates: 0  Warnings: 0

Query OK, 0 rows affected (44.69 sec)
Records: 0  Duplicates: 0  Warnings: 0

Query OK, 0 rows affected (44.16 sec)
Records: 0  Duplicates: 0  Warnings: 0

Query OK, 0 rows affected (1 min 0.55 sec)
Records: 0  Duplicates: 0  Warnings: 0

Query OK, 0 rows affected (1 min 5.52 sec)
Records: 0  Duplicates: 0  Warnings: 0

Query OK, 0 rows affected (56.83 sec)
Records: 0  Duplicates: 0  Warnings: 0

+----------+
| ipusage  |
+----------+
| 14200925 |
+----------+
1 row in set (7.32 sec)

Query OK, 0 rows affected (0.04 sec)

Query OK, 3579729 rows affected (3 min 30.46 sec)
Records: 3579729  Duplicates: 0  Warnings: 0

Query OK, 0 rows affected (16.18 sec)
Records: 0  Duplicates: 0  Warnings: 0

Query OK, 0 rows affected (12.48 sec)
Records: 0  Duplicates: 0  Warnings: 0

Query OK, 0 rows affected (11.54 sec)
Records: 0  Duplicates: 0  Warnings: 0

Query OK, 0 rows affected (17.47 sec)
Records: 0  Duplicates: 0  Warnings: 0

Query OK, 0 rows affected (11.15 sec)
Records: 0  Duplicates: 0  Warnings: 0

Query OK, 0 rows affected (0.12 sec)

Query OK, 291696 rows affected (26.52 sec)
Records: 291696  Duplicates: 0  Warnings: 0

Query OK, 0 rows affected (1.17 sec)
Records: 0  Duplicates: 0  Warnings: 0

Query OK, 0 rows affected (0.92 sec)
Records: 0  Duplicates: 0  Warnings: 0

Query OK, 0 rows affected (1.02 sec)
Records: 0  Duplicates: 0  Warnings: 0

Query OK, 0 rows affected (0.59 sec)
Records: 0  Duplicates: 0  Warnings: 0

Query OK, 0 rows affected (0.58 sec)
Records: 0  Duplicates: 0  Warnings: 0

Query OK, 0 rows affected (0.56 sec)
Records: 0  Duplicates: 0  Warnings: 0

Query OK, 0 rows affected (0.55 sec)
Records: 0  Duplicates: 0  Warnings: 0

Query OK, 0 rows affected (0.06 sec)

Query OK, 1702943 rows affected (1 min 2.17 sec)
Records: 1702943  Duplicates: 0  Warnings: 0

Query OK, 0 rows affected (8.69 sec)
Records: 0  Duplicates: 0  Warnings: 0

Query OK, 0 rows affected (3.42 sec)
Records: 0  Duplicates: 0  Warnings: 0

Query OK, 0 rows affected (6.84 sec)
Records: 0  Duplicates: 0  Warnings: 0

mysql> mysql \. C:\workspace\cloud\code\sql\_DailyScript\currenttime.sql
+---------------------+
| currenttime         |
+---------------------+
| 2020-02-03 06:58:33 |
+---------------------+
1 row in set (0.00 sec)

mysql> 
mysql> mysql \. C:\workspace\cloud\code\sql\_DailyScript\ticket_analysis.sql
Database changed
Query OK, 0 rows affected (0.03 sec)

Query OK, 552974 rows affected (29.34 sec)
Records: 552974  Duplicates: 0  Warnings: 0

Query OK, 0 rows affected (7.32 sec)
Records: 0  Duplicates: 0  Warnings: 0

Query OK, 0 rows affected (1.74 sec)
Records: 0  Duplicates: 0  Warnings: 0

Query OK, 0 rows affected (1.91 sec)
Records: 0  Duplicates: 0  Warnings: 0

Query OK, 0 rows affected (0.16 sec)

Query OK, 18718 rows affected (10.63 sec)
Records: 18718  Duplicates: 0  Warnings: 0

Query OK, 0 rows affected, 1 warning (0.00 sec)

Query OK, 76464 rows affected (6.26 sec)
Records: 76464  Duplicates: 0  Warnings: 0

Query OK, 0 rows affected, 1 warning (0.00 sec)

Query OK, 395442 rows affected (11.30 sec)
Records: 395442  Duplicates: 0  Warnings: 0

Query OK, 0 rows affected, 1 warning (0.00 sec)

Query OK, 395442 rows affected (14.37 sec)
Records: 395442  Duplicates: 0  Warnings: 0

Query OK, 0 rows affected (0.03 sec)

Query OK, 76520 rows affected (9.15 sec)
Records: 76520  Duplicates: 0  Warnings: 0

Database changed
Query OK, 0 rows affected (0.00 sec)

Query OK, 0 rows affected (0.04 sec)

Query OK, 552974 rows affected (23.93 sec)
Records: 552974  Duplicates: 0  Warnings: 0

Query OK, 0 rows affected (0.01 sec)

Query OK, 271928 rows affected (13.15 sec)
Records: 271928  Duplicates: 0  Warnings: 0

+--------------------------+
| clientticket_cmmtjourney |
+--------------------------+
|                   552974 |
+--------------------------+
1 row in set (5.01 sec)

+---------------------------+
| clientticket_assgnjourney |
+---------------------------+
|                    271928 |
+---------------------------+
1 row in set (0.31 sec)

Query OK, 0 rows affected (0.02 sec)

Query OK, 84 rows affected (0.08 sec)
Records: 84  Duplicates: 0  Warnings: 0

mysql> mysql \. C:\workspace\cloud\code\sql\_DailyScript\currenttime.sql
+---------------------+
| currenttime         |
+---------------------+
| 2020-02-03 07:00:48 |
+---------------------+
1 row in set (0.00 sec)

mysql> 
mysql> mysql \. C:\workspace\cloud\code\sql\_DailyScript\load_DailyCalls.sql
Database changed
Query OK, 281 rows affected (0.40 sec)
Records: 281  Deleted: 0  Skipped: 0  Warnings: 0

Query OK, 0 rows affected, 1 warning (0.00 sec)

Query OK, 274 rows affected (0.10 sec)
Records: 274  Duplicates: 0  Warnings: 0

Query OK, 0 rows affected, 1 warning (0.00 sec)

Query OK, 65510 rows affected (0.32 sec)
Records: 65510  Duplicates: 0  Warnings: 0

+----------------------+
| callingclientsbefore |
+----------------------+
|               830310 |
+----------------------+
1 row in set (1.49 sec)

Query OK, 481 rows affected (6.40 sec)
Records: 481  Duplicates: 0  Warnings: 0

+---------------------+
| callingclientsafter |
+---------------------+
|              830791 |
+---------------------+
1 row in set (0.24 sec)

Query OK, 0 rows affected (0.01 sec)

Query OK, 175 rows affected (12.38 sec)
Records: 175  Duplicates: 0  Warnings: 0

Query OK, 0 rows affected (0.00 sec)

Query OK, 17114 rows affected (2.51 sec)
Records: 17114  Duplicates: 0  Warnings: 0

+-----------+
| callstats |
+-----------+
|     17114 |
+-----------+
1 row in set (0.01 sec)

Query OK, 0 rows affected, 1 warning (0.00 sec)

Query OK, 481 rows affected (9.19 sec)
Records: 481  Duplicates: 0  Warnings: 0

+------------------------+
| rep_cccallreportbefore |
+------------------------+
|                 834706 |
+------------------------+
1 row in set (0.23 sec)

Query OK, 481 rows affected (1.53 sec)
Records: 481  Duplicates: 0  Warnings: 0

+-----------------------+
| rep_cccallreportafter |
+-----------------------+
|                835187 |
+-----------------------+
1 row in set (0.23 sec)

Query OK, 0 rows affected (0.00 sec)

mysql> mysql \. C:\workspace\cloud\code\sql\_DailyScript\currenttime.sql
+---------------------+
| currenttime         |
+---------------------+
| 2020-02-03 07:01:23 |
+---------------------+
1 row in set (0.00 sec)

mysql> 
mysql> mysql \. C:\workspace\cloud\code\sql\_DailyScript\DAILY-SCRIPT-USAGE.sql
Database changed
Query OK, 0 rows affected (0.00 sec)

Query OK, 7119 rows affected, 20616 warnings (3.45 sec)
Records: 7119  Deleted: 0  Skipped: 0  Warnings: 20616

Query OK, 0 rows affected (0.00 sec)

Query OK, 10661 rows affected, 30825 warnings (4.11 sec)
Records: 10661  Deleted: 0  Skipped: 0  Warnings: 30825

Query OK, 0 rows affected (0.00 sec)

Query OK, 149 rows affected, 547 warnings (0.05 sec)
Records: 149  Deleted: 0  Skipped: 0  Warnings: 547

Query OK, 0 rows affected (0.00 sec)

Query OK, 192 rows affected, 645 warnings (0.06 sec)
Records: 192  Deleted: 0  Skipped: 0  Warnings: 645

+------------+
| dailyusage |
+------------+
|   10204869 |
+------------+
1 row in set (27.45 sec)

+------------+------------+------------+---------+
| datestart  | dateend    | insertedon | records |
+------------+------------+------------+---------+
| 2020-02-02 | 2020-02-02 | 2020-02-03 |   18121 |
| 2020-02-01 | 2020-02-01 | 2020-02-02 |   18362 |
| 2020-01-31 | 2020-01-31 | 2020-02-01 |   18177 |
| 2020-01-30 | 2020-01-30 | 2020-01-31 |   18213 |
| 2020-01-29 | 2020-01-29 | 2020-01-30 |   18104 |
+------------+------------+------------+---------+
5 rows in set (3 min 38.41 sec)

mysql> mysql \. C:\workspace\cloud\code\sql\_DailyScript\currenttime.sql
+---------------------+
| currenttime         |
+---------------------+
| 2020-02-03 07:05:37 |
+---------------------+
1 row in set (0.00 sec)

mysql> 
mysql> mysql \. C:\workspace\cloud\code\sql\_DailyScript\DAILY-SCRIPT-SALES-TELEMETRY.sql
Database changed
Query OK, 24 rows affected, 2 warnings (0.07 sec)
Records: 24  Deleted: 0  Skipped: 0  Warnings: 2

+------------+
| dailysales |
+------------+
|     183088 |
+------------+
1 row in set (0.40 sec)

Query OK, 0 rows affected (0.01 sec)

Query OK, 183088 rows affected (19.17 sec)
Records: 183088  Duplicates: 0  Warnings: 0

+--------+
| sales  |
+--------+
| 183088 |
+--------+
1 row in set (0.08 sec)

Query OK, 0 rows affected (0.03 sec)

Query OK, 2939 rows affected (0.31 sec)
Records: 2939  Duplicates: 0  Warnings: 0

+----------------+
| rep_dailysales |
+----------------+
|           2939 |
+----------------+
1 row in set (0.00 sec)

Query OK, 0 rows affected (0.02 sec)

Query OK, 2939 rows affected (0.46 sec)
Records: 2939  Duplicates: 0  Warnings: 0

+-------------------+
| rep_dailysalesreg |
+-------------------+
|              2939 |
+-------------------+
1 row in set (0.00 sec)

Query OK, 0 rows affected (0.02 sec)

Query OK, 2652 rows affected (0.61 sec)
Records: 2652  Duplicates: 0  Warnings: 0

+-----------+
| saleslist |
+-----------+
|      2652 |
+-----------+
1 row in set (0.00 sec)

Database changed
ERROR 2 (HY000): File 'C:\ProgramData\MySQL\MySQL Server 5.7\Uploads\_csv\PrepaidCardSales-02022020-P1.csv' not found (Errcode: 2 - No such file or directory)
+------------------+
| dailysinglesales |
+------------------+
|             6151 |
+------------------+
1 row in set (0.04 sec)

Database changed
Query OK, 7 rows affected (0.04 sec)
Records: 7  Deleted: 0  Skipped: 0  Warnings: 0

+-----------------+
| dailyaddonsales |
+-----------------+
|           18214 |
+-----------------+
1 row in set (0.11 sec)

Query OK, 128 rows affected (0.20 sec)
Records: 128  Deleted: 0  Skipped: 0  Warnings: 0

+----------------+
| onlinepayments |
+----------------+
|          79518 |
+----------------+
1 row in set (0.18 sec)

+-------------+----------------+---------------------+
| paymentdate | onlinepayments | onlinepaymentamount |
+-------------+----------------+---------------------+
| 2020-02-02  |            128 |         86778.04000 |
| 2020-02-01  |            148 |        113025.57000 |
| 2020-01-31  |             98 |         65793.50000 |
| 2020-01-30  |            174 |        111914.37000 |
| 2020-01-29  |            154 |         96389.05000 |
+-------------+----------------+---------------------+
5 rows in set (2.85 sec)

+-------------+--------------+----------------+---------------------+
| paymentyear | paymentmonth | onlinepayments | onlinepaymentamount |
+-------------+--------------+----------------+---------------------+
|        2020 |            2 |            276 |        199803.61000 |
|        2020 |            1 |           3598 |       2395112.36000 |
|        2020 |         NULL |           3874 |       2594915.97000 |
|        2019 |           12 |           3234 |       2134467.48000 |
|        2019 |           11 |           3112 |       2058344.74000 |
+-------------+--------------+----------------+---------------------+
5 rows in set (0.08 sec)

mysql> mysql \. C:\workspace\cloud\code\sql\_DailyScript\currenttime.sql
+---------------------+
| currenttime         |
+---------------------+
| 2020-02-03 07:06:02 |
+---------------------+
1 row in set (0.00 sec)

mysql> 
mysql> mysql \. C:\workspace\cloud\code\sql\_DailyScript\DAILY-SCRIPT-ACTIVENUMBERS.sql
Database changed
Query OK, 1174 rows affected (0.98 sec)
Records: 1174  Deleted: 0  Skipped: 0  Warnings: 0

+------------+----------+
| period     | count(1) |
+------------+----------+
| 2020-02-02 |     1174 |
| 2020-02-01 |     1175 |
| 2020-01-31 |     1174 |
| 2020-01-30 |     1173 |
| 2020-01-29 |     1180 |
| 2020-01-28 |     1196 |
+------------+----------+
6 rows in set (0.01 sec)

Query OK, 0 rows affected (0.00 sec)

Query OK, 80 rows affected (1.45 sec)
Records: 80  Duplicates: 0  Warnings: 0

+-------------+
| packagelist |
+-------------+
|          80 |
+-------------+
1 row in set (0.00 sec)

Database changed
Query OK, 0 rows affected (0.00 sec)

Query OK, 0 rows affected (0.00 sec)

Query OK, 0 rows affected (0.00 sec)

Query OK, 0 rows affected (0.00 sec)

Query OK, 27268 rows affected, 200 warnings (1 min 1.43 sec)
Records: 27268  Deleted: 0  Skipped: 0  Warnings: 200

+------------+----------+
| period     | count(1) |
+------------+----------+
| 2020-02-02 |    27268 |
| 2020-02-01 |    27402 |
| 2020-01-31 |    27285 |
| 2020-01-30 |    27102 |
| 2020-01-29 |    27210 |
+------------+----------+
5 rows in set (0.17 sec)

Query OK, 0 rows affected (0.04 sec)

Query OK, 26662 rows affected (2 min 33.11 sec)
Records: 26662  Duplicates: 0  Warnings: 0

Query OK, 0 rows affected (0.14 sec)
Records: 0  Duplicates: 0  Warnings: 0

Query OK, 0 rows affected (0.10 sec)
Records: 0  Duplicates: 0  Warnings: 0

Query OK, 0 rows affected (0.12 sec)
Records: 0  Duplicates: 0  Warnings: 0

Query OK, 0 rows affected (0.08 sec)
Records: 0  Duplicates: 0  Warnings: 0

Query OK, 0 rows affected (0.08 sec)
Records: 0  Duplicates: 0  Warnings: 0

Query OK, 0 rows affected (0.08 sec)
Records: 0  Duplicates: 0  Warnings: 0

+-------------+
| countbefore |
+-------------+
|    33044096 |
+-------------+
1 row in set (1 min 39.85 sec)

Query OK, 26662 rows affected (27.66 sec)
Records: 26662  Duplicates: 0  Warnings: 0

+------------+
| countafter |
+------------+
|   33070758 |
+------------+
1 row in set (14.42 sec)

+------------+--------------------------+
| period     | customercontractactivity |
+------------+--------------------------+
| 2020-02-02 |                    26662 |
| 2020-02-01 |                    26796 |
| 2020-01-31 |                    26678 |
| 2020-01-30 |                    26495 |
| 2020-01-29 |                    26604 |
+------------+--------------------------+
5 rows in set (0.06 sec)

Query OK, 0 rows affected (0.02 sec)

Query OK, 250144 rows affected (16 min 50.18 sec)
Records: 250144  Duplicates: 0  Warnings: 0

Query OK, 0 rows affected (0.90 sec)
Records: 0  Duplicates: 0  Warnings: 0

Query OK, 0 rows affected (0.93 sec)
Records: 0  Duplicates: 0  Warnings: 0

Query OK, 0 rows affected (0.95 sec)
Records: 0  Duplicates: 0  Warnings: 0

Query OK, 0 rows affected (0.01 sec)

Query OK, 248 rows affected (0.47 sec)
Records: 248  Duplicates: 0  Warnings: 0

Query OK, 0 rows affected (0.01 sec)

Query OK, 2572 rows affected (0.56 sec)
Records: 2572  Duplicates: 0  Warnings: 0

Query OK, 0 rows affected (0.01 sec)

Query OK, 26649 rows affected (0.56 sec)
Records: 26649  Duplicates: 0  Warnings: 0

Query OK, 0 rows affected (0.01 sec)

Query OK, 17014 rows affected (0.36 sec)
Records: 17014  Duplicates: 0  Warnings: 0

Query OK, 0 rows affected (0.01 sec)

Query OK, 17014 rows affected (0.13 sec)
Records: 17014  Duplicates: 0  Warnings: 0

Query OK, 0 rows affected (0.03 sec)

Query OK, 17014 rows affected (1.19 sec)
Records: 17014  Duplicates: 0  Warnings: 0

Query OK, 0 rows affected (0.05 sec)

Query OK, 17014 rows affected (44.17 sec)
Records: 17014  Duplicates: 0  Warnings: 0

+-------------+
| clientstats |
+-------------+
|       17014 |
+-------------+
1 row in set (0.01 sec)

Query OK, 0 rows affected (0.00 sec)

Query OK, 12 rows affected, 1 warning (0.10 sec)
Records: 12  Duplicates: 0  Warnings: 1

+-----------------------+-------------+-------------+----------------+-----------------+
| services              | activecount | allaccounts | uniqueaccounts | uniquecontracts |
+-----------------------+-------------+-------------+----------------+-----------------+
| All                   |         260 |          44 |             44 |             143 |
| Internet & Voice      |         429 |         196 |            196 |             382 |
| Internet Only         |        4260 |        4161 |           4151 |            4198 |
| OTT Only              |           1 |           1 |              1 |               1 |
| TV & Internet         |        8931 |        3955 |           3943 |            8063 |
| TV & Internet & OTT   |        2645 |         711 |            711 |            1463 |
| TV & Internet & Voice |         485 |         143 |            143 |             438 |
| TV & OTT              |         337 |          66 |             65 |              86 |
| TV & Voice            |          96 |          43 |             43 |              88 |
| TV Only               |        9815 |        7540 |           7526 |            7739 |
| Voice Only            |         155 |         154 |            152 |             155 |
| GRAND TOTAL           |       27414 |       17014 |          16920 |           22756 |
+-----------------------+-------------+-------------+----------------+-----------------+
12 rows in set (0.00 sec)

+-------------+-------------+-------------+----------------+-----------------+
| network     | activecount | allaccounts | uniqueaccounts | uniquecontracts |
+-------------+-------------+-------------+----------------+-----------------+
| ADDON       |          14 |          10 |             10 |              10 |
| GPON        |        8204 |        4171 |           4168 |            6413 |
| HFC         |       19196 |       12833 |          12833 |           16333 |
| GRAND TOTAL |       27414 |       17014 |          16920 |           22756 |
+-------------+-------------+-------------+----------------+-----------------+
4 rows in set, 1 warning (0.11 sec)

+-------------+-----------------------+-------------+-------------+----------------+-----------------+
| network     | services              | activecount | allaccounts | uniqueaccounts | uniquecontracts |
+-------------+-----------------------+-------------+-------------+----------------+-----------------+
| ADDON       | OTT Only              |           1 |           1 |              1 |               1 |
| ADDON       | TV & OTT              |           6 |           2 |              2 |               2 |
| ADDON       | TV Only               |           7 |           7 |              7 |               7 |
| ADDON       | Services Total        |          14 |          10 |             10 |              10 |
| GPON        | All                   |         140 |          22 |             22 |              72 |
| GPON        | Internet & Voice      |          73 |          31 |             31 |              63 |
| GPON        | Internet Only         |        1079 |         998 |            998 |            1020 |
| GPON        | TV & Internet         |        3417 |        1466 |           1466 |            3013 |
| GPON        | TV & Internet & OTT   |        1456 |         385 |            385 |             799 |
| GPON        | TV & Internet & Voice |         164 |          47 |             47 |             146 |
| GPON        | TV & OTT              |          80 |          26 |             26 |              30 |
| GPON        | TV & Voice            |          44 |          19 |             19 |              39 |
| GPON        | TV Only               |        1741 |        1167 |           1167 |            1221 |
| GPON        | Voice Only            |          10 |          10 |             10 |              10 |
| GPON        | Services Total        |        8204 |        4171 |           4168 |            6413 |
| HFC         | All                   |         120 |          22 |             22 |              71 |
| HFC         | Internet & Voice      |         356 |         165 |            165 |             319 |
| HFC         | Internet Only         |        3181 |        3163 |           3163 |            3178 |
| HFC         | TV & Internet         |        5514 |        2489 |           2489 |            5050 |
| HFC         | TV & Internet & OTT   |        1189 |         326 |            326 |             664 |
| HFC         | TV & Internet & Voice |         321 |          96 |             96 |             292 |
| HFC         | TV & OTT              |         251 |          38 |             38 |              54 |
| HFC         | TV & Voice            |          52 |          24 |             24 |              49 |
| HFC         | TV Only               |        8067 |        6366 |           6366 |            6511 |
| HFC         | Voice Only            |         145 |         144 |            144 |             145 |
| HFC         | Services Total        |       19196 |       12833 |          12833 |           16333 |
| GRAND TOTAL | Services Total        |       27414 |       17014 |          16920 |           22756 |
+-------------+-----------------------+-------------+-------------+----------------+-----------------+
27 rows in set, 2 warnings (0.13 sec)

Query OK, 0 rows affected (0.01 sec)

Query OK, 46 rows affected, 3 warnings (0.17 sec)
Records: 46  Duplicates: 0  Warnings: 3

+-------------+---------------+-----------------------+-------------+-------------+----------------+-----------------+
| region      | network       | services              | activecount | allaccounts | uniqueaccounts | uniquecontracts |
+-------------+---------------+-----------------------+-------------+-------------+----------------+-----------------+
| Eden Island | GPON          | TV & Internet         |           2 |           1 |              1 |               2 |
| Eden Island | GPON          | Services Total        |           2 |           1 |              1 |               2 |
| Eden Island | Network Total | Services Total        |           2 |           1 |              1 |               2 |
| Mahe        | ADDON         | OTT Only              |           1 |           1 |              1 |               1 |
| Mahe        | ADDON         | TV & OTT              |           6 |           2 |              2 |               2 |
| Mahe        | ADDON         | TV Only               |           3 |           3 |              3 |               3 |
| Mahe        | ADDON         | Services Total        |          10 |           6 |              6 |               6 |
| Mahe        | GPON          | All                   |         122 |          19 |             19 |              63 |
| Mahe        | GPON          | Internet & Voice      |          59 |          24 |             24 |              49 |
| Mahe        | GPON          | Internet Only         |         848 |         767 |            767 |             789 |
| Mahe        | GPON          | TV & Internet         |        2573 |        1093 |           1093 |            2242 |
| Mahe        | GPON          | TV & Internet & OTT   |        1053 |         269 |            269 |             554 |
| Mahe        | GPON          | TV & Internet & Voice |         149 |          43 |             43 |             132 |
| Mahe        | GPON          | TV & OTT              |          55 |          16 |             16 |              18 |
| Mahe        | GPON          | TV & Voice            |          44 |          19 |             19 |              39 |
| Mahe        | GPON          | TV Only               |        1357 |         894 |            894 |             931 |
| Mahe        | GPON          | Voice Only            |          10 |          10 |             10 |              10 |
| Mahe        | GPON          | Services Total        |        6270 |        3154 |           3154 |            4827 |
| Mahe        | HFC           | All                   |         120 |          22 |             22 |              71 |
| Mahe        | HFC           | Internet & Voice      |         356 |         165 |            165 |             319 |
| Mahe        | HFC           | Internet Only         |        3180 |        3162 |           3162 |            3177 |
| Mahe        | HFC           | TV & Internet         |        5514 |        2489 |           2489 |            5050 |
| Mahe        | HFC           | TV & Internet & OTT   |        1189 |         326 |            326 |             664 |
| Mahe        | HFC           | TV & Internet & Voice |         321 |          96 |             96 |             292 |
| Mahe        | HFC           | TV & OTT              |         251 |          38 |             38 |              54 |
| Mahe        | HFC           | TV & Voice            |          52 |          24 |             24 |              49 |
| Mahe        | HFC           | TV Only               |        8062 |        6363 |           6363 |            6508 |
| Mahe        | HFC           | Voice Only            |         145 |         144 |            144 |             145 |
| Mahe        | HFC           | Services Total        |       19190 |       12829 |          12829 |           16329 |
| Mahe        | Network Total | Services Total        |       25470 |       15989 |          15901 |           21162 |
| Praslin     | ADDON         | TV Only               |           4 |           4 |              4 |               4 |
| Praslin     | ADDON         | Services Total        |           4 |           4 |              4 |               4 |
| Praslin     | GPON          | All                   |          18 |           3 |              3 |               9 |
| Praslin     | GPON          | Internet & Voice      |          14 |           7 |              7 |              14 |
| Praslin     | GPON          | Internet Only         |         231 |         231 |            231 |             231 |
| Praslin     | GPON          | TV & Internet         |         842 |         372 |            372 |             769 |
| Praslin     | GPON          | TV & Internet & OTT   |         403 |         116 |            116 |             245 |
| Praslin     | GPON          | TV & Internet & Voice |          15 |           4 |              4 |              14 |
| Praslin     | GPON          | TV & OTT              |          25 |          10 |             10 |              12 |
| Praslin     | GPON          | TV Only               |         384 |         273 |            273 |             290 |
| Praslin     | GPON          | Services Total        |        1932 |        1016 |           1016 |            1584 |
| Praslin     | HFC           | Internet Only         |           1 |           1 |              1 |               1 |
| Praslin     | HFC           | TV Only               |           5 |           3 |              3 |               3 |
| Praslin     | HFC           | Services Total        |           6 |           4 |              4 |               4 |
| Praslin     | Network Total | Services Total        |        1942 |        1024 |           1021 |            1592 |
| GRAND TOTAL | Network Total | Services Total        |       27414 |       17014 |          16920 |           22756 |
+-------------+---------------+-----------------------+-------------+-------------+----------------+-----------------+
46 rows in set (0.00 sec)

Query OK, 0 rows affected (0.00 sec)

Query OK, 26650 rows affected (0.62 sec)
Records: 26650  Duplicates: 0  Warnings: 0

Query OK, 0 rows affected (0.18 sec)

Query OK, 1967 rows affected (27.69 sec)
Records: 1967  Duplicates: 0  Warnings: 0

+--------------------------------------+
| message                              |
+--------------------------------------+
| running rcbill_my.sp_ActiveNumber2() |
+--------------------------------------+
1 row in set (0.00 sec)

Query OK, 365 rows affected (2 min 56.22 sec)

mysql> mysql \. C:\workspace\cloud\code\sql\_DailyScript\currenttime.sql
+---------------------+
| currenttime         |
+---------------------+
| 2020-02-03 07:33:07 |
+---------------------+
1 row in set (0.00 sec)

mysql> 
mysql> mysql \. C:\workspace\cloud\code\sql\_DailyScript\GetActiveNumbers Average -Pivot.sql
Database changed
+-------------------------------------+
| @today := subdate(current_date(),1) |
+-------------------------------------+
| 2020-02-02                          |
+-------------------------------------+
1 row in set (0.00 sec)

+-------------------------------------+
| @lastdayofmonth := last_day(@today) |
+-------------------------------------+
| 2020-02-29                          |
+-------------------------------------+
1 row in set (0.00 sec)

Query OK, 0 rows affected (0.03 sec)

Query OK, 36532 rows affected, 65535 warnings (53.51 sec)
Records: 36532  Duplicates: 0  Warnings: 74361

Query OK, 0 rows affected (0.09 sec)
Records: 0  Duplicates: 0  Warnings: 0

Query OK, 0 rows affected (0.10 sec)
Records: 0  Duplicates: 0  Warnings: 0

Query OK, 0 rows affected (0.09 sec)
Records: 0  Duplicates: 0  Warnings: 0

+-----------------+
| activenumberavg |
+-----------------+
|           36532 |
+-----------------+
1 row in set (0.01 sec)

Query OK, 0 rows affected (0.01 sec)

Query OK, 1828 rows affected (0.42 sec)
Records: 1828  Duplicates: 0  Warnings: 0

+---------------------+
| rep_activenumberavg |
+---------------------+
|                1828 |
+---------------------+
1 row in set (0.00 sec)

+----------------------+
| rep_activenumberavg1 |
+----------------------+
|                  863 |
+----------------------+
1 row in set (0.00 sec)

Query OK, 0 rows affected (0.01 sec)

Query OK, 1881 rows affected (0.35 sec)
Records: 1881  Duplicates: 0  Warnings: 0

Query OK, 0 rows affected (0.01 sec)

Query OK, 9565 rows affected (0.61 sec)
Records: 9565  Duplicates: 0  Warnings: 0

Query OK, 0 rows affected (0.00 sec)

Query OK, 0 rows affected (0.00 sec)

Query OK, 0 rows affected (0.00 sec)

Query OK, 0 rows affected (0.00 sec)

Query OK, 0 rows affected (0.00 sec)
Statement prepared

Query OK, 53 rows affected (0.04 sec)
Records: 53  Duplicates: 0  Warnings: 0

Query OK, 0 rows affected (0.00 sec)

Query OK, 0 rows affected (0.00 sec)

+----------------------+
| rep_activenumberavg2 |
+----------------------+
|                 1881 |
+----------------------+
1 row in set (0.00 sec)

+------------------------+
| rep_activenumberavg_pv |
+------------------------+
|                     53 |
+------------------------+
1 row in set (0.00 sec)

Query OK, 0 rows affected (0.03 sec)

Query OK, 1881 rows affected (0.30 sec)
Records: 1881  Duplicates: 0  Warnings: 0

Query OK, 0 rows affected (0.00 sec)

Query OK, 0 rows affected (0.00 sec)

Query OK, 0 rows affected (0.00 sec)

Query OK, 0 rows affected (0.00 sec)

Query OK, 0 rows affected (0.00 sec)
Statement prepared

Query OK, 53 rows affected (0.03 sec)
Records: 53  Duplicates: 0  Warnings: 0

Query OK, 0 rows affected (0.00 sec)

Query OK, 0 rows affected (0.00 sec)

+-------------------------+
| rep_activenumberavgMahe |
+-------------------------+
|                    1881 |
+-------------------------+
1 row in set (0.00 sec)

+----------------------------+
| rep_activenumberavgMahe_pv |
+----------------------------+
|                         53 |
+----------------------------+
1 row in set (0.00 sec)

Query OK, 0 rows affected (0.01 sec)

Query OK, 1202 rows affected (0.14 sec)
Records: 1202  Duplicates: 0  Warnings: 0

Query OK, 0 rows affected (0.00 sec)

Query OK, 0 rows affected (0.00 sec)

Query OK, 0 rows affected (0.01 sec)

Query OK, 0 rows affected (0.00 sec)

Query OK, 0 rows affected (0.00 sec)
Statement prepared

Query OK, 40 rows affected (0.03 sec)
Records: 40  Duplicates: 0  Warnings: 0

Query OK, 0 rows affected (0.00 sec)

Query OK, 0 rows affected (0.00 sec)

+----------------------------+
| rep_activenumberavgPraslin |
+----------------------------+
|                       1202 |
+----------------------------+
1 row in set (0.00 sec)

+-------------------------------+
| rep_activenumberavgPraslin_pv |
+-------------------------------+
|                            40 |
+-------------------------------+
1 row in set (0.00 sec)

mysql> mysql \. C:\workspace\cloud\code\sql\_DailyScript\currenttime.sql
+---------------------+
| currenttime         |
+---------------------+
| 2020-02-03 07:34:03 |
+---------------------+
1 row in set (0.00 sec)

mysql> 
mysql> mysql \. C:\workspace\cloud\code\sql\_DailyScript\budget_actual_analysis_2020.sql
Query OK, 0 rows affected (0.00 sec)

Query OK, 634 rows affected, 3 warnings (0.12 sec)
Records: 634  Duplicates: 0  Warnings: 3

+--------------------+
| budget_actual_2020 |
+--------------------+
|                634 |
+--------------------+
1 row in set (0.00 sec)

Query OK, 0 rows affected (0.00 sec)

Query OK, 47 rows affected (0.03 sec)
Records: 47  Duplicates: 0  Warnings: 0

+---------------------------+
| rep_budget_actual_2020_pv |
+---------------------------+
|                        47 |
+---------------------------+
1 row in set (0.00 sec)

mysql> mysql \. C:\workspace\cloud\code\sql\_DailyScript\currenttime.sql
+---------------------+
| currenttime         |
+---------------------+
| 2020-02-03 07:34:03 |
+---------------------+
1 row in set (0.00 sec)

mysql> 
mysql> mysql \. C:\workspace\cloud\code\sql\_DailyScript\reports-sales-addons-prepaid-camera.sql
Database changed
Query OK, 0 rows affected (0.01 sec)

Query OK, 3966 rows affected (0.35 sec)
Records: 3966  Duplicates: 0  Warnings: 0

Query OK, 0 rows affected (0.01 sec)

Query OK, 18237 rows affected (1 min 9.43 sec)
Records: 18237  Duplicates: 0  Warnings: 0

+--------------------+
| rep_prepaid_camera |
+--------------------+
|               3966 |
+--------------------+
1 row in set (0.01 sec)

+-----------+
| rep_addon |
+-----------+
|     18237 |
+-----------+
1 row in set (0.01 sec)

mysql> mysql \. C:\workspace\cloud\code\sql\_DailyScript\currenttime.sql
+---------------------+
| currenttime         |
+---------------------+
| 2020-02-03 07:35:13 |
+---------------------+
1 row in set (0.00 sec)

mysql> 
mysql> mysql \. C:\workspace\cloud\code\sql\_DailyScript\housing-estate-analysis.sql
Database changed
Query OK, 0 rows affected (0.01 sec)

Query OK, 3039 rows affected (2 min 20.18 sec)
Records: 3039  Duplicates: 0  Warnings: 0

+--------------------+
| rep_housingestates |
+--------------------+
|               3039 |
+--------------------+
1 row in set (0.00 sec)

mysql> mysql \. C:\workspace\cloud\code\sql\_DailyScript\currenttime.sql
+---------------------+
| currenttime         |
+---------------------+
| 2020-02-03 07:37:33 |
+---------------------+
1 row in set (0.00 sec)

mysql> 
mysql> mysql \. C:\workspace\cloud\code\sql\_DailyScript\RCB_ClientAnalyticsReport_Script.sql
Database changed
Query OK, 0 rows affected (0.00 sec)

Query OK, 0 rows affected (0.08 sec)

Query OK, 1819318 rows affected (1 min 25.72 sec)
Records: 1819318  Duplicates: 0  Warnings: 0

Query OK, 0 rows affected (8.62 sec)
Records: 0  Duplicates: 0  Warnings: 0

Query OK, 0 rows affected (6.06 sec)
Records: 0  Duplicates: 0  Warnings: 0

Query OK, 0 rows affected (9.28 sec)
Records: 0  Duplicates: 0  Warnings: 0

Query OK, 0 rows affected (9.39 sec)
Records: 0  Duplicates: 0  Warnings: 0

Query OK, 0 rows affected (10.73 sec)
Records: 0  Duplicates: 0  Warnings: 0

Query OK, 0 rows affected (6.84 sec)
Records: 0  Duplicates: 0  Warnings: 0

Query OK, 0 rows affected (0.00 sec)

Query OK, 466515 rows affected (20.56 sec)
Rows matched: 1819318  Changed: 466515  Warnings: 0

Query OK, 0 rows affected (0.01 sec)

Query OK, 27559 rows affected (4.47 sec)
Records: 27559  Duplicates: 0  Warnings: 0

Query OK, 0 rows affected (0.03 sec)

Query OK, 43130 rows affected (10 min 24.75 sec)
Records: 43130  Duplicates: 0  Warnings: 0

Query OK, 0 rows affected (0.20 sec)
Records: 0  Duplicates: 0  Warnings: 0

Query OK, 0 rows affected (0.15 sec)
Records: 0  Duplicates: 0  Warnings: 0

Query OK, 0 rows affected (0.09 sec)
Records: 0  Duplicates: 0  Warnings: 0

Query OK, 0 rows affected (0.14 sec)

Query OK, 437211 rows affected (12 min 6.98 sec)
Records: 437211  Duplicates: 0  Warnings: 0

Query OK, 0 rows affected (1.56 sec)
Records: 0  Duplicates: 0  Warnings: 0

Query OK, 0 rows affected (1.57 sec)
Records: 0  Duplicates: 0  Warnings: 0

Query OK, 0 rows affected (0.89 sec)
Records: 0  Duplicates: 0  Warnings: 0

Query OK, 0 rows affected (2.09 sec)
Records: 0  Duplicates: 0  Warnings: 0

Query OK, 0 rows affected (1.28 sec)
Records: 0  Duplicates: 0  Warnings: 0

Query OK, 0 rows affected (0.05 sec)

Query OK, 43130 rows affected (1 min 26.46 sec)
Records: 43130  Duplicates: 0  Warnings: 0

+--------------+
| clientreport |
+--------------+
|        43130 |
+--------------+
1 row in set (0.02 sec)

Query OK, 0 rows affected (0.02 sec)

Query OK, 43130 rows affected (5.90 sec)
Records: 43130  Duplicates: 0  Warnings: 0

+----------------------+
| clientextendedreport |
+----------------------+
|                43130 |
+----------------------+
1 row in set (0.01 sec)

Query OK, 0 rows affected (0.01 sec)

Query OK, 43130 rows affected (59.09 sec)
Records: 43130  Duplicates: 0  Warnings: 0

+---------+
| allcust |
+---------+
|   43130 |
+---------+
1 row in set (0.01 sec)

Query OK, 0 rows affected, 1 warning (0.00 sec)

Query OK, 5000 rows affected (0.16 sec)
Records: 5000  Duplicates: 0  Warnings: 0

Query OK, 0 rows affected (0.11 sec)

Query OK, 6865 rows affected (0.36 sec)
Records: 6865  Duplicates: 0  Warnings: 0

Query OK, 0 rows affected, 1 warning (0.00 sec)

Query OK, 5000 rows affected (0.13 sec)
Records: 5000  Duplicates: 0  Warnings: 0

Query OK, 0 rows affected (0.01 sec)

Query OK, 7336 rows affected (0.19 sec)
Records: 7336  Duplicates: 0  Warnings: 0

mysql> mysql \. C:\workspace\cloud\code\sql\_DailyScript\currenttime.sql
+---------------------+
| currenttime         |
+---------------------+
| 2020-02-03 08:05:27 |
+---------------------+
1 row in set (0.00 sec)

mysql> 
mysql> 
mysql> mysql \. C:\workspace\cloud\code\sql\_DailyScript\REVENUE_PER_NODE_MXK.sql
Query OK, 0 rows affected (0.01 sec)

Query OK, 0 rows affected (0.01 sec)

Query OK, 0 rows affected (0.01 sec)

Query OK, 5575 rows affected (3.35 sec)
Records: 5575  Duplicates: 0  Warnings: 0

+----------------------+
| message              |
+----------------------+
| created temp table a |
+----------------------+
1 row in set (0.00 sec)

Query OK, 5843 rows affected (2.35 sec)
Records: 5843  Duplicates: 0  Warnings: 0

+----------------------+
| message              |
+----------------------+
| created temp table b |
+----------------------+
1 row in set (0.00 sec)

Query OK, 0 rows affected, 1 warning (0.00 sec)

Query OK, 5864 rows affected (10.89 sec)
Records: 5864  Duplicates: 0  Warnings: 0

+--------------------------------+
| message                        |
+--------------------------------+
| created rcbill_my.tempcustmxk1 |
+--------------------------------+
1 row in set (0.00 sec)

Query OK, 0 rows affected (0.00 sec)

Query OK, 0 rows affected (0.00 sec)

Query OK, 0 rows affected, 1 warning (0.00 sec)

Query OK, 5575 rows affected (1.21 sec)
Records: 5575  Duplicates: 0  Warnings: 0

+----------------+
| message        |
+----------------+
| created temp a |
+----------------+
1 row in set (0.00 sec)

Query OK, 5843 rows affected (0.58 sec)
Records: 5843  Duplicates: 0  Warnings: 0

+----------------+
| message        |
+----------------+
| created temp b |
+----------------+
1 row in set (0.00 sec)

Query OK, 0 rows affected, 1 warning (0.00 sec)

Query OK, 5935 rows affected (7.19 sec)
Records: 5935  Duplicates: 0  Warnings: 0

+--------------------------------+
| message                        |
+--------------------------------+
| created rcbill_my.tempcustmxk2 |
+--------------------------------+
1 row in set (0.00 sec)

Query OK, 0 rows affected (0.00 sec)

Query OK, 0 rows affected (0.00 sec)

Query OK, 0 rows affected, 1 warning (0.00 sec)

Query OK, 0 rows affected (0.01 sec)

Query OK, 6567 rows affected (0.33 sec)
Records: 6567  Duplicates: 0  Warnings: 0

+---------------------------------+
| message                         |
+---------------------------------+
| created rcbill_my.customers_mxk |
+---------------------------------+
1 row in set (0.00 sec)

Query OK, 0 rows affected (0.00 sec)

Query OK, 0 rows affected (0.00 sec)

Query OK, 13948 rows affected (5.45 sec)
Records: 13948  Duplicates: 0  Warnings: 0

+----------------+
| message        |
+----------------+
| created temp a |
+----------------+
1 row in set (0.00 sec)

Query OK, 19661 rows affected (2.29 sec)
Records: 19661  Duplicates: 0  Warnings: 0

+----------------+
| message        |
+----------------+
| created temp c |
+----------------+
1 row in set (0.00 sec)

Query OK, 0 rows affected, 1 warning (0.00 sec)

Query OK, 27383 rows affected (0.29 sec)
Records: 27383  Duplicates: 0  Warnings: 0

+---------------------------------+
| message                         |
+---------------------------------+
| created rcbill_my.tempcustcmts1 |
+---------------------------------+
1 row in set (0.00 sec)

Query OK, 0 rows affected (0.00 sec)

Query OK, 0 rows affected, 1 warning (0.00 sec)

Query OK, 0 rows affected (0.01 sec)

Query OK, 13948 rows affected (5.45 sec)
Records: 13948  Duplicates: 0  Warnings: 0

+----------------+
| message        |
+----------------+
| created temp a |
+----------------+
1 row in set (0.00 sec)

Query OK, 19661 rows affected (1.30 sec)
Records: 19661  Duplicates: 0  Warnings: 0

+----------------+
| message        |
+----------------+
| created temp c |
+----------------+
1 row in set (0.00 sec)

Query OK, 0 rows affected, 1 warning (0.00 sec)

Query OK, 20506 rows affected (0.24 sec)
Records: 20506  Duplicates: 0  Warnings: 0

+---------------------------------+
| message                         |
+---------------------------------+
| created rcbill_my.tempcustcmts2 |
+---------------------------------+
1 row in set (0.00 sec)

Query OK, 0 rows affected (0.01 sec)

Query OK, 0 rows affected, 1 warning (0.00 sec)

Query OK, 0 rows affected (0.01 sec)

Query OK, 0 rows affected (0.01 sec)

Query OK, 14020 rows affected (0.95 sec)
Records: 14020  Duplicates: 0  Warnings: 0

+----------------------------------+
| message                          |
+----------------------------------+
| created rcbill_my.customers_cmts |
+----------------------------------+
1 row in set (0.00 sec)

Query OK, 0 rows affected (0.01 sec)

Query OK, 0 rows affected (0.00 sec)

Query OK, 0 rows affected (0.07 sec)

Query OK, 17802 rows affected (0.93 sec)
Records: 17802  Duplicates: 0  Warnings: 0

+--------------------------------------+
| message                              |
+--------------------------------------+
| created rcbill_my.customers_cmts_mxk |
+--------------------------------------+
1 row in set (0.00 sec)

Query OK, 462424 rows affected (1 min 5.75 sec)
Records: 462424  Duplicates: 0  Warnings: 0

+----------------+
| message        |
+----------------+
| created temp a |
+----------------+
1 row in set (0.00 sec)

Query OK, 0 rows affected (0.04 sec)

Query OK, 463110 rows affected (15.44 sec)
Records: 463110  Duplicates: 0  Warnings: 0

+------------------------------------------------+
| message                                        |
+------------------------------------------------+
| created rcbill_my.customers_contracts_cmts_mxk |
+------------------------------------------------+
1 row in set (0.00 sec)

Query OK, 0 rows affected (0.01 sec)

Query OK, 0 rows affected, 1 warning (0.00 sec)

Query OK, 0 rows affected, 1 warning (0.00 sec)

Query OK, 0 rows affected (0.00 sec)

Query OK, 7976 rows affected (3.59 sec)
Rows matched: 7976  Changed: 7976  Warnings: 0

+------------------------------------------------+
| message                                        |
+------------------------------------------------+
| updated rcbill_my.customers_contracts_cmts_mxk |
+------------------------------------------------+
1 row in set (0.00 sec)

Query OK, 0 rows affected (0.04 sec)

Query OK, 1799321 rows affected (4 min 20.32 sec)
Records: 1799321  Duplicates: 0  Warnings: 0

+----------------------------------------+
| message                                |
+----------------------------------------+
| created rcbill_my.customers_collection |
+----------------------------------------+
1 row in set (0.00 sec)

Query OK, 0 rows affected (0.12 sec)

Query OK, 2073773 rows affected (2 min 6.07 sec)
Records: 2073773  Duplicates: 0  Warnings: 0

+------------------------------------------------+
| message                                        |
+------------------------------------------------+
| created rcbill_my.customers_cmts_mxk_cont_coll |
+------------------------------------------------+
1 row in set (0.00 sec)

Query OK, 0 rows affected (0.03 sec)

Query OK, 423881 rows affected (2 min 33.38 sec)
Records: 423881  Duplicates: 0  Warnings: 0

+--------------------------------------------------------+
| message                                                |
+--------------------------------------------------------+
| created rcbill_my.customers_contracts_collection_pivot |
+--------------------------------------------------------+
1 row in set (0.00 sec)

Query OK, 0 rows affected (0.19 sec)

Query OK, 39197 rows affected (2 min 28.35 sec)
Records: 39197  Duplicates: 0  Warnings: 0

+----------------------------------------------+
| message                                      |
+----------------------------------------------+
| created rcbill_my.customers_collection_pivot |
+----------------------------------------------+
1 row in set (0.00 sec)

Query OK, 0 rows affected (0.18 sec)

Query OK, 43130 rows affected (3.95 sec)
Records: 43130  Duplicates: 0  Warnings: 0

+--------------------------------------------+
| message                                    |
+--------------------------------------------+
| created rcbill_my.rep_customers_collection |
+--------------------------------------------+
1 row in set (0.00 sec)

Query OK, 0 rows affected (0.00 sec)

Query OK, 0 rows affected, 1 warning (0.00 sec)

Query OK, 430989 rows affected (20.24 sec)
Records: 430989  Duplicates: 0  Warnings: 0

+-------------------------+
| message                 |
+-------------------------+
| created rcbill_my.tempa |
+-------------------------+
1 row in set (0.00 sec)

Query OK, 0 rows affected, 1 warning (0.00 sec)

Query OK, 423881 rows affected (46.43 sec)
Records: 423881  Duplicates: 0  Warnings: 0

+-------------------------+
| message                 |
+-------------------------+
| created rcbill_my.tempb |
+-------------------------+
1 row in set (0.00 sec)

Query OK, 430989 rows affected (39.76 sec)
Records: 430989  Duplicates: 0  Warnings: 0

+-----------+
| message   |
+-----------+
| created a |
+-----------+
1 row in set (0.00 sec)

Query OK, 423893 rows affected (31.40 sec)
Records: 423893  Duplicates: 0  Warnings: 0

+-----------+
| message   |
+-----------+
| created b |
+-----------+
1 row in set (0.00 sec)

Query OK, 0 rows affected (0.02 sec)

Query OK, 0 rows affected (0.02 sec)

Query OK, 0 rows affected (0.03 sec)

Query OK, 467304 rows affected (54.17 sec)
Records: 467304  Duplicates: 0  Warnings: 0

+----------------------------------------------+
| message                                      |
+----------------------------------------------+
| created rcbill_my.cust_cont_payment_cmts_mxk |
+----------------------------------------------+
1 row in set (0.00 sec)

Query OK, 0 rows affected (0.02 sec)

Query OK, 0 rows affected (0.01 sec)

Query OK, 0 rows affected, 1 warning (0.00 sec)

Query OK, 0 rows affected (0.01 sec)

Query OK, 43130 rows affected (19.45 sec)
Records: 43130  Duplicates: 0  Warnings: 0

+--------------------------------------------------+
| message                                          |
+--------------------------------------------------+
| created rcbill_my.rep_cust_cont_payment_cmts_mxk |
+--------------------------------------------------+
1 row in set (0.00 sec)

Query OK, 0 rows affected, 1 warning (0.00 sec)

Query OK, 0 rows affected, 1 warning (0.00 sec)

Query OK, 0 rows affected (0.01 sec)

Query OK, 43130 rows affected, 5 warnings (10.49 sec)
Records: 43130  Duplicates: 0  Warnings: 5

+----------------------+
| rep_custconsolidated |
+----------------------+
|                43130 |
+----------------------+
1 row in set (0.83 sec)

Query OK, 0 rows affected (0.00 sec)

Query OK, 0 rows affected (0.01 sec)

+----------------------------------------------+
| message                                      |
+----------------------------------------------+
| creating rcbill_my.retentioncustomeractivity |
+----------------------------------------------+
1 row in set (0.00 sec)

Query OK, 836 rows affected (0.11 sec)
Records: 836  Duplicates: 0  Warnings: 0

+---------------------------+
| retentioncustomeractivity |
+---------------------------+
|                       836 |
+---------------------------+
1 row in set (0.00 sec)

+-----------+------------------------------------+------------+-------------+-----------------+------------------+---------------------+-------------------+
| HFC_NODE  | NODENAME                           | CMTS_DATE  | INSERTED_ON | UNIQUE_ACCOUNTS | UNIQUE_CONTRACTS | UNIQUE_MAC_INRCBOSS | UNIQUE_MAC_INCMTS |
+-----------+------------------------------------+------------+-------------+-----------------+------------------+---------------------+-------------------+
| NULL      | NULL                               | NULL       | 2020-02-03  |            6542 |             6873 |                6906 |                 0 |
| C5/0/0/U0 | ANSE-BOILEAU-2                     | 2020-01-06 | 2020-02-03  |             171 |              178 |                 171 |               171 |
| C5/0/0/U1 | 500-C3-ANSE-BOILEAU                | 2020-01-06 | 2020-02-03  |             178 |              180 |                 178 |               179 |
| C5/0/1/U0 | 501-C4-LA-MISIERE-LEFT-I           | 2020-01-06 | 2020-02-03  |             148 |              155 |                 148 |               150 |
| C5/0/1/U1 | 501-C5-LA-MISIERE-RIGHT            | 2020-01-06 | 2020-02-03  |              99 |              102 |                  99 |               100 |
| C5/0/1/U2 | 501-C7-LA-MISIERE-LEFT-II          | 2020-01-06 | 2020-02-03  |             146 |              153 |                 147 |               147 |
| C5/0/2/U0 | 502-C8-LA-LOUISE                   | 2020-01-06 | 2020-02-03  |             138 |              142 |                 138 |               143 |
| C5/0/2/U1 | LA-LOUISE-2                        | 2020-01-06 | 2020-02-03  |             131 |              131 |                 131 |               132 |
| C5/0/3/U0 | 504-C6-PETIT-PARIS                 | 2020-01-06 | 2020-02-03  |             158 |              162 |                 158 |               159 |
| C5/0/3/U1 | PETIT-PARIS-23                     | 2020-01-06 | 2020-02-03  |              77 |               80 |                  77 |                77 |
| C5/0/4/U0 | FOUR-SEASONS                       | 2020-01-06 | 2020-02-03  |               3 |                4 |                   4 |                 4 |
| C5/0/4/U1 | ANCHOR-CAFE-I                      | 2020-01-06 | 2020-02-03  |             146 |              149 |                 146 |               149 |
| C5/0/4/U2 | ANCHOR-CAFE-II                     | 2020-01-06 | 2020-02-03  |             142 |              146 |                 143 |               144 |
| C5/1/0/U0 | POINTE-LARUE-AIRPORT-23            | 2020-01-06 | 2020-02-03  |              50 |               53 |                  51 |                56 |
| C5/1/0/U1 | PPROVIDENCE-23                     | 2020-01-06 | 2020-02-03  |              21 |               24 |                  22 |                22 |
| C5/1/0/U2 | ROSHE-CAIMAN-23                    | 2020-01-06 | 2020-02-03  |               8 |                8 |                   8 |                 8 |
| C5/1/0/U3 | HEAD-OFFICE | HO-23                | 2020-01-06 | 2020-02-03  |              20 |               20 |                  20 |                20 |
| C5/1/1/U1 | C5-UNION-VALE                      | 2020-01-06 | 2020-02-03  |             185 |              191 |                 185 |               186 |
| C5/1/3/U0 | POINTE-LARUE-AIRPORT-27            | 2020-01-06 | 2020-02-03  |             171 |              176 |                 171 |               173 |
| C5/1/3/U1 | PPROVIDENCE-27                     | 2020-01-06 | 2020-02-03  |              27 |               27 |                  27 |                27 |
| C5/1/3/U2 | ROSHE-CAIMAN-27                    | 2020-01-06 | 2020-02-03  |              33 |               34 |                  32 |                32 |
| C5/1/3/U3 | HEAD-OFFICE | HO-27                | 2020-01-06 | 2020-02-03  |              18 |               19 |                  18 |                18 |
| C5/1/4/U0 | ANSE-ROYALE-27                     | 2020-01-06 | 2020-02-03  |              86 |               89 |                  86 |                87 |
| C5/1/4/U1 | GLACIS-2-57                        | 2020-01-06 | 2020-02-03  |              94 |               97 |                  94 |                95 |
| C5/1/4/U2 | NULL                               | 2020-01-06 | 2020-02-03  |              93 |               94 |                  93 |                93 |
| C5/1/4/U3 | GLACIS-1                           | 2020-01-06 | 2020-02-03  |              47 |               52 |                  47 |                48 |
| C6/0/1/U0 | SERRET-ROAD-RIGHT/CURIO/PASCAL     | 2020-01-06 | 2020-02-03  |             122 |              124 |                 122 |               122 |
| C6/0/1/U1 | SERRET-ROAD-LEFT/ST.LOUIS/TOWN     | 2020-01-06 | 2020-02-03  |             133 |              138 |                 133 |               134 |
| C6/0/1/U2 | SERRET-ROAD-RIGHT/CURIO/PASCAL-2   | 2020-01-06 | 2020-02-03  |             112 |              113 |                 112 |               113 |
| C6/0/1/U3 | SERRET-ROAD-LEFT/ST.LOUIS/TOWN-2   | 2020-01-06 | 2020-02-03  |             128 |              131 |                 128 |               128 |
| C6/0/2/U0 | SANS-SOUCIS-I                      | 2020-01-06 | 2020-02-03  |              83 |               86 |                  83 |                87 |
| C6/0/2/U1 | SANS-SOUCIS-II                     | 2020-01-06 | 2020-02-03  |             134 |              139 |                 134 |               136 |
| C6/0/2/U2 | BEL-AIR-27                         | 2020-01-06 | 2020-02-03  |              97 |               99 |                  97 |               101 |
| C6/0/2/U3 | BEL-AIR-38                         | 2020-01-06 | 2020-02-03  |             100 |              105 |                 100 |               101 |
| C6/0/3/U0 | LES-MAMELLES-23                    | 2020-01-06 | 2020-02-03  |              51 |               51 |                  51 |                51 |
| C6/0/3/U1 | VICTORIA-23                        | 2020-01-06 | 2020-02-03  |              12 |               12 |                  12 |                13 |
| C6/0/4/U0 | LES-MAMELLES-27                    | 2020-01-06 | 2020-02-03  |              86 |               86 |                  86 |                87 |
| C6/0/4/U1 | VICTORIA-27                        | 2020-01-06 | 2020-02-03  |              34 |               36 |                  35 |                37 |
| C7/1/0/U0 | LA-RETRAITE-23                     | 2020-01-06 | 2020-02-03  |             112 |              115 |                 113 |               114 |
| C7/1/0/U1 | TEA-FACTORY-23                     | 2020-01-06 | 2020-02-03  |              26 |               33 |                  28 |                28 |
| C7/1/0/U2 | PAS-23                             | 2020-01-06 | 2020-02-03  |             127 |              130 |                 128 |               128 |
| C7/1/1/U0 | REEF-ESTATE-23                     | 2020-01-06 | 2020-02-03  |              77 |               79 |                  77 |                78 |
| C7/1/1/U1 | BEL-OMBRE-NEW-23                   | 2020-01-06 | 2020-02-03  |               1 |                1 |                   1 |                 2 |
| C7/1/2/U0 | LA-RETRAITE-27                     | 2020-01-06 | 2020-02-03  |              81 |               85 |                  81 |                81 |
| C7/1/2/U1 | TEA-FACTORY-27                     | 2020-01-06 | 2020-02-03  |              22 |               25 |                  23 |                24 |
| C7/1/2/U2 | PAS-27                             | 2020-01-06 | 2020-02-03  |              72 |               75 |                  72 |                74 |
| C7/1/3/U0 | MT-BUXTON-27                       | 2020-01-06 | 2020-02-03  |             156 |              159 |                 156 |               156 |
| C7/1/3/U1 | MT-BUXTON-23                       | 2020-01-06 | 2020-02-03  |              71 |               73 |                  71 |                71 |
| C7/1/4/U0 | REEF-ESTATE-27                     | 2020-01-06 | 2020-02-03  |              79 |               79 |                  79 |                79 |
| C7/1/4/U1 | BEL-OMBRE-NEW-27                   | 2020-01-06 | 2020-02-03  |               4 |                4 |                   4 |                 4 |
| C8/0/0/U0 | POLICE-ACADEMY-1-27 - POINTE LARUE | 2020-01-06 | 2020-02-03  |             181 |              181 |                 181 |               182 |
| C8/0/0/U1 | NULL                               | 2020-01-06 | 2020-02-03  |             115 |              120 |                 116 |               116 |
| C8/0/1/U0 | NULL                               | 2020-01-06 | 2020-02-03  |             183 |              186 |                 182 |               182 |
| C8/0/1/U1 | POLICE-ACADEMY-2-27 - TURTLE BAY   | 2020-01-06 | 2020-02-03  |             141 |              143 |                 142 |               145 |
| C8/0/2/U0 | BEAU-VALLON-LEFT-1-57              | 2020-01-06 | 2020-02-03  |              60 |               62 |                  61 |                62 |
| C8/0/3/U1 | BEAU-VALLON-RIGHT-2-57             | 2020-01-06 | 2020-02-03  |             149 |              156 |                 149 |               150 |
| C8/1/0/U0 | MA-JOIE-NODE-27                    | 2020-01-06 | 2020-02-03  |             110 |              114 |                 109 |               110 |
| C8/1/0/U1 | BELONIE-27                         | 2020-01-06 | 2020-02-03  |             148 |              151 |                 147 |               150 |
| C8/1/0/U3 | MA-JOIE-NODE-23                    | 2020-01-06 | 2020-02-03  |             106 |              106 |                 106 |               107 |
| C8/1/1/U0 | 611-C1-ROJN I                      | 2020-01-06 | 2020-02-03  |             114 |              115 |                 114 |               115 |
| C8/1/1/U1 | 611-C5-ROJN II                     | 2020-01-06 | 2020-02-03  |             121 |              122 |                 121 |               124 |
| C8/1/2/U0 | 612-C2-ANSE-ETOILE                 | 2020-01-06 | 2020-02-03  |             160 |              165 |                 160 |               161 |
| C8/1/2/U1 | ANSE-ETOILE-U2                     | 2020-01-06 | 2020-02-03  |              69 |               70 |                  69 |                69 |
| C8/1/3/U0 | 613-C3-ANSE-GAULETTE I             | 2020-01-06 | 2020-02-03  |              65 |               72 |                  65 |                66 |
| C8/1/3/U1 | 613-C7-ANSE-GAULETTE II            | 2020-01-06 | 2020-02-03  |              72 |               75 |                  72 |                72 |
| C8/1/3/U2 | 613-C3-ANSE-GAULETTE III           | 2020-01-06 | 2020-02-03  |              31 |               33 |                  31 |                31 |
| C8/1/3/U3 | TAKAMAKA I                         | 2020-01-06 | 2020-02-03  |             105 |              108 |                 105 |               105 |
| C8/1/3/U4 | TAKAMAKA II                        | 2020-01-06 | 2020-02-03  |              96 |               97 |                  96 |                96 |
| C8/1/4/U0 | 614-BEOLIERE-NODE-1                | 2020-01-06 | 2020-02-03  |             108 |              111 |                 108 |               112 |
| C8/1/4/U1 | 614-BEOLIERE-NODE-2                | 2020-01-06 | 2020-02-03  |             100 |              103 |                 100 |               102 |
+-----------+------------------------------------+------------+-------------+-----------------+------------------+---------------------+-------------------+
70 rows in set (0.27 sec)

+------------------+------------+-------------+-----------------+------------------+----------------------+-------------------+
| MXK_NAME         | MXK_DATE   | INSERTED_ON | UNIQUE_ACCOUNTS | UNIQUE_CONTRACTS | UNIQUE_FSAN_INRCBOSS | UNIQUE_FSAN_INMXK |
+------------------+------------+-------------+-----------------+------------------+----------------------+-------------------+
| NULL             | NULL       | 2020-02-03  |             617 |              628 |                  617 |                 0 |
| MXK-ANSEETOILE   | 2020-01-06 | 2020-02-03  |             212 |              215 |                  215 |               228 |
| MXK-ANSEROYALE   | 2020-01-06 | 2020-02-03  |             147 |              147 |                  147 |               166 |
| MXK-BEAUVALLON   | 2020-01-06 | 2020-02-03  |            1444 |             1464 |                 1456 |              1537 |
| MXK-MAHE         | 2020-01-06 | 2020-02-03  |             926 |              954 |                  887 |              1124 |
| MXK-PERSEVERANCE | 2020-01-06 | 2020-02-03  |            1007 |             1014 |                 1013 |              1159 |
| MXK-PRASLIN      | 2020-01-06 | 2020-02-03  |            1217 |             1221 |                 1213 |              1357 |
+------------------+------------+-------------+-----------------+------------------+----------------------+-------------------+
7 rows in set (0.07 sec)

mysql> mysql \. C:\workspace\cloud\code\sql\_DailyScript\currenttime.sql
+---------------------+
| currenttime         |
+---------------------+
| 2020-02-03 08:22:52 |
+---------------------+
1 row in set (0.00 sec)

mysql> 
mysql> 
mysql> mysql \. C:\workspace\cloud\code\sql\Analysis\service_tickets_assignments.sql
Query OK, 0 rows affected (0.04 sec)

Query OK, 9538 rows affected (5.65 sec)
Records: 9538  Duplicates: 0  Warnings: 0

+-------------------------+
| rep_servicetickets_2020 |
+-------------------------+
|                    9538 |
+-------------------------+
1 row in set (0.01 sec)

mysql> mysql \. C:\workspace\cloud\code\sql\_DailyScript\currenttime.sql
+---------------------+
| currenttime         |
+---------------------+
| 2020-02-03 08:22:57 |
+---------------------+
1 row in set (0.00 sec)

mysql> 
mysql> 
mysql> exit
