    -> 
    -> mysql \. C:\workspace\cloud\code\sql\_DailyScript\_setdates.sql
Database changed
Query OK, 0 rows affected (0.00 sec)

Query OK, 0 rows affected (0.00 sec)

Query OK, 0 rows affected (0.00 sec)

Query OK, 0 rows affected (0.00 sec)

Query OK, 0 rows affected (0.00 sec)

Query OK, 0 rows affected (0.00 sec)

Query OK, 0 rows affected (0.00 sec)

Query OK, 0 rows affected (0.00 sec)

Query OK, 0 rows affected (0.00 sec)

Query OK, 0 rows affected (0.00 sec)

Query OK, 0 rows affected (0.00 sec)

Query OK, 0 rows affected (0.00 sec)

Query OK, 0 rows affected (0.00 sec)

Query OK, 0 rows affected (0.00 sec)

Query OK, 0 rows affected (0.00 sec)

Query OK, 0 rows affected (0.00 sec)

Query OK, 0 rows affected (0.00 sec)

Query OK, 0 rows affected (0.00 sec)

Query OK, 0 rows affected (0.00 sec)

Query OK, 0 rows affected (0.00 sec)

Query OK, 0 rows affected (0.00 sec)

mysql> mysql \. C:\workspace\cloud\code\sql\_DailyScript\currenttime.sql
+---------------------+
| currenttime         |
+---------------------+
| 2020-02-25 07:12:01 |
+---------------------+
1 row in set (0.00 sec)

mysql> 
mysql> mysql \. C:\workspace\cloud\code\sql\_DailyScript\load_RCB_VODTITLES.sql
Database changed
Query OK, 0 rows affected (0.00 sec)

Query OK, 9672 rows affected (0.28 sec)

Query OK, 9674 rows affected, 9674 warnings (0.33 sec)
Records: 9674  Deleted: 0  Skipped: 0  Warnings: 9674

Query OK, 0 rows affected (0.00 sec)

Query OK, 2 rows affected (0.03 sec)

+-----------+
| VODTITLES |
+-----------+
|     10132 |
+-----------+
1 row in set (0.00 sec)

+-----------+-----------+
| titletype | typecount |
+-----------+-----------+
| E         |      7968 |
| N         |       213 |
| T         |      1491 |
| NULL      |      9672 |
+-----------+-----------+
4 rows in set (0.03 sec)

mysql> mysql \. C:\workspace\cloud\code\sql\_DailyScript\currenttime.sql
+---------------------+
| currenttime         |
+---------------------+
| 2020-02-25 07:12:02 |
+---------------------+
1 row in set (0.00 sec)

mysql> 
mysql> mysql \. C:\workspace\cloud\code\sql\_DailyScript\DAILY-SCRIPT-LIVETV-STATS.sql
Database changed
Query OK, 0 rows affected (0.10 sec)

Query OK, 71685 rows affected (0.96 sec)
Records: 71685  Duplicates: 0  Warnings: 0

+------------+------------+----------+--------------+--------------+-----------+-------------+----------+--------+------+------------+---------+---------------+
| Table      | Non_unique | Key_name | Seq_in_index | Column_name  | Collation | Cardinality | Sub_part | Packed | Null | Index_type | Comment | Index_comment |
+------------+------------+----------+--------------+--------------+-----------+-------------+----------+--------+------+------------+---------+---------------+
| templivetv |          1 | idxtv1   |            1 | device       | A         |       72329 |     NULL | NULL   | YES  | BTREE      |         |               |
| templivetv |          1 | idxtv2   |            1 | sessionstart | A         |       72329 |     NULL | NULL   | YES  | BTREE      |         |               |
+------------+------------+----------+--------------+--------------+-----------+-------------+----------+--------+------+------------+---------+---------------+
2 rows in set (0.00 sec)

Query OK, 71775 rows affected (22.05 sec)
Records: 71775  Duplicates: 0  Warnings: 0

Query OK, 2652 rows affected (0.78 sec)
Records: 2652  Duplicates: 0  Warnings: 0

Query OK, 0 rows affected (0.00 sec)

Query OK, 0 rows affected (0.00 sec)

Query OK, 135 rows affected (0.14 sec)
Records: 135  Duplicates: 0  Warnings: 0

Query OK, 0 rows affected (0.01 sec)

Query OK, 110178 rows affected (26 min 46.26 sec)
Records: 110178  Duplicates: 0  Warnings: 0

+-----------------+
| rep_livetvstats |
+-----------------+
|          110178 |
+-----------------+
1 row in set (0.04 sec)

mysql> mysql \. C:\workspace\cloud\code\sql\_DailyScript\currenttime.sql
+---------------------+
| currenttime         |
+---------------------+
| 2020-02-25 07:39:12 |
+---------------------+
1 row in set (0.00 sec)

mysql> 
mysql> mysql \. C:\workspace\cloud\code\sql\_DailyScript\DAILY-SCRIPT-VODTS-STATS.sql
Database changed
Query OK, 0 rows affected (0.04 sec)

Query OK, 3247 rows affected (1 min 10.16 sec)
Records: 3247  Duplicates: 0  Warnings: 0

+---------+------------+----------+--------------+--------------+-----------+-------------+----------+--------+------+------------+---------+---------------+
| Table   | Non_unique | Key_name | Seq_in_index | Column_name  | Collation | Cardinality | Sub_part | Packed | Null | Index_type | Comment | Index_comment |
+---------+------------+----------+--------------+--------------+-----------+-------------+----------+--------+------+------------+---------+---------------+
| tempvod |          1 | idxtvod1 |            1 | device       | A         |        3169 |     NULL | NULL   | YES  | BTREE      |         |               |
| tempvod |          1 | idxtvod2 |            1 | sessionstart | A         |        3169 |     NULL | NULL   | YES  | BTREE      |         |               |
+---------+------------+----------+--------------+--------------+-----------+-------------+----------+--------+------+------------+---------+---------------+
2 rows in set (0.00 sec)

Query OK, 3247 rows affected (3.39 sec)
Records: 3247  Duplicates: 0  Warnings: 0

Query OK, 0 rows affected (0.04 sec)

Query OK, 514461 rows affected (45.58 sec)
Records: 514461  Duplicates: 0  Warnings: 0

+--------------+
| rep_vodstats |
+--------------+
|       514461 |
+--------------+
1 row in set (0.16 sec)

Database changed
Query OK, 0 rows affected (0.05 sec)

Query OK, 8413 rows affected (4 min 39.19 sec)
Records: 8413  Duplicates: 0  Warnings: 0

+--------+------------+----------+--------------+--------------+-----------+-------------+----------+--------+------+------------+---------+---------------+
| Table  | Non_unique | Key_name | Seq_in_index | Column_name  | Collation | Cardinality | Sub_part | Packed | Null | Index_type | Comment | Index_comment |
+--------+------------+----------+--------------+--------------+-----------+-------------+----------+--------+------+------------+---------+---------------+
| tempts |          1 | idxtts1  |            1 | device       | A         |        8534 |     NULL | NULL   | YES  | BTREE      |         |               |
| tempts |          1 | idxtts2  |            1 | sessionstart | A         |        8534 |     NULL | NULL   | YES  | BTREE      |         |               |
+--------+------------+----------+--------------+--------------+-----------+-------------+----------+--------+------+------------+---------+---------------+
2 rows in set (0.00 sec)

Query OK, 8411 rows affected (11.24 sec)
Records: 8411  Duplicates: 0  Warnings: 0

Query OK, 0 rows affected (0.01 sec)

Query OK, 30673 rows affected (4 min 30.26 sec)
Records: 30673  Duplicates: 0  Warnings: 0

+-------------+
| rep_tsstats |
+-------------+
|       30673 |
+-------------+
1 row in set (0.01 sec)

mysql> mysql \. C:\workspace\cloud\code\sql\_DailyScript\currenttime.sql
+---------------------+
| currenttime         |
+---------------------+
| 2020-02-25 07:50:33 |
+---------------------+
1 row in set (0.00 sec)

mysql> 
mysql> mysql \. C:\workspace\cloud\code\sql\_DailyScript\DAILY-SCRIPT-RADIO-STATS.sql
Database changed
Query OK, 0 rows affected (0.03 sec)

Query OK, 228352 rows affected (9.63 sec)
Records: 228352  Duplicates: 0  Warnings: 0

+-----------+------------+----------+--------------+--------------+-----------+-------------+----------+--------+------+------------+---------+---------------+
| Table     | Non_unique | Key_name | Seq_in_index | Column_name  | Collation | Cardinality | Sub_part | Packed | Null | Index_type | Comment | Index_comment |
+-----------+------------+----------+--------------+--------------+-----------+-------------+----------+--------+------+------------+---------+---------------+
| tempradio |          1 | idxtrad1 |            1 | device       | A         |      228557 |     NULL | NULL   | YES  | BTREE      |         |               |
| tempradio |          1 | idxtrad2 |            1 | sessionstart | A         |      228557 |     NULL | NULL   | YES  | BTREE      |         |               |
+-----------+------------+----------+--------------+--------------+-----------+-------------+----------+--------+------+------------+---------+---------------+
2 rows in set (0.00 sec)

Query OK, 285 rows affected (9.49 sec)
Records: 285  Duplicates: 0  Warnings: 0

Query OK, 0 rows affected (0.01 sec)

Query OK, 4203 rows affected (0.39 sec)
Records: 4203  Duplicates: 0  Warnings: 0

+----------------+
| rep_radiostats |
+----------------+
|           4203 |
+----------------+
1 row in set (0.00 sec)

mysql> mysql \. C:\workspace\cloud\code\sql\_DailyScript\currenttime.sql
+---------------------+
| currenttime         |
+---------------------+
| 2020-02-25 07:50:52 |
+---------------------+
1 row in set (0.00 sec)

mysql> 
mysql> mysql \. C:\workspace\cloud\code\sql\_DailyScript\DAILY_SCRIPT_TELEMETRY_PIVOT_2020.sql
Query OK, 0 rows affected (0.00 sec)

Query OK, 140 rows affected (0.11 sec)
Records: 140  Duplicates: 0  Warnings: 0

Query OK, 0 rows affected (0.01 sec)

Query OK, 7660 rows affected (0.78 sec)
Records: 7660  Duplicates: 0  Warnings: 0

Query OK, 0 rows affected (0.01 sec)

Query OK, 8 rows affected (0.01 sec)
Records: 8  Duplicates: 0  Warnings: 0

Query OK, 0 rows affected (0.00 sec)

Query OK, 47 rows affected (0.20 sec)
Records: 47  Duplicates: 0  Warnings: 0

mysql> mysql \. C:\workspace\cloud\code\sql\_DailyScript\currenttime.sql
+---------------------+
| currenttime         |
+---------------------+
| 2020-02-25 07:50:53 |
+---------------------+
1 row in set (0.00 sec)

mysql> 
mysql> mysql \. C:\workspace\cloud\code\sql\_DailyScript\telemetry_livetv_ranking2020.sql
Query OK, 0 rows affected (0.01 sec)

Query OK, 140 rows affected (0.06 sec)
Records: 140  Duplicates: 0  Warnings: 0

mysql> mysql \. C:\workspace\cloud\code\sql\_DailyScript\currenttime.sql
+---------------------+
| currenttime         |
+---------------------+
| 2020-02-25 07:50:53 |
+---------------------+
1 row in set (0.00 sec)

mysql> 
mysql> mysql \. C:\workspace\cloud\code\sql\_DailyScript\telemetry_radio_ranking2020.sql
Query OK, 0 rows affected (0.00 sec)

Query OK, 8 rows affected (0.13 sec)
Records: 8  Duplicates: 0  Warnings: 0

mysql> mysql \. C:\workspace\cloud\code\sql\_DailyScript\currenttime.sql
+---------------------+
| currenttime         |
+---------------------+
| 2020-02-25 07:50:54 |
+---------------------+
1 row in set (0.00 sec)

mysql> 
mysql> mysql \. C:\workspace\cloud\code\sql\_DailyScript\telemetry_ts_ranking2020.sql
Query OK, 0 rows affected (0.00 sec)

Query OK, 47 rows affected (0.01 sec)
Records: 47  Duplicates: 0  Warnings: 0

mysql> mysql \. C:\workspace\cloud\code\sql\_DailyScript\currenttime.sql
+---------------------+
| currenttime         |
+---------------------+
| 2020-02-25 07:50:54 |
+---------------------+
1 row in set (0.00 sec)

mysql> 
mysql> mysql \. C:\workspace\cloud\code\sql\_DailyScript\telemetry_vod_ranking2020.sql
Query OK, 0 rows affected (0.00 sec)

Query OK, 7660 rows affected (0.38 sec)
Records: 7660  Duplicates: 0  Warnings: 0

mysql> mysql \. C:\workspace\cloud\code\sql\_DailyScript\currenttime.sql
+---------------------+
| currenttime         |
+---------------------+
| 2020-02-25 07:50:54 |
+---------------------+
1 row in set (0.00 sec)

mysql> 
mysql> mysql \. C:\workspace\cloud\code\sql\_DailyScript\telemetry_vod_ranking2020_1.sql
Query OK, 0 rows affected (0.00 sec)

Query OK, 7660 rows affected (0.17 sec)
Records: 7660  Duplicates: 0  Warnings: 0

mysql> mysql \. C:\workspace\cloud\code\sql\_DailyScript\currenttime.sql
+---------------------+
| currenttime         |
+---------------------+
| 2020-02-25 07:50:54 |
+---------------------+
1 row in set (0.00 sec)

mysql> 
mysql> mysql \. C:\workspace\cloud\code\sql\_DailyScript\telemetry_vod_ranking2020_2.sql
Query OK, 0 rows affected (0.01 sec)

Query OK, 7660 rows affected (0.27 sec)
Records: 7660  Duplicates: 0  Warnings: 0

mysql> mysql \. C:\workspace\cloud\code\sql\_DailyScript\currenttime.sql
+---------------------+
| currenttime         |
+---------------------+
| 2020-02-25 07:50:54 |
+---------------------+
1 row in set (0.00 sec)

mysql> 
mysql> mysql \. C:\workspace\cloud\code\sql\_DailyScript\DAILY-SCRIPT-CREATE-LOAD.sql
Database changed
Database changed
Query OK, 0 rows affected (0.10 sec)

Query OK, 0 rows affected (0.03 sec)

Database changed
Query OK, 66257 rows affected (3.05 sec)
Records: 66257  Deleted: 0  Skipped: 0  Warnings: 0

Query OK, 0 rows affected (0.37 sec)
Records: 0  Duplicates: 0  Warnings: 0

Query OK, 0 rows affected (0.24 sec)
Records: 0  Duplicates: 0  Warnings: 0

Query OK, 0 rows affected (0.25 sec)
Records: 0  Duplicates: 0  Warnings: 0

Query OK, 0 rows affected (0.24 sec)
Records: 0  Duplicates: 0  Warnings: 0

+---------+
| clients |
+---------+
|   66257 |
+---------+
1 row in set (0.02 sec)

Query OK, 0 rows affected (0.05 sec)

Query OK, 8329 rows affected (5.28 sec)
Records: 8329  Duplicates: 0  Warnings: 0

Query OK, 0 rows affected (0.03 sec)
Records: 0  Duplicates: 0  Warnings: 0

+-------------------+
| rcb_clientparcels |
+-------------------+
|              8329 |
+-------------------+
1 row in set (0.00 sec)

Query OK, 0 rows affected (0.01 sec)

Query OK, 78473 rows affected (3.33 sec)
Records: 78473  Duplicates: 0  Warnings: 0

Query OK, 0 rows affected (0.39 sec)
Records: 0  Duplicates: 0  Warnings: 0

Query OK, 0 rows affected (0.05 sec)

Query OK, 66257 rows affected (16.59 sec)
Records: 66257  Duplicates: 0  Warnings: 0

Query OK, 0 rows affected (0.19 sec)
Records: 0  Duplicates: 0  Warnings: 0

Query OK, 0 rows affected (0.26 sec)
Records: 0  Duplicates: 0  Warnings: 0

Query OK, 0 rows affected (0.17 sec)
Records: 0  Duplicates: 0  Warnings: 0

+---------------+
| clientaddress |
+---------------+
|         66257 |
+---------------+
1 row in set (0.02 sec)

Database changed
Query OK, 0 rows affected (0.04 sec)

Query OK, 0 rows affected (0.02 sec)

Database changed
Query OK, 502951 rows affected, 65535 warnings (16.38 sec)
Records: 502951  Deleted: 0  Skipped: 0  Warnings: 200201

Query OK, 0 rows affected (5.11 sec)
Records: 0  Duplicates: 0  Warnings: 0

Query OK, 0 rows affected (2.93 sec)
Records: 0  Duplicates: 0  Warnings: 0

Query OK, 0 rows affected (1.81 sec)
Records: 0  Duplicates: 0  Warnings: 0

Query OK, 0 rows affected (0.03 sec)

Query OK, 502951 rows affected (49.27 sec)
Records: 502951  Duplicates: 0  Warnings: 0

Query OK, 0 rows affected (1.78 sec)
Records: 0  Duplicates: 0  Warnings: 0

Query OK, 0 rows affected (1.47 sec)
Records: 0  Duplicates: 0  Warnings: 0

+-----------+
| contracts |
+-----------+
|    502951 |
+-----------+
1 row in set (0.20 sec)

+-----------------+
| contractaddress |
+-----------------+
|          502951 |
+-----------------+
1 row in set (0.14 sec)

Database changed
Query OK, 0 rows affected (0.01 sec)

Query OK, 0 rows affected (0.01 sec)

Query OK, 7247 rows affected (0.17 sec)
Records: 7247  Deleted: 0  Skipped: 0  Warnings: 0

Query OK, 0 rows affected (0.01 sec)

Query OK, 7216 rows affected (1.90 sec)
Records: 7216  Duplicates: 0  Warnings: 0

Query OK, 0 rows affected (0.06 sec)
Records: 0  Duplicates: 0  Warnings: 0

Query OK, 0 rows affected (0.01 sec)

Query OK, 5625 rows affected (0.05 sec)
Records: 5625  Duplicates: 0  Warnings: 0

Query OK, 0 rows affected (0.03 sec)
Records: 0  Duplicates: 0  Warnings: 0

+-------------------+
| contractdiscounts |
+-------------------+
|              7247 |
+-------------------+
1 row in set (0.00 sec)

+-------------------------+
| clientcontractdiscounts |
+-------------------------+
|                    7216 |
+-------------------------+
1 row in set (0.00 sec)

+----------------------------+
| clientcontractlastdiscount |
+----------------------------+
|                       5625 |
+----------------------------+
1 row in set (0.00 sec)

Database changed
Query OK, 0 rows affected (0.10 sec)

Query OK, 0 rows affected (0.01 sec)

Database changed
Query OK, 133587 rows affected, 4 warnings (4.09 sec)
Records: 133587  Deleted: 0  Skipped: 0  Warnings: 4

Query OK, 0 rows affected (0.33 sec)
Records: 0  Duplicates: 0  Warnings: 0

Query OK, 0 rows affected (0.49 sec)
Records: 0  Duplicates: 0  Warnings: 0

Query OK, 0 rows affected (0.41 sec)
Records: 0  Duplicates: 0  Warnings: 0

Query OK, 0 rows affected (0.45 sec)
Records: 0  Duplicates: 0  Warnings: 0

Query OK, 0 rows affected (0.44 sec)
Records: 0  Duplicates: 0  Warnings: 0

Query OK, 0 rows affected (0.61 sec)
Records: 0  Duplicates: 0  Warnings: 0

Query OK, 0 rows affected (0.11 sec)

Query OK, 1716910 rows affected (2 min 36.39 sec)
Records: 1716910  Duplicates: 0  Warnings: 0

+---------+
| devices |
+---------+
|  133587 |
+---------+
1 row in set (0.07 sec)

+-----------------------+
| clientcontractdevices |
+-----------------------+
|               1716910 |
+-----------------------+
1 row in set (0.68 sec)

Query OK, 0 rows affected (0.04 sec)

Query OK, 133431 rows affected (6.40 sec)
Records: 133431  Duplicates: 0  Warnings: 0

+---------------------------+
| rep_clientcontractdevices |
+---------------------------+
|                    133431 |
+---------------------------+
1 row in set (0.04 sec)

Database changed
Query OK, 0 rows affected (0.01 sec)

Query OK, 0 rows affected (0.01 sec)

Query OK, 273954 rows affected (7.96 sec)
Records: 273954  Deleted: 0  Skipped: 0  Warnings: 0

Query OK, 0 rows affected (0.79 sec)
Records: 0  Duplicates: 0  Warnings: 0

Query OK, 0 rows affected (0.67 sec)
Records: 0  Duplicates: 0  Warnings: 0

Query OK, 0 rows affected (0.61 sec)
Records: 0  Duplicates: 0  Warnings: 0

Query OK, 0 rows affected (0.54 sec)
Records: 0  Duplicates: 0  Warnings: 0

+---------+
| tickets |
+---------+
|  273954 |
+---------+
1 row in set (0.08 sec)

Database changed
Query OK, 0 rows affected (0.01 sec)

Query OK, 0 rows affected (0.01 sec)

Empty set (0.00 sec)

Query OK, 0 rows affected (0.01 sec)
Records: 0  Duplicates: 0  Warnings: 0

Query OK, 352 rows affected, 2 warnings (0.06 sec)
Records: 352  Deleted: 0  Skipped: 0  Warnings: 2

+-----------------+
| tickettechusers |
+-----------------+
|             352 |
+-----------------+
1 row in set (0.00 sec)

Database changed
Query OK, 0 rows affected (0.01 sec)

Query OK, 0 rows affected (0.00 sec)

Query OK, 0 rows affected (0.01 sec)
Records: 0  Duplicates: 0  Warnings: 0

Query OK, 586651 rows affected, 44792 warnings (11.77 sec)
Records: 586651  Deleted: 0  Skipped: 0  Warnings: 44792

+-------------------+
| ticketassignments |
+-------------------+
|            586651 |
+-------------------+
1 row in set (0.18 sec)

Database changed
Query OK, 0 rows affected (0.16 sec)

Query OK, 0 rows affected (0.01 sec)

Query OK, 1205214 rows affected (16.79 sec)
Records: 1205214  Deleted: 0  Skipped: 0  Warnings: 0

Query OK, 0 rows affected (5.09 sec)
Records: 0  Duplicates: 0  Warnings: 0

Query OK, 0 rows affected (2.95 sec)
Records: 0  Duplicates: 0  Warnings: 0

Query OK, 0 rows affected (2.71 sec)
Records: 0  Duplicates: 0  Warnings: 0

Query OK, 0 rows affected (3.38 sec)
Records: 0  Duplicates: 0  Warnings: 0

+----------------+
| ticketcomments |
+----------------+
|        1205214 |
+----------------+
1 row in set (0.35 sec)

Database changed
Query OK, 0 rows affected (0.04 sec)

Query OK, 0 rows affected (0.01 sec)

Query OK, 435882 rows affected (41.58 sec)
Records: 435882  Deleted: 0  Skipped: 0  Warnings: 0

Query OK, 0 rows affected (2.20 sec)
Records: 0  Duplicates: 0  Warnings: 0

+----------+
| comments |
+----------+
|   435882 |
+----------+
1 row in set (0.13 sec)

Database changed
Query OK, 0 rows affected (0.07 sec)

Query OK, 0 rows affected (0.01 sec)

Query OK, 1136393 rows affected, 65535 warnings (1 min 8.44 sec)
Records: 1136393  Deleted: 0  Skipped: 0  Warnings: 1136409

Query OK, 0 rows affected (5.15 sec)
Records: 0  Duplicates: 0  Warnings: 0

Query OK, 0 rows affected (3.22 sec)
Records: 0  Duplicates: 0  Warnings: 0

Query OK, 0 rows affected (3.18 sec)
Records: 0  Duplicates: 0  Warnings: 0

Query OK, 0 rows affected (3.52 sec)
Records: 0  Duplicates: 0  Warnings: 0

Query OK, 0 rows affected (4.54 sec)
Records: 0  Duplicates: 0  Warnings: 0

+------------+
| devicesold |
+------------+
|    1136393 |
+------------+
1 row in set (0.34 sec)

Database changed
Query OK, 0 rows affected (0.04 sec)

Query OK, 0 rows affected (0.01 sec)

Query OK, 1710537 rows affected (25.15 sec)
Records: 1710537  Deleted: 0  Skipped: 0  Warnings: 0

Query OK, 0 rows affected (6.38 sec)
Records: 0  Duplicates: 0  Warnings: 0

Query OK, 0 rows affected (4.72 sec)
Records: 0  Duplicates: 0  Warnings: 0

Query OK, 0 rows affected (4.55 sec)
Records: 0  Duplicates: 0  Warnings: 0

+------------------+
| contractservices |
+------------------+
|          1710537 |
+------------------+
1 row in set (0.51 sec)

Database changed
Query OK, 0 rows affected (0.08 sec)

Query OK, 0 rows affected (0.01 sec)

Query OK, 3985625 rows affected (2 min 2.53 sec)
Records: 3985625  Deleted: 0  Skipped: 0  Warnings: 0

Query OK, 0 rows affected (12.48 sec)
Records: 0  Duplicates: 0  Warnings: 0

Query OK, 0 rows affected (12.87 sec)
Records: 0  Duplicates: 0  Warnings: 0

Query OK, 0 rows affected (11.32 sec)
Records: 0  Duplicates: 0  Warnings: 0

Query OK, 0 rows affected (12.90 sec)
Records: 0  Duplicates: 0  Warnings: 0

+------------------+
| invoicescontents |
+------------------+
|          3985625 |
+------------------+
1 row in set (1.16 sec)

Database changed
Query OK, 0 rows affected (0.08 sec)

Query OK, 0 rows affected (0.01 sec)

Query OK, 2781201 rows affected (2 min 56.89 sec)
Records: 2781201  Deleted: 0  Skipped: 0  Warnings: 0

Query OK, 0 rows affected (13.13 sec)
Records: 0  Duplicates: 0  Warnings: 0

Query OK, 0 rows affected (15.35 sec)
Records: 0  Duplicates: 0  Warnings: 0

Query OK, 0 rows affected (13.78 sec)
Records: 0  Duplicates: 0  Warnings: 0

Query OK, 0 rows affected (12.92 sec)
Records: 0  Duplicates: 0  Warnings: 0

Query OK, 0 rows affected (11.83 sec)
Records: 0  Duplicates: 0  Warnings: 0

+----------------+
| invoicesheader |
+----------------+
|        2781201 |
+----------------+
1 row in set (0.84 sec)

Database changed
Query OK, 0 rows affected (0.07 sec)

Query OK, 0 rows affected (0.01 sec)

Query OK, 2862373 rows affected (1 min 24.52 sec)
Records: 2862373  Deleted: 0  Skipped: 0  Warnings: 0

Query OK, 0 rows affected (10.76 sec)
Records: 0  Duplicates: 0  Warnings: 0

Query OK, 0 rows affected (9.55 sec)
Records: 0  Duplicates: 0  Warnings: 0

Query OK, 0 rows affected (8.75 sec)
Records: 0  Duplicates: 0  Warnings: 0

Query OK, 0 rows affected (8.52 sec)
Records: 0  Duplicates: 0  Warnings: 0

+---------+
| casa    |
+---------+
| 2862373 |
+---------+
1 row in set (0.85 sec)

Query OK, 0 rows affected (0.01 sec)

Query OK, 13715 rows affected (1 min 18.77 sec)
Records: 13715  Duplicates: 0  Warnings: 0

+--------------------+
| rep_paycol_channel |
+--------------------+
|              13715 |
+--------------------+
1 row in set (0.01 sec)

Query OK, 0 rows affected (0.01 sec)

Query OK, 9784 rows affected (1 min 35.56 sec)
Records: 9784  Duplicates: 0  Warnings: 0

+----------------+
| rep_paycol_pos |
+----------------+
|           9784 |
+----------------+
1 row in set (0.00 sec)

Database changed
Query OK, 0 rows affected (0.05 sec)

Query OK, 0 rows affected (0.01 sec)

Database changed
Query OK, 39069 rows affected (0.91 sec)
Records: 39069  Deleted: 0  Skipped: 0  Warnings: 0

+-------+
| users |
+-------+
| 39069 |
+-------+
1 row in set (0.01 sec)

Query OK, 0 rows affected (0.08 sec)
Records: 0  Duplicates: 0  Warnings: 0

Database changed
Query OK, 0 rows affected (0.02 sec)

Query OK, 0 rows affected (0.01 sec)

Query OK, 1872898 rows affected, 2 warnings (33.09 sec)
Records: 1872898  Deleted: 0  Skipped: 0  Warnings: 2

Query OK, 0 rows affected (8.82 sec)
Records: 0  Duplicates: 0  Warnings: 0

Query OK, 0 rows affected (6.19 sec)
Records: 0  Duplicates: 0  Warnings: 0

Query OK, 0 rows affected (5.40 sec)
Records: 0  Duplicates: 0  Warnings: 0

Query OK, 0 rows affected (4.78 sec)
Records: 0  Duplicates: 0  Warnings: 0

Query OK, 0 rows affected (4.25 sec)
Records: 0  Duplicates: 0  Warnings: 0

+-------------+
| useractions |
+-------------+
|     1872898 |
+-------------+
1 row in set (21.67 sec)

Database changed
Query OK, 0 rows affected (0.09 sec)

Query OK, 0 rows affected (0.01 sec)

Database changed
Query OK, 14914994 rows affected (3 min 6.31 sec)
Records: 14914994  Deleted: 0  Skipped: 0  Warnings: 0

Query OK, 0 rows affected (43.59 sec)
Records: 0  Duplicates: 0  Warnings: 0

Query OK, 0 rows affected (43.44 sec)
Records: 0  Duplicates: 0  Warnings: 0

Query OK, 0 rows affected (42.52 sec)
Records: 0  Duplicates: 0  Warnings: 0

Query OK, 0 rows affected (38.24 sec)
Records: 0  Duplicates: 0  Warnings: 0

+----------+
| ipusage1 |
+----------+
| 14914994 |
+----------+
1 row in set (25.42 sec)

Query OK, 0 rows affected (0.16 sec)

Query OK, 15044913 rows affected, 65535 warnings (18 min 15.81 sec)
Records: 15044913  Duplicates: 0  Warnings: 15040881

Query OK, 0 rows affected (44.62 sec)
Records: 0  Duplicates: 0  Warnings: 0

Query OK, 0 rows affected (43.93 sec)
Records: 0  Duplicates: 0  Warnings: 0

Query OK, 0 rows affected (43.26 sec)
Records: 0  Duplicates: 0  Warnings: 0

Query OK, 0 rows affected (38.11 sec)
Records: 0  Duplicates: 0  Warnings: 0

Query OK, 0 rows affected (55.65 sec)
Records: 0  Duplicates: 0  Warnings: 0

Query OK, 0 rows affected (1 min 4.74 sec)
Records: 0  Duplicates: 0  Warnings: 0

Query OK, 0 rows affected (55.62 sec)
Records: 0  Duplicates: 0  Warnings: 0

+----------+
| ipusage  |
+----------+
| 15044913 |
+----------+
1 row in set (6.78 sec)

Query OK, 0 rows affected (0.12 sec)

Query OK, 3789142 rows affected (3 min 42.93 sec)
Records: 3789142  Duplicates: 0  Warnings: 0

Query OK, 0 rows affected (13.76 sec)
Records: 0  Duplicates: 0  Warnings: 0

Query OK, 0 rows affected (7.78 sec)
Records: 0  Duplicates: 0  Warnings: 0

Query OK, 0 rows affected (14.42 sec)
Records: 0  Duplicates: 0  Warnings: 0

Query OK, 0 rows affected (13.54 sec)
Records: 0  Duplicates: 0  Warnings: 0

Query OK, 0 rows affected (9.46 sec)
Records: 0  Duplicates: 0  Warnings: 0

Query OK, 0 rows affected (0.07 sec)

Query OK, 308249 rows affected (27.25 sec)
Records: 308249  Duplicates: 0  Warnings: 0

Query OK, 0 rows affected (0.99 sec)
Records: 0  Duplicates: 0  Warnings: 0

Query OK, 0 rows affected (0.93 sec)
Records: 0  Duplicates: 0  Warnings: 0

Query OK, 0 rows affected (1.07 sec)
Records: 0  Duplicates: 0  Warnings: 0

Query OK, 0 rows affected (0.57 sec)
Records: 0  Duplicates: 0  Warnings: 0

Query OK, 0 rows affected (0.56 sec)
Records: 0  Duplicates: 0  Warnings: 0

Query OK, 0 rows affected (0.56 sec)
Records: 0  Duplicates: 0  Warnings: 0

Query OK, 0 rows affected (0.57 sec)
Records: 0  Duplicates: 0  Warnings: 0

Query OK, 0 rows affected (0.02 sec)

Query OK, 1710344 rows affected (53.74 sec)
Records: 1710344  Duplicates: 0  Warnings: 0

Query OK, 0 rows affected (7.66 sec)
Records: 0  Duplicates: 0  Warnings: 0

Query OK, 0 rows affected (3.34 sec)
Records: 0  Duplicates: 0  Warnings: 0

Query OK, 0 rows affected (5.47 sec)
Records: 0  Duplicates: 0  Warnings: 0

mysql> mysql \. C:\workspace\cloud\code\sql\_DailyScript\currenttime.sql
+---------------------+
| currenttime         |
+---------------------+
| 2020-02-25 08:49:39 |
+---------------------+
1 row in set (0.00 sec)

mysql> 
mysql> mysql \. C:\workspace\cloud\code\sql\_DailyScript\ticket_analysis.sql
Database changed
Query OK, 0 rows affected (0.02 sec)

Query OK, 566190 rows affected (22.62 sec)
Records: 566190  Duplicates: 0  Warnings: 0

Query OK, 0 rows affected (5.46 sec)
Records: 0  Duplicates: 0  Warnings: 0

Query OK, 0 rows affected (1.77 sec)
Records: 0  Duplicates: 0  Warnings: 0

Query OK, 0 rows affected (1.90 sec)
Records: 0  Duplicates: 0  Warnings: 0

Query OK, 0 rows affected (0.05 sec)

Query OK, 19103 rows affected (10.92 sec)
Records: 19103  Duplicates: 0  Warnings: 0

Query OK, 0 rows affected, 1 warning (0.00 sec)

Query OK, 78358 rows affected (6.75 sec)
Records: 78358  Duplicates: 0  Warnings: 0

Query OK, 0 rows affected, 1 warning (0.00 sec)

Query OK, 405008 rows affected (12.19 sec)
Records: 405008  Duplicates: 0  Warnings: 0

Query OK, 0 rows affected, 1 warning (0.00 sec)

Query OK, 405008 rows affected (13.03 sec)
Records: 405008  Duplicates: 0  Warnings: 0

Query OK, 0 rows affected (0.01 sec)

Query OK, 78417 rows affected (4.47 sec)
Records: 78417  Duplicates: 0  Warnings: 0

Database changed
Query OK, 0 rows affected (0.00 sec)

Query OK, 0 rows affected (0.03 sec)

Query OK, 566190 rows affected (18.40 sec)
Records: 566190  Duplicates: 0  Warnings: 0

Query OK, 0 rows affected (0.01 sec)

Query OK, 279204 rows affected (13.14 sec)
Records: 279204  Duplicates: 0  Warnings: 0

+--------------------------+
| clientticket_cmmtjourney |
+--------------------------+
|                   566190 |
+--------------------------+
1 row in set (3.00 sec)

+---------------------------+
| clientticket_assgnjourney |
+---------------------------+
|                    279204 |
+---------------------------+
1 row in set (0.33 sec)

Query OK, 0 rows affected (0.01 sec)

Query OK, 81 rows affected (0.08 sec)
Records: 81  Duplicates: 0  Warnings: 0

mysql> mysql \. C:\workspace\cloud\code\sql\_DailyScript\currenttime.sql
+---------------------+
| currenttime         |
+---------------------+
| 2020-02-25 08:51:33 |
+---------------------+
1 row in set (0.00 sec)

mysql> 
mysql> mysql \. C:\workspace\cloud\code\sql\_DailyScript\load_DailyCalls.sql
Database changed
Query OK, 422 rows affected (0.45 sec)
Records: 422  Deleted: 0  Skipped: 0  Warnings: 0

Query OK, 0 rows affected, 1 warning (0.00 sec)

Query OK, 411 rows affected (0.07 sec)
Records: 411  Duplicates: 0  Warnings: 0

Query OK, 0 rows affected, 1 warning (0.00 sec)

Query OK, 65533 rows affected (0.40 sec)
Records: 65533  Duplicates: 0  Warnings: 0

+----------------------+
| callingclientsbefore |
+----------------------+
|               842948 |
+----------------------+
1 row in set (2.12 sec)

Query OK, 572 rows affected (9.13 sec)
Records: 572  Duplicates: 0  Warnings: 0

+---------------------+
| callingclientsafter |
+---------------------+
|              843520 |
+---------------------+
1 row in set (0.23 sec)

Query OK, 0 rows affected (0.02 sec)

Query OK, 297 rows affected (13.54 sec)
Records: 297  Duplicates: 0  Warnings: 0

Query OK, 0 rows affected (0.00 sec)

Query OK, 17359 rows affected (2.63 sec)
Records: 17359  Duplicates: 0  Warnings: 0

+-----------+
| callstats |
+-----------+
|     17359 |
+-----------+
1 row in set (0.01 sec)

Query OK, 0 rows affected, 1 warning (0.00 sec)

Query OK, 572 rows affected (9.34 sec)
Records: 572  Duplicates: 0  Warnings: 0

+------------------------+
| rep_cccallreportbefore |
+------------------------+
|                 847344 |
+------------------------+
1 row in set (0.24 sec)

Query OK, 572 rows affected (1.27 sec)
Records: 572  Duplicates: 0  Warnings: 0

+-----------------------+
| rep_cccallreportafter |
+-----------------------+
|                847916 |
+-----------------------+
1 row in set (0.24 sec)

Query OK, 0 rows affected (0.00 sec)

mysql> mysql \. C:\workspace\cloud\code\sql\_DailyScript\currenttime.sql
+---------------------+
| currenttime         |
+---------------------+
| 2020-02-25 08:52:13 |
+---------------------+
1 row in set (0.00 sec)

mysql> 
mysql> mysql \. C:\workspace\cloud\code\sql\_DailyScript\DAILY-SCRIPT-USAGE.sql
Database changed
Query OK, 0 rows affected (0.00 sec)

Query OK, 6987 rows affected, 20241 warnings (2.91 sec)
Records: 6987  Deleted: 0  Skipped: 0  Warnings: 20241

Query OK, 0 rows affected (0.00 sec)

Query OK, 10671 rows affected, 30887 warnings (3.47 sec)
Records: 10671  Deleted: 0  Skipped: 0  Warnings: 30887

Query OK, 0 rows affected (0.00 sec)

Query OK, 187 rows affected, 674 warnings (0.07 sec)
Records: 187  Deleted: 0  Skipped: 0  Warnings: 674

Query OK, 0 rows affected (0.00 sec)

Query OK, 258 rows affected, 894 warnings (0.06 sec)
Records: 258  Deleted: 0  Skipped: 0  Warnings: 894

+------------+
| dailyusage |
+------------+
|   10605867 |
+------------+
1 row in set (28.01 sec)

+------------+------------+------------+---------+
| datestart  | dateend    | insertedon | records |
+------------+------------+------------+---------+
| 2020-02-24 | 2020-02-24 | 2020-02-25 |   18103 |
| 2020-02-23 | 2020-02-23 | 2020-02-24 |   17905 |
| 2020-02-22 | 2020-02-22 | 2020-02-23 |   18088 |
| 2020-02-21 | 2020-02-21 | 2020-02-22 |   18104 |
| 2020-02-20 | 2020-02-20 | 2020-02-21 |   18054 |
+------------+------------+------------+---------+
5 rows in set (3 min 46.14 sec)

mysql> mysql \. C:\workspace\cloud\code\sql\_DailyScript\currenttime.sql
+---------------------+
| currenttime         |
+---------------------+
| 2020-02-25 08:56:34 |
+---------------------+
1 row in set (0.00 sec)

mysql> 
mysql> mysql \. C:\workspace\cloud\code\sql\_DailyScript\DAILY-SCRIPT-SALES-TELEMETRY.sql
Database changed
Query OK, 198 rows affected, 74 warnings (0.10 sec)
Records: 198  Deleted: 0  Skipped: 0  Warnings: 74

+------------+
| dailysales |
+------------+
|     185500 |
+------------+
1 row in set (0.33 sec)

Query OK, 0 rows affected (0.02 sec)

Query OK, 185500 rows affected (18.37 sec)
Records: 185500  Duplicates: 0  Warnings: 0

+--------+
| sales  |
+--------+
| 185500 |
+--------+
1 row in set (0.08 sec)

Query OK, 0 rows affected (0.00 sec)

Query OK, 2981 rows affected (0.31 sec)
Records: 2981  Duplicates: 0  Warnings: 0

+----------------+
| rep_dailysales |
+----------------+
|           2981 |
+----------------+
1 row in set (0.00 sec)

Query OK, 0 rows affected (0.00 sec)

Query OK, 2981 rows affected (0.48 sec)
Records: 2981  Duplicates: 0  Warnings: 0

+-------------------+
| rep_dailysalesreg |
+-------------------+
|              2981 |
+-------------------+
1 row in set (0.00 sec)

Query OK, 0 rows affected (0.00 sec)

Query OK, 2665 rows affected (0.63 sec)
Records: 2665  Duplicates: 0  Warnings: 0

+-----------+
| saleslist |
+-----------+
|      2665 |
+-----------+
1 row in set (0.00 sec)

Database changed
ERROR 2 (HY000): File 'C:\ProgramData\MySQL\MySQL Server 5.7\Uploads\_csv\PrepaidCardSales-24022020-P1.csv' not found (Errcode: 2 - No such file or directory)
+------------------+
| dailysinglesales |
+------------------+
|             6178 |
+------------------+
1 row in set (0.07 sec)

Database changed
Query OK, 11 rows affected (0.05 sec)
Records: 11  Deleted: 0  Skipped: 0  Warnings: 0

+-----------------+
| dailyaddonsales |
+-----------------+
|           18407 |
+-----------------+
1 row in set (0.11 sec)

Query OK, 157 rows affected (0.13 sec)
Records: 157  Deleted: 0  Skipped: 0  Warnings: 0

+----------------+
| onlinepayments |
+----------------+
|          81813 |
+----------------+
1 row in set (0.15 sec)

+-------------+----------------+---------------------+
| paymentdate | onlinepayments | onlinepaymentamount |
+-------------+----------------+---------------------+
| 2020-02-24  |            157 |        106365.83000 |
| 2020-02-23  |            135 |         91731.88000 |
| 2020-02-22  |            138 |         99202.36000 |
| 2020-02-21  |            111 |         72930.28000 |
| 2020-02-20  |            103 |         68341.41000 |
+-------------+----------------+---------------------+
5 rows in set (4.21 sec)

+-------------+--------------+----------------+---------------------+
| paymentyear | paymentmonth | onlinepayments | onlinepaymentamount |
+-------------+--------------+----------------+---------------------+
|        2020 |            2 |           2571 |       1732114.77000 |
|        2020 |            1 |           3598 |       2395112.36000 |
|        2020 |         NULL |           6169 |       4127227.13000 |
|        2019 |           12 |           3234 |       2134467.48000 |
|        2019 |           11 |           3112 |       2058344.74000 |
+-------------+--------------+----------------+---------------------+
5 rows in set (0.09 sec)

mysql> mysql \. C:\workspace\cloud\code\sql\_DailyScript\currenttime.sql
+---------------------+
| currenttime         |
+---------------------+
| 2020-02-25 08:56:59 |
+---------------------+
1 row in set (0.00 sec)

mysql> 
mysql> mysql \. C:\workspace\cloud\code\sql\_DailyScript\DAILY-SCRIPT-ACTIVENUMBERS.sql
Database changed
Query OK, 1159 rows affected (0.90 sec)
Records: 1159  Deleted: 0  Skipped: 0  Warnings: 0

+------------+----------+
| period     | count(1) |
+------------+----------+
| 2020-02-24 |     1159 |
| 2020-02-23 |     1154 |
| 2020-02-22 |     1155 |
| 2020-02-21 |     1156 |
| 2020-02-20 |     1157 |
| 2020-02-19 |     1158 |
+------------+----------+
6 rows in set (0.01 sec)

Query OK, 0 rows affected (0.00 sec)

Query OK, 80 rows affected (1.49 sec)
Records: 80  Duplicates: 0  Warnings: 0

+-------------+
| packagelist |
+-------------+
|          80 |
+-------------+
1 row in set (0.00 sec)

Database changed
Query OK, 0 rows affected (0.00 sec)

Query OK, 0 rows affected (0.00 sec)

Query OK, 0 rows affected (0.00 sec)

Query OK, 0 rows affected (0.00 sec)

Query OK, 27079 rows affected, 198 warnings (42.57 sec)
Records: 27079  Deleted: 0  Skipped: 0  Warnings: 198

+------------+----------+
| period     | count(1) |
+------------+----------+
| 2020-02-24 |    27079 |
| 2020-02-22 |    54468 |
| 2020-02-21 |    27215 |
| 2020-02-20 |    27103 |
| 2020-02-19 |    27138 |
+------------+----------+
5 rows in set (0.18 sec)

Query OK, 0 rows affected (0.02 sec)

Query OK, 26476 rows affected (2 min 40.15 sec)
Records: 26476  Duplicates: 0  Warnings: 0

Query OK, 0 rows affected (0.24 sec)
Records: 0  Duplicates: 0  Warnings: 0

Query OK, 0 rows affected (0.16 sec)
Records: 0  Duplicates: 0  Warnings: 0

Query OK, 0 rows affected (0.14 sec)
Records: 0  Duplicates: 0  Warnings: 0

Query OK, 0 rows affected (0.20 sec)
Records: 0  Duplicates: 0  Warnings: 0

Query OK, 0 rows affected (0.39 sec)
Records: 0  Duplicates: 0  Warnings: 0

Query OK, 0 rows affected (0.14 sec)
Records: 0  Duplicates: 0  Warnings: 0

+-------------+
| countbefore |
+-------------+
|    33657817 |
+-------------+
1 row in set (1 min 59.29 sec)

Query OK, 26476 rows affected (25.04 sec)
Records: 26476  Duplicates: 0  Warnings: 0

+------------+
| countafter |
+------------+
|   33684293 |
+------------+
1 row in set (17.49 sec)

+------------+--------------------------+
| period     | customercontractactivity |
+------------+--------------------------+
| 2020-02-24 |                    26476 |
| 2020-02-22 |                    79893 |
| 2020-02-21 |                    26612 |
| 2020-02-20 |                    26500 |
| 2020-02-19 |                    26535 |
+------------+--------------------------+
5 rows in set (0.08 sec)

Query OK, 0 rows affected (0.07 sec)

Query OK, 253948 rows affected (16 min 52.48 sec)
Records: 253948  Duplicates: 0  Warnings: 0

Query OK, 0 rows affected (0.91 sec)
Records: 0  Duplicates: 0  Warnings: 0

Query OK, 0 rows affected (0.94 sec)
Records: 0  Duplicates: 0  Warnings: 0

Query OK, 0 rows affected (0.98 sec)
Records: 0  Duplicates: 0  Warnings: 0

Query OK, 0 rows affected (0.01 sec)

Query OK, 178 rows affected (0.43 sec)
Records: 178  Duplicates: 0  Warnings: 0

Query OK, 0 rows affected (0.01 sec)

Query OK, 2534 rows affected (0.54 sec)
Records: 2534  Duplicates: 0  Warnings: 0

Query OK, 0 rows affected (0.00 sec)

Query OK, 26462 rows affected (0.57 sec)
Records: 26462  Duplicates: 0  Warnings: 0

Query OK, 0 rows affected (0.01 sec)

Query OK, 16895 rows affected (0.35 sec)
Records: 16895  Duplicates: 0  Warnings: 0

Query OK, 0 rows affected (0.02 sec)

Query OK, 16895 rows affected (0.10 sec)
Records: 16895  Duplicates: 0  Warnings: 0

Query OK, 0 rows affected (0.01 sec)

Query OK, 16895 rows affected (1.17 sec)
Records: 16895  Duplicates: 0  Warnings: 0

Query OK, 0 rows affected (0.01 sec)

Query OK, 16895 rows affected (43.68 sec)
Records: 16895  Duplicates: 0  Warnings: 0

+-------------+
| clientstats |
+-------------+
|       16895 |
+-------------+
1 row in set (0.01 sec)

Query OK, 0 rows affected (0.03 sec)

Query OK, 13 rows affected, 1 warning (0.10 sec)
Records: 13  Duplicates: 0  Warnings: 1

+-----------------------+-------------+-------------+----------------+-----------------+
| services              | activecount | allaccounts | uniqueaccounts | uniquecontracts |
+-----------------------+-------------+-------------+----------------+-----------------+
| All                   |         294 |          50 |             50 |             161 |
| Internet & Voice      |         423 |         193 |            193 |             377 |
| Internet Only         |        4275 |        4174 |           4158 |            4213 |
| OTT Only              |           1 |           1 |              1 |               1 |
| TV & Internet         |        8851 |        3930 |           3920 |            8007 |
| TV & Internet & OTT   |        2651 |         709 |            708 |            1459 |
| TV & Internet & Voice |         490 |         147 |            147 |             450 |
| TV & OTT              |         315 |          62 |             61 |              79 |
| TV & Voice            |         102 |          46 |             46 |              94 |
| TV & Voice & OTT      |           3 |           1 |              1 |               2 |
| TV Only               |        9665 |        7429 |           7416 |            7632 |
| Voice Only            |         154 |         153 |            152 |             154 |
| GRAND TOTAL           |       27224 |       16895 |          16809 |           22629 |
+-----------------------+-------------+-------------+----------------+-----------------+
13 rows in set (0.00 sec)

+-------------+-------------+-------------+----------------+-----------------+
| network     | activecount | allaccounts | uniqueaccounts | uniquecontracts |
+-------------+-------------+-------------+----------------+-----------------+
| ADDON       |          12 |           9 |              9 |               9 |
| GPON        |        8274 |        4231 |           4228 |            6495 |
| HFC         |       18938 |       12655 |          12655 |           16125 |
| GRAND TOTAL |       27224 |       16895 |          16809 |           22629 |
+-------------+-------------+-------------+----------------+-----------------+
4 rows in set, 1 warning (0.11 sec)

+-------------+-----------------------+-------------+-------------+----------------+-----------------+
| network     | services              | activecount | allaccounts | uniqueaccounts | uniquecontracts |
+-------------+-----------------------+-------------+-------------+----------------+-----------------+
| ADDON       | OTT Only              |           1 |           1 |              1 |               1 |
| ADDON       | TV & OTT              |           4 |           1 |              1 |               1 |
| ADDON       | TV Only               |           7 |           7 |              7 |               7 |
| ADDON       | Services Total        |          12 |           9 |              9 |               9 |
| GPON        | All                   |         161 |          27 |             27 |              86 |
| GPON        | Internet & Voice      |          69 |          29 |             29 |              59 |
| GPON        | Internet Only         |        1121 |        1040 |           1040 |            1062 |
| GPON        | TV & Internet         |        3433 |        1476 |           1476 |            3029 |
| GPON        | TV & Internet & OTT   |        1451 |         381 |            381 |             791 |
| GPON        | TV & Internet & Voice |         173 |          50 |             50 |             155 |
| GPON        | TV & OTT              |          67 |          23 |             23 |              25 |
| GPON        | TV & Voice            |          51 |          22 |             22 |              46 |
| GPON        | TV & Voice & OTT      |           3 |           1 |              1 |               2 |
| GPON        | TV Only               |        1735 |        1172 |           1172 |            1230 |
| GPON        | Voice Only            |          10 |          10 |             10 |              10 |
| GPON        | Services Total        |        8274 |        4231 |           4228 |            6495 |
| HFC         | All                   |         133 |          23 |             23 |              75 |
| HFC         | Internet & Voice      |         354 |         164 |            164 |             318 |
| HFC         | Internet Only         |        3154 |        3134 |           3134 |            3151 |
| HFC         | TV & Internet         |        5418 |        2454 |           2454 |            4978 |
| HFC         | TV & Internet & OTT   |        1200 |         328 |            328 |             668 |
| HFC         | TV & Internet & Voice |         317 |          97 |             97 |             295 |
| HFC         | TV & OTT              |         244 |          38 |             38 |              53 |
| HFC         | TV & Voice            |          51 |          24 |             24 |              48 |
| HFC         | TV Only               |        7923 |        6250 |           6250 |            6395 |
| HFC         | Voice Only            |         144 |         143 |            143 |             144 |
| HFC         | Services Total        |       18938 |       12655 |          12655 |           16125 |
| GRAND TOTAL | Services Total        |       27224 |       16895 |          16809 |           22629 |
+-------------+-----------------------+-------------+-------------+----------------+-----------------+
28 rows in set, 2 warnings (0.12 sec)

Query OK, 0 rows affected (0.00 sec)

Query OK, 48 rows affected, 3 warnings (0.17 sec)
Records: 48  Duplicates: 0  Warnings: 3

+-------------+---------------+-----------------------+-------------+-------------+----------------+-----------------+
| region      | network       | services              | activecount | allaccounts | uniqueaccounts | uniquecontracts |
+-------------+---------------+-----------------------+-------------+-------------+----------------+-----------------+
| Eden Island | GPON          | TV & Internet         |           2 |           1 |              1 |               2 |
| Eden Island | GPON          | Services Total        |           2 |           1 |              1 |               2 |
| Eden Island | Network Total | Services Total        |           2 |           1 |              1 |               2 |
| Mahe        | ADDON         | OTT Only              |           1 |           1 |              1 |               1 |
| Mahe        | ADDON         | TV & OTT              |           4 |           1 |              1 |               1 |
| Mahe        | ADDON         | TV Only               |           3 |           3 |              3 |               3 |
| Mahe        | ADDON         | Services Total        |           8 |           5 |              5 |               5 |
| Mahe        | GPON          | All                   |         143 |          24 |             24 |              77 |
| Mahe        | GPON          | Internet & Voice      |          59 |          24 |             24 |              49 |
| Mahe        | GPON          | Internet Only         |         885 |         804 |            804 |             826 |
| Mahe        | GPON          | TV & Internet         |        2568 |        1094 |           1094 |            2239 |
| Mahe        | GPON          | TV & Internet & OTT   |        1035 |         263 |            263 |             544 |
| Mahe        | GPON          | TV & Internet & Voice |         155 |          45 |             45 |             138 |
| Mahe        | GPON          | TV & OTT              |          51 |          15 |             15 |              17 |
| Mahe        | GPON          | TV & Voice            |          48 |          21 |             21 |              43 |
| Mahe        | GPON          | TV & Voice & OTT      |           3 |           1 |              1 |               2 |
| Mahe        | GPON          | TV Only               |        1353 |         892 |            892 |             933 |
| Mahe        | GPON          | Voice Only            |           9 |           9 |              9 |               9 |
| Mahe        | GPON          | Services Total        |        6309 |        3192 |           3192 |            4877 |
| Mahe        | HFC           | All                   |         133 |          23 |             23 |              75 |
| Mahe        | HFC           | Internet & Voice      |         354 |         164 |            164 |             318 |
| Mahe        | HFC           | Internet Only         |        3154 |        3134 |           3134 |            3151 |
| Mahe        | HFC           | TV & Internet         |        5418 |        2454 |           2454 |            4978 |
| Mahe        | HFC           | TV & Internet & OTT   |        1200 |         328 |            328 |             668 |
| Mahe        | HFC           | TV & Internet & Voice |         317 |          97 |             97 |             295 |
| Mahe        | HFC           | TV & OTT              |         244 |          38 |             38 |              53 |
| Mahe        | HFC           | TV & Voice            |          51 |          24 |             24 |              48 |
| Mahe        | HFC           | TV Only               |        7918 |        6247 |           6247 |            6392 |
| Mahe        | HFC           | Voice Only            |         144 |         143 |            143 |             144 |
| Mahe        | HFC           | Services Total        |       18933 |       12652 |          12652 |           16122 |
| Mahe        | Network Total | Services Total        |       25250 |       15849 |          15769 |           21004 |
| Praslin     | ADDON         | TV Only               |           4 |           4 |              4 |               4 |
| Praslin     | ADDON         | Services Total        |           4 |           4 |              4 |               4 |
| Praslin     | GPON          | All                   |          18 |           3 |              3 |               9 |
| Praslin     | GPON          | Internet & Voice      |          10 |           5 |              5 |              10 |
| Praslin     | GPON          | Internet Only         |         236 |         236 |            236 |             236 |
| Praslin     | GPON          | TV & Internet         |         863 |         381 |            381 |             788 |
| Praslin     | GPON          | TV & Internet & OTT   |         416 |         118 |            118 |             247 |
| Praslin     | GPON          | TV & Internet & Voice |          18 |           5 |              5 |              17 |
| Praslin     | GPON          | TV & OTT              |          16 |           8 |              8 |               8 |
| Praslin     | GPON          | TV & Voice            |           3 |           1 |              1 |               3 |
| Praslin     | GPON          | TV Only               |         382 |         280 |            280 |             297 |
| Praslin     | GPON          | Voice Only            |           1 |           1 |              1 |               1 |
| Praslin     | GPON          | Services Total        |        1963 |        1038 |           1038 |            1616 |
| Praslin     | HFC           | TV Only               |           5 |           3 |              3 |               3 |
| Praslin     | HFC           | Services Total        |           5 |           3 |              3 |               3 |
| Praslin     | Network Total | Services Total        |        1972 |        1045 |           1042 |            1623 |
| GRAND TOTAL | Network Total | Services Total        |       27224 |       16895 |          16809 |           22629 |
+-------------+---------------+-----------------------+-------------+-------------+----------------+-----------------+
48 rows in set (0.00 sec)

Query OK, 0 rows affected (0.01 sec)

Query OK, 26463 rows affected (0.50 sec)
Records: 26463  Duplicates: 0  Warnings: 0

Query OK, 0 rows affected (0.01 sec)

Query OK, 1977 rows affected (19.77 sec)
Records: 1977  Duplicates: 0  Warnings: 0

+--------------------------------------+
| message                              |
+--------------------------------------+
| running rcbill_my.sp_ActiveNumber2() |
+--------------------------------------+
1 row in set (0.00 sec)

Query OK, 365 rows affected (3 min 0.07 sec)

mysql> mysql \. C:\workspace\cloud\code\sql\_DailyScript\currenttime.sql
+---------------------+
| currenttime         |
+---------------------+
| 2020-02-25 09:24:11 |
+---------------------+
1 row in set (0.00 sec)

mysql> 
mysql> mysql \. C:\workspace\cloud\code\sql\_DailyScript\GetActiveNumbers Average -Pivot.sql
Database changed
+-------------------------------------+
| @today := subdate(current_date(),1) |
+-------------------------------------+
| 2020-02-24                          |
+-------------------------------------+
1 row in set (0.00 sec)

+-------------------------------------+
| @lastdayofmonth := last_day(@today) |
+-------------------------------------+
| 2020-02-29                          |
+-------------------------------------+
1 row in set (0.00 sec)

Query OK, 0 rows affected (0.01 sec)

Query OK, 36583 rows affected, 65535 warnings (55.09 sec)
Records: 36583  Duplicates: 0  Warnings: 75533

Query OK, 0 rows affected (0.09 sec)
Records: 0  Duplicates: 0  Warnings: 0

Query OK, 0 rows affected (0.11 sec)
Records: 0  Duplicates: 0  Warnings: 0

Query OK, 0 rows affected (0.10 sec)
Records: 0  Duplicates: 0  Warnings: 0

+-----------------+
| activenumberavg |
+-----------------+
|           36583 |
+-----------------+
1 row in set (0.01 sec)

Query OK, 0 rows affected (0.01 sec)

Query OK, 1833 rows affected (0.45 sec)
Records: 1833  Duplicates: 0  Warnings: 0

+---------------------+
| rep_activenumberavg |
+---------------------+
|                1833 |
+---------------------+
1 row in set (0.00 sec)

+----------------------+
| rep_activenumberavg1 |
+----------------------+
|                  864 |
+----------------------+
1 row in set (0.00 sec)

Query OK, 0 rows affected (0.00 sec)

Query OK, 1881 rows affected (0.35 sec)
Records: 1881  Duplicates: 0  Warnings: 0

Query OK, 0 rows affected (0.01 sec)

Query OK, 9570 rows affected (0.61 sec)
Records: 9570  Duplicates: 0  Warnings: 0

Query OK, 0 rows affected (0.00 sec)

Query OK, 0 rows affected (0.00 sec)

Query OK, 0 rows affected (0.01 sec)

Query OK, 0 rows affected (0.00 sec)

Query OK, 0 rows affected (0.00 sec)
Statement prepared

Query OK, 53 rows affected (0.04 sec)
Records: 53  Duplicates: 0  Warnings: 0

Query OK, 0 rows affected (0.00 sec)

Query OK, 0 rows affected (0.00 sec)

+----------------------+
| rep_activenumberavg2 |
+----------------------+
|                 1881 |
+----------------------+
1 row in set (0.00 sec)

+------------------------+
| rep_activenumberavg_pv |
+------------------------+
|                     53 |
+------------------------+
1 row in set (0.00 sec)

Query OK, 0 rows affected (0.00 sec)

Query OK, 1881 rows affected (0.29 sec)
Records: 1881  Duplicates: 0  Warnings: 0

Query OK, 0 rows affected (0.00 sec)

Query OK, 0 rows affected (0.01 sec)

Query OK, 0 rows affected (0.00 sec)

Query OK, 0 rows affected (0.00 sec)

Query OK, 0 rows affected (0.00 sec)
Statement prepared

Query OK, 53 rows affected (0.06 sec)
Records: 53  Duplicates: 0  Warnings: 0

Query OK, 0 rows affected (0.00 sec)

Query OK, 0 rows affected (0.00 sec)

+-------------------------+
| rep_activenumberavgMahe |
+-------------------------+
|                    1881 |
+-------------------------+
1 row in set (0.00 sec)

+----------------------------+
| rep_activenumberavgMahe_pv |
+----------------------------+
|                         53 |
+----------------------------+
1 row in set (0.00 sec)

Query OK, 0 rows affected (0.00 sec)

Query OK, 1203 rows affected (0.13 sec)
Records: 1203  Duplicates: 0  Warnings: 0

Query OK, 0 rows affected (0.00 sec)

Query OK, 0 rows affected (0.00 sec)

Query OK, 0 rows affected (0.00 sec)

Query OK, 0 rows affected (0.00 sec)

Query OK, 0 rows affected (0.00 sec)
Statement prepared

Query OK, 40 rows affected (0.03 sec)
Records: 40  Duplicates: 0  Warnings: 0

Query OK, 0 rows affected (0.00 sec)

Query OK, 0 rows affected (0.00 sec)

+----------------------------+
| rep_activenumberavgPraslin |
+----------------------------+
|                       1203 |
+----------------------------+
1 row in set (0.00 sec)

+-------------------------------+
| rep_activenumberavgPraslin_pv |
+-------------------------------+
|                            40 |
+-------------------------------+
1 row in set (0.00 sec)

mysql> mysql \. C:\workspace\cloud\code\sql\_DailyScript\currenttime.sql
+---------------------+
| currenttime         |
+---------------------+
| 2020-02-25 09:25:09 |
+---------------------+
1 row in set (0.00 sec)

mysql> 
mysql> mysql \. C:\workspace\cloud\code\sql\_DailyScript\budget_actual_analysis_2020.sql
Query OK, 0 rows affected (0.00 sec)

Query OK, 634 rows affected, 3 warnings (0.21 sec)
Records: 634  Duplicates: 0  Warnings: 3

+--------------------+
| budget_actual_2020 |
+--------------------+
|                634 |
+--------------------+
1 row in set (0.00 sec)

Query OK, 0 rows affected (0.01 sec)

Query OK, 47 rows affected (0.04 sec)
Records: 47  Duplicates: 0  Warnings: 0

+---------------------------+
| rep_budget_actual_2020_pv |
+---------------------------+
|                        47 |
+---------------------------+
1 row in set (0.00 sec)

mysql> mysql \. C:\workspace\cloud\code\sql\_DailyScript\currenttime.sql
+---------------------+
| currenttime         |
+---------------------+
| 2020-02-25 09:25:09 |
+---------------------+
1 row in set (0.00 sec)

mysql> 
mysql> mysql \. C:\workspace\cloud\code\sql\_DailyScript\reports-sales-addons-prepaid-camera.sql
Database changed
Query OK, 0 rows affected (0.01 sec)

Query OK, 3991 rows affected (0.67 sec)
Records: 3991  Duplicates: 0  Warnings: 0

Query OK, 0 rows affected (0.01 sec)

Query OK, 18450 rows affected (2 min 22.09 sec)
Records: 18450  Duplicates: 0  Warnings: 0

+--------------------+
| rep_prepaid_camera |
+--------------------+
|               3991 |
+--------------------+
1 row in set (0.01 sec)

+-----------+
| rep_addon |
+-----------+
|     18450 |
+-----------+
1 row in set (0.01 sec)

mysql> mysql \. C:\workspace\cloud\code\sql\_DailyScript\currenttime.sql
+---------------------+
| currenttime         |
+---------------------+
| 2020-02-25 09:27:32 |
+---------------------+
1 row in set (0.00 sec)

mysql> 
mysql> mysql \. C:\workspace\cloud\code\sql\_DailyScript\housing-estate-analysis.sql
Database changed
Query OK, 0 rows affected (0.01 sec)

Query OK, 3072 rows affected (2 min 52.85 sec)
Records: 3072  Duplicates: 0  Warnings: 0

+--------------------+
| rep_housingestates |
+--------------------+
|               3072 |
+--------------------+
1 row in set (0.00 sec)

mysql> mysql \. C:\workspace\cloud\code\sql\_DailyScript\currenttime.sql
+---------------------+
| currenttime         |
+---------------------+
| 2020-02-25 09:30:25 |
+---------------------+
1 row in set (0.00 sec)

mysql> 
mysql> mysql \. C:\workspace\cloud\code\sql\_DailyScript\RCB_ClientAnalyticsReport_Script.sql
Database changed
Query OK, 0 rows affected (0.00 sec)

Query OK, 0 rows affected (0.06 sec)

Query OK, 1833115 rows affected (1 min 19.06 sec)
Records: 1833115  Duplicates: 0  Warnings: 0

Query OK, 0 rows affected (7.89 sec)
Records: 0  Duplicates: 0  Warnings: 0

Query OK, 0 rows affected (4.29 sec)
Records: 0  Duplicates: 0  Warnings: 0

Query OK, 0 rows affected (11.79 sec)
Records: 0  Duplicates: 0  Warnings: 0

Query OK, 0 rows affected (7.15 sec)
Records: 0  Duplicates: 0  Warnings: 0

Query OK, 0 rows affected (9.40 sec)
Records: 0  Duplicates: 0  Warnings: 0

Query OK, 0 rows affected (7.15 sec)
Records: 0  Duplicates: 0  Warnings: 0

Query OK, 0 rows affected (0.00 sec)

Query OK, 468798 rows affected (13.54 sec)
Rows matched: 1833115  Changed: 468798  Warnings: 0

Query OK, 0 rows affected (0.01 sec)

Query OK, 27582 rows affected (3.98 sec)
Records: 27582  Duplicates: 0  Warnings: 0

Query OK, 0 rows affected (0.05 sec)

Query OK, 43227 rows affected (10 min 14.68 sec)
Records: 43227  Duplicates: 0  Warnings: 0

Query OK, 0 rows affected (0.16 sec)
Records: 0  Duplicates: 0  Warnings: 0

Query OK, 0 rows affected (0.14 sec)
Records: 0  Duplicates: 0  Warnings: 0

Query OK, 0 rows affected (0.08 sec)
Records: 0  Duplicates: 0  Warnings: 0

Query OK, 0 rows affected (0.06 sec)

Query OK, 439232 rows affected (12 min 38.30 sec)
Records: 439232  Duplicates: 0  Warnings: 0

Query OK, 0 rows affected (1.57 sec)
Records: 0  Duplicates: 0  Warnings: 0

Query OK, 0 rows affected (1.59 sec)
Records: 0  Duplicates: 0  Warnings: 0

Query OK, 0 rows affected (0.83 sec)
Records: 0  Duplicates: 0  Warnings: 0

Query OK, 0 rows affected (2.30 sec)
Records: 0  Duplicates: 0  Warnings: 0

Query OK, 0 rows affected (1.69 sec)
Records: 0  Duplicates: 0  Warnings: 0

Query OK, 0 rows affected (0.17 sec)

Query OK, 43227 rows affected (1 min 24.67 sec)
Records: 43227  Duplicates: 0  Warnings: 0

+--------------+
| clientreport |
+--------------+
|        43227 |
+--------------+
1 row in set (0.02 sec)

Query OK, 0 rows affected (0.01 sec)

Query OK, 43227 rows affected (6.03 sec)
Records: 43227  Duplicates: 0  Warnings: 0

+----------------------+
| clientextendedreport |
+----------------------+
|                43227 |
+----------------------+
1 row in set (0.01 sec)

Query OK, 0 rows affected (0.05 sec)

Query OK, 43227 rows affected (57.52 sec)
Records: 43227  Duplicates: 0  Warnings: 0

+---------+
| allcust |
+---------+
|   43227 |
+---------+
1 row in set (0.01 sec)

Query OK, 0 rows affected, 1 warning (0.00 sec)

Query OK, 5000 rows affected (0.16 sec)
Records: 5000  Duplicates: 0  Warnings: 0

Query OK, 0 rows affected (0.01 sec)

Query OK, 6866 rows affected (0.30 sec)
Records: 6866  Duplicates: 0  Warnings: 0

Query OK, 0 rows affected, 1 warning (0.00 sec)

Query OK, 5000 rows affected (0.13 sec)
Records: 5000  Duplicates: 0  Warnings: 0

Query OK, 0 rows affected (0.01 sec)

Query OK, 7315 rows affected (0.17 sec)
Records: 7315  Duplicates: 0  Warnings: 0

mysql> mysql \. C:\workspace\cloud\code\sql\_DailyScript\currenttime.sql
+---------------------+
| currenttime         |
+---------------------+
| 2020-02-25 09:58:20 |
+---------------------+
1 row in set (0.00 sec)

mysql> 
mysql> 
mysql> mysql \. C:\workspace\cloud\code\sql\_DailyScript\REVENUE_PER_NODE_MXK.sql
Query OK, 0 rows affected (0.01 sec)

Query OK, 0 rows affected (0.01 sec)

Query OK, 0 rows affected (0.01 sec)

Query OK, 5654 rows affected (2.47 sec)
Records: 5654  Duplicates: 0  Warnings: 0

+----------------------+
| message              |
+----------------------+
| created temp table a |
+----------------------+
1 row in set (0.00 sec)

Query OK, 5843 rows affected (2.13 sec)
Records: 5843  Duplicates: 0  Warnings: 0

+----------------------+
| message              |
+----------------------+
| created temp table b |
+----------------------+
1 row in set (0.00 sec)

Query OK, 0 rows affected, 1 warning (0.00 sec)

Query OK, 5941 rows affected (10.77 sec)
Records: 5941  Duplicates: 0  Warnings: 0

+--------------------------------+
| message                        |
+--------------------------------+
| created rcbill_my.tempcustmxk1 |
+--------------------------------+
1 row in set (0.00 sec)

Query OK, 0 rows affected (0.00 sec)

Query OK, 0 rows affected (0.00 sec)

Query OK, 0 rows affected, 1 warning (0.00 sec)

Query OK, 5654 rows affected (1.23 sec)
Records: 5654  Duplicates: 0  Warnings: 0

+----------------+
| message        |
+----------------+
| created temp a |
+----------------+
1 row in set (0.00 sec)

Query OK, 5843 rows affected (0.59 sec)
Records: 5843  Duplicates: 0  Warnings: 0

+----------------+
| message        |
+----------------+
| created temp b |
+----------------+
1 row in set (0.00 sec)

Query OK, 0 rows affected, 1 warning (0.00 sec)

Query OK, 5933 rows affected (7.20 sec)
Records: 5933  Duplicates: 0  Warnings: 0

+--------------------------------+
| message                        |
+--------------------------------+
| created rcbill_my.tempcustmxk2 |
+--------------------------------+
1 row in set (0.00 sec)

Query OK, 0 rows affected (0.00 sec)

Query OK, 0 rows affected (0.00 sec)

Query OK, 0 rows affected, 1 warning (0.00 sec)

Query OK, 0 rows affected (0.00 sec)

Query OK, 6666 rows affected (0.32 sec)
Records: 6666  Duplicates: 0  Warnings: 0

+---------------------------------+
| message                         |
+---------------------------------+
| created rcbill_my.customers_mxk |
+---------------------------------+
1 row in set (0.00 sec)

Query OK, 0 rows affected (0.00 sec)

Query OK, 0 rows affected (0.00 sec)

Query OK, 13914 rows affected (5.44 sec)
Records: 13914  Duplicates: 0  Warnings: 0

+----------------+
| message        |
+----------------+
| created temp a |
+----------------+
1 row in set (0.00 sec)

Query OK, 19661 rows affected (3.20 sec)
Records: 19661  Duplicates: 0  Warnings: 0

+----------------+
| message        |
+----------------+
| created temp c |
+----------------+
1 row in set (0.00 sec)

Query OK, 0 rows affected, 1 warning (0.00 sec)

Query OK, 27172 rows affected (0.27 sec)
Records: 27172  Duplicates: 0  Warnings: 0

+---------------------------------+
| message                         |
+---------------------------------+
| created rcbill_my.tempcustcmts1 |
+---------------------------------+
1 row in set (0.00 sec)

Query OK, 0 rows affected (0.00 sec)

Query OK, 0 rows affected, 1 warning (0.00 sec)

Query OK, 0 rows affected (0.01 sec)

Query OK, 13914 rows affected (5.45 sec)
Records: 13914  Duplicates: 0  Warnings: 0

+----------------+
| message        |
+----------------+
| created temp a |
+----------------+
1 row in set (0.00 sec)

Query OK, 19661 rows affected (1.21 sec)
Records: 19661  Duplicates: 0  Warnings: 0

+----------------+
| message        |
+----------------+
| created temp c |
+----------------+
1 row in set (0.00 sec)

Query OK, 0 rows affected, 1 warning (0.00 sec)

Query OK, 20480 rows affected (0.31 sec)
Records: 20480  Duplicates: 0  Warnings: 0

+---------------------------------+
| message                         |
+---------------------------------+
| created rcbill_my.tempcustcmts2 |
+---------------------------------+
1 row in set (0.00 sec)

Query OK, 0 rows affected (0.01 sec)

Query OK, 0 rows affected, 1 warning (0.00 sec)

Query OK, 0 rows affected (0.01 sec)

Query OK, 0 rows affected (0.00 sec)

Query OK, 14057 rows affected (0.97 sec)
Records: 14057  Duplicates: 0  Warnings: 0

+----------------------------------+
| message                          |
+----------------------------------+
| created rcbill_my.customers_cmts |
+----------------------------------+
1 row in set (0.00 sec)

Query OK, 0 rows affected (0.00 sec)

Query OK, 0 rows affected (0.00 sec)

Query OK, 0 rows affected (0.01 sec)

Query OK, 17839 rows affected (0.91 sec)
Records: 17839  Duplicates: 0  Warnings: 0

+--------------------------------------+
| message                              |
+--------------------------------------+
| created rcbill_my.customers_cmts_mxk |
+--------------------------------------+
1 row in set (0.00 sec)

Query OK, 464673 rows affected (1 min 8.01 sec)
Records: 464673  Duplicates: 0  Warnings: 0

+----------------+
| message        |
+----------------+
| created temp a |
+----------------+
1 row in set (0.00 sec)

Query OK, 0 rows affected (0.01 sec)

Query OK, 465368 rows affected (16.61 sec)
Records: 465368  Duplicates: 0  Warnings: 0

+------------------------------------------------+
| message                                        |
+------------------------------------------------+
| created rcbill_my.customers_contracts_cmts_mxk |
+------------------------------------------------+
1 row in set (0.00 sec)

Query OK, 0 rows affected (0.01 sec)

Query OK, 0 rows affected, 1 warning (0.00 sec)

Query OK, 0 rows affected, 1 warning (0.00 sec)

Query OK, 0 rows affected (0.00 sec)

Query OK, 7870 rows affected (3.69 sec)
Rows matched: 7870  Changed: 7870  Warnings: 0

+------------------------------------------------+
| message                                        |
+------------------------------------------------+
| updated rcbill_my.customers_contracts_cmts_mxk |
+------------------------------------------------+
1 row in set (0.00 sec)

Query OK, 0 rows affected (0.05 sec)

Query OK, 1812678 rows affected (4 min 15.01 sec)
Records: 1812678  Duplicates: 0  Warnings: 0

+----------------------------------------+
| message                                |
+----------------------------------------+
| created rcbill_my.customers_collection |
+----------------------------------------+
1 row in set (0.00 sec)

Query OK, 0 rows affected (0.06 sec)

Query OK, 2089283 rows affected (1 min 49.14 sec)
Records: 2089283  Duplicates: 0  Warnings: 0

+------------------------------------------------+
| message                                        |
+------------------------------------------------+
| created rcbill_my.customers_cmts_mxk_cont_coll |
+------------------------------------------------+
1 row in set (0.00 sec)

Query OK, 0 rows affected (0.02 sec)

Query OK, 425812 rows affected (2 min 25.34 sec)
Records: 425812  Duplicates: 0  Warnings: 0

+--------------------------------------------------------+
| message                                                |
+--------------------------------------------------------+
| created rcbill_my.customers_contracts_collection_pivot |
+--------------------------------------------------------+
1 row in set (0.00 sec)

Query OK, 0 rows affected (0.01 sec)

Query OK, 39287 rows affected (2 min 29.43 sec)
Records: 39287  Duplicates: 0  Warnings: 0

+----------------------------------------------+
| message                                      |
+----------------------------------------------+
| created rcbill_my.customers_collection_pivot |
+----------------------------------------------+
1 row in set (0.00 sec)

Query OK, 0 rows affected (0.01 sec)

Query OK, 43227 rows affected (3.49 sec)
Records: 43227  Duplicates: 0  Warnings: 0

+--------------------------------------------+
| message                                    |
+--------------------------------------------+
| created rcbill_my.rep_customers_collection |
+--------------------------------------------+
1 row in set (0.00 sec)

Query OK, 0 rows affected (0.00 sec)

Query OK, 0 rows affected, 1 warning (0.00 sec)

Query OK, 433009 rows affected (18.86 sec)
Records: 433009  Duplicates: 0  Warnings: 0

+-------------------------+
| message                 |
+-------------------------+
| created rcbill_my.tempa |
+-------------------------+
1 row in set (0.00 sec)

Query OK, 0 rows affected, 1 warning (0.00 sec)

Query OK, 425812 rows affected (24.84 sec)
Records: 425812  Duplicates: 0  Warnings: 0

+-------------------------+
| message                 |
+-------------------------+
| created rcbill_my.tempb |
+-------------------------+
1 row in set (0.00 sec)

Query OK, 433009 rows affected (27.43 sec)
Records: 433009  Duplicates: 0  Warnings: 0

+-----------+
| message   |
+-----------+
| created a |
+-----------+
1 row in set (0.00 sec)

Query OK, 425824 rows affected (24.73 sec)
Records: 425824  Duplicates: 0  Warnings: 0

+-----------+
| message   |
+-----------+
| created b |
+-----------+
1 row in set (0.00 sec)

Query OK, 0 rows affected (0.02 sec)

Query OK, 0 rows affected (0.02 sec)

Query OK, 0 rows affected (0.02 sec)

Query OK, 469341 rows affected (51.87 sec)
Records: 469341  Duplicates: 0  Warnings: 0

+----------------------------------------------+
| message                                      |
+----------------------------------------------+
| created rcbill_my.cust_cont_payment_cmts_mxk |
+----------------------------------------------+
1 row in set (0.00 sec)

Query OK, 0 rows affected (0.02 sec)

Query OK, 0 rows affected (0.02 sec)

Query OK, 0 rows affected, 1 warning (0.00 sec)

Query OK, 0 rows affected (0.00 sec)

Query OK, 43227 rows affected (18.53 sec)
Records: 43227  Duplicates: 0  Warnings: 0

+--------------------------------------------------+
| message                                          |
+--------------------------------------------------+
| created rcbill_my.rep_cust_cont_payment_cmts_mxk |
+--------------------------------------------------+
1 row in set (0.00 sec)

Query OK, 0 rows affected, 1 warning (0.00 sec)

Query OK, 0 rows affected, 1 warning (0.00 sec)

Query OK, 0 rows affected (0.01 sec)

Query OK, 43227 rows affected, 5 warnings (9.68 sec)
Records: 43227  Duplicates: 0  Warnings: 5

+----------------------+
| rep_custconsolidated |
+----------------------+
|                43227 |
+----------------------+
1 row in set (0.68 sec)

Query OK, 0 rows affected (0.00 sec)

Query OK, 0 rows affected (0.01 sec)

+----------------------------------------------+
| message                                      |
+----------------------------------------------+
| creating rcbill_my.retentioncustomeractivity |
+----------------------------------------------+
1 row in set (0.00 sec)

Query OK, 830 rows affected (0.09 sec)
Records: 830  Duplicates: 0  Warnings: 0

+---------------------------+
| retentioncustomeractivity |
+---------------------------+
|                       830 |
+---------------------------+
1 row in set (0.00 sec)

+-----------+------------------------------------+------------+-------------+-----------------+------------------+---------------------+-------------------+
| HFC_NODE  | NODENAME                           | CMTS_DATE  | INSERTED_ON | UNIQUE_ACCOUNTS | UNIQUE_CONTRACTS | UNIQUE_MAC_INRCBOSS | UNIQUE_MAC_INCMTS |
+-----------+------------------------------------+------------+-------------+-----------------+------------------+---------------------+-------------------+
| NULL      | NULL                               | NULL       | 2020-02-25  |            6576 |             6915 |                6951 |                 0 |
| C5/0/0/U0 | ANSE-BOILEAU-2                     | 2020-01-06 | 2020-02-25  |             169 |              176 |                 169 |               171 |
| C5/0/0/U1 | 500-C3-ANSE-BOILEAU                | 2020-01-06 | 2020-02-25  |             174 |              176 |                 174 |               179 |
| C5/0/1/U0 | 501-C4-LA-MISIERE-LEFT-I           | 2020-01-06 | 2020-02-25  |             148 |              155 |                 148 |               150 |
| C5/0/1/U1 | 501-C5-LA-MISIERE-RIGHT            | 2020-01-06 | 2020-02-25  |              97 |              100 |                  97 |               100 |
| C5/0/1/U2 | 501-C7-LA-MISIERE-LEFT-II          | 2020-01-06 | 2020-02-25  |             145 |              152 |                 146 |               147 |
| C5/0/2/U0 | 502-C8-LA-LOUISE                   | 2020-01-06 | 2020-02-25  |             138 |              142 |                 138 |               143 |
| C5/0/2/U1 | LA-LOUISE-2                        | 2020-01-06 | 2020-02-25  |             128 |              128 |                 128 |               132 |
| C5/0/3/U0 | 504-C6-PETIT-PARIS                 | 2020-01-06 | 2020-02-25  |             157 |              161 |                 157 |               159 |
| C5/0/3/U1 | PETIT-PARIS-23                     | 2020-01-06 | 2020-02-25  |              76 |               79 |                  76 |                77 |
| C5/0/4/U0 | FOUR-SEASONS                       | 2020-01-06 | 2020-02-25  |               3 |                4 |                   4 |                 4 |
| C5/0/4/U1 | ANCHOR-CAFE-I                      | 2020-01-06 | 2020-02-25  |             144 |              147 |                 144 |               149 |
| C5/0/4/U2 | ANCHOR-CAFE-II                     | 2020-01-06 | 2020-02-25  |             142 |              145 |                 143 |               144 |
| C5/1/0/U0 | POINTE-LARUE-AIRPORT-23            | 2020-01-06 | 2020-02-25  |              51 |               53 |                  52 |                56 |
| C5/1/0/U1 | PPROVIDENCE-23                     | 2020-01-06 | 2020-02-25  |              21 |               24 |                  22 |                22 |
| C5/1/0/U2 | ROSHE-CAIMAN-23                    | 2020-01-06 | 2020-02-25  |               8 |                8 |                   8 |                 8 |
| C5/1/0/U3 | HEAD-OFFICE | HO-23                | 2020-01-06 | 2020-02-25  |              20 |               20 |                  20 |                20 |
| C5/1/1/U1 | C5-UNION-VALE                      | 2020-01-06 | 2020-02-25  |             185 |              190 |                 185 |               186 |
| C5/1/3/U0 | POINTE-LARUE-AIRPORT-27            | 2020-01-06 | 2020-02-25  |             169 |              174 |                 169 |               173 |
| C5/1/3/U1 | PPROVIDENCE-27                     | 2020-01-06 | 2020-02-25  |              27 |               27 |                  27 |                27 |
| C5/1/3/U2 | ROSHE-CAIMAN-27                    | 2020-01-06 | 2020-02-25  |              33 |               34 |                  32 |                32 |
| C5/1/3/U3 | HEAD-OFFICE | HO-27                | 2020-01-06 | 2020-02-25  |              18 |               19 |                  18 |                18 |
| C5/1/4/U0 | ANSE-ROYALE-27                     | 2020-01-06 | 2020-02-25  |              86 |               89 |                  86 |                87 |
| C5/1/4/U1 | GLACIS-2-57                        | 2020-01-06 | 2020-02-25  |              92 |               95 |                  92 |                95 |
| C5/1/4/U2 | NULL                               | 2020-01-06 | 2020-02-25  |              92 |               93 |                  92 |                93 |
| C5/1/4/U3 | GLACIS-1                           | 2020-01-06 | 2020-02-25  |              47 |               52 |                  47 |                48 |
| C6/0/1/U0 | SERRET-ROAD-RIGHT/CURIO/PASCAL     | 2020-01-06 | 2020-02-25  |             120 |              122 |                 120 |               122 |
| C6/0/1/U1 | SERRET-ROAD-LEFT/ST.LOUIS/TOWN     | 2020-01-06 | 2020-02-25  |             131 |              136 |                 131 |               134 |
| C6/0/1/U2 | SERRET-ROAD-RIGHT/CURIO/PASCAL-2   | 2020-01-06 | 2020-02-25  |             113 |              114 |                 113 |               113 |
| C6/0/1/U3 | SERRET-ROAD-LEFT/ST.LOUIS/TOWN-2   | 2020-01-06 | 2020-02-25  |             125 |              128 |                 125 |               128 |
| C6/0/2/U0 | SANS-SOUCIS-I                      | 2020-01-06 | 2020-02-25  |              85 |               88 |                  85 |                87 |
| C6/0/2/U1 | SANS-SOUCIS-II                     | 2020-01-06 | 2020-02-25  |             131 |              136 |                 131 |               136 |
| C6/0/2/U2 | BEL-AIR-27                         | 2020-01-06 | 2020-02-25  |              97 |               99 |                  97 |               101 |
| C6/0/2/U3 | BEL-AIR-38                         | 2020-01-06 | 2020-02-25  |              99 |              104 |                  99 |               101 |
| C6/0/3/U0 | LES-MAMELLES-23                    | 2020-01-06 | 2020-02-25  |              51 |               51 |                  51 |                51 |
| C6/0/3/U1 | VICTORIA-23                        | 2020-01-06 | 2020-02-25  |              12 |               12 |                  12 |                13 |
| C6/0/4/U0 | LES-MAMELLES-27                    | 2020-01-06 | 2020-02-25  |              86 |               86 |                  86 |                87 |
| C6/0/4/U1 | VICTORIA-27                        | 2020-01-06 | 2020-02-25  |              34 |               36 |                  35 |                37 |
| C7/1/0/U0 | LA-RETRAITE-23                     | 2020-01-06 | 2020-02-25  |             111 |              114 |                 112 |               114 |
| C7/1/0/U1 | TEA-FACTORY-23                     | 2020-01-06 | 2020-02-25  |              26 |               33 |                  28 |                28 |
| C7/1/0/U2 | PAS-23                             | 2020-01-06 | 2020-02-25  |             127 |              130 |                 128 |               128 |
| C7/1/1/U0 | REEF-ESTATE-23                     | 2020-01-06 | 2020-02-25  |              74 |               76 |                  74 |                78 |
| C7/1/1/U1 | BEL-OMBRE-NEW-23                   | 2020-01-06 | 2020-02-25  |               1 |                1 |                   1 |                 2 |
| C7/1/2/U0 | LA-RETRAITE-27                     | 2020-01-06 | 2020-02-25  |              80 |               84 |                  80 |                81 |
| C7/1/2/U1 | TEA-FACTORY-27                     | 2020-01-06 | 2020-02-25  |              22 |               25 |                  23 |                24 |
| C7/1/2/U2 | PAS-27                             | 2020-01-06 | 2020-02-25  |              71 |               74 |                  71 |                74 |
| C7/1/3/U0 | MT-BUXTON-27                       | 2020-01-06 | 2020-02-25  |             151 |              153 |                 151 |               156 |
| C7/1/3/U1 | MT-BUXTON-23                       | 2020-01-06 | 2020-02-25  |              71 |               73 |                  71 |                71 |
| C7/1/4/U0 | REEF-ESTATE-27                     | 2020-01-06 | 2020-02-25  |              77 |               77 |                  77 |                79 |
| C7/1/4/U1 | BEL-OMBRE-NEW-27                   | 2020-01-06 | 2020-02-25  |               4 |                4 |                   4 |                 4 |
| C8/0/0/U0 | POLICE-ACADEMY-1-27 - POINTE LARUE | 2020-01-06 | 2020-02-25  |             179 |              179 |                 179 |               182 |
| C8/0/0/U1 | NULL                               | 2020-01-06 | 2020-02-25  |             113 |              118 |                 114 |               116 |
| C8/0/1/U0 | NULL                               | 2020-01-06 | 2020-02-25  |             182 |              185 |                 181 |               182 |
| C8/0/1/U1 | POLICE-ACADEMY-2-27 - TURTLE BAY   | 2020-01-06 | 2020-02-25  |             140 |              142 |                 141 |               145 |
| C8/0/2/U0 | BEAU-VALLON-LEFT-1-57              | 2020-01-06 | 2020-02-25  |              57 |               59 |                  58 |                62 |
| C8/0/3/U1 | BEAU-VALLON-RIGHT-2-57             | 2020-01-06 | 2020-02-25  |             145 |              151 |                 145 |               150 |
| C8/1/0/U0 | MA-JOIE-NODE-27                    | 2020-01-06 | 2020-02-25  |             107 |              111 |                 107 |               110 |
| C8/1/0/U1 | BELONIE-27                         | 2020-01-06 | 2020-02-25  |             147 |              150 |                 146 |               150 |
| C8/1/0/U3 | MA-JOIE-NODE-23                    | 2020-01-06 | 2020-02-25  |             105 |              105 |                 105 |               107 |
| C8/1/1/U0 | 611-C1-ROJN I                      | 2020-01-06 | 2020-02-25  |             112 |              113 |                 112 |               115 |
| C8/1/1/U1 | 611-C5-ROJN II                     | 2020-01-06 | 2020-02-25  |             119 |              120 |                 119 |               124 |
| C8/1/2/U0 | 612-C2-ANSE-ETOILE                 | 2020-01-06 | 2020-02-25  |             159 |              163 |                 159 |               161 |
| C8/1/2/U1 | ANSE-ETOILE-U2                     | 2020-01-06 | 2020-02-25  |              68 |               69 |                  68 |                69 |
| C8/1/3/U0 | 613-C3-ANSE-GAULETTE I             | 2020-01-06 | 2020-02-25  |              64 |               71 |                  64 |                66 |
| C8/1/3/U1 | 613-C7-ANSE-GAULETTE II            | 2020-01-06 | 2020-02-25  |              72 |               75 |                  72 |                72 |
| C8/1/3/U2 | 613-C3-ANSE-GAULETTE III           | 2020-01-06 | 2020-02-25  |              31 |               33 |                  31 |                31 |
| C8/1/3/U3 | TAKAMAKA I                         | 2020-01-06 | 2020-02-25  |             102 |              105 |                 102 |               105 |
| C8/1/3/U4 | TAKAMAKA II                        | 2020-01-06 | 2020-02-25  |              95 |               96 |                  95 |                96 |
| C8/1/4/U0 | 614-BEOLIERE-NODE-1                | 2020-01-06 | 2020-02-25  |             108 |              110 |                 108 |               112 |
| C8/1/4/U1 | 614-BEOLIERE-NODE-2                | 2020-01-06 | 2020-02-25  |              98 |              101 |                  98 |               102 |
+-----------+------------------------------------+------------+-------------+-----------------+------------------+---------------------+-------------------+
70 rows in set (0.18 sec)

+------------------+------------+-------------+-----------------+------------------+----------------------+-------------------+
| MXK_NAME         | MXK_DATE   | INSERTED_ON | UNIQUE_ACCOUNTS | UNIQUE_CONTRACTS | UNIQUE_FSAN_INRCBOSS | UNIQUE_FSAN_INMXK |
+------------------+------------+-------------+-----------------+------------------+----------------------+-------------------+
| NULL             | NULL       | 2020-02-25  |             716 |              729 |                  718 |                 0 |
| MXK-ANSEETOILE   | 2020-01-06 | 2020-02-25  |             212 |              215 |                  215 |               228 |
| MXK-ANSEROYALE   | 2020-01-06 | 2020-02-25  |             147 |              147 |                  147 |               166 |
| MXK-BEAUVALLON   | 2020-01-06 | 2020-02-25  |            1440 |             1460 |                 1452 |              1537 |
| MXK-MAHE         | 2020-01-06 | 2020-02-25  |             923 |              950 |                  885 |              1124 |
| MXK-PERSEVERANCE | 2020-01-06 | 2020-02-25  |            1000 |             1007 |                 1006 |              1159 |
| MXK-PRASLIN      | 2020-01-06 | 2020-02-25  |            1209 |             1213 |                 1205 |              1357 |
+------------------+------------+-------------+-----------------+------------------+----------------------+-------------------+
7 rows in set (0.07 sec)

mysql> mysql \. C:\workspace\cloud\code\sql\_DailyScript\currenttime.sql
+---------------------+
| currenttime         |
+---------------------+
| 2020-02-25 10:14:31 |
+---------------------+
1 row in set (0.00 sec)

mysql> 
mysql> 
mysql> mysql \. C:\workspace\cloud\code\sql\Analysis\service_tickets_assignments.sql
Query OK, 0 rows affected (0.01 sec)

Query OK, 16780 rows affected (6.05 sec)
Records: 16780  Duplicates: 0  Warnings: 0

+-------------------------+
| rep_servicetickets_2020 |
+-------------------------+
|                   16780 |
+-------------------------+
1 row in set (0.02 sec)

mysql> mysql \. C:\workspace\cloud\code\sql\_DailyScript\currenttime.sql
+---------------------+
| currenttime         |
+---------------------+
| 2020-02-25 10:14:37 |
+---------------------+
1 row in set (0.00 sec)

mysql> 
mysql> 
mysql> exit
